<html>
<body>
<pre>
<h1>µVision Build Log</h1>
<h2>Tool Versions:</h2>
IDE-Version: µVision V5.38.0.0
Copyright (C) 2022 ARM Ltd and ARM Germany GmbH. All rights reserved.
License Information: Ahmed Wael, NIT, LIC=----
 
Tool Versions:
Toolchain:       MDK-Lite  Version: 5.38.0.0
Toolchain Path:  C:\Keil_v5\ARM\ARMCLANG\Bin
C Compiler:      ArmClang.exe V6.19
Assembler:       Armasm.exe V6.19
Linker/Locator:  ArmLink.exe V6.19
Library Manager: ArmAr.exe V6.19
Hex Converter:   FromElf.exe V6.19
CPU DLL:         SARMCM3.DLL V5.38.0.0
Dialog DLL:      DCM.DLL V1.17.5.0
Target DLL:      STLink\ST-LINKIII-KEIL_SWO.dll V3.1.0.0
Dialog DLL:      TCM.DLL V1.56.4.0
 
<h2>Project:</h2>
D:\NTI\06-FinalProject\V2V-coreECU\V2V-coreECU\keil_TESTS\ADC_TEST\ADC.uvprojx
Project File Date:  12/10/2023

<h2>Output:</h2>
*** Using Compiler 'V6.19', folder: 'C:\Keil_v5\ARM\ARMCLANG\Bin'
Rebuild target 'Target 1'
compiling RCC.c...
compiling main.c...
../../MCAL/ADC/ADC.c(63): warning: while loop has empty body [-Wempty-body]
while(GET_BIT(ADC1->ISR,2) == 0); 
                                ^
../../MCAL/ADC/ADC.c(63): note: put the semicolon on a separate line to silence this warning
1 warning generated.
compiling ADC.c...
assembling startup_stm32f303xe.s...
../../MCAL/GPIO/SOURCE/gpio.c(34): warning: initializing 'GPIOx_registersType *' with an expression of type 'volatile GPIOx_registersType *' discards qualifiers [-Wincompatible-pointer-types-discards-qualifiers]
    GPIOx_registersType* LOC_ptr2GPIOx[GPIO_NUM_OF_PORTS] = {GPIOA,GPIOB,GPIOC,GPIOD,GPIOE,GPIOF,GPIOG,GPIOH};
                                                             ^~~~~
../../MCAL/GPIO/SOURCE/../INCLUDES/gpio_prv.h(45): note: expanded from macro 'GPIOA'
#define GPIOA                              ((volatile GPIOx_registersType*)(0X48000000))
                                           ^~~~~~~~~~~~~~~~~~~~~~~~~~~~~~~~~~~~~~~~~~~~~
../../MCAL/GPIO/SOURCE/gpio.c(34): warning: initializing 'GPIOx_registersType *' with an expression of type 'volatile GPIOx_registersType *' discards qualifiers [-Wincompatible-pointer-types-discards-qualifiers]
    GPIOx_registersType* LOC_ptr2GPIOx[GPIO_NUM_OF_PORTS] = {GPIOA,GPIOB,GPIOC,GPIOD,GPIOE,GPIOF,GPIOG,GPIOH};
                                                                   ^~~~~
../../MCAL/GPIO/SOURCE/../INCLUDES/gpio_prv.h(46): note: expanded from macro 'GPIOB'
#define GPIOB                              ((volatile GPIOx_registersType*)(0X48000400))
                                           ^~~~~~~~~~~~~~~~~~~~~~~~~~~~~~~~~~~~~~~~~~~~~
../../MCAL/GPIO/SOURCE/gpio.c(34): warning: initializing 'GPIOx_registersType *' with an expression of type 'volatile GPIOx_registersType *' discards qualifiers [-Wincompatible-pointer-types-discards-qualifiers]
    GPIOx_registersType* LOC_ptr2GPIOx[GPIO_NUM_OF_PORTS] = {GPIOA,GPIOB,GPIOC,GPIOD,GPIOE,GPIOF,GPIOG,GPIOH};
                                                                         ^~~~~
../../MCAL/GPIO/SOURCE/../INCLUDES/gpio_prv.h(47): note: expanded from macro 'GPIOC'
#define GPIOC                              ((volatile GPIOx_registersType*)(0X48000800))
                                           ^~~~~~~~~~~~~~~~~~~~~~~~~~~~~~~~~~~~~~~~~~~~~
../../MCAL/GPIO/SOURCE/gpio.c(34): warning: initializing 'GPIOx_registersType *' with an expression of type 'volatile GPIOx_registersType *' discards qualifiers [-Wincompatible-pointer-types-discards-qualifiers]
    GPIOx_registersType* LOC_ptr2GPIOx[GPIO_NUM_OF_PORTS] = {GPIOA,GPIOB,GPIOC,GPIOD,GPIOE,GPIOF,GPIOG,GPIOH};
                                                                               ^~~~~
../../MCAL/GPIO/SOURCE/../INCLUDES/gpio_prv.h(48): note: expanded from macro 'GPIOD'
#define GPIOD                              ((volatile GPIOx_registersType*)(0X48000C00))
                                           ^~~~~~~~~~~~~~~~~~~~~~~~~~~~~~~~~~~~~~~~~~~~~
../../MCAL/GPIO/SOURCE/gpio.c(34): warning: initializing 'GPIOx_registersType *' with an expression of type 'volatile GPIOx_registersType *' discards qualifiers [-Wincompatible-pointer-types-discards-qualifiers]
    GPIOx_registersType* LOC_ptr2GPIOx[GPIO_NUM_OF_PORTS] = {GPIOA,GPIOB,GPIOC,GPIOD,GPIOE,GPIOF,GPIOG,GPIOH};
                                                                                     ^~~~~
../../MCAL/GPIO/SOURCE/../INCLUDES/gpio_prv.h(49): note: expanded from macro 'GPIOE'
#define GPIOE                              ((volatile GPIOx_registersType*)(0X48001000))
                                           ^~~~~~~~~~~~~~~~~~~~~~~~~~~~~~~~~~~~~~~~~~~~~
../../MCAL/GPIO/SOURCE/gpio.c(34): warning: initializing 'GPIOx_registersType *' with an expression of type 'volatile GPIOx_registersType *' discards qualifiers [-Wincompatible-pointer-types-discards-qualifiers]
    GPIOx_registersType* LOC_ptr2GPIOx[GPIO_NUM_OF_PORTS] = {GPIOA,GPIOB,GPIOC,GPIOD,GPIOE,GPIOF,GPIOG,GPIOH};
                                                                                           ^~~~~
../../MCAL/GPIO/SOURCE/../INCLUDES/gpio_prv.h(50): note: expanded from macro 'GPIOF'
#define GPIOF                              ((volatile GPIOx_registersType*)(0X48001400))
                                           ^~~~~~~~~~~~~~~~~~~~~~~~~~~~~~~~~~~~~~~~~~~~~
../../MCAL/GPIO/SOURCE/gpio.c(34): warning: initializing 'GPIOx_registersType *' with an expression of type 'volatile GPIOx_registersType *' discards qualifiers [-Wincompatible-pointer-types-discards-qualifiers]
    GPIOx_registersType* LOC_ptr2GPIOx[GPIO_NUM_OF_PORTS] = {GPIOA,GPIOB,GPIOC,GPIOD,GPIOE,GPIOF,GPIOG,GPIOH};
                                                                                                 ^~~~~
../../MCAL/GPIO/SOURCE/../INCLUDES/gpio_prv.h(51): note: expanded from macro 'GPIOG'
#define GPIOG                              ((volatile GPIOx_registersType*)(0X48001800))
                                           ^~~~~~~~~~~~~~~~~~~~~~~~~~~~~~~~~~~~~~~~~~~~~
../../MCAL/GPIO/SOURCE/gpio.c(34): warning: initializing 'GPIOx_registersType *' with an expression of type 'volatile GPIOx_registersType *' discards qualifiers [-Wincompatible-pointer-types-discards-qualifiers]
    GPIOx_registersType* LOC_ptr2GPIOx[GPIO_NUM_OF_PORTS] = {GPIOA,GPIOB,GPIOC,GPIOD,GPIOE,GPIOF,GPIOG,GPIOH};
                                                                                                       ^~~~~
../../MCAL/GPIO/SOURCE/../INCLUDES/gpio_prv.h(52): note: expanded from macro 'GPIOH'
#define GPIOH                              ((volatile GPIOx_registersType*)(0X48001C00))
                                           ^~~~~~~~~~~~~~~~~~~~~~~~~~~~~~~~~~~~~~~~~~~~~
../../MCAL/GPIO/SOURCE/gpio.c(71): warning: initializing 'GPIOx_registersType *' with an expression of type 'volatile GPIOx_registersType *' discards qualifiers [-Wincompatible-pointer-types-discards-qualifiers]
    GPIOx_registersType* LOC_ptr2GPIOx[GPIO_NUM_OF_PORTS] = {GPIOA,GPIOB,GPIOC,GPIOD,GPIOE,GPIOF,GPIOG,GPIOH};
                                                             ^~~~~
../../MCAL/GPIO/SOURCE/../INCLUDES/gpio_prv.h(45): note: expanded from macro 'GPIOA'
#define GPIOA                              ((volatile GPIOx_registersType*)(0X48000000))
                                           ^~~~~~~~~~~~~~~~~~~~~~~~~~~~~~~~~~~~~~~~~~~~~
../../MCAL/GPIO/SOURCE/gpio.c(71): warning: initializing 'GPIOx_registersType *' with an expression of type 'volatile GPIOx_registersType *' discards qualifiers [-Wincompatible-pointer-types-discards-qualifiers]
    GPIOx_registersType* LOC_ptr2GPIOx[GPIO_NUM_OF_PORTS] = {GPIOA,GPIOB,GPIOC,GPIOD,GPIOE,GPIOF,GPIOG,GPIOH};
                                                                   ^~~~~
../../MCAL/GPIO/SOURCE/../INCLUDES/gpio_prv.h(46): note: expanded from macro 'GPIOB'
#define GPIOB                              ((volatile GPIOx_registersType*)(0X48000400))
                                           ^~~~~~~~~~~~~~~~~~~~~~~~~~~~~~~~~~~~~~~~~~~~~
../../MCAL/GPIO/SOURCE/gpio.c(71): warning: initializing 'GPIOx_registersType *' with an expression of type 'volatile GPIOx_registersType *' discards qualifiers [-Wincompatible-pointer-types-discards-qualifiers]
    GPIOx_registersType* LOC_ptr2GPIOx[GPIO_NUM_OF_PORTS] = {GPIOA,GPIOB,GPIOC,GPIOD,GPIOE,GPIOF,GPIOG,GPIOH};
                                                                         ^~~~~
../../MCAL/GPIO/SOURCE/../INCLUDES/gpio_prv.h(47): note: expanded from macro 'GPIOC'
#define GPIOC                              ((volatile GPIOx_registersType*)(0X48000800))
                                           ^~~~~~~~~~~~~~~~~~~~~~~~~~~~~~~~~~~~~~~~~~~~~
../../MCAL/GPIO/SOURCE/gpio.c(71): warning: initializing 'GPIOx_registersType *' with an expression of type 'volatile GPIOx_registersType *' discards qualifiers [-Wincompatible-pointer-types-discards-qualifiers]
    GPIOx_registersType* LOC_ptr2GPIOx[GPIO_NUM_OF_PORTS] = {GPIOA,GPIOB,GPIOC,GPIOD,GPIOE,GPIOF,GPIOG,GPIOH};
                                                                               ^~~~~
../../MCAL/GPIO/SOURCE/../INCLUDES/gpio_prv.h(48): note: expanded from macro 'GPIOD'
#define GPIOD                              ((volatile GPIOx_registersType*)(0X48000C00))
                                           ^~~~~~~~~~~~~~~~~~~~~~~~~~~~~~~~~~~~~~~~~~~~~
../../MCAL/GPIO/SOURCE/gpio.c(71): warning: initializing 'GPIOx_registersType *' with an expression of type 'volatile GPIOx_registersType *' discards qualifiers [-Wincompatible-pointer-types-discards-qualifiers]
    GPIOx_registersType* LOC_ptr2GPIOx[GPIO_NUM_OF_PORTS] = {GPIOA,GPIOB,GPIOC,GPIOD,GPIOE,GPIOF,GPIOG,GPIOH};
                                                                                     ^~~~~
../../MCAL/GPIO/SOURCE/../INCLUDES/gpio_prv.h(49): note: expanded from macro 'GPIOE'
#define GPIOE                              ((volatile GPIOx_registersType*)(0X48001000))
                                           ^~~~~~~~~~~~~~~~~~~~~~~~~~~~~~~~~~~~~~~~~~~~~
../../MCAL/GPIO/SOURCE/gpio.c(71): warning: initializing 'GPIOx_registersType *' with an expression of type 'volatile GPIOx_registersType *' discards qualifiers [-Wincompatible-pointer-types-discards-qualifiers]
    GPIOx_registersType* LOC_ptr2GPIOx[GPIO_NUM_OF_PORTS] = {GPIOA,GPIOB,GPIOC,GPIOD,GPIOE,GPIOF,GPIOG,GPIOH};
                                                                                           ^~~~~
../../MCAL/GPIO/SOURCE/../INCLUDES/gpio_prv.h(50): note: expanded from macro 'GPIOF'
#define GPIOF                              ((volatile GPIOx_registersType*)(0X48001400))
                                           ^~~~~~~~~~~~~~~~~~~~~~~~~~~~~~~~~~~~~~~~~~~~~
../../MCAL/GPIO/SOURCE/gpio.c(71): warning: initializing 'GPIOx_registersType *' with an expression of type 'volatile GPIOx_registersType *' discards qualifiers [-Wincompatible-pointer-types-discards-qualifiers]
    GPIOx_registersType* LOC_ptr2GPIOx[GPIO_NUM_OF_PORTS] = {GPIOA,GPIOB,GPIOC,GPIOD,GPIOE,GPIOF,GPIOG,GPIOH};
                                                                                                 ^~~~~
../../MCAL/GPIO/SOURCE/../INCLUDES/gpio_prv.h(51): note: expanded from macro 'GPIOG'
#define GPIOG                              ((volatile GPIOx_registersType*)(0X48001800))
                                           ^~~~~~~~~~~~~~~~~~~~~~~~~~~~~~~~~~~~~~~~~~~~~
../../MCAL/GPIO/SOURCE/gpio.c(71): warning: initializing 'GPIOx_registersType *' with an expression of type 'volatile GPIOx_registersType *' discards qualifiers [-Wincompatible-pointer-types-discards-qualifiers]
    GPIOx_registersType* LOC_ptr2GPIOx[GPIO_NUM_OF_PORTS] = {GPIOA,GPIOB,GPIOC,GPIOD,GPIOE,GPIOF,GPIOG,GPIOH};
                                                                                                       ^~~~~
../../MCAL/GPIO/SOURCE/../INCLUDES/gpio_prv.h(52): note: expanded from macro 'GPIOH'
#define GPIOH                              ((volatile GPIOx_registersType*)(0X48001C00))
                                           ^~~~~~~~~~~~~~~~~~~~~~~~~~~~~~~~~~~~~~~~~~~~~
../../MCAL/GPIO/SOURCE/gpio.c(149): warning: initializing 'GPIOx_registersType *' with an expression of type 'volatile GPIOx_registersType *' discards qualifiers [-Wincompatible-pointer-types-discards-qualifiers]
    GPIOx_registersType* LOC_ptr2GPIOx[GPIO_NUM_OF_PORTS] = {GPIOA,GPIOB,GPIOC,GPIOD,GPIOE,GPIOF,GPIOG,GPIOH};
                                                             ^~~~~
../../MCAL/GPIO/SOURCE/../INCLUDES/gpio_prv.h(45): note: expanded from macro 'GPIOA'
#define GPIOA                              ((volatile GPIOx_registersType*)(0X48000000))
                                           ^~~~~~~~~~~~~~~~~~~~~~~~~~~~~~~~~~~~~~~~~~~~~
../../MCAL/GPIO/SOURCE/gpio.c(149): warning: initializing 'GPIOx_registersType *' with an expression of type 'volatile GPIOx_registersType *' discards qualifiers [-Wincompatible-pointer-types-discards-qualifiers]
    GPIOx_registersType* LOC_ptr2GPIOx[GPIO_NUM_OF_PORTS] = {GPIOA,GPIOB,GPIOC,GPIOD,GPIOE,GPIOF,GPIOG,GPIOH};
                                                                   ^~~~~
../../MCAL/GPIO/SOURCE/../INCLUDES/gpio_prv.h(46): note: expanded from macro 'GPIOB'
#define GPIOB                              ((volatile GPIOx_registersType*)(0X48000400))
                                           ^~~~~~~~~~~~~~~~~~~~~~~~~~~~~~~~~~~~~~~~~~~~~
../../MCAL/GPIO/SOURCE/gpio.c(149): warning: initializing 'GPIOx_registersType *' with an expression of type 'volatile GPIOx_registersType *' discards qualifiers [-Wincompatible-pointer-types-discards-qualifiers]
    GPIOx_registersType* LOC_ptr2GPIOx[GPIO_NUM_OF_PORTS] = {GPIOA,GPIOB,GPIOC,GPIOD,GPIOE,GPIOF,GPIOG,GPIOH};
                                                                         ^~~~~
../../MCAL/GPIO/SOURCE/../INCLUDES/gpio_prv.h(47): note: expanded from macro 'GPIOC'
#define GPIOC                              ((volatile GPIOx_registersType*)(0X48000800))
                                           ^~~~~~~~~~~~~~~~~~~~~~~~~~~~~~~~~~~~~~~~~~~~~
../../MCAL/GPIO/SOURCE/gpio.c(149): warning: initializing 'GPIOx_registersType *' with an expression of type 'volatile GPIOx_registersType *' discards qualifiers [-Wincompatible-pointer-types-discards-qualifiers]
    GPIOx_registersType* LOC_ptr2GPIOx[GPIO_NUM_OF_PORTS] = {GPIOA,GPIOB,GPIOC,GPIOD,GPIOE,GPIOF,GPIOG,GPIOH};
                                                                               ^~~~~
../../MCAL/GPIO/SOURCE/../INCLUDES/gpio_prv.h(48): note: expanded from macro 'GPIOD'
#define GPIOD                              ((volatile GPIOx_registersType*)(0X48000C00))
                                           ^~~~~~~~~~~~~~~~~~~~~~~~~~~~~~~~~~~~~~~~~~~~~
../../MCAL/GPIO/SOURCE/gpio.c(149): warning: initializing 'GPIOx_registersType *' with an expression of type 'volatile GPIOx_registersType *' discards qualifiers [-Wincompatible-pointer-types-discards-qualifiers]
    GPIOx_registersType* LOC_ptr2GPIOx[GPIO_NUM_OF_PORTS] = {GPIOA,GPIOB,GPIOC,GPIOD,GPIOE,GPIOF,GPIOG,GPIOH};
                                                                                     ^~~~~
../../MCAL/GPIO/SOURCE/../INCLUDES/gpio_prv.h(49): note: expanded from macro 'GPIOE'
#define GPIOE                              ((volatile GPIOx_registersType*)(0X48001000))
                                           ^~~~~~~~~~~~~~~~~~~~~~~~~~~~~~~~~~~~~~~~~~~~~
../../MCAL/GPIO/SOURCE/gpio.c(149): warning: initializing 'GPIOx_registersType *' with an expression of type 'volatile GPIOx_registersType *' discards qualifiers [-Wincompatible-pointer-types-discards-qualifiers]
    GPIOx_registersType* LOC_ptr2GPIOx[GPIO_NUM_OF_PORTS] = {GPIOA,GPIOB,GPIOC,GPIOD,GPIOE,GPIOF,GPIOG,GPIOH};
                                                                                           ^~~~~
../../MCAL/GPIO/SOURCE/../INCLUDES/gpio_prv.h(50): note: expanded from macro 'GPIOF'
#define GPIOF                              ((volatile GPIOx_registersType*)(0X48001400))
                                           ^~~~~~~~~~~~~~~~~~~~~~~~~~~~~~~~~~~~~~~~~~~~~
../../MCAL/GPIO/SOURCE/gpio.c(149): warning: initializing 'GPIOx_registersType *' with an expression of type 'volatile GPIOx_registersType *' discards qualifiers [-Wincompatible-pointer-types-discards-qualifiers]
    GPIOx_registersType* LOC_ptr2GPIOx[GPIO_NUM_OF_PORTS] = {GPIOA,GPIOB,GPIOC,GPIOD,GPIOE,GPIOF,GPIOG,GPIOH};
                                                                                                 ^~~~~
../../MCAL/GPIO/SOURCE/../INCLUDES/gpio_prv.h(51): note: expanded from macro 'GPIOG'
#define GPIOG                              ((volatile GPIOx_registersType*)(0X48001800))
                                           ^~~~~~~~~~~~~~~~~~~~~~~~~~~~~~~~~~~~~~~~~~~~~
../../MCAL/GPIO/SOURCE/gpio.c(149): warning: initializing 'GPIOx_registersType *' with an expression of type 'volatile GPIOx_registersType *' discards qualifiers [-Wincompatible-pointer-types-discards-qualifiers]
    GPIOx_registersType* LOC_ptr2GPIOx[GPIO_NUM_OF_PORTS] = {GPIOA,GPIOB,GPIOC,GPIOD,GPIOE,GPIOF,GPIOG,GPIOH};
                                                                                                       ^~~~~
../../MCAL/GPIO/SOURCE/../INCLUDES/gpio_prv.h(52): note: expanded from macro 'GPIOH'
#define GPIOH                              ((volatile GPIOx_registersType*)(0X48001C00))
                                           ^~~~~~~~~~~~~~~~~~~~~~~~~~~~~~~~~~~~~~~~~~~~~
../../MCAL/GPIO/SOURCE/gpio.c(185): warning: initializing 'GPIOx_registersType *' with an expression of type 'volatile GPIOx_registersType *' discards qualifiers [-Wincompatible-pointer-types-discards-qualifiers]
    GPIOx_registersType* LOC_ptr2GPIOx[GPIO_NUM_OF_PORTS] = {GPIOA,GPIOB,GPIOC,GPIOD,GPIOE,GPIOF,GPIOG,GPIOH};
                                                             ^~~~~
../../MCAL/GPIO/SOURCE/../INCLUDES/gpio_prv.h(45): note: expanded from macro 'GPIOA'
#define GPIOA                              ((volatile GPIOx_registersType*)(0X48000000))
                                           ^~~~~~~~~~~~~~~~~~~~~~~~~~~~~~~~~~~~~~~~~~~~~
../../MCAL/GPIO/SOURCE/gpio.c(185): warning: initializing 'GPIOx_registersType *' with an expression of type 'volatile GPIOx_registersType *' discards qualifiers [-Wincompatible-pointer-types-discards-qualifiers]
    GPIOx_registersType* LOC_ptr2GPIOx[GPIO_NUM_OF_PORTS] = {GPIOA,GPIOB,GPIOC,GPIOD,GPIOE,GPIOF,GPIOG,GPIOH};
                                                                   ^~~~~
../../MCAL/GPIO/SOURCE/../INCLUDES/gpio_prv.h(46): note: expanded from macro 'GPIOB'
#define GPIOB                              ((volatile GPIOx_registersType*)(0X48000400))
                                           ^~~~~~~~~~~~~~~~~~~~~~~~~~~~~~~~~~~~~~~~~~~~~
../../MCAL/GPIO/SOURCE/gpio.c(185): warning: initializing 'GPIOx_registersType *' with an expression of type 'volatile GPIOx_registersType *' discards qualifiers [-Wincompatible-pointer-types-discards-qualifiers]
    GPIOx_registersType* LOC_ptr2GPIOx[GPIO_NUM_OF_PORTS] = {GPIOA,GPIOB,GPIOC,GPIOD,GPIOE,GPIOF,GPIOG,GPIOH};
                                                                         ^~~~~
../../MCAL/GPIO/SOURCE/../INCLUDES/gpio_prv.h(47): note: expanded from macro 'GPIOC'
#define GPIOC                              ((volatile GPIOx_registersType*)(0X48000800))
                                           ^~~~~~~~~~~~~~~~~~~~~~~~~~~~~~~~~~~~~~~~~~~~~
../../MCAL/GPIO/SOURCE/gpio.c(185): warning: initializing 'GPIOx_registersType *' with an expression of type 'volatile GPIOx_registersType *' discards qualifiers [-Wincompatible-pointer-types-discards-qualifiers]
    GPIOx_registersType* LOC_ptr2GPIOx[GPIO_NUM_OF_PORTS] = {GPIOA,GPIOB,GPIOC,GPIOD,GPIOE,GPIOF,GPIOG,GPIOH};
                                                                               ^~~~~
../../MCAL/GPIO/SOURCE/../INCLUDES/gpio_prv.h(48): note: expanded from macro 'GPIOD'
#define GPIOD                              ((volatile GPIOx_registersType*)(0X48000C00))
                                           ^~~~~~~~~~~~~~~~~~~~~~~~~~~~~~~~~~~~~~~~~~~~~
../../MCAL/GPIO/SOURCE/gpio.c(185): warning: initializing 'GPIOx_registersType *' with an expression of type 'volatile GPIOx_registersType *' discards qualifiers [-Wincompatible-pointer-types-discards-qualifiers]
    GPIOx_registersType* LOC_ptr2GPIOx[GPIO_NUM_OF_PORTS] = {GPIOA,GPIOB,GPIOC,GPIOD,GPIOE,GPIOF,GPIOG,GPIOH};
                                                                                     ^~~~~
../../MCAL/GPIO/SOURCE/../INCLUDES/gpio_prv.h(49): note: expanded from macro 'GPIOE'
#define GPIOE                              ((volatile GPIOx_registersType*)(0X48001000))
                                           ^~~~~~~~~~~~~~~~~~~~~~~~~~~~~~~~~~~~~~~~~~~~~
../../MCAL/GPIO/SOURCE/gpio.c(185): warning: initializing 'GPIOx_registersType *' with an expression of type 'volatile GPIOx_registersType *' discards qualifiers [-Wincompatible-pointer-types-discards-qualifiers]
    GPIOx_registersType* LOC_ptr2GPIOx[GPIO_NUM_OF_PORTS] = {GPIOA,GPIOB,GPIOC,GPIOD,GPIOE,GPIOF,GPIOG,GPIOH};
                                                                                           ^~~~~
../../MCAL/GPIO/SOURCE/../INCLUDES/gpio_prv.h(50): note: expanded from macro 'GPIOF'
#define GPIOF                              ((volatile GPIOx_registersType*)(0X48001400))
                                           ^~~~~~~~~~~~~~~~~~~~~~~~~~~~~~~~~~~~~~~~~~~~~
../../MCAL/GPIO/SOURCE/gpio.c(185): warning: initializing 'GPIOx_registersType *' with an expression of type 'volatile GPIOx_registersType *' discards qualifiers [-Wincompatible-pointer-types-discards-qualifiers]
    GPIOx_registersType* LOC_ptr2GPIOx[GPIO_NUM_OF_PORTS] = {GPIOA,GPIOB,GPIOC,GPIOD,GPIOE,GPIOF,GPIOG,GPIOH};
                                                                                                 ^~~~~
../../MCAL/GPIO/SOURCE/../INCLUDES/gpio_prv.h(51): note: expanded from macro 'GPIOG'
#define GPIOG                              ((volatile GPIOx_registersType*)(0X48001800))
                                           ^~~~~~~~~~~~~~~~~~~~~~~~~~~~~~~~~~~~~~~~~~~~~
../../MCAL/GPIO/SOURCE/gpio.c(185): warning: initializing 'GPIOx_registersType *' with an expression of type 'volatile GPIOx_registersType *' discards qualifiers [-Wincompatible-pointer-types-discards-qualifiers]
    GPIOx_registersType* LOC_ptr2GPIOx[GPIO_NUM_OF_PORTS] = {GPIOA,GPIOB,GPIOC,GPIOD,GPIOE,GPIOF,GPIOG,GPIOH};
                                                                                                       ^~~~~
../../MCAL/GPIO/SOURCE/../INCLUDES/gpio_prv.h(52): note: expanded from macro 'GPIOH'
#define GPIOH                              ((volatile GPIOx_registersType*)(0X48001C00))
                                           ^~~~~~~~~~~~~~~~~~~~~~~~~~~~~~~~~~~~~~~~~~~~~
../../MCAL/GPIO/SOURCE/gpio.c(214): warning: initializing 'GPIOx_registersType *' with an expression of type 'volatile GPIOx_registersType *' discards qualifiers [-Wincompatible-pointer-types-discards-qualifiers]
    GPIOx_registersType* LOC_ptr2GPIOx[GPIO_NUM_OF_PORTS] = {GPIOA,GPIOB,GPIOC,GPIOD,GPIOE,GPIOF,GPIOG,GPIOH};
                                                             ^~~~~
../../MCAL/GPIO/SOURCE/../INCLUDES/gpio_prv.h(45): note: expanded from macro 'GPIOA'
#define GPIOA                              ((volatile GPIOx_registersType*)(0X48000000))
                                           ^~~~~~~~~~~~~~~~~~~~~~~~~~~~~~~~~~~~~~~~~~~~~
../../MCAL/GPIO/SOURCE/gpio.c(214): warning: initializing 'GPIOx_registersType *' with an expression of type 'volatile GPIOx_registersType *' discards qualifiers [-Wincompatible-pointer-types-discards-qualifiers]
    GPIOx_registersType* LOC_ptr2GPIOx[GPIO_NUM_OF_PORTS] = {GPIOA,GPIOB,GPIOC,GPIOD,GPIOE,GPIOF,GPIOG,GPIOH};
                                                                   ^~~~~
../../MCAL/GPIO/SOURCE/../INCLUDES/gpio_prv.h(46): note: expanded from macro 'GPIOB'
#define GPIOB                              ((volatile GPIOx_registersType*)(0X48000400))
                                           ^~~~~~~~~~~~~~~~~~~~~~~~~~~~~~~~~~~~~~~~~~~~~
../../MCAL/GPIO/SOURCE/gpio.c(214): warning: initializing 'GPIOx_registersType *' with an expression of type 'volatile GPIOx_registersType *' discards qualifiers [-Wincompatible-pointer-types-discards-qualifiers]
    GPIOx_registersType* LOC_ptr2GPIOx[GPIO_NUM_OF_PORTS] = {GPIOA,GPIOB,GPIOC,GPIOD,GPIOE,GPIOF,GPIOG,GPIOH};
                                                                         ^~~~~
../../MCAL/GPIO/SOURCE/../INCLUDES/gpio_prv.h(47): note: expanded from macro 'GPIOC'
#define GPIOC                              ((volatile GPIOx_registersType*)(0X48000800))
                                           ^~~~~~~~~~~~~~~~~~~~~~~~~~~~~~~~~~~~~~~~~~~~~
../../MCAL/GPIO/SOURCE/gpio.c(214): warning: initializing 'GPIOx_registersType *' with an expression of type 'volatile GPIOx_registersType *' discards qualifiers [-Wincompatible-pointer-types-discards-qualifiers]
    GPIOx_registersType* LOC_ptr2GPIOx[GPIO_NUM_OF_PORTS] = {GPIOA,GPIOB,GPIOC,GPIOD,GPIOE,GPIOF,GPIOG,GPIOH};
                                                                               ^~~~~
../../MCAL/GPIO/SOURCE/../INCLUDES/gpio_prv.h(48): note: expanded from macro 'GPIOD'
#define GPIOD                              ((volatile GPIOx_registersType*)(0X48000C00))
                                           ^~~~~~~~~~~~~~~~~~~~~~~~~~~~~~~~~~~~~~~~~~~~~
../../MCAL/GPIO/SOURCE/gpio.c(214): warning: initializing 'GPIOx_registersType *' with an expression of type 'volatile GPIOx_registersType *' discards qualifiers [-Wincompatible-pointer-types-discards-qualifiers]
    GPIOx_registersType* LOC_ptr2GPIOx[GPIO_NUM_OF_PORTS] = {GPIOA,GPIOB,GPIOC,GPIOD,GPIOE,GPIOF,GPIOG,GPIOH};
                                                                                     ^~~~~
../../MCAL/GPIO/SOURCE/../INCLUDES/gpio_prv.h(49): note: expanded from macro 'GPIOE'
#define GPIOE                              ((volatile GPIOx_registersType*)(0X48001000))
                                           ^~~~~~~~~~~~~~~~~~~~~~~~~~~~~~~~~~~~~~~~~~~~~
../../MCAL/GPIO/SOURCE/gpio.c(214): warning: initializing 'GPIOx_registersType *' with an expression of type 'volatile GPIOx_registersType *' discards qualifiers [-Wincompatible-pointer-types-discards-qualifiers]
    GPIOx_registersType* LOC_ptr2GPIOx[GPIO_NUM_OF_PORTS] = {GPIOA,GPIOB,GPIOC,GPIOD,GPIOE,GPIOF,GPIOG,GPIOH};
                                                                                           ^~~~~
../../MCAL/GPIO/SOURCE/../INCLUDES/gpio_prv.h(50): note: expanded from macro 'GPIOF'
#define GPIOF                              ((volatile GPIOx_registersType*)(0X48001400))
                                           ^~~~~~~~~~~~~~~~~~~~~~~~~~~~~~~~~~~~~~~~~~~~~
../../MCAL/GPIO/SOURCE/gpio.c(214): warning: initializing 'GPIOx_registersType *' with an expression of type 'volatile GPIOx_registersType *' discards qualifiers [-Wincompatible-pointer-types-discards-qualifiers]
    GPIOx_registersType* LOC_ptr2GPIOx[GPIO_NUM_OF_PORTS] = {GPIOA,GPIOB,GPIOC,GPIOD,GPIOE,GPIOF,GPIOG,GPIOH};
                                                                                                 ^~~~~
../../MCAL/GPIO/SOURCE/../INCLUDES/gpio_prv.h(51): note: expanded from macro 'GPIOG'
#define GPIOG                              ((volatile GPIOx_registersType*)(0X48001800))
                                           ^~~~~~~~~~~~~~~~~~~~~~~~~~~~~~~~~~~~~~~~~~~~~
../../MCAL/GPIO/SOURCE/gpio.c(214): warning: initializing 'GPIOx_registersType *' with an expression of type 'volatile GPIOx_registersType *' discards qualifiers [-Wincompatible-pointer-types-discards-qualifiers]
    GPIOx_registersType* LOC_ptr2GPIOx[GPIO_NUM_OF_PORTS] = {GPIOA,GPIOB,GPIOC,GPIOD,GPIOE,GPIOF,GPIOG,GPIOH};
                                                                                                       ^~~~~
../../MCAL/GPIO/SOURCE/../INCLUDES/gpio_prv.h(52): note: expanded from macro 'GPIOH'
#define GPIOH                              ((volatile GPIOx_registersType*)(0X48001C00))
                                           ^~~~~~~~~~~~~~~~~~~~~~~~~~~~~~~~~~~~~~~~~~~~~
../../MCAL/GPIO/SOURCE/gpio.c(251): warning: initializing 'GPIOx_registersType *' with an expression of type 'volatile GPIOx_registersType *' discards qualifiers [-Wincompatible-pointer-types-discards-qualifiers]
    GPIOx_registersType* LOC_ptr2GPIOx[GPIO_NUM_OF_PORTS] = {GPIOA,GPIOB,GPIOC,GPIOD,GPIOE,GPIOF,GPIOG,GPIOH};
                                                             ^~~~~
../../MCAL/GPIO/SOURCE/../INCLUDES/gpio_prv.h(45): note: expanded from macro 'GPIOA'
#define GPIOA                              ((volatile GPIOx_registersType*)(0X48000000))
                                           ^~~~~~~~~~~~~~~~~~~~~~~~~~~~~~~~~~~~~~~~~~~~~
../../MCAL/GPIO/SOURCE/gpio.c(251): warning: initializing 'GPIOx_registersType *' with an expression of type 'volatile GPIOx_registersType *' discards qualifiers [-Wincompatible-pointer-types-discards-qualifiers]
    GPIOx_registersType* LOC_ptr2GPIOx[GPIO_NUM_OF_PORTS] = {GPIOA,GPIOB,GPIOC,GPIOD,GPIOE,GPIOF,GPIOG,GPIOH};
                                                                   ^~~~~
../../MCAL/GPIO/SOURCE/../INCLUDES/gpio_prv.h(46): note: expanded from macro 'GPIOB'
#define GPIOB                              ((volatile GPIOx_registersType*)(0X48000400))
                                           ^~~~~~~~~~~~~~~~~~~~~~~~~~~~~~~~~~~~~~~~~~~~~
../../MCAL/GPIO/SOURCE/gpio.c(251): warning: initializing 'GPIOx_registersType *' with an expression of type 'volatile GPIOx_registersType *' discards qualifiers [-Wincompatible-pointer-types-discards-qualifiers]
    GPIOx_registersType* LOC_ptr2GPIOx[GPIO_NUM_OF_PORTS] = {GPIOA,GPIOB,GPIOC,GPIOD,GPIOE,GPIOF,GPIOG,GPIOH};
                                                                         ^~~~~
../../MCAL/GPIO/SOURCE/../INCLUDES/gpio_prv.h(47): note: expanded from macro 'GPIOC'
#define GPIOC                              ((volatile GPIOx_registersType*)(0X48000800))
                                           ^~~~~~~~~~~~~~~~~~~~~~~~~~~~~~~~~~~~~~~~~~~~~
../../MCAL/GPIO/SOURCE/gpio.c(251): warning: initializing 'GPIOx_registersType *' with an expression of type 'volatile GPIOx_registersType *' discards qualifiers [-Wincompatible-pointer-types-discards-qualifiers]
    GPIOx_registersType* LOC_ptr2GPIOx[GPIO_NUM_OF_PORTS] = {GPIOA,GPIOB,GPIOC,GPIOD,GPIOE,GPIOF,GPIOG,GPIOH};
                                                                               ^~~~~
../../MCAL/GPIO/SOURCE/../INCLUDES/gpio_prv.h(48): note: expanded from macro 'GPIOD'
#define GPIOD                              ((volatile GPIOx_registersType*)(0X48000C00))
                                           ^~~~~~~~~~~~~~~~~~~~~~~~~~~~~~~~~~~~~~~~~~~~~
../../MCAL/GPIO/SOURCE/gpio.c(251): warning: initializing 'GPIOx_registersType *' with an expression of type 'volatile GPIOx_registersType *' discards qualifiers [-Wincompatible-pointer-types-discards-qualifiers]
    GPIOx_registersType* LOC_ptr2GPIOx[GPIO_NUM_OF_PORTS] = {GPIOA,GPIOB,GPIOC,GPIOD,GPIOE,GPIOF,GPIOG,GPIOH};
                                                                                     ^~~~~
../../MCAL/GPIO/SOURCE/../INCLUDES/gpio_prv.h(49): note: expanded from macro 'GPIOE'
#define GPIOE                              ((volatile GPIOx_registersType*)(0X48001000))
                                           ^~~~~~~~~~~~~~~~~~~~~~~~~~~~~~~~~~~~~~~~~~~~~
../../MCAL/GPIO/SOURCE/gpio.c(251): warning: initializing 'GPIOx_registersType *' with an expression of type 'volatile GPIOx_registersType *' discards qualifiers [-Wincompatible-pointer-types-discards-qualifiers]
    GPIOx_registersType* LOC_ptr2GPIOx[GPIO_NUM_OF_PORTS] = {GPIOA,GPIOB,GPIOC,GPIOD,GPIOE,GPIOF,GPIOG,GPIOH};
                                                                                           ^~~~~
../../MCAL/GPIO/SOURCE/../INCLUDES/gpio_prv.h(50): note: expanded from macro 'GPIOF'
#define GPIOF                              ((volatile GPIOx_registersType*)(0X48001400))
                                           ^~~~~~~~~~~~~~~~~~~~~~~~~~~~~~~~~~~~~~~~~~~~~
../../MCAL/GPIO/SOURCE/gpio.c(251): warning: initializing 'GPIOx_registersType *' with an expression of type 'volatile GPIOx_registersType *' discards qualifiers [-Wincompatible-pointer-types-discards-qualifiers]
    GPIOx_registersType* LOC_ptr2GPIOx[GPIO_NUM_OF_PORTS] = {GPIOA,GPIOB,GPIOC,GPIOD,GPIOE,GPIOF,GPIOG,GPIOH};
                                                                                                 ^~~~~
../../MCAL/GPIO/SOURCE/../INCLUDES/gpio_prv.h(51): note: expanded from macro 'GPIOG'
#define GPIOG                              ((volatile GPIOx_registersType*)(0X48001800))
                                           ^~~~~~~~~~~~~~~~~~~~~~~~~~~~~~~~~~~~~~~~~~~~~
../../MCAL/GPIO/SOURCE/gpio.c(251): warning: initializing 'GPIOx_registersType *' with an expression of type 'volatile GPIOx_registersType *' discards qualifiers [-Wincompatible-pointer-types-discards-qualifiers]
    GPIOx_registersType* LOC_ptr2GPIOx[GPIO_NUM_OF_PORTS] = {GPIOA,GPIOB,GPIOC,GPIOD,GPIOE,GPIOF,GPIOG,GPIOH};
                                                                                                       ^~~~~
../../MCAL/GPIO/SOURCE/../INCLUDES/gpio_prv.h(52): note: expanded from macro 'GPIOH'
#define GPIOH                              ((volatile GPIOx_registersType*)(0X48001C00))
                                           ^~~~~~~~~~~~~~~~~~~~~~~~~~~~~~~~~~~~~~~~~~~~~
../../MCAL/GPIO/SOURCE/gpio.c(283): warning: initializing 'GPIOx_registersType *' with an expression of type 'volatile GPIOx_registersType *' discards qualifiers [-Wincompatible-pointer-types-discards-qualifiers]
    GPIOx_registersType* LOC_ptr2GPIOx[GPIO_NUM_OF_PORTS] = {GPIOA,GPIOB,GPIOC,GPIOD,GPIOE,GPIOF,GPIOG,GPIOH};
                                                             ^~~~~
../../MCAL/GPIO/SOURCE/../INCLUDES/gpio_prv.h(45): note: expanded from macro 'GPIOA'
#define GPIOA                              ((volatile GPIOx_registersType*)(0X48000000))
                                           ^~~~~~~~~~~~~~~~~~~~~~~~~~~~~~~~~~~~~~~~~~~~~
../../MCAL/GPIO/SOURCE/gpio.c(283): warning: initializing 'GPIOx_registersType *' with an expression of type 'volatile GPIOx_registersType *' discards qualifiers [-Wincompatible-pointer-types-discards-qualifiers]
    GPIOx_registersType* LOC_ptr2GPIOx[GPIO_NUM_OF_PORTS] = {GPIOA,GPIOB,GPIOC,GPIOD,GPIOE,GPIOF,GPIOG,GPIOH};
                                                                   ^~~~~
../../MCAL/GPIO/SOURCE/../INCLUDES/gpio_prv.h(46): note: expanded from macro 'GPIOB'
#define GPIOB                              ((volatile GPIOx_registersType*)(0X48000400))
                                           ^~~~~~~~~~~~~~~~~~~~~~~~~~~~~~~~~~~~~~~~~~~~~
../../MCAL/GPIO/SOURCE/gpio.c(283): warning: initializing 'GPIOx_registersType *' with an expression of type 'volatile GPIOx_registersType *' discards qualifiers [-Wincompatible-pointer-types-discards-qualifiers]
    GPIOx_registersType* LOC_ptr2GPIOx[GPIO_NUM_OF_PORTS] = {GPIOA,GPIOB,GPIOC,GPIOD,GPIOE,GPIOF,GPIOG,GPIOH};
                                                                         ^~~~~
../../MCAL/GPIO/SOURCE/../INCLUDES/gpio_prv.h(47): note: expanded from macro 'GPIOC'
#define GPIOC                              ((volatile GPIOx_registersType*)(0X48000800))
                                           ^~~~~~~~~~~~~~~~~~~~~~~~~~~~~~~~~~~~~~~~~~~~~
../../MCAL/GPIO/SOURCE/gpio.c(283): warning: initializing 'GPIOx_registersType *' with an expression of type 'volatile GPIOx_registersType *' discards qualifiers [-Wincompatible-pointer-types-discards-qualifiers]
    GPIOx_registersType* LOC_ptr2GPIOx[GPIO_NUM_OF_PORTS] = {GPIOA,GPIOB,GPIOC,GPIOD,GPIOE,GPIOF,GPIOG,GPIOH};
                                                                               ^~~~~
../../MCAL/GPIO/SOURCE/../INCLUDES/gpio_prv.h(48): note: expanded from macro 'GPIOD'
#define GPIOD                              ((volatile GPIOx_registersType*)(0X48000C00))
                                           ^~~~~~~~~~~~~~~~~~~~~~~~~~~~~~~~~~~~~~~~~~~~~
../../MCAL/GPIO/SOURCE/gpio.c(283): warning: initializing 'GPIOx_registersType *' with an expression of type 'volatile GPIOx_registersType *' discards qualifiers [-Wincompatible-pointer-types-discards-qualifiers]
    GPIOx_registersType* LOC_ptr2GPIOx[GPIO_NUM_OF_PORTS] = {GPIOA,GPIOB,GPIOC,GPIOD,GPIOE,GPIOF,GPIOG,GPIOH};
                                                                                     ^~~~~
../../MCAL/GPIO/SOURCE/../INCLUDES/gpio_prv.h(49): note: expanded from macro 'GPIOE'
#define GPIOE                              ((volatile GPIOx_registersType*)(0X48001000))
                                           ^~~~~~~~~~~~~~~~~~~~~~~~~~~~~~~~~~~~~~~~~~~~~
../../MCAL/GPIO/SOURCE/gpio.c(283): warning: initializing 'GPIOx_registersType *' with an expression of type 'volatile GPIOx_registersType *' discards qualifiers [-Wincompatible-pointer-types-discards-qualifiers]
    GPIOx_registersType* LOC_ptr2GPIOx[GPIO_NUM_OF_PORTS] = {GPIOA,GPIOB,GPIOC,GPIOD,GPIOE,GPIOF,GPIOG,GPIOH};
                                                                                           ^~~~~
../../MCAL/GPIO/SOURCE/../INCLUDES/gpio_prv.h(50): note: expanded from macro 'GPIOF'
#define GPIOF                              ((volatile GPIOx_registersType*)(0X48001400))
                                           ^~~~~~~~~~~~~~~~~~~~~~~~~~~~~~~~~~~~~~~~~~~~~
../../MCAL/GPIO/SOURCE/gpio.c(283): warning: initializing 'GPIOx_registersType *' with an expression of type 'volatile GPIOx_registersType *' discards qualifiers [-Wincompatible-pointer-types-discards-qualifiers]
    GPIOx_registersType* LOC_ptr2GPIOx[GPIO_NUM_OF_PORTS] = {GPIOA,GPIOB,GPIOC,GPIOD,GPIOE,GPIOF,GPIOG,GPIOH};
                                                                                                 ^~~~~
../../MCAL/GPIO/SOURCE/../INCLUDES/gpio_prv.h(51): note: expanded from macro 'GPIOG'
#define GPIOG                              ((volatile GPIOx_registersType*)(0X48001800))
                                           ^~~~~~~~~~~~~~~~~~~~~~~~~~~~~~~~~~~~~~~~~~~~~
../../MCAL/GPIO/SOURCE/gpio.c(283): warning: initializing 'GPIOx_registersType *' with an expression of type 'volatile GPIOx_registersType *' discards qualifiers [-Wincompatible-pointer-types-discards-qualifiers]
    GPIOx_registersType* LOC_ptr2GPIOx[GPIO_NUM_OF_PORTS] = {GPIOA,GPIOB,GPIOC,GPIOD,GPIOE,GPIOF,GPIOG,GPIOH};
                                                                                                       ^~~~~
../../MCAL/GPIO/SOURCE/../INCLUDES/gpio_prv.h(52): note: expanded from macro 'GPIOH'
#define GPIOH                              ((volatile GPIOx_registersType*)(0X48001C00))
                                           ^~~~~~~~~~~~~~~~~~~~~~~~~~~~~~~~~~~~~~~~~~~~~
../../MCAL/GPIO/SOURCE/gpio.c(317): warning: initializing 'GPIOx_registersType *' with an expression of type 'volatile GPIOx_registersType *' discards qualifiers [-Wincompatible-pointer-types-discards-qualifiers]
    GPIOx_registersType* LOC_ptr2GPIOx[GPIO_NUM_OF_PORTS] = {GPIOA,GPIOB,GPIOC,GPIOD,GPIOE,GPIOF,GPIOG,GPIOH};
                                                             ^~~~~
../../MCAL/GPIO/SOURCE/../INCLUDES/gpio_prv.h(45): note: expanded from macro 'GPIOA'
#define GPIOA                              ((volatile GPIOx_registersType*)(0X48000000))
                                           ^~~~~~~~~~~~~~~~~~~~~~~~~~~~~~~~~~~~~~~~~~~~~
../../MCAL/GPIO/SOURCE/gpio.c(317): warning: initializing 'GPIOx_registersType *' with an expression of type 'volatile GPIOx_registersType *' discards qualifiers [-Wincompatible-pointer-types-discards-qualifiers]
    GPIOx_registersType* LOC_ptr2GPIOx[GPIO_NUM_OF_PORTS] = {GPIOA,GPIOB,GPIOC,GPIOD,GPIOE,GPIOF,GPIOG,GPIOH};
                                                                   ^~~~~
../../MCAL/GPIO/SOURCE/../INCLUDES/gpio_prv.h(46): note: expanded from macro 'GPIOB'
#define GPIOB                              ((volatile GPIOx_registersType*)(0X48000400))
                                           ^~~~~~~~~~~~~~~~~~~~~~~~~~~~~~~~~~~~~~~~~~~~~
../../MCAL/GPIO/SOURCE/gpio.c(317): warning: initializing 'GPIOx_registersType *' with an expression of type 'volatile GPIOx_registersType *' discards qualifiers [-Wincompatible-pointer-types-discards-qualifiers]
    GPIOx_registersType* LOC_ptr2GPIOx[GPIO_NUM_OF_PORTS] = {GPIOA,GPIOB,GPIOC,GPIOD,GPIOE,GPIOF,GPIOG,GPIOH};
                                                                         ^~~~~
../../MCAL/GPIO/SOURCE/../INCLUDES/gpio_prv.h(47): note: expanded from macro 'GPIOC'
#define GPIOC                              ((volatile GPIOx_registersType*)(0X48000800))
                                           ^~~~~~~~~~~~~~~~~~~~~~~~~~~~~~~~~~~~~~~~~~~~~
../../MCAL/GPIO/SOURCE/gpio.c(317): warning: initializing 'GPIOx_registersType *' with an expression of type 'volatile GPIOx_registersType *' discards qualifiers [-Wincompatible-pointer-types-discards-qualifiers]
    GPIOx_registersType* LOC_ptr2GPIOx[GPIO_NUM_OF_PORTS] = {GPIOA,GPIOB,GPIOC,GPIOD,GPIOE,GPIOF,GPIOG,GPIOH};
                                                                               ^~~~~
../../MCAL/GPIO/SOURCE/../INCLUDES/gpio_prv.h(48): note: expanded from macro 'GPIOD'
#define GPIOD                              ((volatile GPIOx_registersType*)(0X48000C00))
                                           ^~~~~~~~~~~~~~~~~~~~~~~~~~~~~~~~~~~~~~~~~~~~~
../../MCAL/GPIO/SOURCE/gpio.c(317): warning: initializing 'GPIOx_registersType *' with an expression of type 'volatile GPIOx_registersType *' discards qualifiers [-Wincompatible-pointer-types-discards-qualifiers]
    GPIOx_registersType* LOC_ptr2GPIOx[GPIO_NUM_OF_PORTS] = {GPIOA,GPIOB,GPIOC,GPIOD,GPIOE,GPIOF,GPIOG,GPIOH};
                                                                                     ^~~~~
../../MCAL/GPIO/SOURCE/../INCLUDES/gpio_prv.h(49): note: expanded from macro 'GPIOE'
#define GPIOE                              ((volatile GPIOx_registersType*)(0X48001000))
                                           ^~~~~~~~~~~~~~~~~~~~~~~~~~~~~~~~~~~~~~~~~~~~~
../../MCAL/GPIO/SOURCE/gpio.c(317): warning: initializing 'GPIOx_registersType *' with an expression of type 'volatile GPIOx_registersType *' discards qualifiers [-Wincompatible-pointer-types-discards-qualifiers]
    GPIOx_registersType* LOC_ptr2GPIOx[GPIO_NUM_OF_PORTS] = {GPIOA,GPIOB,GPIOC,GPIOD,GPIOE,GPIOF,GPIOG,GPIOH};
                                                                                           ^~~~~
../../MCAL/GPIO/SOURCE/../INCLUDES/gpio_prv.h(50): note: expanded from macro 'GPIOF'
#define GPIOF                              ((volatile GPIOx_registersType*)(0X48001400))
                                           ^~~~~~~~~~~~~~~~~~~~~~~~~~~~~~~~~~~~~~~~~~~~~
../../MCAL/GPIO/SOURCE/gpio.c(317): warning: initializing 'GPIOx_registersType *' with an expression of type 'volatile GPIOx_registersType *' discards qualifiers [-Wincompatible-pointer-types-discards-qualifiers]
    GPIOx_registersType* LOC_ptr2GPIOx[GPIO_NUM_OF_PORTS] = {GPIOA,GPIOB,GPIOC,GPIOD,GPIOE,GPIOF,GPIOG,GPIOH};
                                                                                                 ^~~~~
../../MCAL/GPIO/SOURCE/../INCLUDES/gpio_prv.h(51): note: expanded from macro 'GPIOG'
#define GPIOG                              ((volatile GPIOx_registersType*)(0X48001800))
                                           ^~~~~~~~~~~~~~~~~~~~~~~~~~~~~~~~~~~~~~~~~~~~~
../../MCAL/GPIO/SOURCE/gpio.c(317): warning: initializing 'GPIOx_registersType *' with an expression of type 'volatile GPIOx_registersType *' discards qualifiers [-Wincompatible-pointer-types-discards-qualifiers]
    GPIOx_registersType* LOC_ptr2GPIOx[GPIO_NUM_OF_PORTS] = {GPIOA,GPIOB,GPIOC,GPIOD,GPIOE,GPIOF,GPIOG,GPIOH};
                                                                                                       ^~~~~
../../MCAL/GPIO/SOURCE/../INCLUDES/gpio_prv.h(52): note: expanded from macro 'GPIOH'
#define GPIOH                              ((volatile GPIOx_registersType*)(0X48001C00))
                                           ^~~~~~~~~~~~~~~~~~~~~~~~~~~~~~~~~~~~~~~~~~~~~
../../MCAL/GPIO/SOURCE/gpio.c(359): warning: initializing 'GPIOx_registersType *' with an expression of type 'volatile GPIOx_registersType *' discards qualifiers [-Wincompatible-pointer-types-discards-qualifiers]
    GPIOx_registersType* LOC_ptr2GPIOx[GPIO_NUM_OF_PORTS] = {GPIOA,GPIOB,GPIOC,GPIOD,GPIOE,GPIOF,GPIOG,GPIOH};
                                                             ^~~~~
../../MCAL/GPIO/SOURCE/../INCLUDES/gpio_prv.h(45): note: expanded from macro 'GPIOA'
#define GPIOA                              ((volatile GPIOx_registersType*)(0X48000000))
                                           ^~~~~~~~~~~~~~~~~~~~~~~~~~~~~~~~~~~~~~~~~~~~~
../../MCAL/GPIO/SOURCE/gpio.c(359): warning: initializing 'GPIOx_registersType *' with an expression of type 'volatile GPIOx_registersType *' discards qualifiers [-Wincompatible-pointer-types-discards-qualifiers]
    GPIOx_registersType* LOC_ptr2GPIOx[GPIO_NUM_OF_PORTS] = {GPIOA,GPIOB,GPIOC,GPIOD,GPIOE,GPIOF,GPIOG,GPIOH};
                                                                   ^~~~~
../../MCAL/GPIO/SOURCE/../INCLUDES/gpio_prv.h(46): note: expanded from macro 'GPIOB'
#define GPIOB                              ((volatile GPIOx_registersType*)(0X48000400))
                                           ^~~~~~~~~~~~~~~~~~~~~~~~~~~~~~~~~~~~~~~~~~~~~
../../MCAL/GPIO/SOURCE/gpio.c(359): warning: initializing 'GPIOx_registersType *' with an expression of type 'volatile GPIOx_registersType *' discards qualifiers [-Wincompatible-pointer-types-discards-qualifiers]
    GPIOx_registersType* LOC_ptr2GPIOx[GPIO_NUM_OF_PORTS] = {GPIOA,GPIOB,GPIOC,GPIOD,GPIOE,GPIOF,GPIOG,GPIOH};
                                                                         ^~~~~
../../MCAL/GPIO/SOURCE/../INCLUDES/gpio_prv.h(47): note: expanded from macro 'GPIOC'
#define GPIOC                              ((volatile GPIOx_registersType*)(0X48000800))
                                           ^~~~~~~~~~~~~~~~~~~~~~~~~~~~~~~~~~~~~~~~~~~~~
../../MCAL/GPIO/SOURCE/gpio.c(359): warning: initializing 'GPIOx_registersType *' with an expression of type 'volatile GPIOx_registersType *' discards qualifiers [-Wincompatible-pointer-types-discards-qualifiers]
    GPIOx_registersType* LOC_ptr2GPIOx[GPIO_NUM_OF_PORTS] = {GPIOA,GPIOB,GPIOC,GPIOD,GPIOE,GPIOF,GPIOG,GPIOH};
                                                                               ^~~~~
../../MCAL/GPIO/SOURCE/../INCLUDES/gpio_prv.h(48): note: expanded from macro 'GPIOD'
#define GPIOD                              ((volatile GPIOx_registersType*)(0X48000C00))
                                           ^~~~~~~~~~~~~~~~~~~~~~~~~~~~~~~~~~~~~~~~~~~~~
../../MCAL/GPIO/SOURCE/gpio.c(359): warning: initializing 'GPIOx_registersType *' with an expression of type 'volatile GPIOx_registersType *' discards qualifiers [-Wincompatible-pointer-types-discards-qualifiers]
    GPIOx_registersType* LOC_ptr2GPIOx[GPIO_NUM_OF_PORTS] = {GPIOA,GPIOB,GPIOC,GPIOD,GPIOE,GPIOF,GPIOG,GPIOH};
                                                                                     ^~~~~
../../MCAL/GPIO/SOURCE/../INCLUDES/gpio_prv.h(49): note: expanded from macro 'GPIOE'
#define GPIOE                              ((volatile GPIOx_registersType*)(0X48001000))
                                           ^~~~~~~~~~~~~~~~~~~~~~~~~~~~~~~~~~~~~~~~~~~~~
../../MCAL/GPIO/SOURCE/gpio.c(359): warning: initializing 'GPIOx_registersType *' with an expression of type 'volatile GPIOx_registersType *' discards qualifiers [-Wincompatible-pointer-types-discards-qualifiers]
    GPIOx_registersType* LOC_ptr2GPIOx[GPIO_NUM_OF_PORTS] = {GPIOA,GPIOB,GPIOC,GPIOD,GPIOE,GPIOF,GPIOG,GPIOH};
                                                                                           ^~~~~
../../MCAL/GPIO/SOURCE/../INCLUDES/gpio_prv.h(50): note: expanded from macro 'GPIOF'
#define GPIOF                              ((volatile GPIOx_registersType*)(0X48001400))
                                           ^~~~~~~~~~~~~~~~~~~~~~~~~~~~~~~~~~~~~~~~~~~~~
../../MCAL/GPIO/SOURCE/gpio.c(359): warning: initializing 'GPIOx_registersType *' with an expression of type 'volatile GPIOx_registersType *' discards qualifiers [-Wincompatible-pointer-types-discards-qualifiers]
    GPIOx_registersType* LOC_ptr2GPIOx[GPIO_NUM_OF_PORTS] = {GPIOA,GPIOB,GPIOC,GPIOD,GPIOE,GPIOF,GPIOG,GPIOH};
                                                                                                 ^~~~~
../../MCAL/GPIO/SOURCE/../INCLUDES/gpio_prv.h(51): note: expanded from macro 'GPIOG'
#define GPIOG                              ((volatile GPIOx_registersType*)(0X48001800))
                                           ^~~~~~~~~~~~~~~~~~~~~~~~~~~~~~~~~~~~~~~~~~~~~
../../MCAL/GPIO/SOURCE/gpio.c(359): warning: initializing 'GPIOx_registersType *' with an expression of type 'volatile GPIOx_registersType *' discards qualifiers [-Wincompatible-pointer-types-discards-qualifiers]
    GPIOx_registersType* LOC_ptr2GPIOx[GPIO_NUM_OF_PORTS] = {GPIOA,GPIOB,GPIOC,GPIOD,GPIOE,GPIOF,GPIOG,GPIOH};
                                                                                                       ^~~~~
../../MCAL/GPIO/SOURCE/../INCLUDES/gpio_prv.h(52): note: expanded from macro 'GPIOH'
#define GPIOH                              ((volatile GPIOx_registersType*)(0X48001C00))
                                           ^~~~~~~~~~~~~~~~~~~~~~~~~~~~~~~~~~~~~~~~~~~~~
../../MCAL/GPIO/SOURCE/gpio.c(382): warning: non-void function does not return a value [-Wreturn-type]
}
^
73 warnings generated.
compiling gpio.c...
compiling system_stm32f3xx.c...
linking...
Program Size: Code=1208 RO-data=708 RW-data=0 ZI-data=1632  
".\Objects\ADC.axf" - 0 Error(s), 74 Warning(s).

<h2>Software Packages used:</h2>

Package Vendor: ARM
                http://www.keil.com/pack/ARM.CMSIS.5.9.0.pack
                ARM.CMSIS.5.9.0
                CMSIS (Common Microcontroller Software Interface Standard)
   * Component: CORE Version: 5.6.0

Package Vendor: Keil
                http://www.keil.com/pack/Keil.STM32F3xx_DFP.2.2.2.pack
                Keil.STM32F3xx_DFP.2.2.2
                STMicroelectronics STM32F3 Series Device Support and Examples
   * Component: Startup Version: 1.11.3

<h2>Collection of Component include folders:</h2>
  ./RTE/_Target_1
  C:/Users/CAIRO/AppData/Local/Arm/Packs/ARM/CMSIS/5.9.0/CMSIS/Core/Include
  C:/Users/CAIRO/AppData/Local/Arm/Packs/Keil/STM32F3xx_DFP/2.2.2/Drivers/CMSIS/Device/ST/STM32F3xx/Include

<h2>Collection of Component Files used:</h2>

   * Component: ARM::CMSIS:CORE:5.6.0

   * Component: Keil.Standalone::Device:Startup:1.11.3
      Include file:  Drivers/CMSIS/Device/ST/STM32F3xx/Include/stm32f3xx.h
      Source file:   MDK/Device/Source/ARM/STM32F3xx_OPT.s
      Source file:   Drivers/CMSIS/Device/ST/STM32F3xx/Source/Templates/arm/startup_stm32f303xe.s
      Source file:   Drivers/CMSIS/Device/ST/STM32F3xx/Source/Templates/system_stm32f3xx.c
Build Time Elapsed:  00:00:02
</pre>
</body>
</html>
