Component: Arm Compiler for Embedded 6.19 Tool: armlink [5e73cb00]

==============================================================================

Section Cross References

    main.o(.text.main) refers to rcc_program.o(.text.MRCC_voidInit) for MRCC_voidInit
    main.o(.text.main) refers to rcc_program.o(.text.MRCC_voidPerClock_State) for MRCC_voidPerClock_State
    main.o(.text.main) refers to dio_program.o(.text.MGPIO_voidSetPinDirection) for MGPIO_voidSetPinDirection
    main.o(.text.main) refers to dio_program.o(.text.MGPIO_voidSetPinValue) for MGPIO_voidSetPinValue
    main.o(.text.main) refers to nrf24l01.o(.text.NRF24L01_init) for NRF24L01_init
    main.o(.text.main) refers to nrf24l01.o(.text.NRF24L01_switchToReceiverMode) for NRF24L01_switchToReceiverMode
    main.o(.text.main) refers to nrf24l01.o(.text.NRF24L01_checkReceiverBuffer) for NRF24L01_checkReceiverBuffer
    main.o(.text.main) refers to main.o(.bss.data) for data
    main.o(.text.main) refers to nrf24l01.o(.text.NRF24L01_readData) for NRF24L01_readData
    main.o(.text.main) refers to nrf24l01.o(.text.NRF24L01_flushReceiverBuffer) for NRF24L01_flushReceiverBuffer
    main.o(.text.main) refers to dio_program.o(.text.MGPIO_voidTogglePin) for MGPIO_voidTogglePin
    main.o(.ARM.exidx.text.main) refers to main.o(.text.main) for [Anonymous Symbol]
    rcc_program.o(.text.MRCC_voidInit) refers to rcc_program.o(.text.MRCC_voidClkEnable) for MRCC_voidClkEnable
    rcc_program.o(.text.MRCC_voidInit) refers to rcc_program.o(.text.MRCC_u8CheckClockReady) for MRCC_u8CheckClockReady
    rcc_program.o(.text.MRCC_voidInit) refers to rcc_program.o(.text.MRCC_voidSetBusesPrescaler) for MRCC_voidSetBusesPrescaler
    rcc_program.o(.text.MRCC_voidInit) refers to rcc_program.o(.text.MRCC_voidSetClkSource) for MRCC_voidSetClkSource
    rcc_program.o(.text.MRCC_voidInit) refers to rcc_program.o(.text.MRCC_voidClkDisable) for MRCC_voidClkDisable
    rcc_program.o(.ARM.exidx.text.MRCC_voidInit) refers to rcc_program.o(.text.MRCC_voidInit) for [Anonymous Symbol]
    rcc_program.o(.ARM.exidx.text.MRCC_voidClkEnable) refers to rcc_program.o(.text.MRCC_voidClkEnable) for [Anonymous Symbol]
    rcc_program.o(.ARM.exidx.text.MRCC_u8CheckClockReady) refers to rcc_program.o(.text.MRCC_u8CheckClockReady) for [Anonymous Symbol]
    rcc_program.o(.ARM.exidx.text.MRCC_voidSetBusesPrescaler) refers to rcc_program.o(.text.MRCC_voidSetBusesPrescaler) for [Anonymous Symbol]
    rcc_program.o(.ARM.exidx.text.MRCC_voidSetClkSource) refers to rcc_program.o(.text.MRCC_voidSetClkSource) for [Anonymous Symbol]
    rcc_program.o(.ARM.exidx.text.MRCC_voidClkDisable) refers to rcc_program.o(.text.MRCC_voidClkDisable) for [Anonymous Symbol]
    rcc_program.o(.ARM.exidx.text.MRCC_voidPerClock_State) refers to rcc_program.o(.text.MRCC_voidPerClock_State) for [Anonymous Symbol]
    rcc_program.o(.ARM.exidx.text.MRCC_voidSetPLLMulFactor) refers to rcc_program.o(.text.MRCC_voidSetPLLMulFactor) for [Anonymous Symbol]
    rcc_program.o(.ARM.exidx.text.MRCC_voidSetPLLSource) refers to rcc_program.o(.text.MRCC_voidSetPLLSource) for [Anonymous Symbol]
    spi.o(.ARM.exidx.text.SPI_voidInit) refers to spi.o(.text.SPI_voidInit) for [Anonymous Symbol]
    spi.o(.ARM.exidx.text.SPI_voidSendReceieveCharSynch) refers to spi.o(.text.SPI_voidSendReceieveCharSynch) for [Anonymous Symbol]
    spi.o(.text.SPI_enu_SendDataAsynch) refers to spi.o(.text.insert_queue) for insert_queue
    spi.o(.text.SPI_enu_SendDataAsynch) refers to spi.o(.text.truncate_queue) for truncate_queue
    spi.o(.ARM.exidx.text.SPI_enu_SendDataAsynch) refers to spi.o(.text.SPI_enu_SendDataAsynch) for [Anonymous Symbol]
    spi.o(.text.insert_queue) refers to spi.o(.data.gl_SPI_data_queue) for gl_SPI_data_queue
    spi.o(.ARM.exidx.text.insert_queue) refers to spi.o(.text.insert_queue) for [Anonymous Symbol]
    spi.o(.text.truncate_queue) refers to spi.o(.data.gl_SPI_data_queue) for gl_SPI_data_queue
    spi.o(.ARM.exidx.text.truncate_queue) refers to spi.o(.text.truncate_queue) for [Anonymous Symbol]
    spi.o(.text.SPI_enu_SendStreamAsynch) refers to spi.o(.text.insert_queue) for insert_queue
    spi.o(.text.SPI_enu_SendStreamAsynch) refers to spi.o(.text.truncate_queue) for truncate_queue
    spi.o(.ARM.exidx.text.SPI_enu_SendStreamAsynch) refers to spi.o(.text.SPI_enu_SendStreamAsynch) for [Anonymous Symbol]
    spi.o(.text.SPI_enu_SendRecieveStreamSynch) refers to spi.o(.text.SPI_voidSendReceieveCharSynch) for SPI_voidSendReceieveCharSynch
    spi.o(.ARM.exidx.text.SPI_enu_SendRecieveStreamSynch) refers to spi.o(.text.SPI_enu_SendRecieveStreamSynch) for [Anonymous Symbol]
    spi.o(.text.SPI_enu_GetDataAsynch) refers to spi.o(.bss.sgl_Recieve_Index) for sgl_Recieve_Index
    spi.o(.text.SPI_enu_GetDataAsynch) refers to spi.o(.bss.sgl_arr_Recieve_Buffer) for sgl_arr_Recieve_Buffer
    spi.o(.ARM.exidx.text.SPI_enu_GetDataAsynch) refers to spi.o(.text.SPI_enu_GetDataAsynch) for [Anonymous Symbol]
    spi.o(.text.SPI_voidsetCallBck) refers to spi.o(.bss.gl_ptr_Function) for gl_ptr_Function
    spi.o(.ARM.exidx.text.SPI_voidsetCallBck) refers to spi.o(.text.SPI_voidsetCallBck) for [Anonymous Symbol]
    spi.o(.text.SPI1_IRQHandler) refers to spi.o(.text.truncate_queue) for truncate_queue
    spi.o(.text.SPI1_IRQHandler) refers to spi.o(.bss.gl_ptr_Function) for gl_ptr_Function
    spi.o(.ARM.exidx.text.SPI1_IRQHandler) refers to spi.o(.text.SPI1_IRQHandler) for [Anonymous Symbol]
    dio_program.o(.ARM.exidx.text.MGPIO_voidSetPinDirection) refers to dio_program.o(.text.MGPIO_voidSetPinDirection) for [Anonymous Symbol]
    dio_program.o(.ARM.exidx.text.MGPIO_voidSetPinValue) refers to dio_program.o(.text.MGPIO_voidSetPinValue) for [Anonymous Symbol]
    dio_program.o(.ARM.exidx.text.MGPIO_voidTogglePin) refers to dio_program.o(.text.MGPIO_voidTogglePin) for [Anonymous Symbol]
    dio_program.o(.ARM.exidx.text.MGPIO_u8GetPinValue) refers to dio_program.o(.text.MGPIO_u8GetPinValue) for [Anonymous Symbol]
    dio_program.o(.ARM.exidx.text.delay) refers to dio_program.o(.text.delay) for [Anonymous Symbol]
    dio_program.o(.text.SEVEN_SEGMENT) refers to dio_program.o(.text.MGPIO_voidSetPinValue) for MGPIO_voidSetPinValue
    dio_program.o(.ARM.exidx.text.SEVEN_SEGMENT) refers to dio_program.o(.text.SEVEN_SEGMENT) for [Anonymous Symbol]
    dio_program.o(.ARM.exidx.text.MGPIO_voidSetPortDirection) refers to dio_program.o(.text.MGPIO_voidSetPortDirection) for [Anonymous Symbol]
    dio_program.o(.ARM.exidx.text.MGPIO_voidSetPortValue) refers to dio_program.o(.text.MGPIO_voidSetPortValue) for [Anonymous Symbol]
    dio_program.o(.text.MDIO_voidPingPong) refers to dio_program.o(.text.MGPIO_voidSetPinValue) for MGPIO_voidSetPinValue
    dio_program.o(.text.MDIO_voidPingPong) refers to dio_program.o(.text.delay) for delay
    dio_program.o(.ARM.exidx.text.MDIO_voidPingPong) refers to dio_program.o(.text.MDIO_voidPingPong) for [Anonymous Symbol]
    dio_program.o(.text.MDIO_voidSimultaneously) refers to dio_program.o(.text.MGPIO_voidSetPinValue) for MGPIO_voidSetPinValue
    dio_program.o(.text.MDIO_voidSimultaneously) refers to dio_program.o(.text.delay) for delay
    dio_program.o(.ARM.exidx.text.MDIO_voidSimultaneously) refers to dio_program.o(.text.MDIO_voidSimultaneously) for [Anonymous Symbol]
    dio_program.o(.text.MDIO_voidComingandGoing) refers to dio_program.o(.text.MGPIO_voidSetPinValue) for MGPIO_voidSetPinValue
    dio_program.o(.text.MDIO_voidComingandGoing) refers to dio_program.o(.text.delay) for delay
    dio_program.o(.ARM.exidx.text.MDIO_voidComingandGoing) refers to dio_program.o(.text.MDIO_voidComingandGoing) for [Anonymous Symbol]
    nrf24l01.o(.text.NRF24L01_init) refers to rcc_program.o(.text.MRCC_voidPerClock_State) for MRCC_voidPerClock_State
    nrf24l01.o(.text.NRF24L01_init) refers to dio_program.o(.text.MGPIO_voidSetPinDirection) for MGPIO_voidSetPinDirection
    nrf24l01.o(.text.NRF24L01_init) refers to dio_program.o(.text.MGPIO_voidSetPinValue) for MGPIO_voidSetPinValue
    nrf24l01.o(.text.NRF24L01_init) refers to spi.o(.text.SPI_voidInit) for SPI_voidInit
    nrf24l01.o(.text.NRF24L01_init) refers to nrf24l01.o(.text.NRF24L01_reset) for NRF24L01_reset
    nrf24l01.o(.text.NRF24L01_init) refers to nrf24l01.o(.text.NRF24L01_writeRegister) for NRF24L01_writeRegister
    nrf24l01.o(.ARM.exidx.text.NRF24L01_init) refers to nrf24l01.o(.text.NRF24L01_init) for [Anonymous Symbol]
    nrf24l01.o(.text.NRF24L01_reset) refers to nrf24l01.o(.text.NRF24L01_writeRegister) for NRF24L01_writeRegister
    nrf24l01.o(.ARM.exidx.text.NRF24L01_reset) refers to nrf24l01.o(.text.NRF24L01_reset) for [Anonymous Symbol]
    nrf24l01.o(.text.NRF24L01_writeRegister) refers to dio_program.o(.text.MGPIO_voidSetPinValue) for MGPIO_voidSetPinValue
    nrf24l01.o(.text.NRF24L01_writeRegister) refers to nrf24l01.o(.bss.G_statusRegister) for G_statusRegister
    nrf24l01.o(.text.NRF24L01_writeRegister) refers to spi.o(.text.SPI_voidSendReceieveCharSynch) for SPI_voidSendReceieveCharSynch
    nrf24l01.o(.ARM.exidx.text.NRF24L01_writeRegister) refers to nrf24l01.o(.text.NRF24L01_writeRegister) for [Anonymous Symbol]
    nrf24l01.o(.text.NRF24L01_switchToTransmitterMode) refers to dio_program.o(.text.MGPIO_voidSetPinValue) for MGPIO_voidSetPinValue
    nrf24l01.o(.text.NRF24L01_switchToTransmitterMode) refers to nrf24l01.o(.data.G_transmitterAddress) for G_transmitterAddress
    nrf24l01.o(.text.NRF24L01_switchToTransmitterMode) refers to nrf24l01.o(.text.NRF24L01_writeRegisterMulti) for NRF24L01_writeRegisterMulti
    nrf24l01.o(.text.NRF24L01_switchToTransmitterMode) refers to nrf24l01.o(.text.NRF24L01_writeRegister) for NRF24L01_writeRegister
    nrf24l01.o(.text.NRF24L01_switchToTransmitterMode) refers to nrf24l01.o(.text.NRF24L01_readRegister) for NRF24L01_readRegister
    nrf24l01.o(.ARM.exidx.text.NRF24L01_switchToTransmitterMode) refers to nrf24l01.o(.text.NRF24L01_switchToTransmitterMode) for [Anonymous Symbol]
    nrf24l01.o(.text.NRF24L01_writeRegisterMulti) refers to dio_program.o(.text.MGPIO_voidSetPinValue) for MGPIO_voidSetPinValue
    nrf24l01.o(.text.NRF24L01_writeRegisterMulti) refers to nrf24l01.o(.bss.G_statusRegister) for G_statusRegister
    nrf24l01.o(.text.NRF24L01_writeRegisterMulti) refers to spi.o(.text.SPI_voidSendReceieveCharSynch) for SPI_voidSendReceieveCharSynch
    nrf24l01.o(.text.NRF24L01_writeRegisterMulti) refers to nrf24l01.o(.bss.G_dummyArray) for G_dummyArray
    nrf24l01.o(.text.NRF24L01_writeRegisterMulti) refers to spi.o(.text.SPI_enu_SendRecieveStreamSynch) for SPI_enu_SendRecieveStreamSynch
    nrf24l01.o(.ARM.exidx.text.NRF24L01_writeRegisterMulti) refers to nrf24l01.o(.text.NRF24L01_writeRegisterMulti) for [Anonymous Symbol]
    nrf24l01.o(.text.NRF24L01_readRegister) refers to dio_program.o(.text.MGPIO_voidSetPinValue) for MGPIO_voidSetPinValue
    nrf24l01.o(.text.NRF24L01_readRegister) refers to nrf24l01.o(.bss.G_statusRegister) for G_statusRegister
    nrf24l01.o(.text.NRF24L01_readRegister) refers to spi.o(.text.SPI_voidSendReceieveCharSynch) for SPI_voidSendReceieveCharSynch
    nrf24l01.o(.ARM.exidx.text.NRF24L01_readRegister) refers to nrf24l01.o(.text.NRF24L01_readRegister) for [Anonymous Symbol]
    nrf24l01.o(.text.NRF24L01_switchToReceiverMode) refers to dio_program.o(.text.MGPIO_voidSetPinValue) for MGPIO_voidSetPinValue
    nrf24l01.o(.text.NRF24L01_switchToReceiverMode) refers to nrf24l01.o(.text.NRF24L01_writeRegister) for NRF24L01_writeRegister
    nrf24l01.o(.text.NRF24L01_switchToReceiverMode) refers to nrf24l01.o(.data.G_receiverPipe0Address) for G_receiverPipe0Address
    nrf24l01.o(.text.NRF24L01_switchToReceiverMode) refers to nrf24l01.o(.text.NRF24L01_writeRegisterMulti) for NRF24L01_writeRegisterMulti
    nrf24l01.o(.text.NRF24L01_switchToReceiverMode) refers to nrf24l01.o(.data.G_receiverPipe1Address) for G_receiverPipe1Address
    nrf24l01.o(.text.NRF24L01_switchToReceiverMode) refers to nrf24l01.o(.data.G_receiverPipe2Address) for G_receiverPipe2Address
    nrf24l01.o(.text.NRF24L01_switchToReceiverMode) refers to nrf24l01.o(.data.G_receiverPipe3Address) for G_receiverPipe3Address
    nrf24l01.o(.text.NRF24L01_switchToReceiverMode) refers to nrf24l01.o(.data.G_receiverPipe4Address) for G_receiverPipe4Address
    nrf24l01.o(.text.NRF24L01_switchToReceiverMode) refers to nrf24l01.o(.data.G_receiverPipe5Address) for G_receiverPipe5Address
    nrf24l01.o(.text.NRF24L01_switchToReceiverMode) refers to nrf24l01.o(.text.NRF24L01_readRegister) for NRF24L01_readRegister
    nrf24l01.o(.ARM.exidx.text.NRF24L01_switchToReceiverMode) refers to nrf24l01.o(.text.NRF24L01_switchToReceiverMode) for [Anonymous Symbol]
    nrf24l01.o(.text.NRF24L01_checkTransmitterBuffer) refers to nrf24l01.o(.text.NRF24L01_readRegister) for NRF24L01_readRegister
    nrf24l01.o(.text.NRF24L01_checkTransmitterBuffer) refers to nrf24l01.o(.text.NRF24L01_writeRegister) for NRF24L01_writeRegister
    nrf24l01.o(.ARM.exidx.text.NRF24L01_checkTransmitterBuffer) refers to nrf24l01.o(.text.NRF24L01_checkTransmitterBuffer) for [Anonymous Symbol]
    nrf24l01.o(.text.NRF24L01_checkReceiverBuffer) refers to nrf24l01.o(.text.NRF24L01_readRegister) for NRF24L01_readRegister
    nrf24l01.o(.text.NRF24L01_checkReceiverBuffer) refers to nrf24l01.o(.text.NRF24L01_writeRegister) for NRF24L01_writeRegister
    nrf24l01.o(.ARM.exidx.text.NRF24L01_checkReceiverBuffer) refers to nrf24l01.o(.text.NRF24L01_checkReceiverBuffer) for [Anonymous Symbol]
    nrf24l01.o(.text.NRF24L01_sendData) refers to dio_program.o(.text.MGPIO_voidSetPinValue) for MGPIO_voidSetPinValue
    nrf24l01.o(.text.NRF24L01_sendData) refers to nrf24l01.o(.bss.G_statusRegister) for G_statusRegister
    nrf24l01.o(.text.NRF24L01_sendData) refers to spi.o(.text.SPI_voidSendReceieveCharSynch) for SPI_voidSendReceieveCharSynch
    nrf24l01.o(.text.NRF24L01_sendData) refers to nrf24l01.o(.bss.G_dummyArray) for G_dummyArray
    nrf24l01.o(.text.NRF24L01_sendData) refers to spi.o(.text.SPI_enu_SendRecieveStreamSynch) for SPI_enu_SendRecieveStreamSynch
    nrf24l01.o(.ARM.exidx.text.NRF24L01_sendData) refers to nrf24l01.o(.text.NRF24L01_sendData) for [Anonymous Symbol]
    nrf24l01.o(.text.NRF24L01_readData) refers to dio_program.o(.text.MGPIO_voidSetPinValue) for MGPIO_voidSetPinValue
    nrf24l01.o(.text.NRF24L01_readData) refers to nrf24l01.o(.bss.G_statusRegister) for G_statusRegister
    nrf24l01.o(.text.NRF24L01_readData) refers to spi.o(.text.SPI_voidSendReceieveCharSynch) for SPI_voidSendReceieveCharSynch
    nrf24l01.o(.text.NRF24L01_readData) refers to nrf24l01.o(.bss.G_dummyArray) for G_dummyArray
    nrf24l01.o(.text.NRF24L01_readData) refers to spi.o(.text.SPI_enu_SendRecieveStreamSynch) for SPI_enu_SendRecieveStreamSynch
    nrf24l01.o(.ARM.exidx.text.NRF24L01_readData) refers to nrf24l01.o(.text.NRF24L01_readData) for [Anonymous Symbol]
    nrf24l01.o(.text.NRF24L01_flushTransmitterBuffer) refers to nrf24l01.o(.text.NRF24L01_sendCommand) for NRF24L01_sendCommand
    nrf24l01.o(.ARM.exidx.text.NRF24L01_flushTransmitterBuffer) refers to nrf24l01.o(.text.NRF24L01_flushTransmitterBuffer) for [Anonymous Symbol]
    nrf24l01.o(.text.NRF24L01_sendCommand) refers to dio_program.o(.text.MGPIO_voidSetPinValue) for MGPIO_voidSetPinValue
    nrf24l01.o(.text.NRF24L01_sendCommand) refers to nrf24l01.o(.bss.G_statusRegister) for G_statusRegister
    nrf24l01.o(.text.NRF24L01_sendCommand) refers to spi.o(.text.SPI_voidSendReceieveCharSynch) for SPI_voidSendReceieveCharSynch
    nrf24l01.o(.ARM.exidx.text.NRF24L01_sendCommand) refers to nrf24l01.o(.text.NRF24L01_sendCommand) for [Anonymous Symbol]
    nrf24l01.o(.text.NRF24L01_flushReceiverBuffer) refers to nrf24l01.o(.text.NRF24L01_sendCommand) for NRF24L01_sendCommand
    nrf24l01.o(.ARM.exidx.text.NRF24L01_flushReceiverBuffer) refers to nrf24l01.o(.text.NRF24L01_flushReceiverBuffer) for [Anonymous Symbol]
    startup_stm32f10x_md.o(STACK) refers (Special) to heapauxi.o(.text) for __use_two_region_memory
    startup_stm32f10x_md.o(HEAP) refers (Special) to heapauxi.o(.text) for __use_two_region_memory
    startup_stm32f10x_md.o(RESET) refers (Special) to heapauxi.o(.text) for __use_two_region_memory
    startup_stm32f10x_md.o(RESET) refers to startup_stm32f10x_md.o(STACK) for __initial_sp
    startup_stm32f10x_md.o(RESET) refers to startup_stm32f10x_md.o(.text) for Reset_Handler
    startup_stm32f10x_md.o(RESET) refers to spi.o(.text.SPI1_IRQHandler) for SPI1_IRQHandler
    startup_stm32f10x_md.o(.text) refers (Special) to heapauxi.o(.text) for __use_two_region_memory
    startup_stm32f10x_md.o(.text) refers to system_stm32f10x.o(.text.SystemInit) for SystemInit
    startup_stm32f10x_md.o(.text) refers to __main.o(!!!main) for __main
    startup_stm32f10x_md.o(.text) refers to startup_stm32f10x_md.o(HEAP) for Heap_Mem
    startup_stm32f10x_md.o(.text) refers to startup_stm32f10x_md.o(STACK) for Stack_Mem
    system_stm32f10x.o(.text.SystemInit) refers to system_stm32f10x.o(.text.SetSysClock) for SetSysClock
    system_stm32f10x.o(.ARM.exidx.text.SystemInit) refers to system_stm32f10x.o(.text.SystemInit) for [Anonymous Symbol]
    system_stm32f10x.o(.text.SetSysClock) refers to system_stm32f10x.o(.text.SetSysClockTo72) for SetSysClockTo72
    system_stm32f10x.o(.ARM.exidx.text.SetSysClock) refers to system_stm32f10x.o(.text.SetSysClock) for [Anonymous Symbol]
    system_stm32f10x.o(.text.SystemCoreClockUpdate) refers to system_stm32f10x.o(.data.SystemCoreClock) for SystemCoreClock
    system_stm32f10x.o(.text.SystemCoreClockUpdate) refers to system_stm32f10x.o(.rodata.AHBPrescTable) for AHBPrescTable
    system_stm32f10x.o(.ARM.exidx.text.SystemCoreClockUpdate) refers to system_stm32f10x.o(.text.SystemCoreClockUpdate) for [Anonymous Symbol]
    system_stm32f10x.o(.ARM.exidx.text.SetSysClockTo72) refers to system_stm32f10x.o(.text.SetSysClockTo72) for [Anonymous Symbol]
    __main.o(!!!main) refers to __rtentry.o(.ARM.Collect$$rtentry$$00000000) for __rt_entry
    __rtentry.o(.ARM.Collect$$rtentry$$00000000) refers (Special) to __rtentry2.o(.ARM.Collect$$rtentry$$0000000A) for __rt_entry_li
    __rtentry.o(.ARM.Collect$$rtentry$$00000000) refers (Special) to __rtentry2.o(.ARM.Collect$$rtentry$$0000000D) for __rt_entry_main
    __rtentry.o(.ARM.Collect$$rtentry$$00000000) refers (Special) to __rtentry2.o(.ARM.Collect$$rtentry$$0000000C) for __rt_entry_postli_1
    __rtentry.o(.ARM.Collect$$rtentry$$00000000) refers (Special) to __rtentry2.o(.ARM.Collect$$rtentry$$00000009) for __rt_entry_postsh_1
    __rtentry.o(.ARM.Collect$$rtentry$$00000000) refers (Special) to __rtentry2.o(.ARM.Collect$$rtentry$$00000002) for __rt_entry_presh_1
    __rtentry.o(.ARM.Collect$$rtentry$$00000000) refers (Special) to __rtentry4.o(.ARM.Collect$$rtentry$$00000004) for __rt_entry_sh
    __rtentry2.o(.ARM.Collect$$rtentry$$00000008) refers to boardinit2.o(.text) for _platform_post_stackheap_init
    __rtentry2.o(.ARM.Collect$$rtentry$$0000000A) refers to libinit.o(.ARM.Collect$$libinit$$00000000) for __rt_lib_init
    __rtentry2.o(.ARM.Collect$$rtentry$$0000000B) refers to boardinit3.o(.text) for _platform_post_lib_init
    __rtentry2.o(.ARM.Collect$$rtentry$$0000000D) refers to main.o(.text.main) for main
    __rtentry2.o(.ARM.Collect$$rtentry$$0000000D) refers to exit.o(.text) for exit
    __rtentry2.o(.ARM.exidx) refers to __rtentry2.o(.ARM.Collect$$rtentry$$00000001) for .ARM.Collect$$rtentry$$00000001
    __rtentry2.o(.ARM.exidx) refers to __rtentry2.o(.ARM.Collect$$rtentry$$00000008) for .ARM.Collect$$rtentry$$00000008
    __rtentry2.o(.ARM.exidx) refers to __rtentry2.o(.ARM.Collect$$rtentry$$0000000A) for .ARM.Collect$$rtentry$$0000000A
    __rtentry2.o(.ARM.exidx) refers to __rtentry2.o(.ARM.Collect$$rtentry$$0000000B) for .ARM.Collect$$rtentry$$0000000B
    __rtentry2.o(.ARM.exidx) refers to __rtentry2.o(.ARM.Collect$$rtentry$$0000000D) for .ARM.Collect$$rtentry$$0000000D
    __rtentry4.o(.ARM.Collect$$rtentry$$00000004) refers to sys_stackheap_outer.o(.text) for __user_setup_stackheap
    __rtentry4.o(.ARM.exidx) refers to __rtentry4.o(.ARM.Collect$$rtentry$$00000004) for .ARM.Collect$$rtentry$$00000004
    sys_stackheap_outer.o(.text) refers to libspace.o(.text) for __user_perproc_libspace
    sys_stackheap_outer.o(.text) refers to startup_stm32f10x_md.o(.text) for __user_initial_stackheap
    exit.o(.text) refers to rtexit.o(.ARM.Collect$$rtexit$$00000000) for __rt_exit
    libinit.o(.ARM.Collect$$libinit$$00000000) refers (Special) to libinit2.o(.ARM.Collect$$libinit$$00000030) for __rt_lib_init_alloca_1
    libinit.o(.ARM.Collect$$libinit$$00000000) refers (Special) to libinit2.o(.ARM.Collect$$libinit$$0000002E) for __rt_lib_init_argv_1
    libinit.o(.ARM.Collect$$libinit$$00000000) refers (Special) to libinit2.o(.ARM.Collect$$libinit$$0000001D) for __rt_lib_init_atexit_1
    libinit.o(.ARM.Collect$$libinit$$00000000) refers (Special) to libinit2.o(.ARM.Collect$$libinit$$00000023) for __rt_lib_init_clock_1
    libinit.o(.ARM.Collect$$libinit$$00000000) refers (Special) to libinit2.o(.ARM.Collect$$libinit$$00000034) for __rt_lib_init_cpp_1
    libinit.o(.ARM.Collect$$libinit$$00000000) refers (Special) to libinit2.o(.ARM.Collect$$libinit$$00000032) for __rt_lib_init_exceptions_1
    libinit.o(.ARM.Collect$$libinit$$00000000) refers (Special) to libinit2.o(.ARM.Collect$$libinit$$00000002) for __rt_lib_init_fp_1
    libinit.o(.ARM.Collect$$libinit$$00000000) refers (Special) to libinit2.o(.ARM.Collect$$libinit$$00000021) for __rt_lib_init_fp_trap_1
    libinit.o(.ARM.Collect$$libinit$$00000000) refers (Special) to libinit2.o(.ARM.Collect$$libinit$$00000025) for __rt_lib_init_getenv_1
    libinit.o(.ARM.Collect$$libinit$$00000000) refers (Special) to libinit2.o(.ARM.Collect$$libinit$$0000000C) for __rt_lib_init_heap_1
    libinit.o(.ARM.Collect$$libinit$$00000000) refers (Special) to libinit2.o(.ARM.Collect$$libinit$$00000013) for __rt_lib_init_lc_collate_1
    libinit.o(.ARM.Collect$$libinit$$00000000) refers (Special) to libinit2.o(.ARM.Collect$$libinit$$00000015) for __rt_lib_init_lc_ctype_1
    libinit.o(.ARM.Collect$$libinit$$00000000) refers (Special) to libinit2.o(.ARM.Collect$$libinit$$00000017) for __rt_lib_init_lc_monetary_1
    libinit.o(.ARM.Collect$$libinit$$00000000) refers (Special) to libinit2.o(.ARM.Collect$$libinit$$00000019) for __rt_lib_init_lc_numeric_1
    libinit.o(.ARM.Collect$$libinit$$00000000) refers (Special) to libinit2.o(.ARM.Collect$$libinit$$0000001B) for __rt_lib_init_lc_time_1
    libinit.o(.ARM.Collect$$libinit$$00000000) refers (Special) to libinit2.o(.ARM.Collect$$libinit$$00000006) for __rt_lib_init_preinit_1
    libinit.o(.ARM.Collect$$libinit$$00000000) refers (Special) to libinit2.o(.ARM.Collect$$libinit$$00000010) for __rt_lib_init_rand_1
    libinit.o(.ARM.Collect$$libinit$$00000000) refers (Special) to libinit2.o(.ARM.Collect$$libinit$$00000004) for __rt_lib_init_relocate_pie_1
    libinit.o(.ARM.Collect$$libinit$$00000000) refers (Special) to libinit2.o(.ARM.Collect$$libinit$$00000035) for __rt_lib_init_return
    libinit.o(.ARM.Collect$$libinit$$00000000) refers (Special) to libinit2.o(.ARM.Collect$$libinit$$0000001F) for __rt_lib_init_signal_1
    libinit.o(.ARM.Collect$$libinit$$00000000) refers (Special) to libinit2.o(.ARM.Collect$$libinit$$00000027) for __rt_lib_init_stdio_1
    libinit.o(.ARM.Collect$$libinit$$00000000) refers (Special) to libinit2.o(.ARM.Collect$$libinit$$0000000E) for __rt_lib_init_user_alloc_1
    libspace.o(.text) refers to libspace.o(.bss) for __libspace_start
    rtexit.o(.ARM.Collect$$rtexit$$00000000) refers (Special) to rtexit2.o(.ARM.Collect$$rtexit$$00000004) for __rt_exit_exit
    rtexit.o(.ARM.Collect$$rtexit$$00000000) refers (Special) to rtexit2.o(.ARM.Collect$$rtexit$$00000003) for __rt_exit_ls
    rtexit.o(.ARM.Collect$$rtexit$$00000000) refers (Special) to rtexit2.o(.ARM.Collect$$rtexit$$00000002) for __rt_exit_prels_1
    rtexit.o(.ARM.exidx) refers (Special) to rtexit2.o(.ARM.Collect$$rtexit$$00000004) for __rt_exit_exit
    rtexit.o(.ARM.exidx) refers (Special) to rtexit2.o(.ARM.Collect$$rtexit$$00000003) for __rt_exit_ls
    rtexit.o(.ARM.exidx) refers (Special) to rtexit2.o(.ARM.Collect$$rtexit$$00000002) for __rt_exit_prels_1
    rtexit.o(.ARM.exidx) refers to rtexit.o(.ARM.Collect$$rtexit$$00000000) for .ARM.Collect$$rtexit$$00000000
    libinit2.o(.ARM.Collect$$libinit$$00000012) refers to libinit2.o(.ARM.Collect$$libinit$$00000011) for .ARM.Collect$$libinit$$00000011
    libinit2.o(.ARM.Collect$$libinit$$00000014) refers to libinit2.o(.ARM.Collect$$libinit$$00000011) for .ARM.Collect$$libinit$$00000011
    libinit2.o(.ARM.Collect$$libinit$$00000016) refers to libinit2.o(.ARM.Collect$$libinit$$00000011) for .ARM.Collect$$libinit$$00000011
    libinit2.o(.ARM.Collect$$libinit$$00000018) refers to libinit2.o(.ARM.Collect$$libinit$$00000011) for .ARM.Collect$$libinit$$00000011
    libinit2.o(.ARM.Collect$$libinit$$0000001A) refers to libinit2.o(.ARM.Collect$$libinit$$00000011) for .ARM.Collect$$libinit$$00000011
    libinit2.o(.ARM.Collect$$libinit$$00000028) refers to argv_veneer.o(.emb_text) for __ARM_argv_veneer
    libinit2.o(.ARM.Collect$$libinit$$00000029) refers to argv_veneer.o(.emb_text) for __ARM_argv_veneer
    rtexit2.o(.ARM.Collect$$rtexit$$00000003) refers to libshutdown.o(.ARM.Collect$$libshutdown$$00000000) for __rt_lib_shutdown
    rtexit2.o(.ARM.Collect$$rtexit$$00000004) refers to sys_exit.o(.text) for _sys_exit
    rtexit2.o(.ARM.exidx) refers to rtexit2.o(.ARM.Collect$$rtexit$$00000001) for .ARM.Collect$$rtexit$$00000001
    rtexit2.o(.ARM.exidx) refers to rtexit2.o(.ARM.Collect$$rtexit$$00000003) for .ARM.Collect$$rtexit$$00000003
    rtexit2.o(.ARM.exidx) refers to rtexit2.o(.ARM.Collect$$rtexit$$00000004) for .ARM.Collect$$rtexit$$00000004
    argv_veneer.o(.emb_text) refers to no_argv.o(.text) for __ARM_get_argv
    sys_exit.o(.text) refers (Special) to use_no_semi.o(.text) for __I$use$semihosting
    sys_exit.o(.text) refers (Special) to indicate_semi.o(.text) for __semihosting_library_function
    sys_exit_hlt.o(.text) refers (Special) to use_no_semi.o(.text) for __I$use$semihosting
    sys_exit_hlt.o(.text) refers (Special) to indicate_semi.o(.text) for __semihosting_library_function
    _get_argv_nomalloc.o(.text) refers (Special) to hrguard.o(.text) for __heap_region$guard
    _get_argv_nomalloc.o(.text) refers to defsig_rtmem_outer.o(.text) for __rt_SIGRTMEM
    _get_argv_nomalloc.o(.text) refers to sys_command.o(.text) for _sys_command_string
    libshutdown.o(.ARM.Collect$$libshutdown$$00000000) refers (Special) to libshutdown2.o(.ARM.Collect$$libshutdown$$00000002) for __rt_lib_shutdown_cpp_1
    libshutdown.o(.ARM.Collect$$libshutdown$$00000000) refers (Special) to libshutdown2.o(.ARM.Collect$$libshutdown$$00000007) for __rt_lib_shutdown_fp_trap_1
    libshutdown.o(.ARM.Collect$$libshutdown$$00000000) refers (Special) to libshutdown2.o(.ARM.Collect$$libshutdown$$0000000F) for __rt_lib_shutdown_heap_1
    libshutdown.o(.ARM.Collect$$libshutdown$$00000000) refers (Special) to libshutdown2.o(.ARM.Collect$$libshutdown$$00000010) for __rt_lib_shutdown_return
    libshutdown.o(.ARM.Collect$$libshutdown$$00000000) refers (Special) to libshutdown2.o(.ARM.Collect$$libshutdown$$0000000A) for __rt_lib_shutdown_signal_1
    libshutdown.o(.ARM.Collect$$libshutdown$$00000000) refers (Special) to libshutdown2.o(.ARM.Collect$$libshutdown$$00000004) for __rt_lib_shutdown_stdio_1
    libshutdown.o(.ARM.Collect$$libshutdown$$00000000) refers (Special) to libshutdown2.o(.ARM.Collect$$libshutdown$$0000000C) for __rt_lib_shutdown_user_alloc_1
    sys_command.o(.text) refers (Special) to use_no_semi.o(.text) for __I$use$semihosting
    sys_command.o(.text) refers (Special) to indicate_semi.o(.text) for __semihosting_library_function
    sys_command_hlt.o(.text) refers (Special) to use_no_semi.o(.text) for __I$use$semihosting
    sys_command_hlt.o(.text) refers (Special) to indicate_semi.o(.text) for __semihosting_library_function
    defsig_rtmem_outer.o(.text) refers to defsig_rtmem_inner.o(.text) for __rt_SIGRTMEM_inner
    defsig_rtmem_outer.o(.text) refers to defsig_exit.o(.text) for __sig_exit
    defsig_rtmem_formal.o(.text) refers to rt_raise.o(.text) for __rt_raise
    rt_raise.o(.text) refers to __raise.o(.text) for __raise
    rt_raise.o(.text) refers to sys_exit.o(.text) for _sys_exit
    defsig_exit.o(.text) refers to sys_exit.o(.text) for _sys_exit
    defsig_rtmem_inner.o(.text) refers to defsig_general.o(.text) for __default_signal_display
    __raise.o(.text) refers to defsig.o(CL$$defsig) for __default_signal_handler
    defsig_general.o(.text) refers to sys_wrch.o(.text) for _ttywrch
    sys_wrch.o(.text) refers (Special) to use_no_semi.o(.text) for __I$use$semihosting
    sys_wrch.o(.text) refers (Special) to indicate_semi.o(.text) for __semihosting_library_function
    sys_wrch_hlt.o(.text) refers (Special) to use_no_semi.o(.text) for __I$use$semihosting
    sys_wrch_hlt.o(.text) refers (Special) to indicate_semi.o(.text) for __semihosting_library_function
    defsig.o(CL$$defsig) refers to defsig_rtmem_inner.o(.text) for __rt_SIGRTMEM_inner
    defsig_abrt_inner.o(.text) refers to defsig_general.o(.text) for __default_signal_display
    defsig_fpe_inner.o(.text) refers to defsig_general.o(.text) for __default_signal_display
    defsig_rtred_inner.o(.text) refers to defsig_general.o(.text) for __default_signal_display
    defsig_stak_inner.o(.text) refers to defsig_general.o(.text) for __default_signal_display
    defsig_pvfn_inner.o(.text) refers to defsig_general.o(.text) for __default_signal_display
    defsig_cppl_inner.o(.text) refers to defsig_general.o(.text) for __default_signal_display
    defsig_segv_inner.o(.text) refers to defsig_general.o(.text) for __default_signal_display
    defsig_other.o(.text) refers to defsig_general.o(.text) for __default_signal_display


==============================================================================

Removing Unused input sections from the image.

    Removing main.o(.text), (0 bytes).
    Removing main.o(.ARM.exidx.text.main), (8 bytes).
    Removing main.o(.ARM.use_no_argv), (4 bytes).
    Removing rcc_program.o(.text), (0 bytes).
    Removing rcc_program.o(.ARM.exidx.text.MRCC_voidInit), (8 bytes).
    Removing rcc_program.o(.ARM.exidx.text.MRCC_voidClkEnable), (8 bytes).
    Removing rcc_program.o(.ARM.exidx.text.MRCC_u8CheckClockReady), (8 bytes).
    Removing rcc_program.o(.ARM.exidx.text.MRCC_voidSetBusesPrescaler), (8 bytes).
    Removing rcc_program.o(.ARM.exidx.text.MRCC_voidSetClkSource), (8 bytes).
    Removing rcc_program.o(.ARM.exidx.text.MRCC_voidClkDisable), (8 bytes).
    Removing rcc_program.o(.ARM.exidx.text.MRCC_voidPerClock_State), (8 bytes).
    Removing rcc_program.o(.text.MRCC_voidSetPLLMulFactor), (38 bytes).
    Removing rcc_program.o(.ARM.exidx.text.MRCC_voidSetPLLMulFactor), (8 bytes).
    Removing rcc_program.o(.text.MRCC_voidSetPLLSource), (130 bytes).
    Removing rcc_program.o(.ARM.exidx.text.MRCC_voidSetPLLSource), (8 bytes).
    Removing spi.o(.text), (0 bytes).
    Removing spi.o(.ARM.exidx.text.SPI_voidInit), (8 bytes).
    Removing spi.o(.ARM.exidx.text.SPI_voidSendReceieveCharSynch), (8 bytes).
    Removing spi.o(.text.SPI_enu_SendDataAsynch), (24 bytes).
    Removing spi.o(.ARM.exidx.text.SPI_enu_SendDataAsynch), (8 bytes).
    Removing spi.o(.text.insert_queue), (112 bytes).
    Removing spi.o(.ARM.exidx.text.insert_queue), (8 bytes).
    Removing spi.o(.ARM.exidx.text.truncate_queue), (8 bytes).
    Removing spi.o(.text.SPI_enu_SendStreamAsynch), (62 bytes).
    Removing spi.o(.ARM.exidx.text.SPI_enu_SendStreamAsynch), (8 bytes).
    Removing spi.o(.ARM.exidx.text.SPI_enu_SendRecieveStreamSynch), (8 bytes).
    Removing spi.o(.text.SPI_enu_GetDataAsynch), (66 bytes).
    Removing spi.o(.ARM.exidx.text.SPI_enu_GetDataAsynch), (8 bytes).
    Removing spi.o(.text.SPI_voidsetCallBck), (30 bytes).
    Removing spi.o(.ARM.exidx.text.SPI_voidsetCallBck), (8 bytes).
    Removing spi.o(.ARM.exidx.text.SPI1_IRQHandler), (8 bytes).
    Removing spi.o(.bss.sgl_Recieve_Index), (2 bytes).
    Removing spi.o(.bss.sgl_arr_Recieve_Buffer), (200 bytes).
    Removing dio_program.o(.text), (0 bytes).
    Removing dio_program.o(.ARM.exidx.text.MGPIO_voidSetPinDirection), (8 bytes).
    Removing dio_program.o(.ARM.exidx.text.MGPIO_voidSetPinValue), (8 bytes).
    Removing dio_program.o(.ARM.exidx.text.MGPIO_voidTogglePin), (8 bytes).
    Removing dio_program.o(.text.MGPIO_u8GetPinValue), (130 bytes).
    Removing dio_program.o(.ARM.exidx.text.MGPIO_u8GetPinValue), (8 bytes).
    Removing dio_program.o(.text.delay), (34 bytes).
    Removing dio_program.o(.ARM.exidx.text.delay), (8 bytes).
    Removing dio_program.o(.text.SEVEN_SEGMENT), (2700 bytes).
    Removing dio_program.o(.ARM.exidx.text.SEVEN_SEGMENT), (8 bytes).
    Removing dio_program.o(.text.MGPIO_voidSetPortDirection), (118 bytes).
    Removing dio_program.o(.ARM.exidx.text.MGPIO_voidSetPortDirection), (8 bytes).
    Removing dio_program.o(.text.MGPIO_voidSetPortValue), (114 bytes).
    Removing dio_program.o(.ARM.exidx.text.MGPIO_voidSetPortValue), (8 bytes).
    Removing dio_program.o(.text.MDIO_voidPingPong), (652 bytes).
    Removing dio_program.o(.ARM.exidx.text.MDIO_voidPingPong), (8 bytes).
    Removing dio_program.o(.text.MDIO_voidSimultaneously), (244 bytes).
    Removing dio_program.o(.ARM.exidx.text.MDIO_voidSimultaneously), (8 bytes).
    Removing dio_program.o(.text.MDIO_voidComingandGoing), (418 bytes).
    Removing dio_program.o(.ARM.exidx.text.MDIO_voidComingandGoing), (8 bytes).
    Removing nrf24l01.o(.text), (0 bytes).
    Removing nrf24l01.o(.ARM.exidx.text.NRF24L01_init), (8 bytes).
    Removing nrf24l01.o(.ARM.exidx.text.NRF24L01_reset), (8 bytes).
    Removing nrf24l01.o(.ARM.exidx.text.NRF24L01_writeRegister), (8 bytes).
    Removing nrf24l01.o(.text.NRF24L01_switchToTransmitterMode), (132 bytes).
    Removing nrf24l01.o(.ARM.exidx.text.NRF24L01_switchToTransmitterMode), (8 bytes).
    Removing nrf24l01.o(.ARM.exidx.text.NRF24L01_writeRegisterMulti), (8 bytes).
    Removing nrf24l01.o(.ARM.exidx.text.NRF24L01_readRegister), (8 bytes).
    Removing nrf24l01.o(.ARM.exidx.text.NRF24L01_switchToReceiverMode), (8 bytes).
    Removing nrf24l01.o(.text.NRF24L01_checkTransmitterBuffer), (86 bytes).
    Removing nrf24l01.o(.ARM.exidx.text.NRF24L01_checkTransmitterBuffer), (8 bytes).
    Removing nrf24l01.o(.ARM.exidx.text.NRF24L01_checkReceiverBuffer), (8 bytes).
    Removing nrf24l01.o(.text.NRF24L01_sendData), (96 bytes).
    Removing nrf24l01.o(.ARM.exidx.text.NRF24L01_sendData), (8 bytes).
    Removing nrf24l01.o(.ARM.exidx.text.NRF24L01_readData), (8 bytes).
    Removing nrf24l01.o(.text.NRF24L01_flushTransmitterBuffer), (10 bytes).
    Removing nrf24l01.o(.ARM.exidx.text.NRF24L01_flushTransmitterBuffer), (8 bytes).
    Removing nrf24l01.o(.ARM.exidx.text.NRF24L01_sendCommand), (8 bytes).
    Removing nrf24l01.o(.ARM.exidx.text.NRF24L01_flushReceiverBuffer), (8 bytes).
    Removing nrf24l01.o(.data.G_transmitterAddress), (5 bytes).
    Removing system_stm32f10x.o(.text), (0 bytes).
    Removing system_stm32f10x.o(.ARM.exidx.text.SystemInit), (8 bytes).
    Removing system_stm32f10x.o(.ARM.exidx.text.SetSysClock), (8 bytes).
    Removing system_stm32f10x.o(.text.SystemCoreClockUpdate), (290 bytes).
    Removing system_stm32f10x.o(.ARM.exidx.text.SystemCoreClockUpdate), (8 bytes).
    Removing system_stm32f10x.o(.ARM.exidx.text.SetSysClockTo72), (8 bytes).
    Removing system_stm32f10x.o(.data.SystemCoreClock), (4 bytes).
    Removing system_stm32f10x.o(.rodata.AHBPrescTable), (16 bytes).

81 unused section(s) (total 6109 bytes) removed from the image.

==============================================================================

Image Symbol Table

    Local Symbols

    Symbol Name                              Value     Ov Type        Size  Object(Section)

    ../clib/angel/boardlib.s                 0x00000000   Number         0  boardinit1.o ABSOLUTE
    ../clib/angel/boardlib.s                 0x00000000   Number         0  boardinit2.o ABSOLUTE
    ../clib/angel/boardlib.s                 0x00000000   Number         0  boardinit3.o ABSOLUTE
    ../clib/angel/boardlib.s                 0x00000000   Number         0  boardshut.o ABSOLUTE
    ../clib/angel/handlers.s                 0x00000000   Number         0  __scatter_copy.o ABSOLUTE
    ../clib/angel/handlers.s                 0x00000000   Number         0  __scatter_zi.o ABSOLUTE
    ../clib/angel/kernel.s                   0x00000000   Number         0  __rtentry.o ABSOLUTE
    ../clib/angel/kernel.s                   0x00000000   Number         0  __rtentry2.o ABSOLUTE
    ../clib/angel/kernel.s                   0x00000000   Number         0  __rtentry4.o ABSOLUTE
    ../clib/angel/kernel.s                   0x00000000   Number         0  rtexit.o ABSOLUTE
    ../clib/angel/kernel.s                   0x00000000   Number         0  rtexit2.o ABSOLUTE
    ../clib/angel/rt.s                       0x00000000   Number         0  rt_raise.o ABSOLUTE
    ../clib/angel/scatter.s                  0x00000000   Number         0  __scatter.o ABSOLUTE
    ../clib/angel/startup.s                  0x00000000   Number         0  __main.o ABSOLUTE
    ../clib/angel/sys.s                      0x00000000   Number         0  sys_stackheap_outer.o ABSOLUTE
    ../clib/angel/sys.s                      0x00000000   Number         0  libspace.o ABSOLUTE
    ../clib/angel/sys.s                      0x00000000   Number         0  use_no_semi.o ABSOLUTE
    ../clib/angel/sys.s                      0x00000000   Number         0  indicate_semi.o ABSOLUTE
    ../clib/angel/sysapp.c                   0x00000000   Number         0  sys_exit.o ABSOLUTE
    ../clib/angel/sysapp.c                   0x00000000   Number         0  sys_exit_hlt.o ABSOLUTE
    ../clib/angel/sysapp.c                   0x00000000   Number         0  sys_command.o ABSOLUTE
    ../clib/angel/sysapp.c                   0x00000000   Number         0  sys_command_hlt.o ABSOLUTE
    ../clib/angel/sysapp.c                   0x00000000   Number         0  sys_wrch.o ABSOLUTE
    ../clib/angel/sysapp.c                   0x00000000   Number         0  sys_wrch_hlt.o ABSOLUTE
    ../clib/armsys.c                         0x00000000   Number         0  argv_veneer.o ABSOLUTE
    ../clib/armsys.c                         0x00000000   Number         0  argv_veneer.o ABSOLUTE
    ../clib/armsys.c                         0x00000000   Number         0  _get_argv_nomalloc.o ABSOLUTE
    ../clib/armsys.c                         0x00000000   Number         0  no_argv.o ABSOLUTE
    ../clib/heapalloc.c                      0x00000000   Number         0  hrguard.o ABSOLUTE
    ../clib/heapaux.c                        0x00000000   Number         0  heapauxi.o ABSOLUTE
    ../clib/libinit.s                        0x00000000   Number         0  libinit.o ABSOLUTE
    ../clib/libinit.s                        0x00000000   Number         0  libinit2.o ABSOLUTE
    ../clib/libinit.s                        0x00000000   Number         0  libshutdown.o ABSOLUTE
    ../clib/libinit.s                        0x00000000   Number         0  libshutdown2.o ABSOLUTE
    ../clib/signal.c                         0x00000000   Number         0  defsig_rtmem_outer.o ABSOLUTE
    ../clib/signal.c                         0x00000000   Number         0  defsig_rtmem_formal.o ABSOLUTE
    ../clib/signal.c                         0x00000000   Number         0  defsig_exit.o ABSOLUTE
    ../clib/signal.c                         0x00000000   Number         0  defsig_rtmem_inner.o ABSOLUTE
    ../clib/signal.c                         0x00000000   Number         0  __raise.o ABSOLUTE
    ../clib/signal.c                         0x00000000   Number         0  defsig_general.o ABSOLUTE
    ../clib/signal.c                         0x00000000   Number         0  defsig_abrt_inner.o ABSOLUTE
    ../clib/signal.c                         0x00000000   Number         0  defsig_fpe_inner.o ABSOLUTE
    ../clib/signal.c                         0x00000000   Number         0  defsig_rtred_inner.o ABSOLUTE
    ../clib/signal.c                         0x00000000   Number         0  defsig_stak_inner.o ABSOLUTE
    ../clib/signal.c                         0x00000000   Number         0  defsig_pvfn_inner.o ABSOLUTE
    ../clib/signal.c                         0x00000000   Number         0  defsig_cppl_inner.o ABSOLUTE
    ../clib/signal.c                         0x00000000   Number         0  defsig_segv_inner.o ABSOLUTE
    ../clib/signal.c                         0x00000000   Number         0  defsig_other.o ABSOLUTE
    ../clib/signal.s                         0x00000000   Number         0  defsig.o ABSOLUTE
    ../clib/stdlib.c                         0x00000000   Number         0  exit.o ABSOLUTE
    ../fplib/fpinit.s                        0x00000000   Number         0  fpinit.o ABSOLUTE
    ../fplib/fpinit_empty.s                  0x00000000   Number         0  fpinit_empty.o ABSOLUTE
    DIO_PROGRAM.c                            0x00000000   Number         0  dio_program.o ABSOLUTE
    RCC_program.c                            0x00000000   Number         0  rcc_program.o ABSOLUTE
    RTE/Device/STM32F103C8/startup_stm32f10x_md.s 0x00000000   Number         0  startup_stm32f10x_md.o ABSOLUTE
    SPI.c                                    0x00000000   Number         0  spi.o ABSOLUTE
    dc.s                                     0x00000000   Number         0  dc.o ABSOLUTE
    main.c                                   0x00000000   Number         0  main.o ABSOLUTE
    nrf24l01.c                               0x00000000   Number         0  nrf24l01.o ABSOLUTE
    system_stm32f10x.c                       0x00000000   Number         0  system_stm32f10x.o ABSOLUTE
    RESET                                    0x08000000   Section      236  startup_stm32f10x_md.o(RESET)
    !!!main                                  0x080000ec   Section        8  __main.o(!!!main)
    !!!scatter                               0x080000f4   Section       52  __scatter.o(!!!scatter)
    !!handler_copy                           0x08000128   Section       26  __scatter_copy.o(!!handler_copy)
    !!handler_zi                             0x08000144   Section       28  __scatter_zi.o(!!handler_zi)
    .ARM.Collect$$libinit$$00000000          0x08000160   Section        2  libinit.o(.ARM.Collect$$libinit$$00000000)
    .ARM.Collect$$libinit$$00000002          0x08000162   Section        0  libinit2.o(.ARM.Collect$$libinit$$00000002)
    .ARM.Collect$$libinit$$00000004          0x08000162   Section        0  libinit2.o(.ARM.Collect$$libinit$$00000004)
    .ARM.Collect$$libinit$$00000006          0x08000162   Section        0  libinit2.o(.ARM.Collect$$libinit$$00000006)
    .ARM.Collect$$libinit$$0000000C          0x08000162   Section        0  libinit2.o(.ARM.Collect$$libinit$$0000000C)
    .ARM.Collect$$libinit$$0000000E          0x08000162   Section        0  libinit2.o(.ARM.Collect$$libinit$$0000000E)
    .ARM.Collect$$libinit$$00000010          0x08000162   Section        0  libinit2.o(.ARM.Collect$$libinit$$00000010)
    .ARM.Collect$$libinit$$00000013          0x08000162   Section        0  libinit2.o(.ARM.Collect$$libinit$$00000013)
    .ARM.Collect$$libinit$$00000015          0x08000162   Section        0  libinit2.o(.ARM.Collect$$libinit$$00000015)
    .ARM.Collect$$libinit$$00000017          0x08000162   Section        0  libinit2.o(.ARM.Collect$$libinit$$00000017)
    .ARM.Collect$$libinit$$00000019          0x08000162   Section        0  libinit2.o(.ARM.Collect$$libinit$$00000019)
    .ARM.Collect$$libinit$$0000001B          0x08000162   Section        0  libinit2.o(.ARM.Collect$$libinit$$0000001B)
    .ARM.Collect$$libinit$$0000001D          0x08000162   Section        0  libinit2.o(.ARM.Collect$$libinit$$0000001D)
    .ARM.Collect$$libinit$$0000001F          0x08000162   Section        0  libinit2.o(.ARM.Collect$$libinit$$0000001F)
    .ARM.Collect$$libinit$$00000021          0x08000162   Section        0  libinit2.o(.ARM.Collect$$libinit$$00000021)
    .ARM.Collect$$libinit$$00000023          0x08000162   Section        0  libinit2.o(.ARM.Collect$$libinit$$00000023)
    .ARM.Collect$$libinit$$00000025          0x08000162   Section        0  libinit2.o(.ARM.Collect$$libinit$$00000025)
    .ARM.Collect$$libinit$$00000027          0x08000162   Section        0  libinit2.o(.ARM.Collect$$libinit$$00000027)
    .ARM.Collect$$libinit$$0000002E          0x08000162   Section        0  libinit2.o(.ARM.Collect$$libinit$$0000002E)
    .ARM.Collect$$libinit$$00000030          0x08000162   Section        0  libinit2.o(.ARM.Collect$$libinit$$00000030)
    .ARM.Collect$$libinit$$00000032          0x08000162   Section        0  libinit2.o(.ARM.Collect$$libinit$$00000032)
    .ARM.Collect$$libinit$$00000034          0x08000162   Section        0  libinit2.o(.ARM.Collect$$libinit$$00000034)
    .ARM.Collect$$libinit$$00000035          0x08000162   Section        2  libinit2.o(.ARM.Collect$$libinit$$00000035)
    .ARM.Collect$$libshutdown$$00000000      0x08000164   Section        2  libshutdown.o(.ARM.Collect$$libshutdown$$00000000)
    .ARM.Collect$$libshutdown$$00000002      0x08000166   Section        0  libshutdown2.o(.ARM.Collect$$libshutdown$$00000002)
    .ARM.Collect$$libshutdown$$00000004      0x08000166   Section        0  libshutdown2.o(.ARM.Collect$$libshutdown$$00000004)
    .ARM.Collect$$libshutdown$$00000007      0x08000166   Section        0  libshutdown2.o(.ARM.Collect$$libshutdown$$00000007)
    .ARM.Collect$$libshutdown$$0000000A      0x08000166   Section        0  libshutdown2.o(.ARM.Collect$$libshutdown$$0000000A)
    .ARM.Collect$$libshutdown$$0000000C      0x08000166   Section        0  libshutdown2.o(.ARM.Collect$$libshutdown$$0000000C)
    .ARM.Collect$$libshutdown$$0000000F      0x08000166   Section        0  libshutdown2.o(.ARM.Collect$$libshutdown$$0000000F)
    .ARM.Collect$$libshutdown$$00000010      0x08000166   Section        2  libshutdown2.o(.ARM.Collect$$libshutdown$$00000010)
    .ARM.Collect$$rtentry$$00000000          0x08000168   Section        0  __rtentry.o(.ARM.Collect$$rtentry$$00000000)
    .ARM.Collect$$rtentry$$00000002          0x08000168   Section        0  __rtentry2.o(.ARM.Collect$$rtentry$$00000002)
    .ARM.Collect$$rtentry$$00000004          0x08000168   Section        6  __rtentry4.o(.ARM.Collect$$rtentry$$00000004)
    .ARM.Collect$$rtentry$$00000009          0x0800016e   Section        0  __rtentry2.o(.ARM.Collect$$rtentry$$00000009)
    .ARM.Collect$$rtentry$$0000000A          0x0800016e   Section        4  __rtentry2.o(.ARM.Collect$$rtentry$$0000000A)
    .ARM.Collect$$rtentry$$0000000C          0x08000172   Section        0  __rtentry2.o(.ARM.Collect$$rtentry$$0000000C)
    .ARM.Collect$$rtentry$$0000000D          0x08000172   Section        8  __rtentry2.o(.ARM.Collect$$rtentry$$0000000D)
    .ARM.Collect$$rtexit$$00000000           0x0800017a   Section        2  rtexit.o(.ARM.Collect$$rtexit$$00000000)
    .ARM.Collect$$rtexit$$00000002           0x0800017c   Section        0  rtexit2.o(.ARM.Collect$$rtexit$$00000002)
    .ARM.Collect$$rtexit$$00000003           0x0800017c   Section        4  rtexit2.o(.ARM.Collect$$rtexit$$00000003)
    .ARM.Collect$$rtexit$$00000004           0x08000180   Section        6  rtexit2.o(.ARM.Collect$$rtexit$$00000004)
    .text                                    0x08000188   Section       64  startup_stm32f10x_md.o(.text)
    .text                                    0x080001c8   Section        0  heapauxi.o(.text)
    .text                                    0x080001ce   Section       74  sys_stackheap_outer.o(.text)
    .text                                    0x08000218   Section        0  exit.o(.text)
    .text                                    0x0800022c   Section        8  libspace.o(.text)
    .text                                    0x08000234   Section        0  sys_exit.o(.text)
    .text                                    0x08000240   Section        2  use_no_semi.o(.text)
    .text                                    0x08000242   Section        0  indicate_semi.o(.text)
    [Anonymous Symbol]                       0x08000244   Section        0  dio_program.o(.text.MGPIO_voidSetPinDirection)
    [Anonymous Symbol]                       0x0800041c   Section        0  dio_program.o(.text.MGPIO_voidSetPinValue)
    [Anonymous Symbol]                       0x08000528   Section        0  dio_program.o(.text.MGPIO_voidTogglePin)
    [Anonymous Symbol]                       0x080005a0   Section        0  rcc_program.o(.text.MRCC_u8CheckClockReady)
    [Anonymous Symbol]                       0x0800060c   Section        0  rcc_program.o(.text.MRCC_voidClkDisable)
    [Anonymous Symbol]                       0x08000668   Section        0  rcc_program.o(.text.MRCC_voidClkEnable)
    [Anonymous Symbol]                       0x080006c4   Section        0  rcc_program.o(.text.MRCC_voidInit)
    [Anonymous Symbol]                       0x08000700   Section        0  rcc_program.o(.text.MRCC_voidPerClock_State)
    [Anonymous Symbol]                       0x08000810   Section        0  rcc_program.o(.text.MRCC_voidSetBusesPrescaler)
    [Anonymous Symbol]                       0x08000858   Section        0  rcc_program.o(.text.MRCC_voidSetClkSource)
    [Anonymous Symbol]                       0x080008cc   Section        0  nrf24l01.o(.text.NRF24L01_checkReceiverBuffer)
    [Anonymous Symbol]                       0x08000950   Section        0  nrf24l01.o(.text.NRF24L01_flushReceiverBuffer)
    [Anonymous Symbol]                       0x0800095c   Section        0  nrf24l01.o(.text.NRF24L01_init)
    [Anonymous Symbol]                       0x08000a08   Section        0  nrf24l01.o(.text.NRF24L01_readData)
    NRF24L01_readRegister                    0x08000a69   Thumb Code    78  nrf24l01.o(.text.NRF24L01_readRegister)
    [Anonymous Symbol]                       0x08000a68   Section        0  nrf24l01.o(.text.NRF24L01_readRegister)
    [Anonymous Symbol]                       0x08000ab8   Section        0  nrf24l01.o(.text.NRF24L01_reset)
    NRF24L01_sendCommand                     0x08000b65   Thumb Code    52  nrf24l01.o(.text.NRF24L01_sendCommand)
    [Anonymous Symbol]                       0x08000b64   Section        0  nrf24l01.o(.text.NRF24L01_sendCommand)
    [Anonymous Symbol]                       0x08000b98   Section        0  nrf24l01.o(.text.NRF24L01_switchToReceiverMode)
    NRF24L01_writeRegister                   0x08000ce5   Thumb Code    84  nrf24l01.o(.text.NRF24L01_writeRegister)
    [Anonymous Symbol]                       0x08000ce4   Section        0  nrf24l01.o(.text.NRF24L01_writeRegister)
    NRF24L01_writeRegisterMulti              0x08000d39   Thumb Code    92  nrf24l01.o(.text.NRF24L01_writeRegisterMulti)
    [Anonymous Symbol]                       0x08000d38   Section        0  nrf24l01.o(.text.NRF24L01_writeRegisterMulti)
    [Anonymous Symbol]                       0x08000d94   Section        0  spi.o(.text.SPI1_IRQHandler)
    [Anonymous Symbol]                       0x08000dc0   Section        0  spi.o(.text.SPI_enu_SendRecieveStreamSynch)
    [Anonymous Symbol]                       0x08000e04   Section        0  spi.o(.text.SPI_voidInit)
    [Anonymous Symbol]                       0x08000e60   Section        0  spi.o(.text.SPI_voidSendReceieveCharSynch)
    SetSysClock                              0x08000eb5   Thumb Code     8  system_stm32f10x.o(.text.SetSysClock)
    [Anonymous Symbol]                       0x08000eb4   Section        0  system_stm32f10x.o(.text.SetSysClock)
    SetSysClockTo72                          0x08000ebd   Thumb Code   290  system_stm32f10x.o(.text.SetSysClockTo72)
    [Anonymous Symbol]                       0x08000ebc   Section        0  system_stm32f10x.o(.text.SetSysClockTo72)
    [Anonymous Symbol]                       0x08000fe0   Section        0  system_stm32f10x.o(.text.SystemInit)
    [Anonymous Symbol]                       0x08001048   Section        0  main.o(.text.main)
    truncate_queue                           0x080010c5   Thumb Code   120  spi.o(.text.truncate_queue)
    [Anonymous Symbol]                       0x080010c4   Section        0  spi.o(.text.truncate_queue)
    G_receiverPipe0Address                   0x20000000   Data           5  nrf24l01.o(.data.G_receiverPipe0Address)
    [Anonymous Symbol]                       0x20000000   Section        0  nrf24l01.o(.data.G_receiverPipe0Address)
    G_receiverPipe1Address                   0x20000005   Data           5  nrf24l01.o(.data.G_receiverPipe1Address)
    [Anonymous Symbol]                       0x20000005   Section        0  nrf24l01.o(.data.G_receiverPipe1Address)
    G_receiverPipe2Address                   0x2000000a   Data           5  nrf24l01.o(.data.G_receiverPipe2Address)
    [Anonymous Symbol]                       0x2000000a   Section        0  nrf24l01.o(.data.G_receiverPipe2Address)
    G_receiverPipe3Address                   0x2000000f   Data           5  nrf24l01.o(.data.G_receiverPipe3Address)
    [Anonymous Symbol]                       0x2000000f   Section        0  nrf24l01.o(.data.G_receiverPipe3Address)
    G_receiverPipe4Address                   0x20000014   Data           5  nrf24l01.o(.data.G_receiverPipe4Address)
    [Anonymous Symbol]                       0x20000014   Section        0  nrf24l01.o(.data.G_receiverPipe4Address)
    G_receiverPipe5Address                   0x20000019   Data           5  nrf24l01.o(.data.G_receiverPipe5Address)
    [Anonymous Symbol]                       0x20000019   Section        0  nrf24l01.o(.data.G_receiverPipe5Address)
    .bss                                     0x200000e8   Section       96  libspace.o(.bss)
    G_dummyArray                             0x20000148   Data          32  nrf24l01.o(.bss.G_dummyArray)
    [Anonymous Symbol]                       0x20000148   Section        0  nrf24l01.o(.bss.G_dummyArray)
    G_statusRegister                         0x20000168   Data           1  nrf24l01.o(.bss.G_statusRegister)
    [Anonymous Symbol]                       0x20000168   Section        0  nrf24l01.o(.bss.G_statusRegister)
    Heap_Mem                                 0x20000170   Data         512  startup_stm32f10x_md.o(HEAP)
    HEAP                                     0x20000170   Section      512  startup_stm32f10x_md.o(HEAP)
    Stack_Mem                                0x20000370   Data        1024  startup_stm32f10x_md.o(STACK)
    STACK                                    0x20000370   Section     1024  startup_stm32f10x_md.o(STACK)
    __initial_sp                             0x20000770   Data           0  startup_stm32f10x_md.o(STACK)

    Global Symbols

    Symbol Name                              Value     Ov Type        Size  Object(Section)

    BuildAttributes$$THM_ISAv4$P$D$K$B$S$PE$A:L22UL41UL21$X:L11$S22US41US21$IEEE1$IW$~IW$USESV6$~STKCKD$USESV7$~SHL$OSPACE$ROPI$EBA8$UX$STANDARDLIB$REQ8$PRES8$EABIv2 0x00000000   Number         0  anon$$obj.o ABSOLUTE
    __fp_init_empty                          0x00000000   Number         0  fpinit_empty.o ABSOLUTE
    __ARM_exceptions_init                     - Undefined Weak Reference
    __alloca_initialize                       - Undefined Weak Reference
    __arm_preinit_                            - Undefined Weak Reference
    __arm_relocate_pie_                       - Undefined Weak Reference
    __cpp_initialize__aeabi_                  - Undefined Weak Reference
    __cxa_finalize                            - Undefined Weak Reference
    __rt_locale                               - Undefined Weak Reference
    __sigvec_lookup                           - Undefined Weak Reference
    _atexit_init                              - Undefined Weak Reference
    _call_atexit_fns                          - Undefined Weak Reference
    _clock_init                               - Undefined Weak Reference
    _fp_trap_init                             - Undefined Weak Reference
    _fp_trap_shutdown                         - Undefined Weak Reference
    _get_lc_collate                           - Undefined Weak Reference
    _get_lc_ctype                             - Undefined Weak Reference
    _get_lc_monetary                          - Undefined Weak Reference
    _get_lc_numeric                           - Undefined Weak Reference
    _get_lc_time                              - Undefined Weak Reference
    _getenv_init                              - Undefined Weak Reference
    _handle_redirection                       - Undefined Weak Reference
    _init_alloc                               - Undefined Weak Reference
    _init_user_alloc                          - Undefined Weak Reference
    _initio                                   - Undefined Weak Reference
    _rand_init                                - Undefined Weak Reference
    _signal_finish                            - Undefined Weak Reference
    _signal_init                              - Undefined Weak Reference
    _terminate_alloc                          - Undefined Weak Reference
    _terminate_user_alloc                     - Undefined Weak Reference
    _terminateio                              - Undefined Weak Reference
    __Vectors_Size                           0x000000ec   Number         0  startup_stm32f10x_md.o ABSOLUTE
    __Vectors                                0x08000000   Data           4  startup_stm32f10x_md.o(RESET)
    __Vectors_End                            0x080000ec   Data           0  startup_stm32f10x_md.o(RESET)
    __main                                   0x080000ed   Thumb Code     8  __main.o(!!!main)
    __scatterload                            0x080000f5   Thumb Code     0  __scatter.o(!!!scatter)
    __scatterload_rt2                        0x080000f5   Thumb Code    44  __scatter.o(!!!scatter)
    __scatterload_rt2_thumb_only             0x080000f5   Thumb Code     0  __scatter.o(!!!scatter)
    __scatterload_null                       0x08000103   Thumb Code     0  __scatter.o(!!!scatter)
    __scatterload_copy                       0x08000129   Thumb Code    26  __scatter_copy.o(!!handler_copy)
    __scatterload_zeroinit                   0x08000145   Thumb Code    28  __scatter_zi.o(!!handler_zi)
    __rt_lib_init                            0x08000161   Thumb Code     0  libinit.o(.ARM.Collect$$libinit$$00000000)
    __rt_lib_init_alloca_1                   0x08000163   Thumb Code     0  libinit2.o(.ARM.Collect$$libinit$$00000030)
    __rt_lib_init_argv_1                     0x08000163   Thumb Code     0  libinit2.o(.ARM.Collect$$libinit$$0000002E)
    __rt_lib_init_atexit_1                   0x08000163   Thumb Code     0  libinit2.o(.ARM.Collect$$libinit$$0000001D)
    __rt_lib_init_clock_1                    0x08000163   Thumb Code     0  libinit2.o(.ARM.Collect$$libinit$$00000023)
    __rt_lib_init_cpp_1                      0x08000163   Thumb Code     0  libinit2.o(.ARM.Collect$$libinit$$00000034)
    __rt_lib_init_exceptions_1               0x08000163   Thumb Code     0  libinit2.o(.ARM.Collect$$libinit$$00000032)
    __rt_lib_init_fp_1                       0x08000163   Thumb Code     0  libinit2.o(.ARM.Collect$$libinit$$00000002)
    __rt_lib_init_fp_trap_1                  0x08000163   Thumb Code     0  libinit2.o(.ARM.Collect$$libinit$$00000021)
    __rt_lib_init_getenv_1                   0x08000163   Thumb Code     0  libinit2.o(.ARM.Collect$$libinit$$00000025)
    __rt_lib_init_heap_1                     0x08000163   Thumb Code     0  libinit2.o(.ARM.Collect$$libinit$$0000000C)
    __rt_lib_init_lc_collate_1               0x08000163   Thumb Code     0  libinit2.o(.ARM.Collect$$libinit$$00000013)
    __rt_lib_init_lc_ctype_1                 0x08000163   Thumb Code     0  libinit2.o(.ARM.Collect$$libinit$$00000015)
    __rt_lib_init_lc_monetary_1              0x08000163   Thumb Code     0  libinit2.o(.ARM.Collect$$libinit$$00000017)
    __rt_lib_init_lc_numeric_1               0x08000163   Thumb Code     0  libinit2.o(.ARM.Collect$$libinit$$00000019)
    __rt_lib_init_lc_time_1                  0x08000163   Thumb Code     0  libinit2.o(.ARM.Collect$$libinit$$0000001B)
    __rt_lib_init_preinit_1                  0x08000163   Thumb Code     0  libinit2.o(.ARM.Collect$$libinit$$00000006)
    __rt_lib_init_rand_1                     0x08000163   Thumb Code     0  libinit2.o(.ARM.Collect$$libinit$$00000010)
    __rt_lib_init_relocate_pie_1             0x08000163   Thumb Code     0  libinit2.o(.ARM.Collect$$libinit$$00000004)
    __rt_lib_init_return                     0x08000163   Thumb Code     0  libinit2.o(.ARM.Collect$$libinit$$00000035)
    __rt_lib_init_signal_1                   0x08000163   Thumb Code     0  libinit2.o(.ARM.Collect$$libinit$$0000001F)
    __rt_lib_init_stdio_1                    0x08000163   Thumb Code     0  libinit2.o(.ARM.Collect$$libinit$$00000027)
    __rt_lib_init_user_alloc_1               0x08000163   Thumb Code     0  libinit2.o(.ARM.Collect$$libinit$$0000000E)
    __rt_lib_shutdown                        0x08000165   Thumb Code     0  libshutdown.o(.ARM.Collect$$libshutdown$$00000000)
    __rt_lib_shutdown_cpp_1                  0x08000167   Thumb Code     0  libshutdown2.o(.ARM.Collect$$libshutdown$$00000002)
    __rt_lib_shutdown_fp_trap_1              0x08000167   Thumb Code     0  libshutdown2.o(.ARM.Collect$$libshutdown$$00000007)
    __rt_lib_shutdown_heap_1                 0x08000167   Thumb Code     0  libshutdown2.o(.ARM.Collect$$libshutdown$$0000000F)
    __rt_lib_shutdown_return                 0x08000167   Thumb Code     0  libshutdown2.o(.ARM.Collect$$libshutdown$$00000010)
    __rt_lib_shutdown_signal_1               0x08000167   Thumb Code     0  libshutdown2.o(.ARM.Collect$$libshutdown$$0000000A)
    __rt_lib_shutdown_stdio_1                0x08000167   Thumb Code     0  libshutdown2.o(.ARM.Collect$$libshutdown$$00000004)
    __rt_lib_shutdown_user_alloc_1           0x08000167   Thumb Code     0  libshutdown2.o(.ARM.Collect$$libshutdown$$0000000C)
    __rt_entry                               0x08000169   Thumb Code     0  __rtentry.o(.ARM.Collect$$rtentry$$00000000)
    __rt_entry_presh_1                       0x08000169   Thumb Code     0  __rtentry2.o(.ARM.Collect$$rtentry$$00000002)
    __rt_entry_sh                            0x08000169   Thumb Code     0  __rtentry4.o(.ARM.Collect$$rtentry$$00000004)
    __rt_entry_li                            0x0800016f   Thumb Code     0  __rtentry2.o(.ARM.Collect$$rtentry$$0000000A)
    __rt_entry_postsh_1                      0x0800016f   Thumb Code     0  __rtentry2.o(.ARM.Collect$$rtentry$$00000009)
    __rt_entry_main                          0x08000173   Thumb Code     0  __rtentry2.o(.ARM.Collect$$rtentry$$0000000D)
    __rt_entry_postli_1                      0x08000173   Thumb Code     0  __rtentry2.o(.ARM.Collect$$rtentry$$0000000C)
    __rt_exit                                0x0800017b   Thumb Code     0  rtexit.o(.ARM.Collect$$rtexit$$00000000)
    __rt_exit_ls                             0x0800017d   Thumb Code     0  rtexit2.o(.ARM.Collect$$rtexit$$00000003)
    __rt_exit_prels_1                        0x0800017d   Thumb Code     0  rtexit2.o(.ARM.Collect$$rtexit$$00000002)
    __rt_exit_exit                           0x08000181   Thumb Code     0  rtexit2.o(.ARM.Collect$$rtexit$$00000004)
    Reset_Handler                            0x08000189   Thumb Code     8  startup_stm32f10x_md.o(.text)
    NMI_Handler                              0x08000191   Thumb Code     2  startup_stm32f10x_md.o(.text)
    HardFault_Handler                        0x08000193   Thumb Code     2  startup_stm32f10x_md.o(.text)
    MemManage_Handler                        0x08000195   Thumb Code     2  startup_stm32f10x_md.o(.text)
    BusFault_Handler                         0x08000197   Thumb Code     2  startup_stm32f10x_md.o(.text)
    UsageFault_Handler                       0x08000199   Thumb Code     2  startup_stm32f10x_md.o(.text)
    SVC_Handler                              0x0800019b   Thumb Code     2  startup_stm32f10x_md.o(.text)
    DebugMon_Handler                         0x0800019d   Thumb Code     2  startup_stm32f10x_md.o(.text)
    PendSV_Handler                           0x0800019f   Thumb Code     2  startup_stm32f10x_md.o(.text)
    SysTick_Handler                          0x080001a1   Thumb Code     2  startup_stm32f10x_md.o(.text)
    ADC1_2_IRQHandler                        0x080001a3   Thumb Code     0  startup_stm32f10x_md.o(.text)
    CAN1_RX1_IRQHandler                      0x080001a3   Thumb Code     0  startup_stm32f10x_md.o(.text)
    CAN1_SCE_IRQHandler                      0x080001a3   Thumb Code     0  startup_stm32f10x_md.o(.text)
    DMA1_Channel1_IRQHandler                 0x080001a3   Thumb Code     0  startup_stm32f10x_md.o(.text)
    DMA1_Channel2_IRQHandler                 0x080001a3   Thumb Code     0  startup_stm32f10x_md.o(.text)
    DMA1_Channel3_IRQHandler                 0x080001a3   Thumb Code     0  startup_stm32f10x_md.o(.text)
    DMA1_Channel4_IRQHandler                 0x080001a3   Thumb Code     0  startup_stm32f10x_md.o(.text)
    DMA1_Channel5_IRQHandler                 0x080001a3   Thumb Code     0  startup_stm32f10x_md.o(.text)
    DMA1_Channel6_IRQHandler                 0x080001a3   Thumb Code     0  startup_stm32f10x_md.o(.text)
    DMA1_Channel7_IRQHandler                 0x080001a3   Thumb Code     0  startup_stm32f10x_md.o(.text)
    EXTI0_IRQHandler                         0x080001a3   Thumb Code     0  startup_stm32f10x_md.o(.text)
    EXTI15_10_IRQHandler                     0x080001a3   Thumb Code     0  startup_stm32f10x_md.o(.text)
    EXTI1_IRQHandler                         0x080001a3   Thumb Code     0  startup_stm32f10x_md.o(.text)
    EXTI2_IRQHandler                         0x080001a3   Thumb Code     0  startup_stm32f10x_md.o(.text)
    EXTI3_IRQHandler                         0x080001a3   Thumb Code     0  startup_stm32f10x_md.o(.text)
    EXTI4_IRQHandler                         0x080001a3   Thumb Code     0  startup_stm32f10x_md.o(.text)
    EXTI9_5_IRQHandler                       0x080001a3   Thumb Code     0  startup_stm32f10x_md.o(.text)
    FLASH_IRQHandler                         0x080001a3   Thumb Code     0  startup_stm32f10x_md.o(.text)
    I2C1_ER_IRQHandler                       0x080001a3   Thumb Code     0  startup_stm32f10x_md.o(.text)
    I2C1_EV_IRQHandler                       0x080001a3   Thumb Code     0  startup_stm32f10x_md.o(.text)
    I2C2_ER_IRQHandler                       0x080001a3   Thumb Code     0  startup_stm32f10x_md.o(.text)
    I2C2_EV_IRQHandler                       0x080001a3   Thumb Code     0  startup_stm32f10x_md.o(.text)
    PVD_IRQHandler                           0x080001a3   Thumb Code     0  startup_stm32f10x_md.o(.text)
    RCC_IRQHandler                           0x080001a3   Thumb Code     0  startup_stm32f10x_md.o(.text)
    RTCAlarm_IRQHandler                      0x080001a3   Thumb Code     0  startup_stm32f10x_md.o(.text)
    RTC_IRQHandler                           0x080001a3   Thumb Code     0  startup_stm32f10x_md.o(.text)
    SPI2_IRQHandler                          0x080001a3   Thumb Code     0  startup_stm32f10x_md.o(.text)
    TAMPER_IRQHandler                        0x080001a3   Thumb Code     0  startup_stm32f10x_md.o(.text)
    TIM1_BRK_IRQHandler                      0x080001a3   Thumb Code     0  startup_stm32f10x_md.o(.text)
    TIM1_CC_IRQHandler                       0x080001a3   Thumb Code     0  startup_stm32f10x_md.o(.text)
    TIM1_TRG_COM_IRQHandler                  0x080001a3   Thumb Code     0  startup_stm32f10x_md.o(.text)
    TIM1_UP_IRQHandler                       0x080001a3   Thumb Code     0  startup_stm32f10x_md.o(.text)
    TIM2_IRQHandler                          0x080001a3   Thumb Code     0  startup_stm32f10x_md.o(.text)
    TIM3_IRQHandler                          0x080001a3   Thumb Code     0  startup_stm32f10x_md.o(.text)
    TIM4_IRQHandler                          0x080001a3   Thumb Code     0  startup_stm32f10x_md.o(.text)
    USART1_IRQHandler                        0x080001a3   Thumb Code     0  startup_stm32f10x_md.o(.text)
    USART2_IRQHandler                        0x080001a3   Thumb Code     0  startup_stm32f10x_md.o(.text)
    USART3_IRQHandler                        0x080001a3   Thumb Code     0  startup_stm32f10x_md.o(.text)
    USBWakeUp_IRQHandler                     0x080001a3   Thumb Code     0  startup_stm32f10x_md.o(.text)
    USB_HP_CAN1_TX_IRQHandler                0x080001a3   Thumb Code     0  startup_stm32f10x_md.o(.text)
    USB_LP_CAN1_RX0_IRQHandler               0x080001a3   Thumb Code     0  startup_stm32f10x_md.o(.text)
    WWDG_IRQHandler                          0x080001a3   Thumb Code     0  startup_stm32f10x_md.o(.text)
    __user_initial_stackheap                 0x080001a5   Thumb Code     0  startup_stm32f10x_md.o(.text)
    __use_two_region_memory                  0x080001c9   Thumb Code     2  heapauxi.o(.text)
    __rt_heap_escrow$2region                 0x080001cb   Thumb Code     2  heapauxi.o(.text)
    __rt_heap_expand$2region                 0x080001cd   Thumb Code     2  heapauxi.o(.text)
    __user_setup_stackheap                   0x080001cf   Thumb Code    74  sys_stackheap_outer.o(.text)
    exit                                     0x08000219   Thumb Code    18  exit.o(.text)
    __user_libspace                          0x0800022d   Thumb Code     8  libspace.o(.text)
    __user_perproc_libspace                  0x0800022d   Thumb Code     0  libspace.o(.text)
    __user_perthread_libspace                0x0800022d   Thumb Code     0  libspace.o(.text)
    _sys_exit                                0x08000235   Thumb Code     8  sys_exit.o(.text)
    __I$use$semihosting                      0x08000241   Thumb Code     0  use_no_semi.o(.text)
    __use_no_semihosting_swi                 0x08000241   Thumb Code     2  use_no_semi.o(.text)
    __semihosting_library_function           0x08000243   Thumb Code     0  indicate_semi.o(.text)
    MGPIO_voidSetPinDirection                0x08000245   Thumb Code   472  dio_program.o(.text.MGPIO_voidSetPinDirection)
    MGPIO_voidSetPinValue                    0x0800041d   Thumb Code   268  dio_program.o(.text.MGPIO_voidSetPinValue)
    MGPIO_voidTogglePin                      0x08000529   Thumb Code   120  dio_program.o(.text.MGPIO_voidTogglePin)
    MRCC_u8CheckClockReady                   0x080005a1   Thumb Code   108  rcc_program.o(.text.MRCC_u8CheckClockReady)
    MRCC_voidClkDisable                      0x0800060d   Thumb Code    92  rcc_program.o(.text.MRCC_voidClkDisable)
    MRCC_voidClkEnable                       0x08000669   Thumb Code    92  rcc_program.o(.text.MRCC_voidClkEnable)
    MRCC_voidInit                            0x080006c5   Thumb Code    58  rcc_program.o(.text.MRCC_voidInit)
    MRCC_voidPerClock_State                  0x08000701   Thumb Code   270  rcc_program.o(.text.MRCC_voidPerClock_State)
    MRCC_voidSetBusesPrescaler               0x08000811   Thumb Code    72  rcc_program.o(.text.MRCC_voidSetBusesPrescaler)
    MRCC_voidSetClkSource                    0x08000859   Thumb Code   116  rcc_program.o(.text.MRCC_voidSetClkSource)
    NRF24L01_checkReceiverBuffer             0x080008cd   Thumb Code   130  nrf24l01.o(.text.NRF24L01_checkReceiverBuffer)
    NRF24L01_flushReceiverBuffer             0x08000951   Thumb Code    10  nrf24l01.o(.text.NRF24L01_flushReceiverBuffer)
    NRF24L01_init                            0x0800095d   Thumb Code   170  nrf24l01.o(.text.NRF24L01_init)
    NRF24L01_readData                        0x08000a09   Thumb Code    96  nrf24l01.o(.text.NRF24L01_readData)
    NRF24L01_reset                           0x08000ab9   Thumb Code   172  nrf24l01.o(.text.NRF24L01_reset)
    NRF24L01_switchToReceiverMode            0x08000b99   Thumb Code   330  nrf24l01.o(.text.NRF24L01_switchToReceiverMode)
    SPI1_IRQHandler                          0x08000d95   Thumb Code    44  spi.o(.text.SPI1_IRQHandler)
    SPI_enu_SendRecieveStreamSynch           0x08000dc1   Thumb Code    66  spi.o(.text.SPI_enu_SendRecieveStreamSynch)
    SPI_voidInit                             0x08000e05   Thumb Code    92  spi.o(.text.SPI_voidInit)
    SPI_voidSendReceieveCharSynch            0x08000e61   Thumb Code    84  spi.o(.text.SPI_voidSendReceieveCharSynch)
    SystemInit                               0x08000fe1   Thumb Code   102  system_stm32f10x.o(.text.SystemInit)
    main                                     0x08001049   Thumb Code   124  main.o(.text.main)
    Region$$Table$$Base                      0x0800113c   Number         0  anon$$obj.o(Region$$Table)
    Region$$Table$$Limit                     0x0800115c   Number         0  anon$$obj.o(Region$$Table)
    gl_SPI_data_queue                        0x2000001e   Data         202  spi.o(.data.gl_SPI_data_queue)
    __libspace_start                         0x200000e8   Data          96  libspace.o(.bss)
    __temporary_stack_top$libspace           0x20000148   Data           0  libspace.o(.bss)
    data                                     0x20000169   Data           3  main.o(.bss.data)
    gl_ptr_Function                          0x2000016c   Data           4  spi.o(.bss.gl_ptr_Function)



==============================================================================

Memory Map of the image

  Image Entry point : 0x08000189

  Load Region LR_1 (Base: 0x08000000, Size: 0x00001244, Max: 0xffffffff, ABSOLUTE)

    Execution Region ER_RO (Exec base: 0x08000000, Load base: 0x08000000, Size: 0x0000115c, Max: 0xffffffff, ABSOLUTE)

    Exec Addr    Load Addr    Size         Type   Attr      Idx    E Section Name        Object

    0x08000000   0x08000000   0x000000ec   Data   RO          142    RESET               startup_stm32f10x_md.o
    0x080000ec   0x080000ec   0x00000008   Code   RO          170  * !!!main             c_w.l(__main.o)
    0x080000f4   0x080000f4   0x00000034   Code   RO          335    !!!scatter          c_w.l(__scatter.o)
    0x08000128   0x08000128   0x0000001a   Code   RO          337    !!handler_copy      c_w.l(__scatter_copy.o)
    0x08000142   0x08000142   0x00000002   PAD
    0x08000144   0x08000144   0x0000001c   Code   RO          339    !!handler_zi        c_w.l(__scatter_zi.o)
    0x08000160   0x08000160   0x00000002   Code   RO          197    .ARM.Collect$$libinit$$00000000  c_w.l(libinit.o)
    0x08000162   0x08000162   0x00000000   Code   RO          204    .ARM.Collect$$libinit$$00000002  c_w.l(libinit2.o)
    0x08000162   0x08000162   0x00000000   Code   RO          206    .ARM.Collect$$libinit$$00000004  c_w.l(libinit2.o)
    0x08000162   0x08000162   0x00000000   Code   RO          208    .ARM.Collect$$libinit$$00000006  c_w.l(libinit2.o)
    0x08000162   0x08000162   0x00000000   Code   RO          211    .ARM.Collect$$libinit$$0000000C  c_w.l(libinit2.o)
    0x08000162   0x08000162   0x00000000   Code   RO          213    .ARM.Collect$$libinit$$0000000E  c_w.l(libinit2.o)
    0x08000162   0x08000162   0x00000000   Code   RO          215    .ARM.Collect$$libinit$$00000010  c_w.l(libinit2.o)
    0x08000162   0x08000162   0x00000000   Code   RO          218    .ARM.Collect$$libinit$$00000013  c_w.l(libinit2.o)
    0x08000162   0x08000162   0x00000000   Code   RO          220    .ARM.Collect$$libinit$$00000015  c_w.l(libinit2.o)
    0x08000162   0x08000162   0x00000000   Code   RO          222    .ARM.Collect$$libinit$$00000017  c_w.l(libinit2.o)
    0x08000162   0x08000162   0x00000000   Code   RO          224    .ARM.Collect$$libinit$$00000019  c_w.l(libinit2.o)
    0x08000162   0x08000162   0x00000000   Code   RO          226    .ARM.Collect$$libinit$$0000001B  c_w.l(libinit2.o)
    0x08000162   0x08000162   0x00000000   Code   RO          228    .ARM.Collect$$libinit$$0000001D  c_w.l(libinit2.o)
    0x08000162   0x08000162   0x00000000   Code   RO          230    .ARM.Collect$$libinit$$0000001F  c_w.l(libinit2.o)
    0x08000162   0x08000162   0x00000000   Code   RO          232    .ARM.Collect$$libinit$$00000021  c_w.l(libinit2.o)
    0x08000162   0x08000162   0x00000000   Code   RO          234    .ARM.Collect$$libinit$$00000023  c_w.l(libinit2.o)
    0x08000162   0x08000162   0x00000000   Code   RO          236    .ARM.Collect$$libinit$$00000025  c_w.l(libinit2.o)
    0x08000162   0x08000162   0x00000000   Code   RO          238    .ARM.Collect$$libinit$$00000027  c_w.l(libinit2.o)
    0x08000162   0x08000162   0x00000000   Code   RO          242    .ARM.Collect$$libinit$$0000002E  c_w.l(libinit2.o)
    0x08000162   0x08000162   0x00000000   Code   RO          244    .ARM.Collect$$libinit$$00000030  c_w.l(libinit2.o)
    0x08000162   0x08000162   0x00000000   Code   RO          246    .ARM.Collect$$libinit$$00000032  c_w.l(libinit2.o)
    0x08000162   0x08000162   0x00000000   Code   RO          248    .ARM.Collect$$libinit$$00000034  c_w.l(libinit2.o)
    0x08000162   0x08000162   0x00000002   Code   RO          249    .ARM.Collect$$libinit$$00000035  c_w.l(libinit2.o)
    0x08000164   0x08000164   0x00000002   Code   RO          271    .ARM.Collect$$libshutdown$$00000000  c_w.l(libshutdown.o)
    0x08000166   0x08000166   0x00000000   Code   RO          286    .ARM.Collect$$libshutdown$$00000002  c_w.l(libshutdown2.o)
    0x08000166   0x08000166   0x00000000   Code   RO          288    .ARM.Collect$$libshutdown$$00000004  c_w.l(libshutdown2.o)
    0x08000166   0x08000166   0x00000000   Code   RO          291    .ARM.Collect$$libshutdown$$00000007  c_w.l(libshutdown2.o)
    0x08000166   0x08000166   0x00000000   Code   RO          294    .ARM.Collect$$libshutdown$$0000000A  c_w.l(libshutdown2.o)
    0x08000166   0x08000166   0x00000000   Code   RO          296    .ARM.Collect$$libshutdown$$0000000C  c_w.l(libshutdown2.o)
    0x08000166   0x08000166   0x00000000   Code   RO          299    .ARM.Collect$$libshutdown$$0000000F  c_w.l(libshutdown2.o)
    0x08000166   0x08000166   0x00000002   Code   RO          300    .ARM.Collect$$libshutdown$$00000010  c_w.l(libshutdown2.o)
    0x08000168   0x08000168   0x00000000   Code   RO          172    .ARM.Collect$$rtentry$$00000000  c_w.l(__rtentry.o)
    0x08000168   0x08000168   0x00000000   Code   RO          174    .ARM.Collect$$rtentry$$00000002  c_w.l(__rtentry2.o)
    0x08000168   0x08000168   0x00000006   Code   RO          186    .ARM.Collect$$rtentry$$00000004  c_w.l(__rtentry4.o)
    0x0800016e   0x0800016e   0x00000000   Code   RO          176    .ARM.Collect$$rtentry$$00000009  c_w.l(__rtentry2.o)
    0x0800016e   0x0800016e   0x00000004   Code   RO          177    .ARM.Collect$$rtentry$$0000000A  c_w.l(__rtentry2.o)
    0x08000172   0x08000172   0x00000000   Code   RO          179    .ARM.Collect$$rtentry$$0000000C  c_w.l(__rtentry2.o)
    0x08000172   0x08000172   0x00000008   Code   RO          180    .ARM.Collect$$rtentry$$0000000D  c_w.l(__rtentry2.o)
    0x0800017a   0x0800017a   0x00000002   Code   RO          201    .ARM.Collect$$rtexit$$00000000  c_w.l(rtexit.o)
    0x0800017c   0x0800017c   0x00000000   Code   RO          251    .ARM.Collect$$rtexit$$00000002  c_w.l(rtexit2.o)
    0x0800017c   0x0800017c   0x00000004   Code   RO          252    .ARM.Collect$$rtexit$$00000003  c_w.l(rtexit2.o)
    0x08000180   0x08000180   0x00000006   Code   RO          253    .ARM.Collect$$rtexit$$00000004  c_w.l(rtexit2.o)
    0x08000186   0x08000186   0x00000002   PAD
    0x08000188   0x08000188   0x00000040   Code   RO          143  * .text               startup_stm32f10x_md.o
    0x080001c8   0x080001c8   0x00000006   Code   RO          168    .text               c_w.l(heapauxi.o)
    0x080001ce   0x080001ce   0x0000004a   Code   RO          188    .text               c_w.l(sys_stackheap_outer.o)
    0x08000218   0x08000218   0x00000012   Code   RO          190    .text               c_w.l(exit.o)
    0x0800022a   0x0800022a   0x00000002   PAD
    0x0800022c   0x0800022c   0x00000008   Code   RO          198    .text               c_w.l(libspace.o)
    0x08000234   0x08000234   0x0000000c   Code   RO          261    .text               c_w.l(sys_exit.o)
    0x08000240   0x08000240   0x00000002   Code   RO          276    .text               c_w.l(use_no_semi.o)
    0x08000242   0x08000242   0x00000000   Code   RO          278    .text               c_w.l(indicate_semi.o)
    0x08000242   0x08000242   0x00000002   PAD
    0x08000244   0x08000244   0x000001d8   Code   RO           68    .text.MGPIO_voidSetPinDirection  dio_program.o
    0x0800041c   0x0800041c   0x0000010c   Code   RO           70    .text.MGPIO_voidSetPinValue  dio_program.o
    0x08000528   0x08000528   0x00000078   Code   RO           72    .text.MGPIO_voidTogglePin  dio_program.o
    0x080005a0   0x080005a0   0x0000006c   Code   RO           16    .text.MRCC_u8CheckClockReady  rcc_program.o
    0x0800060c   0x0800060c   0x0000005c   Code   RO           22    .text.MRCC_voidClkDisable  rcc_program.o
    0x08000668   0x08000668   0x0000005c   Code   RO           14    .text.MRCC_voidClkEnable  rcc_program.o
    0x080006c4   0x080006c4   0x0000003a   Code   RO           12    .text.MRCC_voidInit  rcc_program.o
    0x080006fe   0x080006fe   0x00000002   PAD
    0x08000700   0x08000700   0x0000010e   Code   RO           24    .text.MRCC_voidPerClock_State  rcc_program.o
    0x0800080e   0x0800080e   0x00000002   PAD
    0x08000810   0x08000810   0x00000048   Code   RO           18    .text.MRCC_voidSetBusesPrescaler  rcc_program.o
    0x08000858   0x08000858   0x00000074   Code   RO           20    .text.MRCC_voidSetClkSource  rcc_program.o
    0x080008cc   0x080008cc   0x00000082   Code   RO          113    .text.NRF24L01_checkReceiverBuffer  nrf24l01.o
    0x0800094e   0x0800094e   0x00000002   PAD
    0x08000950   0x08000950   0x0000000a   Code   RO          123    .text.NRF24L01_flushReceiverBuffer  nrf24l01.o
    0x0800095a   0x0800095a   0x00000002   PAD
    0x0800095c   0x0800095c   0x000000aa   Code   RO           97    .text.NRF24L01_init  nrf24l01.o
    0x08000a06   0x08000a06   0x00000002   PAD
    0x08000a08   0x08000a08   0x00000060   Code   RO          117    .text.NRF24L01_readData  nrf24l01.o
    0x08000a68   0x08000a68   0x0000004e   Code   RO          107    .text.NRF24L01_readRegister  nrf24l01.o
    0x08000ab6   0x08000ab6   0x00000002   PAD
    0x08000ab8   0x08000ab8   0x000000ac   Code   RO           99    .text.NRF24L01_reset  nrf24l01.o
    0x08000b64   0x08000b64   0x00000034   Code   RO          121    .text.NRF24L01_sendCommand  nrf24l01.o
    0x08000b98   0x08000b98   0x0000014a   Code   RO          109    .text.NRF24L01_switchToReceiverMode  nrf24l01.o
    0x08000ce2   0x08000ce2   0x00000002   PAD
    0x08000ce4   0x08000ce4   0x00000054   Code   RO          101    .text.NRF24L01_writeRegister  nrf24l01.o
    0x08000d38   0x08000d38   0x0000005c   Code   RO          105    .text.NRF24L01_writeRegisterMulti  nrf24l01.o
    0x08000d94   0x08000d94   0x0000002c   Code   RO           55    .text.SPI1_IRQHandler  spi.o
    0x08000dc0   0x08000dc0   0x00000042   Code   RO           49    .text.SPI_enu_SendRecieveStreamSynch  spi.o
    0x08000e02   0x08000e02   0x00000002   PAD
    0x08000e04   0x08000e04   0x0000005c   Code   RO           37    .text.SPI_voidInit  spi.o
    0x08000e60   0x08000e60   0x00000054   Code   RO           39    .text.SPI_voidSendReceieveCharSynch  spi.o
    0x08000eb4   0x08000eb4   0x00000008   Code   RO          152    .text.SetSysClock   system_stm32f10x.o
    0x08000ebc   0x08000ebc   0x00000122   Code   RO          156    .text.SetSysClockTo72  system_stm32f10x.o
    0x08000fde   0x08000fde   0x00000002   PAD
    0x08000fe0   0x08000fe0   0x00000066   Code   RO          150    .text.SystemInit    system_stm32f10x.o
    0x08001046   0x08001046   0x00000002   PAD
    0x08001048   0x08001048   0x0000007c   Code   RO            2    .text.main          main.o
    0x080010c4   0x080010c4   0x00000078   Code   RO           45    .text.truncate_queue  spi.o
    0x0800113c   0x0800113c   0x00000020   Data   RO          334    Region$$Table       anon$$obj.o


    Execution Region ER_RW (Exec base: 0x20000000, Load base: 0x0800115c, Size: 0x000000e8, Max: 0xffffffff, ABSOLUTE)

    Exec Addr    Load Addr    Size         Type   Attr      Idx    E Section Name        Object

    0x20000000   0x0800115c   0x00000005   Data   RW          126    .data.G_receiverPipe0Address  nrf24l01.o
    0x20000005   0x08001161   0x00000005   Data   RW          127    .data.G_receiverPipe1Address  nrf24l01.o
    0x2000000a   0x08001166   0x00000005   Data   RW          128    .data.G_receiverPipe2Address  nrf24l01.o
    0x2000000f   0x0800116b   0x00000005   Data   RW          129    .data.G_receiverPipe3Address  nrf24l01.o
    0x20000014   0x08001170   0x00000005   Data   RW          130    .data.G_receiverPipe4Address  nrf24l01.o
    0x20000019   0x08001175   0x00000005   Data   RW          131    .data.G_receiverPipe5Address  nrf24l01.o
    0x2000001e   0x0800117a   0x000000ca   Data   RW           58    .data.gl_SPI_data_queue  spi.o


    Execution Region ER_ZI (Exec base: 0x200000e8, Load base: 0x08001244, Size: 0x00000688, Max: 0xffffffff, ABSOLUTE)

    Exec Addr    Load Addr    Size         Type   Attr      Idx    E Section Name        Object

    0x200000e8        -       0x00000060   Zero   RW          199    .bss                c_w.l(libspace.o)
    0x20000148        -       0x00000020   Zero   RW          133    .bss.G_dummyArray   nrf24l01.o
    0x20000168        -       0x00000001   Zero   RW          132    .bss.G_statusRegister  nrf24l01.o
    0x20000169        -       0x00000003   Zero   RW            4    .bss.data           main.o
    0x2000016c        -       0x00000004   Zero   RW           57    .bss.gl_ptr_Function  spi.o
    0x20000170        -       0x00000200   Zero   RW          141    HEAP                startup_stm32f10x_md.o
    0x20000370        -       0x00000400   Zero   RW          140    STACK               startup_stm32f10x_md.o


==============================================================================

Image component sizes


      Code (inc. data)   RO Data    RW Data    ZI Data      Debug   Object Name

       860          0          0          0          0       4916   dio_program.o
       124          0          0          0          3       1147   main.o
      1214          6          0         30         33       4434   nrf24l01.o
       808          0          0          0          0       2667   rcc_program.o
       406          0          0        202          4       3091   spi.o
        64         26        236          0       1536        900   startup_stm32f10x_md.o
       400          0          0          0          0       2929   system_stm32f10x.o

    ----------------------------------------------------------------------
      3896         32        268        232       1576      20084   Object Totals
         0          0         32          0          0          0   (incl. Generated)
        20          0          0          0          0          0   (incl. Padding)

    ----------------------------------------------------------------------

      Code (inc. data)   RO Data    RW Data    ZI Data      Debug   Library Member Name

         8          0          0          0          0         68   __main.o
         0          0          0          0          0          0   __rtentry.o
        12          0          0          0          0          0   __rtentry2.o
         6          0          0          0          0          0   __rtentry4.o
        52          8          0          0          0          0   __scatter.o
        26          0          0          0          0          0   __scatter_copy.o
        28          0          0          0          0          0   __scatter_zi.o
        18          0          0          0          0         80   exit.o
         6          0          0          0          0        152   heapauxi.o
         0          0          0          0          0          0   indicate_semi.o
         2          0          0          0          0          0   libinit.o
         2          0          0          0          0          0   libinit2.o
         2          0          0          0          0          0   libshutdown.o
         2          0          0          0          0          0   libshutdown2.o
         8          4          0          0         96         68   libspace.o
         2          0          0          0          0          0   rtexit.o
        10          0          0          0          0          0   rtexit2.o
        12          4          0          0          0         68   sys_exit.o
        74          0          0          0          0         80   sys_stackheap_outer.o
         2          0          0          0          0         68   use_no_semi.o

    ----------------------------------------------------------------------
       280         16          0          0         96        584   Library Totals
         8          0          0          0          0          0   (incl. Padding)

    ----------------------------------------------------------------------

      Code (inc. data)   RO Data    RW Data    ZI Data      Debug   Library Name

       272         16          0          0         96        584   c_w.l

    ----------------------------------------------------------------------
       280         16          0          0         96        584   Library Totals

    ----------------------------------------------------------------------

==============================================================================


      Code (inc. data)   RO Data    RW Data    ZI Data      Debug   

      4176         48        268        232       1672      20460   Grand Totals
      4176         48        268        232       1672      20460   ELF Image Totals
      4176         48        268        232          0          0   ROM Totals

==============================================================================

    Total RO  Size (Code + RO Data)                 4444 (   4.34kB)
    Total RW  Size (RW Data + ZI Data)              1904 (   1.86kB)
    Total ROM Size (Code + RO Data + RW Data)       4676 (   4.57kB)

==============================================================================

