Component: Arm Compiler for Embedded 6.19 Tool: armlink [5e73cb00]

==============================================================================

Section Cross References

    spi.o(.ARM.exidx.text.SPI_voidInit) refers to spi.o(.text.SPI_voidInit) for [Anonymous Symbol]
    spi.o(.ARM.exidx.text.SPI_voidSendReceieveCharSynch) refers to spi.o(.text.SPI_voidSendReceieveCharSynch) for [Anonymous Symbol]
    spi.o(.text.SPI_enu_SendDataAsynch) refers to spi.o(.data.gl_SPI_data_queue) for gl_SPI_data_queue
    spi.o(.ARM.exidx.text.SPI_enu_SendDataAsynch) refers to spi.o(.text.SPI_enu_SendDataAsynch) for [Anonymous Symbol]
    spi.o(.text.SPI_enu_SendStreamAsynch) refers to spi.o(.data.gl_SPI_data_queue) for gl_SPI_data_queue
    spi.o(.ARM.exidx.text.SPI_enu_SendStreamAsynch) refers to spi.o(.text.SPI_enu_SendStreamAsynch) for [Anonymous Symbol]
    spi.o(.ARM.exidx.text.SPI_enu_SendRecieveStreamSynch) refers to spi.o(.text.SPI_enu_SendRecieveStreamSynch) for [Anonymous Symbol]
    spi.o(.ARM.exidx.text.SPI_enu_GetDataAsynch) refers to spi.o(.text.SPI_enu_GetDataAsynch) for [Anonymous Symbol]
    spi.o(.text.SPI_voidsetCallBck) refers to spi.o(.bss.gl_ptr_Function) for gl_ptr_Function
    spi.o(.ARM.exidx.text.SPI_voidsetCallBck) refers to spi.o(.text.SPI_voidsetCallBck) for [Anonymous Symbol]
    spi.o(.text.SPI1_IRQHandler) refers to spi.o(.data.gl_SPI_data_queue) for gl_SPI_data_queue
    spi.o(.text.SPI1_IRQHandler) refers to spi.o(.bss.gl_ptr_Function) for gl_ptr_Function
    spi.o(.ARM.exidx.text.SPI1_IRQHandler) refers to spi.o(.text.SPI1_IRQHandler) for [Anonymous Symbol]
    rcc_program.o(.ARM.exidx.text.MRCC_voidInit) refers to rcc_program.o(.text.MRCC_voidInit) for [Anonymous Symbol]
    rcc_program.o(.ARM.exidx.text.MRCC_voidClkEnable) refers to rcc_program.o(.text.MRCC_voidClkEnable) for [Anonymous Symbol]
    rcc_program.o(.ARM.exidx.text.MRCC_u8CheckClockReady) refers to rcc_program.o(.text.MRCC_u8CheckClockReady) for [Anonymous Symbol]
    rcc_program.o(.ARM.exidx.text.MRCC_voidSetBusesPrescaler) refers to rcc_program.o(.text.MRCC_voidSetBusesPrescaler) for [Anonymous Symbol]
    rcc_program.o(.ARM.exidx.text.MRCC_voidSetClkSource) refers to rcc_program.o(.text.MRCC_voidSetClkSource) for [Anonymous Symbol]
    rcc_program.o(.ARM.exidx.text.MRCC_voidClkDisable) refers to rcc_program.o(.text.MRCC_voidClkDisable) for [Anonymous Symbol]
    rcc_program.o(.ARM.exidx.text.MRCC_voidPerClock_State) refers to rcc_program.o(.text.MRCC_voidPerClock_State) for [Anonymous Symbol]
    rcc_program.o(.ARM.exidx.text.MRCC_voidSetPLLMulFactor) refers to rcc_program.o(.text.MRCC_voidSetPLLMulFactor) for [Anonymous Symbol]
    rcc_program.o(.ARM.exidx.text.MRCC_voidSetPLLSource) refers to rcc_program.o(.text.MRCC_voidSetPLLSource) for [Anonymous Symbol]
    dio_program.o(.ARM.exidx.text.MGPIO_voidSetPinDirection) refers to dio_program.o(.text.MGPIO_voidSetPinDirection) for [Anonymous Symbol]
    dio_program.o(.ARM.exidx.text.MGPIO_voidSetPinValue) refers to dio_program.o(.text.MGPIO_voidSetPinValue) for [Anonymous Symbol]
    dio_program.o(.ARM.exidx.text.MGPIO_u8GetPinValue) refers to dio_program.o(.text.MGPIO_u8GetPinValue) for [Anonymous Symbol]
    dio_program.o(.ARM.exidx.text.delay) refers to dio_program.o(.text.delay) for [Anonymous Symbol]
    dio_program.o(.ARM.exidx.text.SEVEN_SEGMENT) refers to dio_program.o(.text.SEVEN_SEGMENT) for [Anonymous Symbol]
    dio_program.o(.ARM.exidx.text.MGPIO_voidSetPortDirection) refers to dio_program.o(.text.MGPIO_voidSetPortDirection) for [Anonymous Symbol]
    dio_program.o(.ARM.exidx.text.MGPIO_voidSetPortValue) refers to dio_program.o(.text.MGPIO_voidSetPortValue) for [Anonymous Symbol]
    dio_program.o(.ARM.exidx.text.MDIO_voidPingPong) refers to dio_program.o(.text.MDIO_voidPingPong) for [Anonymous Symbol]
    dio_program.o(.ARM.exidx.text.MDIO_voidSimultaneously) refers to dio_program.o(.text.MDIO_voidSimultaneously) for [Anonymous Symbol]
    dio_program.o(.ARM.exidx.text.MDIO_voidComingandGoing) refers to dio_program.o(.text.MDIO_voidComingandGoing) for [Anonymous Symbol]
    v2v-networkecu.o(.text.main) refers to nrf24l01.o(.text.NRF24L01_init) for NRF24L01_init
    v2v-networkecu.o(.text.main) refers to v2v-networkecu.o(.bss.G_receivedByte) for G_receivedByte
    v2v-networkecu.o(.ARM.exidx.text.main) refers to v2v-networkecu.o(.text.main) for [Anonymous Symbol]
    nrf24l01.o(.text.NRF24L01_init) refers to rcc_program.o(.text.MRCC_voidPerClock_State) for MRCC_voidPerClock_State
    nrf24l01.o(.text.NRF24L01_init) refers to dio_program.o(.text.MGPIO_voidSetPinDirection) for MGPIO_voidSetPinDirection
    nrf24l01.o(.text.NRF24L01_init) refers to spi.o(.text.SPI_voidInit) for SPI_voidInit
    nrf24l01.o(.text.NRF24L01_init) refers to dio_program.o(.text.MGPIO_voidSetPinValue) for MGPIO_voidSetPinValue
    nrf24l01.o(.text.NRF24L01_init) refers to nrf24l01.o(.text.NRF24L01_reset) for NRF24L01_reset
    nrf24l01.o(.text.NRF24L01_init) refers to nrf24l01.o(.bss.G_statusRegister) for G_statusRegister
    nrf24l01.o(.text.NRF24L01_init) refers to spi.o(.text.SPI_voidSendReceieveCharSynch) for SPI_voidSendReceieveCharSynch
    nrf24l01.o(.ARM.exidx.text.NRF24L01_init) refers to nrf24l01.o(.text.NRF24L01_init) for [Anonymous Symbol]
    nrf24l01.o(.text.NRF24L01_reset) refers to dio_program.o(.text.MGPIO_voidSetPinValue) for MGPIO_voidSetPinValue
    nrf24l01.o(.text.NRF24L01_reset) refers to nrf24l01.o(.bss.G_statusRegister) for G_statusRegister
    nrf24l01.o(.text.NRF24L01_reset) refers to spi.o(.text.SPI_voidSendReceieveCharSynch) for SPI_voidSendReceieveCharSynch
    nrf24l01.o(.ARM.exidx.text.NRF24L01_reset) refers to nrf24l01.o(.text.NRF24L01_reset) for [Anonymous Symbol]
    nrf24l01.o(.text.NRF24L01_switchToTransmitterMode) refers to dio_program.o(.text.MGPIO_voidSetPinValue) for MGPIO_voidSetPinValue
    nrf24l01.o(.text.NRF24L01_switchToTransmitterMode) refers to nrf24l01.o(.bss.G_statusRegister) for G_statusRegister
    nrf24l01.o(.text.NRF24L01_switchToTransmitterMode) refers to spi.o(.text.SPI_voidSendReceieveCharSynch) for SPI_voidSendReceieveCharSynch
    nrf24l01.o(.text.NRF24L01_switchToTransmitterMode) refers to nrf24l01.o(.data.G_transmitterAddress) for G_transmitterAddress
    nrf24l01.o(.text.NRF24L01_switchToTransmitterMode) refers to spi.o(.text.SPI_enu_SendRecieveStreamSynch) for SPI_enu_SendRecieveStreamSynch
    nrf24l01.o(.ARM.exidx.text.NRF24L01_switchToTransmitterMode) refers to nrf24l01.o(.text.NRF24L01_switchToTransmitterMode) for [Anonymous Symbol]
    nrf24l01.o(.text.NRF24L01_switchToReceiverMode) refers to dio_program.o(.text.MGPIO_voidSetPinValue) for MGPIO_voidSetPinValue
    nrf24l01.o(.text.NRF24L01_switchToReceiverMode) refers to nrf24l01.o(.bss.G_statusRegister) for G_statusRegister
    nrf24l01.o(.text.NRF24L01_switchToReceiverMode) refers to spi.o(.text.SPI_voidSendReceieveCharSynch) for SPI_voidSendReceieveCharSynch
    nrf24l01.o(.text.NRF24L01_switchToReceiverMode) refers to nrf24l01.o(.data.G_receiverPipe0Address) for G_receiverPipe0Address
    nrf24l01.o(.text.NRF24L01_switchToReceiverMode) refers to spi.o(.text.SPI_enu_SendRecieveStreamSynch) for SPI_enu_SendRecieveStreamSynch
    nrf24l01.o(.text.NRF24L01_switchToReceiverMode) refers to nrf24l01.o(.data.G_receiverPipe1Address) for G_receiverPipe1Address
    nrf24l01.o(.text.NRF24L01_switchToReceiverMode) refers to nrf24l01.o(.data.G_receiverPipe2Address) for G_receiverPipe2Address
    nrf24l01.o(.text.NRF24L01_switchToReceiverMode) refers to nrf24l01.o(.data.G_receiverPipe3Address) for G_receiverPipe3Address
    nrf24l01.o(.text.NRF24L01_switchToReceiverMode) refers to nrf24l01.o(.data.G_receiverPipe4Address) for G_receiverPipe4Address
    nrf24l01.o(.text.NRF24L01_switchToReceiverMode) refers to nrf24l01.o(.data.G_receiverPipe5Address) for G_receiverPipe5Address
    nrf24l01.o(.ARM.exidx.text.NRF24L01_switchToReceiverMode) refers to nrf24l01.o(.text.NRF24L01_switchToReceiverMode) for [Anonymous Symbol]
    nrf24l01.o(.text.NRF24L01_checkDataPipe) refers to dio_program.o(.text.MGPIO_voidSetPinValue) for MGPIO_voidSetPinValue
    nrf24l01.o(.text.NRF24L01_checkDataPipe) refers to nrf24l01.o(.bss.G_statusRegister) for G_statusRegister
    nrf24l01.o(.text.NRF24L01_checkDataPipe) refers to spi.o(.text.SPI_voidSendReceieveCharSynch) for SPI_voidSendReceieveCharSynch
    nrf24l01.o(.ARM.exidx.text.NRF24L01_checkDataPipe) refers to nrf24l01.o(.text.NRF24L01_checkDataPipe) for [Anonymous Symbol]
    nrf24l01.o(.text.NRF24L01_sendData) refers to dio_program.o(.text.MGPIO_voidSetPinValue) for MGPIO_voidSetPinValue
    nrf24l01.o(.text.NRF24L01_sendData) refers to nrf24l01.o(.bss.G_statusRegister) for G_statusRegister
    nrf24l01.o(.text.NRF24L01_sendData) refers to spi.o(.text.SPI_voidSendReceieveCharSynch) for SPI_voidSendReceieveCharSynch
    nrf24l01.o(.text.NRF24L01_sendData) refers to spi.o(.text.SPI_enu_SendRecieveStreamSynch) for SPI_enu_SendRecieveStreamSynch
    nrf24l01.o(.ARM.exidx.text.NRF24L01_sendData) refers to nrf24l01.o(.text.NRF24L01_sendData) for [Anonymous Symbol]
    nrf24l01.o(.text.NRF24L01_readData) refers to dio_program.o(.text.MGPIO_voidSetPinValue) for MGPIO_voidSetPinValue
    nrf24l01.o(.text.NRF24L01_readData) refers to nrf24l01.o(.bss.G_statusRegister) for G_statusRegister
    nrf24l01.o(.text.NRF24L01_readData) refers to spi.o(.text.SPI_voidSendReceieveCharSynch) for SPI_voidSendReceieveCharSynch
    nrf24l01.o(.text.NRF24L01_readData) refers to spi.o(.text.SPI_enu_SendRecieveStreamSynch) for SPI_enu_SendRecieveStreamSynch
    nrf24l01.o(.ARM.exidx.text.NRF24L01_readData) refers to nrf24l01.o(.text.NRF24L01_readData) for [Anonymous Symbol]
    startup_stm32f10x_md.o(STACK) refers (Special) to heapauxi.o(.text) for __use_two_region_memory
    startup_stm32f10x_md.o(HEAP) refers (Special) to heapauxi.o(.text) for __use_two_region_memory
    startup_stm32f10x_md.o(RESET) refers (Special) to heapauxi.o(.text) for __use_two_region_memory
    startup_stm32f10x_md.o(RESET) refers to startup_stm32f10x_md.o(STACK) for __initial_sp
    startup_stm32f10x_md.o(RESET) refers to startup_stm32f10x_md.o(.text) for Reset_Handler
    startup_stm32f10x_md.o(RESET) refers to spi.o(.text.SPI1_IRQHandler) for SPI1_IRQHandler
    startup_stm32f10x_md.o(.text) refers (Special) to heapauxi.o(.text) for __use_two_region_memory
    startup_stm32f10x_md.o(.text) refers to system_stm32f10x.o(.text.SystemInit) for SystemInit
    startup_stm32f10x_md.o(.text) refers to __main.o(!!!main) for __main
    startup_stm32f10x_md.o(.text) refers to startup_stm32f10x_md.o(HEAP) for Heap_Mem
    startup_stm32f10x_md.o(.text) refers to startup_stm32f10x_md.o(STACK) for Stack_Mem
    system_stm32f10x.o(.ARM.exidx.text.SystemInit) refers to system_stm32f10x.o(.text.SystemInit) for [Anonymous Symbol]
    system_stm32f10x.o(.text.SystemCoreClockUpdate) refers to system_stm32f10x.o(.data.SystemCoreClock) for SystemCoreClock
    system_stm32f10x.o(.text.SystemCoreClockUpdate) refers to system_stm32f10x.o(.rodata.AHBPrescTable) for AHBPrescTable
    system_stm32f10x.o(.ARM.exidx.text.SystemCoreClockUpdate) refers to system_stm32f10x.o(.text.SystemCoreClockUpdate) for [Anonymous Symbol]
    __main.o(!!!main) refers to __rtentry.o(.ARM.Collect$$rtentry$$00000000) for __rt_entry
    __rtentry.o(.ARM.Collect$$rtentry$$00000000) refers (Special) to __rtentry2.o(.ARM.Collect$$rtentry$$0000000A) for __rt_entry_li
    __rtentry.o(.ARM.Collect$$rtentry$$00000000) refers (Special) to __rtentry2.o(.ARM.Collect$$rtentry$$0000000D) for __rt_entry_main
    __rtentry.o(.ARM.Collect$$rtentry$$00000000) refers (Special) to __rtentry2.o(.ARM.Collect$$rtentry$$0000000C) for __rt_entry_postli_1
    __rtentry.o(.ARM.Collect$$rtentry$$00000000) refers (Special) to __rtentry2.o(.ARM.Collect$$rtentry$$00000009) for __rt_entry_postsh_1
    __rtentry.o(.ARM.Collect$$rtentry$$00000000) refers (Special) to __rtentry2.o(.ARM.Collect$$rtentry$$00000002) for __rt_entry_presh_1
    __rtentry.o(.ARM.Collect$$rtentry$$00000000) refers (Special) to __rtentry4.o(.ARM.Collect$$rtentry$$00000004) for __rt_entry_sh
    __rtentry2.o(.ARM.Collect$$rtentry$$00000008) refers to boardinit2.o(.text) for _platform_post_stackheap_init
    __rtentry2.o(.ARM.Collect$$rtentry$$0000000A) refers to libinit.o(.ARM.Collect$$libinit$$00000000) for __rt_lib_init
    __rtentry2.o(.ARM.Collect$$rtentry$$0000000B) refers to boardinit3.o(.text) for _platform_post_lib_init
    __rtentry2.o(.ARM.Collect$$rtentry$$0000000D) refers to v2v-networkecu.o(.text.main) for main
    __rtentry2.o(.ARM.Collect$$rtentry$$0000000D) refers to exit.o(.text) for exit
    __rtentry2.o(.ARM.exidx) refers to __rtentry2.o(.ARM.Collect$$rtentry$$00000001) for .ARM.Collect$$rtentry$$00000001
    __rtentry2.o(.ARM.exidx) refers to __rtentry2.o(.ARM.Collect$$rtentry$$00000008) for .ARM.Collect$$rtentry$$00000008
    __rtentry2.o(.ARM.exidx) refers to __rtentry2.o(.ARM.Collect$$rtentry$$0000000A) for .ARM.Collect$$rtentry$$0000000A
    __rtentry2.o(.ARM.exidx) refers to __rtentry2.o(.ARM.Collect$$rtentry$$0000000B) for .ARM.Collect$$rtentry$$0000000B
    __rtentry2.o(.ARM.exidx) refers to __rtentry2.o(.ARM.Collect$$rtentry$$0000000D) for .ARM.Collect$$rtentry$$0000000D
    __rtentry4.o(.ARM.Collect$$rtentry$$00000004) refers to sys_stackheap_outer.o(.text) for __user_setup_stackheap
    __rtentry4.o(.ARM.exidx) refers to __rtentry4.o(.ARM.Collect$$rtentry$$00000004) for .ARM.Collect$$rtentry$$00000004
    sys_stackheap_outer.o(.text) refers to libspace.o(.text) for __user_perproc_libspace
    sys_stackheap_outer.o(.text) refers to startup_stm32f10x_md.o(.text) for __user_initial_stackheap
    exit.o(.text) refers to rtexit.o(.ARM.Collect$$rtexit$$00000000) for __rt_exit
    libinit.o(.ARM.Collect$$libinit$$00000000) refers (Special) to libinit2.o(.ARM.Collect$$libinit$$00000030) for __rt_lib_init_alloca_1
    libinit.o(.ARM.Collect$$libinit$$00000000) refers (Special) to libinit2.o(.ARM.Collect$$libinit$$0000002E) for __rt_lib_init_argv_1
    libinit.o(.ARM.Collect$$libinit$$00000000) refers (Special) to libinit2.o(.ARM.Collect$$libinit$$0000001D) for __rt_lib_init_atexit_1
    libinit.o(.ARM.Collect$$libinit$$00000000) refers (Special) to libinit2.o(.ARM.Collect$$libinit$$00000023) for __rt_lib_init_clock_1
    libinit.o(.ARM.Collect$$libinit$$00000000) refers (Special) to libinit2.o(.ARM.Collect$$libinit$$00000034) for __rt_lib_init_cpp_1
    libinit.o(.ARM.Collect$$libinit$$00000000) refers (Special) to libinit2.o(.ARM.Collect$$libinit$$00000032) for __rt_lib_init_exceptions_1
    libinit.o(.ARM.Collect$$libinit$$00000000) refers (Special) to libinit2.o(.ARM.Collect$$libinit$$00000002) for __rt_lib_init_fp_1
    libinit.o(.ARM.Collect$$libinit$$00000000) refers (Special) to libinit2.o(.ARM.Collect$$libinit$$00000021) for __rt_lib_init_fp_trap_1
    libinit.o(.ARM.Collect$$libinit$$00000000) refers (Special) to libinit2.o(.ARM.Collect$$libinit$$00000025) for __rt_lib_init_getenv_1
    libinit.o(.ARM.Collect$$libinit$$00000000) refers (Special) to libinit2.o(.ARM.Collect$$libinit$$0000000C) for __rt_lib_init_heap_1
    libinit.o(.ARM.Collect$$libinit$$00000000) refers (Special) to libinit2.o(.ARM.Collect$$libinit$$00000013) for __rt_lib_init_lc_collate_1
    libinit.o(.ARM.Collect$$libinit$$00000000) refers (Special) to libinit2.o(.ARM.Collect$$libinit$$00000015) for __rt_lib_init_lc_ctype_1
    libinit.o(.ARM.Collect$$libinit$$00000000) refers (Special) to libinit2.o(.ARM.Collect$$libinit$$00000017) for __rt_lib_init_lc_monetary_1
    libinit.o(.ARM.Collect$$libinit$$00000000) refers (Special) to libinit2.o(.ARM.Collect$$libinit$$00000019) for __rt_lib_init_lc_numeric_1
    libinit.o(.ARM.Collect$$libinit$$00000000) refers (Special) to libinit2.o(.ARM.Collect$$libinit$$0000001B) for __rt_lib_init_lc_time_1
    libinit.o(.ARM.Collect$$libinit$$00000000) refers (Special) to libinit2.o(.ARM.Collect$$libinit$$00000006) for __rt_lib_init_preinit_1
    libinit.o(.ARM.Collect$$libinit$$00000000) refers (Special) to libinit2.o(.ARM.Collect$$libinit$$00000010) for __rt_lib_init_rand_1
    libinit.o(.ARM.Collect$$libinit$$00000000) refers (Special) to libinit2.o(.ARM.Collect$$libinit$$00000004) for __rt_lib_init_relocate_pie_1
    libinit.o(.ARM.Collect$$libinit$$00000000) refers (Special) to libinit2.o(.ARM.Collect$$libinit$$00000035) for __rt_lib_init_return
    libinit.o(.ARM.Collect$$libinit$$00000000) refers (Special) to libinit2.o(.ARM.Collect$$libinit$$0000001F) for __rt_lib_init_signal_1
    libinit.o(.ARM.Collect$$libinit$$00000000) refers (Special) to libinit2.o(.ARM.Collect$$libinit$$00000027) for __rt_lib_init_stdio_1
    libinit.o(.ARM.Collect$$libinit$$00000000) refers (Special) to libinit2.o(.ARM.Collect$$libinit$$0000000E) for __rt_lib_init_user_alloc_1
    libspace.o(.text) refers to libspace.o(.bss) for __libspace_start
    rtexit.o(.ARM.Collect$$rtexit$$00000000) refers (Special) to rtexit2.o(.ARM.Collect$$rtexit$$00000004) for __rt_exit_exit
    rtexit.o(.ARM.Collect$$rtexit$$00000000) refers (Special) to rtexit2.o(.ARM.Collect$$rtexit$$00000003) for __rt_exit_ls
    rtexit.o(.ARM.Collect$$rtexit$$00000000) refers (Special) to rtexit2.o(.ARM.Collect$$rtexit$$00000002) for __rt_exit_prels_1
    rtexit.o(.ARM.exidx) refers (Special) to rtexit2.o(.ARM.Collect$$rtexit$$00000004) for __rt_exit_exit
    rtexit.o(.ARM.exidx) refers (Special) to rtexit2.o(.ARM.Collect$$rtexit$$00000003) for __rt_exit_ls
    rtexit.o(.ARM.exidx) refers (Special) to rtexit2.o(.ARM.Collect$$rtexit$$00000002) for __rt_exit_prels_1
    rtexit.o(.ARM.exidx) refers to rtexit.o(.ARM.Collect$$rtexit$$00000000) for .ARM.Collect$$rtexit$$00000000
    libinit2.o(.ARM.Collect$$libinit$$00000012) refers to libinit2.o(.ARM.Collect$$libinit$$00000011) for .ARM.Collect$$libinit$$00000011
    libinit2.o(.ARM.Collect$$libinit$$00000014) refers to libinit2.o(.ARM.Collect$$libinit$$00000011) for .ARM.Collect$$libinit$$00000011
    libinit2.o(.ARM.Collect$$libinit$$00000016) refers to libinit2.o(.ARM.Collect$$libinit$$00000011) for .ARM.Collect$$libinit$$00000011
    libinit2.o(.ARM.Collect$$libinit$$00000018) refers to libinit2.o(.ARM.Collect$$libinit$$00000011) for .ARM.Collect$$libinit$$00000011
    libinit2.o(.ARM.Collect$$libinit$$0000001A) refers to libinit2.o(.ARM.Collect$$libinit$$00000011) for .ARM.Collect$$libinit$$00000011
    libinit2.o(.ARM.Collect$$libinit$$00000028) refers to argv_veneer.o(.emb_text) for __ARM_argv_veneer
    libinit2.o(.ARM.Collect$$libinit$$00000029) refers to argv_veneer.o(.emb_text) for __ARM_argv_veneer
    rtexit2.o(.ARM.Collect$$rtexit$$00000003) refers to libshutdown.o(.ARM.Collect$$libshutdown$$00000000) for __rt_lib_shutdown
    rtexit2.o(.ARM.Collect$$rtexit$$00000004) refers to sys_exit.o(.text) for _sys_exit
    rtexit2.o(.ARM.exidx) refers to rtexit2.o(.ARM.Collect$$rtexit$$00000001) for .ARM.Collect$$rtexit$$00000001
    rtexit2.o(.ARM.exidx) refers to rtexit2.o(.ARM.Collect$$rtexit$$00000003) for .ARM.Collect$$rtexit$$00000003
    rtexit2.o(.ARM.exidx) refers to rtexit2.o(.ARM.Collect$$rtexit$$00000004) for .ARM.Collect$$rtexit$$00000004
    argv_veneer.o(.emb_text) refers to no_argv.o(.text) for __ARM_get_argv
    sys_exit.o(.text) refers (Special) to use_no_semi.o(.text) for __I$use$semihosting
    sys_exit.o(.text) refers (Special) to indicate_semi.o(.text) for __semihosting_library_function
    sys_exit_hlt.o(.text) refers (Special) to use_no_semi.o(.text) for __I$use$semihosting
    sys_exit_hlt.o(.text) refers (Special) to indicate_semi.o(.text) for __semihosting_library_function
    _get_argv_nomalloc.o(.text) refers (Special) to hrguard.o(.text) for __heap_region$guard
    _get_argv_nomalloc.o(.text) refers to defsig_rtmem_outer.o(.text) for __rt_SIGRTMEM
    _get_argv_nomalloc.o(.text) refers to sys_command.o(.text) for _sys_command_string
    libshutdown.o(.ARM.Collect$$libshutdown$$00000000) refers (Special) to libshutdown2.o(.ARM.Collect$$libshutdown$$00000002) for __rt_lib_shutdown_cpp_1
    libshutdown.o(.ARM.Collect$$libshutdown$$00000000) refers (Special) to libshutdown2.o(.ARM.Collect$$libshutdown$$00000007) for __rt_lib_shutdown_fp_trap_1
    libshutdown.o(.ARM.Collect$$libshutdown$$00000000) refers (Special) to libshutdown2.o(.ARM.Collect$$libshutdown$$0000000F) for __rt_lib_shutdown_heap_1
    libshutdown.o(.ARM.Collect$$libshutdown$$00000000) refers (Special) to libshutdown2.o(.ARM.Collect$$libshutdown$$00000010) for __rt_lib_shutdown_return
    libshutdown.o(.ARM.Collect$$libshutdown$$00000000) refers (Special) to libshutdown2.o(.ARM.Collect$$libshutdown$$0000000A) for __rt_lib_shutdown_signal_1
    libshutdown.o(.ARM.Collect$$libshutdown$$00000000) refers (Special) to libshutdown2.o(.ARM.Collect$$libshutdown$$00000004) for __rt_lib_shutdown_stdio_1
    libshutdown.o(.ARM.Collect$$libshutdown$$00000000) refers (Special) to libshutdown2.o(.ARM.Collect$$libshutdown$$0000000C) for __rt_lib_shutdown_user_alloc_1
    sys_command.o(.text) refers (Special) to use_no_semi.o(.text) for __I$use$semihosting
    sys_command.o(.text) refers (Special) to indicate_semi.o(.text) for __semihosting_library_function
    sys_command_hlt.o(.text) refers (Special) to use_no_semi.o(.text) for __I$use$semihosting
    sys_command_hlt.o(.text) refers (Special) to indicate_semi.o(.text) for __semihosting_library_function
    defsig_rtmem_outer.o(.text) refers to defsig_rtmem_inner.o(.text) for __rt_SIGRTMEM_inner
    defsig_rtmem_outer.o(.text) refers to defsig_exit.o(.text) for __sig_exit
    defsig_rtmem_formal.o(.text) refers to rt_raise.o(.text) for __rt_raise
    rt_raise.o(.text) refers to __raise.o(.text) for __raise
    rt_raise.o(.text) refers to sys_exit.o(.text) for _sys_exit
    defsig_exit.o(.text) refers to sys_exit.o(.text) for _sys_exit
    defsig_rtmem_inner.o(.text) refers to defsig_general.o(.text) for __default_signal_display
    __raise.o(.text) refers to defsig.o(CL$$defsig) for __default_signal_handler
    defsig_general.o(.text) refers to sys_wrch.o(.text) for _ttywrch
    sys_wrch.o(.text) refers (Special) to use_no_semi.o(.text) for __I$use$semihosting
    sys_wrch.o(.text) refers (Special) to indicate_semi.o(.text) for __semihosting_library_function
    sys_wrch_hlt.o(.text) refers (Special) to use_no_semi.o(.text) for __I$use$semihosting
    sys_wrch_hlt.o(.text) refers (Special) to indicate_semi.o(.text) for __semihosting_library_function
    defsig.o(CL$$defsig) refers to defsig_rtmem_inner.o(.text) for __rt_SIGRTMEM_inner
    defsig_abrt_inner.o(.text) refers to defsig_general.o(.text) for __default_signal_display
    defsig_fpe_inner.o(.text) refers to defsig_general.o(.text) for __default_signal_display
    defsig_rtred_inner.o(.text) refers to defsig_general.o(.text) for __default_signal_display
    defsig_stak_inner.o(.text) refers to defsig_general.o(.text) for __default_signal_display
    defsig_pvfn_inner.o(.text) refers to defsig_general.o(.text) for __default_signal_display
    defsig_cppl_inner.o(.text) refers to defsig_general.o(.text) for __default_signal_display
    defsig_segv_inner.o(.text) refers to defsig_general.o(.text) for __default_signal_display
    defsig_other.o(.text) refers to defsig_general.o(.text) for __default_signal_display


==============================================================================

Removing Unused input sections from the image.

    Removing spi.o(.text), (0 bytes).
    Removing spi.o(.ARM.exidx.text.SPI_voidInit), (8 bytes).
    Removing spi.o(.ARM.exidx.text.SPI_voidSendReceieveCharSynch), (8 bytes).
    Removing spi.o(.text.SPI_enu_SendDataAsynch), (88 bytes).
    Removing spi.o(.ARM.exidx.text.SPI_enu_SendDataAsynch), (8 bytes).
    Removing spi.o(.text.SPI_enu_SendStreamAsynch), (114 bytes).
    Removing spi.o(.ARM.exidx.text.SPI_enu_SendStreamAsynch), (8 bytes).
    Removing spi.o(.text.SPI_enu_SendRecieveStreamSynch), (58 bytes).
    Removing spi.o(.ARM.exidx.text.SPI_enu_SendRecieveStreamSynch), (8 bytes).
    Removing spi.o(.text.SPI_enu_GetDataAsynch), (8 bytes).
    Removing spi.o(.ARM.exidx.text.SPI_enu_GetDataAsynch), (8 bytes).
    Removing spi.o(.text.SPI_voidsetCallBck), (16 bytes).
    Removing spi.o(.ARM.exidx.text.SPI_voidsetCallBck), (8 bytes).
    Removing spi.o(.ARM.exidx.text.SPI1_IRQHandler), (8 bytes).
    Removing rcc_program.o(.text), (0 bytes).
    Removing rcc_program.o(.text.MRCC_voidInit), (92 bytes).
    Removing rcc_program.o(.ARM.exidx.text.MRCC_voidInit), (8 bytes).
    Removing rcc_program.o(.text.MRCC_voidClkEnable), (44 bytes).
    Removing rcc_program.o(.ARM.exidx.text.MRCC_voidClkEnable), (8 bytes).
    Removing rcc_program.o(.text.MRCC_u8CheckClockReady), (64 bytes).
    Removing rcc_program.o(.ARM.exidx.text.MRCC_u8CheckClockReady), (8 bytes).
    Removing rcc_program.o(.text.MRCC_voidSetBusesPrescaler), (64 bytes).
    Removing rcc_program.o(.ARM.exidx.text.MRCC_voidSetBusesPrescaler), (8 bytes).
    Removing rcc_program.o(.text.MRCC_voidSetClkSource), (66 bytes).
    Removing rcc_program.o(.ARM.exidx.text.MRCC_voidSetClkSource), (8 bytes).
    Removing rcc_program.o(.text.MRCC_voidClkDisable), (44 bytes).
    Removing rcc_program.o(.ARM.exidx.text.MRCC_voidClkDisable), (8 bytes).
    Removing rcc_program.o(.ARM.exidx.text.MRCC_voidPerClock_State), (8 bytes).
    Removing rcc_program.o(.text.MRCC_voidSetPLLMulFactor), (26 bytes).
    Removing rcc_program.o(.ARM.exidx.text.MRCC_voidSetPLLMulFactor), (8 bytes).
    Removing rcc_program.o(.text.MRCC_voidSetPLLSource), (58 bytes).
    Removing rcc_program.o(.ARM.exidx.text.MRCC_voidSetPLLSource), (8 bytes).
    Removing dio_program.o(.text), (0 bytes).
    Removing dio_program.o(.ARM.exidx.text.MGPIO_voidSetPinDirection), (8 bytes).
    Removing dio_program.o(.ARM.exidx.text.MGPIO_voidSetPinValue), (8 bytes).
    Removing dio_program.o(.text.MGPIO_u8GetPinValue), (42 bytes).
    Removing dio_program.o(.ARM.exidx.text.MGPIO_u8GetPinValue), (8 bytes).
    Removing dio_program.o(.text.delay), (2 bytes).
    Removing dio_program.o(.ARM.exidx.text.delay), (8 bytes).
    Removing dio_program.o(.text.SEVEN_SEGMENT), (592 bytes).
    Removing dio_program.o(.ARM.exidx.text.SEVEN_SEGMENT), (8 bytes).
    Removing dio_program.o(.text.MGPIO_voidSetPortDirection), (74 bytes).
    Removing dio_program.o(.ARM.exidx.text.MGPIO_voidSetPortDirection), (8 bytes).
    Removing dio_program.o(.text.MGPIO_voidSetPortValue), (36 bytes).
    Removing dio_program.o(.ARM.exidx.text.MGPIO_voidSetPortValue), (8 bytes).
    Removing dio_program.o(.text.MDIO_voidPingPong), (268 bytes).
    Removing dio_program.o(.ARM.exidx.text.MDIO_voidPingPong), (8 bytes).
    Removing dio_program.o(.text.MDIO_voidSimultaneously), (120 bytes).
    Removing dio_program.o(.ARM.exidx.text.MDIO_voidSimultaneously), (8 bytes).
    Removing dio_program.o(.text.MDIO_voidComingandGoing), (196 bytes).
    Removing dio_program.o(.ARM.exidx.text.MDIO_voidComingandGoing), (8 bytes).
    Removing v2v-networkecu.o(.text), (0 bytes).
    Removing v2v-networkecu.o(.ARM.exidx.text.main), (8 bytes).
    Removing v2v-networkecu.o(.ARM.use_no_argv), (4 bytes).
    Removing nrf24l01.o(.text), (0 bytes).
    Removing nrf24l01.o(.ARM.exidx.text.NRF24L01_init), (8 bytes).
    Removing nrf24l01.o(.ARM.exidx.text.NRF24L01_reset), (8 bytes).
    Removing nrf24l01.o(.text.NRF24L01_switchToTransmitterMode), (226 bytes).
    Removing nrf24l01.o(.ARM.exidx.text.NRF24L01_switchToTransmitterMode), (8 bytes).
    Removing nrf24l01.o(.text.NRF24L01_switchToReceiverMode), (560 bytes).
    Removing nrf24l01.o(.ARM.exidx.text.NRF24L01_switchToReceiverMode), (8 bytes).
    Removing nrf24l01.o(.text.NRF24L01_checkDataPipe), (150 bytes).
    Removing nrf24l01.o(.ARM.exidx.text.NRF24L01_checkDataPipe), (8 bytes).
    Removing nrf24l01.o(.text.NRF24L01_sendData), (60 bytes).
    Removing nrf24l01.o(.ARM.exidx.text.NRF24L01_sendData), (8 bytes).
    Removing nrf24l01.o(.text.NRF24L01_readData), (60 bytes).
    Removing nrf24l01.o(.ARM.exidx.text.NRF24L01_readData), (8 bytes).
    Removing nrf24l01.o(.data.G_transmitterAddress), (5 bytes).
    Removing nrf24l01.o(.data.G_receiverPipe0Address), (5 bytes).
    Removing nrf24l01.o(.data.G_receiverPipe1Address), (5 bytes).
    Removing nrf24l01.o(.data.G_receiverPipe2Address), (5 bytes).
    Removing nrf24l01.o(.data.G_receiverPipe3Address), (5 bytes).
    Removing nrf24l01.o(.data.G_receiverPipe4Address), (5 bytes).
    Removing nrf24l01.o(.data.G_receiverPipe5Address), (5 bytes).
    Removing system_stm32f10x.o(.text), (0 bytes).
    Removing system_stm32f10x.o(.ARM.exidx.text.SystemInit), (8 bytes).
    Removing system_stm32f10x.o(.text.SystemCoreClockUpdate), (110 bytes).
    Removing system_stm32f10x.o(.ARM.exidx.text.SystemCoreClockUpdate), (8 bytes).
    Removing system_stm32f10x.o(.data.SystemCoreClock), (4 bytes).
    Removing system_stm32f10x.o(.rodata.AHBPrescTable), (16 bytes).

80 unused section(s) (total 3593 bytes) removed from the image.
