Component: Arm Compiler for Embedded 6.19 Tool: armlink [5e73cb00]

==============================================================================

Section Cross References

    spi.o(.ARM.exidx.text.SPI_voidInit) refers to spi.o(.text.SPI_voidInit) for [Anonymous Symbol]
    spi.o(.ARM.exidx.text.SPI_voidSendReceieveCharSynch) refers to spi.o(.text.SPI_voidSendReceieveCharSynch) for [Anonymous Symbol]
    spi.o(.text.SPI_enu_SendDataAsynch) refers to spi.o(.data.gl_SPI_data_queue) for gl_SPI_data_queue
    spi.o(.ARM.exidx.text.SPI_enu_SendDataAsynch) refers to spi.o(.text.SPI_enu_SendDataAsynch) for [Anonymous Symbol]
    spi.o(.text.SPI_enu_SendStreamAsynch) refers to spi.o(.data.gl_SPI_data_queue) for gl_SPI_data_queue
    spi.o(.ARM.exidx.text.SPI_enu_SendStreamAsynch) refers to spi.o(.text.SPI_enu_SendStreamAsynch) for [Anonymous Symbol]
    spi.o(.ARM.exidx.text.SPI_enu_SendRecieveStreamSynch) refers to spi.o(.text.SPI_enu_SendRecieveStreamSynch) for [Anonymous Symbol]
    spi.o(.ARM.exidx.text.SPI_enu_GetDataAsynch) refers to spi.o(.text.SPI_enu_GetDataAsynch) for [Anonymous Symbol]
    spi.o(.text.SPI_voidsetCallBck) refers to spi.o(.bss.gl_ptr_Function) for gl_ptr_Function
    spi.o(.ARM.exidx.text.SPI_voidsetCallBck) refers to spi.o(.text.SPI_voidsetCallBck) for [Anonymous Symbol]
    spi.o(.text.SPI1_IRQHandler) refers to spi.o(.data.gl_SPI_data_queue) for gl_SPI_data_queue
    spi.o(.text.SPI1_IRQHandler) refers to spi.o(.bss.gl_ptr_Function) for gl_ptr_Function
    spi.o(.ARM.exidx.text.SPI1_IRQHandler) refers to spi.o(.text.SPI1_IRQHandler) for [Anonymous Symbol]
    rcc_program.o(.ARM.exidx.text.MRCC_voidInit) refers to rcc_program.o(.text.MRCC_voidInit) for [Anonymous Symbol]
    rcc_program.o(.ARM.exidx.text.MRCC_voidClkEnable) refers to rcc_program.o(.text.MRCC_voidClkEnable) for [Anonymous Symbol]
    rcc_program.o(.ARM.exidx.text.MRCC_u8CheckClockReady) refers to rcc_program.o(.text.MRCC_u8CheckClockReady) for [Anonymous Symbol]
    rcc_program.o(.ARM.exidx.text.MRCC_voidSetBusesPrescaler) refers to rcc_program.o(.text.MRCC_voidSetBusesPrescaler) for [Anonymous Symbol]
    rcc_program.o(.ARM.exidx.text.MRCC_voidSetClkSource) refers to rcc_program.o(.text.MRCC_voidSetClkSource) for [Anonymous Symbol]
    rcc_program.o(.ARM.exidx.text.MRCC_voidClkDisable) refers to rcc_program.o(.text.MRCC_voidClkDisable) for [Anonymous Symbol]
    rcc_program.o(.ARM.exidx.text.MRCC_voidPerClock_State) refers to rcc_program.o(.text.MRCC_voidPerClock_State) for [Anonymous Symbol]
    rcc_program.o(.ARM.exidx.text.MRCC_voidSetPLLMulFactor) refers to rcc_program.o(.text.MRCC_voidSetPLLMulFactor) for [Anonymous Symbol]
    rcc_program.o(.ARM.exidx.text.MRCC_voidSetPLLSource) refers to rcc_program.o(.text.MRCC_voidSetPLLSource) for [Anonymous Symbol]
    dio_program.o(.ARM.exidx.text.MGPIO_voidSetPinDirection) refers to dio_program.o(.text.MGPIO_voidSetPinDirection) for [Anonymous Symbol]
    dio_program.o(.ARM.exidx.text.MGPIO_voidSetPinValue) refers to dio_program.o(.text.MGPIO_voidSetPinValue) for [Anonymous Symbol]
    dio_program.o(.ARM.exidx.text.MGPIO_u8GetPinValue) refers to dio_program.o(.text.MGPIO_u8GetPinValue) for [Anonymous Symbol]
    dio_program.o(.ARM.exidx.text.delay) refers to dio_program.o(.text.delay) for [Anonymous Symbol]
    dio_program.o(.ARM.exidx.text.SEVEN_SEGMENT) refers to dio_program.o(.text.SEVEN_SEGMENT) for [Anonymous Symbol]
    dio_program.o(.ARM.exidx.text.MGPIO_voidSetPortDirection) refers to dio_program.o(.text.MGPIO_voidSetPortDirection) for [Anonymous Symbol]
    dio_program.o(.ARM.exidx.text.MGPIO_voidSetPortValue) refers to dio_program.o(.text.MGPIO_voidSetPortValue) for [Anonymous Symbol]
    dio_program.o(.ARM.exidx.text.MDIO_voidPingPong) refers to dio_program.o(.text.MDIO_voidPingPong) for [Anonymous Symbol]
    dio_program.o(.ARM.exidx.text.MDIO_voidSimultaneously) refers to dio_program.o(.text.MDIO_voidSimultaneously) for [Anonymous Symbol]
    dio_program.o(.ARM.exidx.text.MDIO_voidComingandGoing) refers to dio_program.o(.text.MDIO_voidComingandGoing) for [Anonymous Symbol]
    nrf24l01.o(.text.NRF24L01_init) refers to rcc_program.o(.text.MRCC_voidPerClock_State) for MRCC_voidPerClock_State
    nrf24l01.o(.text.NRF24L01_init) refers to dio_program.o(.text.MGPIO_voidSetPinDirection) for MGPIO_voidSetPinDirection
    nrf24l01.o(.text.NRF24L01_init) refers to dio_program.o(.text.MGPIO_voidSetPinValue) for MGPIO_voidSetPinValue
    nrf24l01.o(.text.NRF24L01_init) refers to spi.o(.text.SPI_voidInit) for SPI_voidInit
    nrf24l01.o(.text.NRF24L01_init) refers to nrf24l01.o(.text.NRF24L01_reset) for NRF24L01_reset
    nrf24l01.o(.text.NRF24L01_init) refers to nrf24l01.o(.bss.G_statusRegister) for G_statusRegister
    nrf24l01.o(.text.NRF24L01_init) refers to spi.o(.text.SPI_voidSendReceieveCharSynch) for SPI_voidSendReceieveCharSynch
    nrf24l01.o(.ARM.exidx.text.NRF24L01_init) refers to nrf24l01.o(.text.NRF24L01_init) for [Anonymous Symbol]
    nrf24l01.o(.text.NRF24L01_reset) refers to dio_program.o(.text.MGPIO_voidSetPinValue) for MGPIO_voidSetPinValue
    nrf24l01.o(.text.NRF24L01_reset) refers to nrf24l01.o(.bss.G_statusRegister) for G_statusRegister
    nrf24l01.o(.text.NRF24L01_reset) refers to spi.o(.text.SPI_voidSendReceieveCharSynch) for SPI_voidSendReceieveCharSynch
    nrf24l01.o(.ARM.exidx.text.NRF24L01_reset) refers to nrf24l01.o(.text.NRF24L01_reset) for [Anonymous Symbol]
    nrf24l01.o(.text.NRF24L01_switchToTransmitterMode) refers to dio_program.o(.text.MGPIO_voidSetPinValue) for MGPIO_voidSetPinValue
    nrf24l01.o(.text.NRF24L01_switchToTransmitterMode) refers to nrf24l01.o(.bss.G_statusRegister) for G_statusRegister
    nrf24l01.o(.text.NRF24L01_switchToTransmitterMode) refers to spi.o(.text.SPI_voidSendReceieveCharSynch) for SPI_voidSendReceieveCharSynch
    nrf24l01.o(.text.NRF24L01_switchToTransmitterMode) refers to nrf24l01.o(.data.G_transmitterAddress) for G_transmitterAddress
    nrf24l01.o(.text.NRF24L01_switchToTransmitterMode) refers to spi.o(.text.SPI_enu_SendRecieveStreamSynch) for SPI_enu_SendRecieveStreamSynch
    nrf24l01.o(.ARM.exidx.text.NRF24L01_switchToTransmitterMode) refers to nrf24l01.o(.text.NRF24L01_switchToTransmitterMode) for [Anonymous Symbol]
    nrf24l01.o(.text.NRF24L01_switchToReceiverMode) refers to dio_program.o(.text.MGPIO_voidSetPinValue) for MGPIO_voidSetPinValue
    nrf24l01.o(.text.NRF24L01_switchToReceiverMode) refers to nrf24l01.o(.bss.G_statusRegister) for G_statusRegister
    nrf24l01.o(.text.NRF24L01_switchToReceiverMode) refers to spi.o(.text.SPI_voidSendReceieveCharSynch) for SPI_voidSendReceieveCharSynch
    nrf24l01.o(.text.NRF24L01_switchToReceiverMode) refers to nrf24l01.o(.data.G_receiverPipe0Address) for G_receiverPipe0Address
    nrf24l01.o(.text.NRF24L01_switchToReceiverMode) refers to spi.o(.text.SPI_enu_SendRecieveStreamSynch) for SPI_enu_SendRecieveStreamSynch
    nrf24l01.o(.text.NRF24L01_switchToReceiverMode) refers to nrf24l01.o(.data.G_receiverPipe1Address) for G_receiverPipe1Address
    nrf24l01.o(.text.NRF24L01_switchToReceiverMode) refers to nrf24l01.o(.data.G_receiverPipe2Address) for G_receiverPipe2Address
    nrf24l01.o(.text.NRF24L01_switchToReceiverMode) refers to nrf24l01.o(.data.G_receiverPipe3Address) for G_receiverPipe3Address
    nrf24l01.o(.text.NRF24L01_switchToReceiverMode) refers to nrf24l01.o(.data.G_receiverPipe4Address) for G_receiverPipe4Address
    nrf24l01.o(.text.NRF24L01_switchToReceiverMode) refers to nrf24l01.o(.data.G_receiverPipe5Address) for G_receiverPipe5Address
    nrf24l01.o(.ARM.exidx.text.NRF24L01_switchToReceiverMode) refers to nrf24l01.o(.text.NRF24L01_switchToReceiverMode) for [Anonymous Symbol]
    nrf24l01.o(.text.NRF24L01_checkDataPipe) refers to dio_program.o(.text.MGPIO_voidSetPinValue) for MGPIO_voidSetPinValue
    nrf24l01.o(.text.NRF24L01_checkDataPipe) refers to nrf24l01.o(.bss.G_statusRegister) for G_statusRegister
    nrf24l01.o(.text.NRF24L01_checkDataPipe) refers to spi.o(.text.SPI_voidSendReceieveCharSynch) for SPI_voidSendReceieveCharSynch
    nrf24l01.o(.ARM.exidx.text.NRF24L01_checkDataPipe) refers to nrf24l01.o(.text.NRF24L01_checkDataPipe) for [Anonymous Symbol]
    nrf24l01.o(.text.NRF24L01_sendData) refers to dio_program.o(.text.MGPIO_voidSetPinValue) for MGPIO_voidSetPinValue
    nrf24l01.o(.text.NRF24L01_sendData) refers to nrf24l01.o(.bss.G_statusRegister) for G_statusRegister
    nrf24l01.o(.text.NRF24L01_sendData) refers to spi.o(.text.SPI_voidSendReceieveCharSynch) for SPI_voidSendReceieveCharSynch
    nrf24l01.o(.text.NRF24L01_sendData) refers to spi.o(.text.SPI_enu_SendRecieveStreamSynch) for SPI_enu_SendRecieveStreamSynch
    nrf24l01.o(.ARM.exidx.text.NRF24L01_sendData) refers to nrf24l01.o(.text.NRF24L01_sendData) for [Anonymous Symbol]
    nrf24l01.o(.text.NRF24L01_readData) refers to dio_program.o(.text.MGPIO_voidSetPinValue) for MGPIO_voidSetPinValue
    nrf24l01.o(.text.NRF24L01_readData) refers to nrf24l01.o(.bss.G_statusRegister) for G_statusRegister
    nrf24l01.o(.text.NRF24L01_readData) refers to spi.o(.text.SPI_voidSendReceieveCharSynch) for SPI_voidSendReceieveCharSynch
    nrf24l01.o(.text.NRF24L01_readData) refers to spi.o(.text.SPI_enu_SendRecieveStreamSynch) for SPI_enu_SendRecieveStreamSynch
    nrf24l01.o(.ARM.exidx.text.NRF24L01_readData) refers to nrf24l01.o(.text.NRF24L01_readData) for [Anonymous Symbol]
    main.o(.text.main) refers to rcc_program.o(.text.MRCC_voidInit) for MRCC_voidInit
    main.o(.text.main) refers to rcc_program.o(.text.MRCC_voidPerClock_State) for MRCC_voidPerClock_State
    main.o(.text.main) refers to dio_program.o(.text.MGPIO_voidSetPinDirection) for MGPIO_voidSetPinDirection
    main.o(.text.main) refers to dio_program.o(.text.MGPIO_voidSetPinValue) for MGPIO_voidSetPinValue
    main.o(.text.main) refers to can.o(.text.CAN_enuInit) for CAN_enuInit
    main.o(.text.main) refers to can.o(.text.CAN_enuCreateFilter) for CAN_enuCreateFilter
    main.o(.text.main) refers to main.o(.bss.x) for x
    main.o(.text.main) refers to can.o(.bss.ARR_Recieved_Data) for ARR_Recieved_Data
    main.o(.text.main) refers to main.o(.bss.Data1) for Data1
    main.o(.text.main) refers to main.o(.bss.Data2) for Data2
    main.o(.text.main) refers to main.o(.bss.Data3) for Data3
    main.o(.text.main) refers to can.o(.text.CAN_enuRecieve) for CAN_enuRecieve
    main.o(.ARM.exidx.text.main) refers to main.o(.text.main) for [Anonymous Symbol]
    can.o(.ARM.exidx.text.CAN_enuInit) refers to can.o(.text.CAN_enuInit) for [Anonymous Symbol]
    can.o(.ARM.exidx.text.CAN_enuTransmit) refers to can.o(.text.CAN_enuTransmit) for [Anonymous Symbol]
    can.o(.ARM.exidx.text.CAN_enuCreateFilter) refers to can.o(.text.CAN_enuCreateFilter) for [Anonymous Symbol]
    can.o(.text.CAN_enuRecieve) refers to can.o(.bss.ARR_Recieved_Data) for ARR_Recieved_Data
    can.o(.ARM.exidx.text.CAN_enuRecieve) refers to can.o(.text.CAN_enuRecieve) for [Anonymous Symbol]
    can.o(.ARM.exidx.text.CAN_enuChangeMode) refers to can.o(.text.CAN_enuChangeMode) for [Anonymous Symbol]
    can.o(.ARM.exidx.text.CAN_enuAbort) refers to can.o(.text.CAN_enuAbort) for [Anonymous Symbol]
    can.o(.ARM.exidx.text.CAN_enuGoTestMode) refers to can.o(.text.CAN_enuGoTestMode) for [Anonymous Symbol]
    startup_stm32f10x_md.o(STACK) refers (Special) to heapauxi.o(.text) for __use_two_region_memory
    startup_stm32f10x_md.o(HEAP) refers (Special) to heapauxi.o(.text) for __use_two_region_memory
    startup_stm32f10x_md.o(RESET) refers (Special) to heapauxi.o(.text) for __use_two_region_memory
    startup_stm32f10x_md.o(RESET) refers to startup_stm32f10x_md.o(STACK) for __initial_sp
    startup_stm32f10x_md.o(RESET) refers to startup_stm32f10x_md.o(.text) for Reset_Handler
    startup_stm32f10x_md.o(RESET) refers to spi.o(.text.SPI1_IRQHandler) for SPI1_IRQHandler
    startup_stm32f10x_md.o(.text) refers (Special) to heapauxi.o(.text) for __use_two_region_memory
    startup_stm32f10x_md.o(.text) refers to system_stm32f10x.o(.text.SystemInit) for SystemInit
    startup_stm32f10x_md.o(.text) refers to __main.o(!!!main) for __main
    startup_stm32f10x_md.o(.text) refers to startup_stm32f10x_md.o(HEAP) for Heap_Mem
    startup_stm32f10x_md.o(.text) refers to startup_stm32f10x_md.o(STACK) for Stack_Mem
    system_stm32f10x.o(.ARM.exidx.text.SystemInit) refers to system_stm32f10x.o(.text.SystemInit) for [Anonymous Symbol]
    system_stm32f10x.o(.text.SystemCoreClockUpdate) refers to system_stm32f10x.o(.data.SystemCoreClock) for SystemCoreClock
    system_stm32f10x.o(.text.SystemCoreClockUpdate) refers to system_stm32f10x.o(.rodata.AHBPrescTable) for AHBPrescTable
    system_stm32f10x.o(.ARM.exidx.text.SystemCoreClockUpdate) refers to system_stm32f10x.o(.text.SystemCoreClockUpdate) for [Anonymous Symbol]
    __main.o(!!!main) refers to __rtentry.o(.ARM.Collect$$rtentry$$00000000) for __rt_entry
    __rtentry.o(.ARM.Collect$$rtentry$$00000000) refers (Special) to __rtentry2.o(.ARM.Collect$$rtentry$$0000000A) for __rt_entry_li
    __rtentry.o(.ARM.Collect$$rtentry$$00000000) refers (Special) to __rtentry2.o(.ARM.Collect$$rtentry$$0000000D) for __rt_entry_main
    __rtentry.o(.ARM.Collect$$rtentry$$00000000) refers (Special) to __rtentry2.o(.ARM.Collect$$rtentry$$0000000C) for __rt_entry_postli_1
    __rtentry.o(.ARM.Collect$$rtentry$$00000000) refers (Special) to __rtentry2.o(.ARM.Collect$$rtentry$$00000009) for __rt_entry_postsh_1
    __rtentry.o(.ARM.Collect$$rtentry$$00000000) refers (Special) to __rtentry2.o(.ARM.Collect$$rtentry$$00000002) for __rt_entry_presh_1
    __rtentry.o(.ARM.Collect$$rtentry$$00000000) refers (Special) to __rtentry4.o(.ARM.Collect$$rtentry$$00000004) for __rt_entry_sh
    __rtentry2.o(.ARM.Collect$$rtentry$$00000008) refers to boardinit2.o(.text) for _platform_post_stackheap_init
    __rtentry2.o(.ARM.Collect$$rtentry$$0000000A) refers to libinit.o(.ARM.Collect$$libinit$$00000000) for __rt_lib_init
    __rtentry2.o(.ARM.Collect$$rtentry$$0000000B) refers to boardinit3.o(.text) for _platform_post_lib_init
    __rtentry2.o(.ARM.Collect$$rtentry$$0000000D) refers to main.o(.text.main) for main
    __rtentry2.o(.ARM.Collect$$rtentry$$0000000D) refers to exit.o(.text) for exit
    __rtentry2.o(.ARM.exidx) refers to __rtentry2.o(.ARM.Collect$$rtentry$$00000001) for .ARM.Collect$$rtentry$$00000001
    __rtentry2.o(.ARM.exidx) refers to __rtentry2.o(.ARM.Collect$$rtentry$$00000008) for .ARM.Collect$$rtentry$$00000008
    __rtentry2.o(.ARM.exidx) refers to __rtentry2.o(.ARM.Collect$$rtentry$$0000000A) for .ARM.Collect$$rtentry$$0000000A
    __rtentry2.o(.ARM.exidx) refers to __rtentry2.o(.ARM.Collect$$rtentry$$0000000B) for .ARM.Collect$$rtentry$$0000000B
    __rtentry2.o(.ARM.exidx) refers to __rtentry2.o(.ARM.Collect$$rtentry$$0000000D) for .ARM.Collect$$rtentry$$0000000D
    __rtentry4.o(.ARM.Collect$$rtentry$$00000004) refers to sys_stackheap_outer.o(.text) for __user_setup_stackheap
    __rtentry4.o(.ARM.exidx) refers to __rtentry4.o(.ARM.Collect$$rtentry$$00000004) for .ARM.Collect$$rtentry$$00000004
    sys_stackheap_outer.o(.text) refers to libspace.o(.text) for __user_perproc_libspace
    sys_stackheap_outer.o(.text) refers to startup_stm32f10x_md.o(.text) for __user_initial_stackheap
    exit.o(.text) refers to rtexit.o(.ARM.Collect$$rtexit$$00000000) for __rt_exit
    libinit.o(.ARM.Collect$$libinit$$00000000) refers (Special) to libinit2.o(.ARM.Collect$$libinit$$00000030) for __rt_lib_init_alloca_1
    libinit.o(.ARM.Collect$$libinit$$00000000) refers (Special) to libinit2.o(.ARM.Collect$$libinit$$0000002E) for __rt_lib_init_argv_1
    libinit.o(.ARM.Collect$$libinit$$00000000) refers (Special) to libinit2.o(.ARM.Collect$$libinit$$0000001D) for __rt_lib_init_atexit_1
    libinit.o(.ARM.Collect$$libinit$$00000000) refers (Special) to libinit2.o(.ARM.Collect$$libinit$$00000023) for __rt_lib_init_clock_1
    libinit.o(.ARM.Collect$$libinit$$00000000) refers (Special) to libinit2.o(.ARM.Collect$$libinit$$00000034) for __rt_lib_init_cpp_1
    libinit.o(.ARM.Collect$$libinit$$00000000) refers (Special) to libinit2.o(.ARM.Collect$$libinit$$00000032) for __rt_lib_init_exceptions_1
    libinit.o(.ARM.Collect$$libinit$$00000000) refers (Special) to libinit2.o(.ARM.Collect$$libinit$$00000002) for __rt_lib_init_fp_1
    libinit.o(.ARM.Collect$$libinit$$00000000) refers (Special) to libinit2.o(.ARM.Collect$$libinit$$00000021) for __rt_lib_init_fp_trap_1
    libinit.o(.ARM.Collect$$libinit$$00000000) refers (Special) to libinit2.o(.ARM.Collect$$libinit$$00000025) for __rt_lib_init_getenv_1
    libinit.o(.ARM.Collect$$libinit$$00000000) refers (Special) to libinit2.o(.ARM.Collect$$libinit$$0000000C) for __rt_lib_init_heap_1
    libinit.o(.ARM.Collect$$libinit$$00000000) refers (Special) to libinit2.o(.ARM.Collect$$libinit$$00000013) for __rt_lib_init_lc_collate_1
    libinit.o(.ARM.Collect$$libinit$$00000000) refers (Special) to libinit2.o(.ARM.Collect$$libinit$$00000015) for __rt_lib_init_lc_ctype_1
    libinit.o(.ARM.Collect$$libinit$$00000000) refers (Special) to libinit2.o(.ARM.Collect$$libinit$$00000017) for __rt_lib_init_lc_monetary_1
    libinit.o(.ARM.Collect$$libinit$$00000000) refers (Special) to libinit2.o(.ARM.Collect$$libinit$$00000019) for __rt_lib_init_lc_numeric_1
    libinit.o(.ARM.Collect$$libinit$$00000000) refers (Special) to libinit2.o(.ARM.Collect$$libinit$$0000001B) for __rt_lib_init_lc_time_1
    libinit.o(.ARM.Collect$$libinit$$00000000) refers (Special) to libinit2.o(.ARM.Collect$$libinit$$00000006) for __rt_lib_init_preinit_1
    libinit.o(.ARM.Collect$$libinit$$00000000) refers (Special) to libinit2.o(.ARM.Collect$$libinit$$00000010) for __rt_lib_init_rand_1
    libinit.o(.ARM.Collect$$libinit$$00000000) refers (Special) to libinit2.o(.ARM.Collect$$libinit$$00000004) for __rt_lib_init_relocate_pie_1
    libinit.o(.ARM.Collect$$libinit$$00000000) refers (Special) to libinit2.o(.ARM.Collect$$libinit$$00000035) for __rt_lib_init_return
    libinit.o(.ARM.Collect$$libinit$$00000000) refers (Special) to libinit2.o(.ARM.Collect$$libinit$$0000001F) for __rt_lib_init_signal_1
    libinit.o(.ARM.Collect$$libinit$$00000000) refers (Special) to libinit2.o(.ARM.Collect$$libinit$$00000027) for __rt_lib_init_stdio_1
    libinit.o(.ARM.Collect$$libinit$$00000000) refers (Special) to libinit2.o(.ARM.Collect$$libinit$$0000000E) for __rt_lib_init_user_alloc_1
    libspace.o(.text) refers to libspace.o(.bss) for __libspace_start
    rtexit.o(.ARM.Collect$$rtexit$$00000000) refers (Special) to rtexit2.o(.ARM.Collect$$rtexit$$00000004) for __rt_exit_exit
    rtexit.o(.ARM.Collect$$rtexit$$00000000) refers (Special) to rtexit2.o(.ARM.Collect$$rtexit$$00000003) for __rt_exit_ls
    rtexit.o(.ARM.Collect$$rtexit$$00000000) refers (Special) to rtexit2.o(.ARM.Collect$$rtexit$$00000002) for __rt_exit_prels_1
    rtexit.o(.ARM.exidx) refers (Special) to rtexit2.o(.ARM.Collect$$rtexit$$00000004) for __rt_exit_exit
    rtexit.o(.ARM.exidx) refers (Special) to rtexit2.o(.ARM.Collect$$rtexit$$00000003) for __rt_exit_ls
    rtexit.o(.ARM.exidx) refers (Special) to rtexit2.o(.ARM.Collect$$rtexit$$00000002) for __rt_exit_prels_1
    rtexit.o(.ARM.exidx) refers to rtexit.o(.ARM.Collect$$rtexit$$00000000) for .ARM.Collect$$rtexit$$00000000
    libinit2.o(.ARM.Collect$$libinit$$00000012) refers to libinit2.o(.ARM.Collect$$libinit$$00000011) for .ARM.Collect$$libinit$$00000011
    libinit2.o(.ARM.Collect$$libinit$$00000014) refers to libinit2.o(.ARM.Collect$$libinit$$00000011) for .ARM.Collect$$libinit$$00000011
    libinit2.o(.ARM.Collect$$libinit$$00000016) refers to libinit2.o(.ARM.Collect$$libinit$$00000011) for .ARM.Collect$$libinit$$00000011
    libinit2.o(.ARM.Collect$$libinit$$00000018) refers to libinit2.o(.ARM.Collect$$libinit$$00000011) for .ARM.Collect$$libinit$$00000011
    libinit2.o(.ARM.Collect$$libinit$$0000001A) refers to libinit2.o(.ARM.Collect$$libinit$$00000011) for .ARM.Collect$$libinit$$00000011
    libinit2.o(.ARM.Collect$$libinit$$00000028) refers to argv_veneer.o(.emb_text) for __ARM_argv_veneer
    libinit2.o(.ARM.Collect$$libinit$$00000029) refers to argv_veneer.o(.emb_text) for __ARM_argv_veneer
    rtexit2.o(.ARM.Collect$$rtexit$$00000003) refers to libshutdown.o(.ARM.Collect$$libshutdown$$00000000) for __rt_lib_shutdown
    rtexit2.o(.ARM.Collect$$rtexit$$00000004) refers to sys_exit.o(.text) for _sys_exit
    rtexit2.o(.ARM.exidx) refers to rtexit2.o(.ARM.Collect$$rtexit$$00000001) for .ARM.Collect$$rtexit$$00000001
    rtexit2.o(.ARM.exidx) refers to rtexit2.o(.ARM.Collect$$rtexit$$00000003) for .ARM.Collect$$rtexit$$00000003
    rtexit2.o(.ARM.exidx) refers to rtexit2.o(.ARM.Collect$$rtexit$$00000004) for .ARM.Collect$$rtexit$$00000004
    argv_veneer.o(.emb_text) refers to no_argv.o(.text) for __ARM_get_argv
    sys_exit.o(.text) refers (Special) to use_no_semi.o(.text) for __I$use$semihosting
    sys_exit.o(.text) refers (Special) to indicate_semi.o(.text) for __semihosting_library_function
    sys_exit_hlt.o(.text) refers (Special) to use_no_semi.o(.text) for __I$use$semihosting
    sys_exit_hlt.o(.text) refers (Special) to indicate_semi.o(.text) for __semihosting_library_function
    _get_argv_nomalloc.o(.text) refers (Special) to hrguard.o(.text) for __heap_region$guard
    _get_argv_nomalloc.o(.text) refers to defsig_rtmem_outer.o(.text) for __rt_SIGRTMEM
    _get_argv_nomalloc.o(.text) refers to sys_command.o(.text) for _sys_command_string
    libshutdown.o(.ARM.Collect$$libshutdown$$00000000) refers (Special) to libshutdown2.o(.ARM.Collect$$libshutdown$$00000002) for __rt_lib_shutdown_cpp_1
    libshutdown.o(.ARM.Collect$$libshutdown$$00000000) refers (Special) to libshutdown2.o(.ARM.Collect$$libshutdown$$00000007) for __rt_lib_shutdown_fp_trap_1
    libshutdown.o(.ARM.Collect$$libshutdown$$00000000) refers (Special) to libshutdown2.o(.ARM.Collect$$libshutdown$$0000000F) for __rt_lib_shutdown_heap_1
    libshutdown.o(.ARM.Collect$$libshutdown$$00000000) refers (Special) to libshutdown2.o(.ARM.Collect$$libshutdown$$00000010) for __rt_lib_shutdown_return
    libshutdown.o(.ARM.Collect$$libshutdown$$00000000) refers (Special) to libshutdown2.o(.ARM.Collect$$libshutdown$$0000000A) for __rt_lib_shutdown_signal_1
    libshutdown.o(.ARM.Collect$$libshutdown$$00000000) refers (Special) to libshutdown2.o(.ARM.Collect$$libshutdown$$00000004) for __rt_lib_shutdown_stdio_1
    libshutdown.o(.ARM.Collect$$libshutdown$$00000000) refers (Special) to libshutdown2.o(.ARM.Collect$$libshutdown$$0000000C) for __rt_lib_shutdown_user_alloc_1
    sys_command.o(.text) refers (Special) to use_no_semi.o(.text) for __I$use$semihosting
    sys_command.o(.text) refers (Special) to indicate_semi.o(.text) for __semihosting_library_function
    sys_command_hlt.o(.text) refers (Special) to use_no_semi.o(.text) for __I$use$semihosting
    sys_command_hlt.o(.text) refers (Special) to indicate_semi.o(.text) for __semihosting_library_function
    defsig_rtmem_outer.o(.text) refers to defsig_rtmem_inner.o(.text) for __rt_SIGRTMEM_inner
    defsig_rtmem_outer.o(.text) refers to defsig_exit.o(.text) for __sig_exit
    defsig_rtmem_formal.o(.text) refers to rt_raise.o(.text) for __rt_raise
    rt_raise.o(.text) refers to __raise.o(.text) for __raise
    rt_raise.o(.text) refers to sys_exit.o(.text) for _sys_exit
    defsig_exit.o(.text) refers to sys_exit.o(.text) for _sys_exit
    defsig_rtmem_inner.o(.text) refers to defsig_general.o(.text) for __default_signal_display
    __raise.o(.text) refers to defsig.o(CL$$defsig) for __default_signal_handler
    defsig_general.o(.text) refers to sys_wrch.o(.text) for _ttywrch
    sys_wrch.o(.text) refers (Special) to use_no_semi.o(.text) for __I$use$semihosting
    sys_wrch.o(.text) refers (Special) to indicate_semi.o(.text) for __semihosting_library_function
    sys_wrch_hlt.o(.text) refers (Special) to use_no_semi.o(.text) for __I$use$semihosting
    sys_wrch_hlt.o(.text) refers (Special) to indicate_semi.o(.text) for __semihosting_library_function
    defsig.o(CL$$defsig) refers to defsig_rtmem_inner.o(.text) for __rt_SIGRTMEM_inner
    defsig_abrt_inner.o(.text) refers to defsig_general.o(.text) for __default_signal_display
    defsig_fpe_inner.o(.text) refers to defsig_general.o(.text) for __default_signal_display
    defsig_rtred_inner.o(.text) refers to defsig_general.o(.text) for __default_signal_display
    defsig_stak_inner.o(.text) refers to defsig_general.o(.text) for __default_signal_display
    defsig_pvfn_inner.o(.text) refers to defsig_general.o(.text) for __default_signal_display
    defsig_cppl_inner.o(.text) refers to defsig_general.o(.text) for __default_signal_display
    defsig_segv_inner.o(.text) refers to defsig_general.o(.text) for __default_signal_display
    defsig_other.o(.text) refers to defsig_general.o(.text) for __default_signal_display


==============================================================================

Removing Unused input sections from the image.

    Removing spi.o(.text), (0 bytes).
    Removing spi.o(.text.SPI_voidInit), (84 bytes).
    Removing spi.o(.ARM.exidx.text.SPI_voidInit), (8 bytes).
    Removing spi.o(.text.SPI_voidSendReceieveCharSynch), (32 bytes).
    Removing spi.o(.ARM.exidx.text.SPI_voidSendReceieveCharSynch), (8 bytes).
    Removing spi.o(.text.SPI_enu_SendDataAsynch), (88 bytes).
    Removing spi.o(.ARM.exidx.text.SPI_enu_SendDataAsynch), (8 bytes).
    Removing spi.o(.text.SPI_enu_SendStreamAsynch), (114 bytes).
    Removing spi.o(.ARM.exidx.text.SPI_enu_SendStreamAsynch), (8 bytes).
    Removing spi.o(.text.SPI_enu_SendRecieveStreamSynch), (58 bytes).
    Removing spi.o(.ARM.exidx.text.SPI_enu_SendRecieveStreamSynch), (8 bytes).
    Removing spi.o(.text.SPI_enu_GetDataAsynch), (8 bytes).
    Removing spi.o(.ARM.exidx.text.SPI_enu_GetDataAsynch), (8 bytes).
    Removing spi.o(.text.SPI_voidsetCallBck), (16 bytes).
    Removing spi.o(.ARM.exidx.text.SPI_voidsetCallBck), (8 bytes).
    Removing spi.o(.ARM.exidx.text.SPI1_IRQHandler), (8 bytes).
    Removing rcc_program.o(.text), (0 bytes).
    Removing rcc_program.o(.ARM.exidx.text.MRCC_voidInit), (8 bytes).
    Removing rcc_program.o(.text.MRCC_voidClkEnable), (44 bytes).
    Removing rcc_program.o(.ARM.exidx.text.MRCC_voidClkEnable), (8 bytes).
    Removing rcc_program.o(.text.MRCC_u8CheckClockReady), (64 bytes).
    Removing rcc_program.o(.ARM.exidx.text.MRCC_u8CheckClockReady), (8 bytes).
    Removing rcc_program.o(.text.MRCC_voidSetBusesPrescaler), (64 bytes).
    Removing rcc_program.o(.ARM.exidx.text.MRCC_voidSetBusesPrescaler), (8 bytes).
    Removing rcc_program.o(.text.MRCC_voidSetClkSource), (66 bytes).
    Removing rcc_program.o(.ARM.exidx.text.MRCC_voidSetClkSource), (8 bytes).
    Removing rcc_program.o(.text.MRCC_voidClkDisable), (44 bytes).
    Removing rcc_program.o(.ARM.exidx.text.MRCC_voidClkDisable), (8 bytes).
    Removing rcc_program.o(.ARM.exidx.text.MRCC_voidPerClock_State), (8 bytes).
    Removing rcc_program.o(.text.MRCC_voidSetPLLMulFactor), (26 bytes).
    Removing rcc_program.o(.ARM.exidx.text.MRCC_voidSetPLLMulFactor), (8 bytes).
    Removing rcc_program.o(.text.MRCC_voidSetPLLSource), (58 bytes).
    Removing rcc_program.o(.ARM.exidx.text.MRCC_voidSetPLLSource), (8 bytes).
    Removing dio_program.o(.text), (0 bytes).
    Removing dio_program.o(.ARM.exidx.text.MGPIO_voidSetPinDirection), (8 bytes).
    Removing dio_program.o(.ARM.exidx.text.MGPIO_voidSetPinValue), (8 bytes).
    Removing dio_program.o(.text.MGPIO_u8GetPinValue), (42 bytes).
    Removing dio_program.o(.ARM.exidx.text.MGPIO_u8GetPinValue), (8 bytes).
    Removing dio_program.o(.text.delay), (2 bytes).
    Removing dio_program.o(.ARM.exidx.text.delay), (8 bytes).
    Removing dio_program.o(.text.SEVEN_SEGMENT), (592 bytes).
    Removing dio_program.o(.ARM.exidx.text.SEVEN_SEGMENT), (8 bytes).
    Removing dio_program.o(.text.MGPIO_voidSetPortDirection), (74 bytes).
    Removing dio_program.o(.ARM.exidx.text.MGPIO_voidSetPortDirection), (8 bytes).
    Removing dio_program.o(.text.MGPIO_voidSetPortValue), (36 bytes).
    Removing dio_program.o(.ARM.exidx.text.MGPIO_voidSetPortValue), (8 bytes).
    Removing dio_program.o(.text.MDIO_voidPingPong), (268 bytes).
    Removing dio_program.o(.ARM.exidx.text.MDIO_voidPingPong), (8 bytes).
    Removing dio_program.o(.text.MDIO_voidSimultaneously), (120 bytes).
    Removing dio_program.o(.ARM.exidx.text.MDIO_voidSimultaneously), (8 bytes).
    Removing dio_program.o(.text.MDIO_voidComingandGoing), (196 bytes).
    Removing dio_program.o(.ARM.exidx.text.MDIO_voidComingandGoing), (8 bytes).
    Removing v2v-networkecu.o(.text), (0 bytes).
    Removing nrf24l01.o(.text), (0 bytes).
    Removing nrf24l01.o(.text.NRF24L01_init), (302 bytes).
    Removing nrf24l01.o(.ARM.exidx.text.NRF24L01_init), (8 bytes).
    Removing nrf24l01.o(.text.NRF24L01_reset), (698 bytes).
    Removing nrf24l01.o(.ARM.exidx.text.NRF24L01_reset), (8 bytes).
    Removing nrf24l01.o(.text.NRF24L01_switchToTransmitterMode), (226 bytes).
    Removing nrf24l01.o(.ARM.exidx.text.NRF24L01_switchToTransmitterMode), (8 bytes).
    Removing nrf24l01.o(.text.NRF24L01_switchToReceiverMode), (560 bytes).
    Removing nrf24l01.o(.ARM.exidx.text.NRF24L01_switchToReceiverMode), (8 bytes).
    Removing nrf24l01.o(.text.NRF24L01_checkDataPipe), (150 bytes).
    Removing nrf24l01.o(.ARM.exidx.text.NRF24L01_checkDataPipe), (8 bytes).
    Removing nrf24l01.o(.text.NRF24L01_sendData), (60 bytes).
    Removing nrf24l01.o(.ARM.exidx.text.NRF24L01_sendData), (8 bytes).
    Removing nrf24l01.o(.text.NRF24L01_readData), (60 bytes).
    Removing nrf24l01.o(.ARM.exidx.text.NRF24L01_readData), (8 bytes).
    Removing nrf24l01.o(.bss.G_statusRegister), (1 bytes).
    Removing nrf24l01.o(.data.G_transmitterAddress), (5 bytes).
    Removing nrf24l01.o(.data.G_receiverPipe0Address), (5 bytes).
    Removing nrf24l01.o(.data.G_receiverPipe1Address), (5 bytes).
    Removing nrf24l01.o(.data.G_receiverPipe2Address), (5 bytes).
    Removing nrf24l01.o(.data.G_receiverPipe3Address), (5 bytes).
    Removing nrf24l01.o(.data.G_receiverPipe4Address), (5 bytes).
    Removing nrf24l01.o(.data.G_receiverPipe5Address), (5 bytes).
    Removing main.o(.text), (0 bytes).
    Removing main.o(.ARM.exidx.text.main), (8 bytes).
    Removing main.o(.bss.arr), (20 bytes).
    Removing main.o(.rodata.cst16), (16 bytes).
    Removing main.o(.ARM.use_no_argv), (4 bytes).
    Removing can.o(.text), (0 bytes).
    Removing can.o(.ARM.exidx.text.CAN_enuInit), (8 bytes).
    Removing can.o(.text.CAN_enuTransmit), (3024 bytes).
    Removing can.o(.ARM.exidx.text.CAN_enuTransmit), (8 bytes).
    Removing can.o(.ARM.exidx.text.CAN_enuCreateFilter), (8 bytes).
    Removing can.o(.ARM.exidx.text.CAN_enuRecieve), (8 bytes).
    Removing can.o(.text.CAN_enuChangeMode), (146 bytes).
    Removing can.o(.ARM.exidx.text.CAN_enuChangeMode), (8 bytes).
    Removing can.o(.text.CAN_enuAbort), (48 bytes).
    Removing can.o(.ARM.exidx.text.CAN_enuAbort), (8 bytes).
    Removing can.o(.text.CAN_enuGoTestMode), (122 bytes).
    Removing can.o(.ARM.exidx.text.CAN_enuGoTestMode), (8 bytes).
    Removing system_stm32f10x.o(.text), (0 bytes).
    Removing system_stm32f10x.o(.ARM.exidx.text.SystemInit), (8 bytes).
    Removing system_stm32f10x.o(.text.SystemCoreClockUpdate), (110 bytes).
    Removing system_stm32f10x.o(.ARM.exidx.text.SystemCoreClockUpdate), (8 bytes).
    Removing system_stm32f10x.o(.data.SystemCoreClock), (4 bytes).
    Removing system_stm32f10x.o(.rodata.AHBPrescTable), (16 bytes).

99 unused section(s) (total 8050 bytes) removed from the image.

==============================================================================

Image Symbol Table

    Local Symbols

    Symbol Name                              Value     Ov Type        Size  Object(Section)

    ../clib/angel/boardlib.s                 0x00000000   Number         0  boardinit1.o ABSOLUTE
    ../clib/angel/boardlib.s                 0x00000000   Number         0  boardinit2.o ABSOLUTE
    ../clib/angel/boardlib.s                 0x00000000   Number         0  boardinit3.o ABSOLUTE
    ../clib/angel/boardlib.s                 0x00000000   Number         0  boardshut.o ABSOLUTE
    ../clib/angel/handlers.s                 0x00000000   Number         0  __scatter_copy.o ABSOLUTE
    ../clib/angel/handlers.s                 0x00000000   Number         0  __scatter_zi.o ABSOLUTE
    ../clib/angel/kernel.s                   0x00000000   Number         0  __rtentry.o ABSOLUTE
    ../clib/angel/kernel.s                   0x00000000   Number         0  __rtentry2.o ABSOLUTE
    ../clib/angel/kernel.s                   0x00000000   Number         0  __rtentry4.o ABSOLUTE
    ../clib/angel/kernel.s                   0x00000000   Number         0  rtexit.o ABSOLUTE
    ../clib/angel/kernel.s                   0x00000000   Number         0  rtexit2.o ABSOLUTE
    ../clib/angel/rt.s                       0x00000000   Number         0  rt_raise.o ABSOLUTE
    ../clib/angel/scatter.s                  0x00000000   Number         0  __scatter.o ABSOLUTE
    ../clib/angel/startup.s                  0x00000000   Number         0  __main.o ABSOLUTE
    ../clib/angel/sys.s                      0x00000000   Number         0  sys_stackheap_outer.o ABSOLUTE
    ../clib/angel/sys.s                      0x00000000   Number         0  libspace.o ABSOLUTE
    ../clib/angel/sys.s                      0x00000000   Number         0  use_no_semi.o ABSOLUTE
    ../clib/angel/sys.s                      0x00000000   Number         0  indicate_semi.o ABSOLUTE
    ../clib/angel/sysapp.c                   0x00000000   Number         0  sys_exit.o ABSOLUTE
    ../clib/angel/sysapp.c                   0x00000000   Number         0  sys_exit_hlt.o ABSOLUTE
    ../clib/angel/sysapp.c                   0x00000000   Number         0  sys_command.o ABSOLUTE
    ../clib/angel/sysapp.c                   0x00000000   Number         0  sys_command_hlt.o ABSOLUTE
    ../clib/angel/sysapp.c                   0x00000000   Number         0  sys_wrch.o ABSOLUTE
    ../clib/angel/sysapp.c                   0x00000000   Number         0  sys_wrch_hlt.o ABSOLUTE
    ../clib/armsys.c                         0x00000000   Number         0  argv_veneer.o ABSOLUTE
    ../clib/armsys.c                         0x00000000   Number         0  argv_veneer.o ABSOLUTE
    ../clib/armsys.c                         0x00000000   Number         0  _get_argv_nomalloc.o ABSOLUTE
    ../clib/armsys.c                         0x00000000   Number         0  no_argv.o ABSOLUTE
    ../clib/heapalloc.c                      0x00000000   Number         0  hrguard.o ABSOLUTE
    ../clib/heapaux.c                        0x00000000   Number         0  heapauxi.o ABSOLUTE
    ../clib/libinit.s                        0x00000000   Number         0  libinit.o ABSOLUTE
    ../clib/libinit.s                        0x00000000   Number         0  libinit2.o ABSOLUTE
    ../clib/libinit.s                        0x00000000   Number         0  libshutdown.o ABSOLUTE
    ../clib/libinit.s                        0x00000000   Number         0  libshutdown2.o ABSOLUTE
    ../clib/signal.c                         0x00000000   Number         0  defsig_rtmem_outer.o ABSOLUTE
    ../clib/signal.c                         0x00000000   Number         0  defsig_rtmem_formal.o ABSOLUTE
    ../clib/signal.c                         0x00000000   Number         0  defsig_exit.o ABSOLUTE
    ../clib/signal.c                         0x00000000   Number         0  defsig_rtmem_inner.o ABSOLUTE
    ../clib/signal.c                         0x00000000   Number         0  __raise.o ABSOLUTE
    ../clib/signal.c                         0x00000000   Number         0  defsig_general.o ABSOLUTE
    ../clib/signal.c                         0x00000000   Number         0  defsig_abrt_inner.o ABSOLUTE
    ../clib/signal.c                         0x00000000   Number         0  defsig_fpe_inner.o ABSOLUTE
    ../clib/signal.c                         0x00000000   Number         0  defsig_rtred_inner.o ABSOLUTE
    ../clib/signal.c                         0x00000000   Number         0  defsig_stak_inner.o ABSOLUTE
    ../clib/signal.c                         0x00000000   Number         0  defsig_pvfn_inner.o ABSOLUTE
    ../clib/signal.c                         0x00000000   Number         0  defsig_cppl_inner.o ABSOLUTE
    ../clib/signal.c                         0x00000000   Number         0  defsig_segv_inner.o ABSOLUTE
    ../clib/signal.c                         0x00000000   Number         0  defsig_other.o ABSOLUTE
    ../clib/signal.s                         0x00000000   Number         0  defsig.o ABSOLUTE
    ../clib/stdlib.c                         0x00000000   Number         0  exit.o ABSOLUTE
    ../fplib/fpinit.s                        0x00000000   Number         0  fpinit.o ABSOLUTE
    ../fplib/fpinit_empty.s                  0x00000000   Number         0  fpinit_empty.o ABSOLUTE
    Can.c                                    0x00000000   Number         0  can.o ABSOLUTE
    DIO_PROGRAM.c                            0x00000000   Number         0  dio_program.o ABSOLUTE
    RCC_program.c                            0x00000000   Number         0  rcc_program.o ABSOLUTE
    RTE/Device/STM32F103C8/startup_stm32f10x_md.s 0x00000000   Number         0  startup_stm32f10x_md.o ABSOLUTE
    SPI.c                                    0x00000000   Number         0  spi.o ABSOLUTE
    V2V-networkECU.c                         0x00000000   Number         0  v2v-networkecu.o ABSOLUTE
    dc.s                                     0x00000000   Number         0  dc.o ABSOLUTE
    main.c                                   0x00000000   Number         0  main.o ABSOLUTE
    nrf24l01.c                               0x00000000   Number         0  nrf24l01.o ABSOLUTE
    system_stm32f10x.c                       0x00000000   Number         0  system_stm32f10x.o ABSOLUTE
    RESET                                    0x08000000   Section      236  startup_stm32f10x_md.o(RESET)
    !!!main                                  0x080000ec   Section        8  __main.o(!!!main)
    !!!scatter                               0x080000f4   Section       52  __scatter.o(!!!scatter)
    !!handler_copy                           0x08000128   Section       26  __scatter_copy.o(!!handler_copy)
    !!handler_zi                             0x08000144   Section       28  __scatter_zi.o(!!handler_zi)
    .ARM.Collect$$libinit$$00000000          0x08000160   Section        2  libinit.o(.ARM.Collect$$libinit$$00000000)
    .ARM.Collect$$libinit$$00000002          0x08000162   Section        0  libinit2.o(.ARM.Collect$$libinit$$00000002)
    .ARM.Collect$$libinit$$00000004          0x08000162   Section        0  libinit2.o(.ARM.Collect$$libinit$$00000004)
    .ARM.Collect$$libinit$$00000006          0x08000162   Section        0  libinit2.o(.ARM.Collect$$libinit$$00000006)
    .ARM.Collect$$libinit$$0000000C          0x08000162   Section        0  libinit2.o(.ARM.Collect$$libinit$$0000000C)
    .ARM.Collect$$libinit$$0000000E          0x08000162   Section        0  libinit2.o(.ARM.Collect$$libinit$$0000000E)
    .ARM.Collect$$libinit$$00000010          0x08000162   Section        0  libinit2.o(.ARM.Collect$$libinit$$00000010)
    .ARM.Collect$$libinit$$00000013          0x08000162   Section        0  libinit2.o(.ARM.Collect$$libinit$$00000013)
    .ARM.Collect$$libinit$$00000015          0x08000162   Section        0  libinit2.o(.ARM.Collect$$libinit$$00000015)
    .ARM.Collect$$libinit$$00000017          0x08000162   Section        0  libinit2.o(.ARM.Collect$$libinit$$00000017)
    .ARM.Collect$$libinit$$00000019          0x08000162   Section        0  libinit2.o(.ARM.Collect$$libinit$$00000019)
    .ARM.Collect$$libinit$$0000001B          0x08000162   Section        0  libinit2.o(.ARM.Collect$$libinit$$0000001B)
    .ARM.Collect$$libinit$$0000001D          0x08000162   Section        0  libinit2.o(.ARM.Collect$$libinit$$0000001D)
    .ARM.Collect$$libinit$$0000001F          0x08000162   Section        0  libinit2.o(.ARM.Collect$$libinit$$0000001F)
    .ARM.Collect$$libinit$$00000021          0x08000162   Section        0  libinit2.o(.ARM.Collect$$libinit$$00000021)
    .ARM.Collect$$libinit$$00000023          0x08000162   Section        0  libinit2.o(.ARM.Collect$$libinit$$00000023)
    .ARM.Collect$$libinit$$00000025          0x08000162   Section        0  libinit2.o(.ARM.Collect$$libinit$$00000025)
    .ARM.Collect$$libinit$$00000027          0x08000162   Section        0  libinit2.o(.ARM.Collect$$libinit$$00000027)
    .ARM.Collect$$libinit$$0000002E          0x08000162   Section        0  libinit2.o(.ARM.Collect$$libinit$$0000002E)
    .ARM.Collect$$libinit$$00000030          0x08000162   Section        0  libinit2.o(.ARM.Collect$$libinit$$00000030)
    .ARM.Collect$$libinit$$00000032          0x08000162   Section        0  libinit2.o(.ARM.Collect$$libinit$$00000032)
    .ARM.Collect$$libinit$$00000034          0x08000162   Section        0  libinit2.o(.ARM.Collect$$libinit$$00000034)
    .ARM.Collect$$libinit$$00000035          0x08000162   Section        2  libinit2.o(.ARM.Collect$$libinit$$00000035)
    .ARM.Collect$$libshutdown$$00000000      0x08000164   Section        2  libshutdown.o(.ARM.Collect$$libshutdown$$00000000)
    .ARM.Collect$$libshutdown$$00000002      0x08000166   Section        0  libshutdown2.o(.ARM.Collect$$libshutdown$$00000002)
    .ARM.Collect$$libshutdown$$00000004      0x08000166   Section        0  libshutdown2.o(.ARM.Collect$$libshutdown$$00000004)
    .ARM.Collect$$libshutdown$$00000007      0x08000166   Section        0  libshutdown2.o(.ARM.Collect$$libshutdown$$00000007)
    .ARM.Collect$$libshutdown$$0000000A      0x08000166   Section        0  libshutdown2.o(.ARM.Collect$$libshutdown$$0000000A)
    .ARM.Collect$$libshutdown$$0000000C      0x08000166   Section        0  libshutdown2.o(.ARM.Collect$$libshutdown$$0000000C)
    .ARM.Collect$$libshutdown$$0000000F      0x08000166   Section        0  libshutdown2.o(.ARM.Collect$$libshutdown$$0000000F)
    .ARM.Collect$$libshutdown$$00000010      0x08000166   Section        2  libshutdown2.o(.ARM.Collect$$libshutdown$$00000010)
    .ARM.Collect$$rtentry$$00000000          0x08000168   Section        0  __rtentry.o(.ARM.Collect$$rtentry$$00000000)
    .ARM.Collect$$rtentry$$00000002          0x08000168   Section        0  __rtentry2.o(.ARM.Collect$$rtentry$$00000002)
    .ARM.Collect$$rtentry$$00000004          0x08000168   Section        6  __rtentry4.o(.ARM.Collect$$rtentry$$00000004)
    .ARM.Collect$$rtentry$$00000009          0x0800016e   Section        0  __rtentry2.o(.ARM.Collect$$rtentry$$00000009)
    .ARM.Collect$$rtentry$$0000000A          0x0800016e   Section        4  __rtentry2.o(.ARM.Collect$$rtentry$$0000000A)
    .ARM.Collect$$rtentry$$0000000C          0x08000172   Section        0  __rtentry2.o(.ARM.Collect$$rtentry$$0000000C)
    .ARM.Collect$$rtentry$$0000000D          0x08000172   Section        8  __rtentry2.o(.ARM.Collect$$rtentry$$0000000D)
    .ARM.Collect$$rtexit$$00000000           0x0800017a   Section        2  rtexit.o(.ARM.Collect$$rtexit$$00000000)
    .ARM.Collect$$rtexit$$00000002           0x0800017c   Section        0  rtexit2.o(.ARM.Collect$$rtexit$$00000002)
    .ARM.Collect$$rtexit$$00000003           0x0800017c   Section        4  rtexit2.o(.ARM.Collect$$rtexit$$00000003)
    .ARM.Collect$$rtexit$$00000004           0x08000180   Section        6  rtexit2.o(.ARM.Collect$$rtexit$$00000004)
    .text                                    0x08000188   Section       64  startup_stm32f10x_md.o(.text)
    .text                                    0x080001c8   Section        0  heapauxi.o(.text)
    .text                                    0x080001ce   Section       74  sys_stackheap_outer.o(.text)
    .text                                    0x08000218   Section        0  exit.o(.text)
    .text                                    0x0800022c   Section        8  libspace.o(.text)
    .text                                    0x08000234   Section        0  sys_exit.o(.text)
    .text                                    0x08000240   Section        2  use_no_semi.o(.text)
    .text                                    0x08000242   Section        0  indicate_semi.o(.text)
    [Anonymous Symbol]                       0x08000244   Section        0  can.o(.text.CAN_enuCreateFilter)
    [Anonymous Symbol]                       0x08001758   Section        0  can.o(.text.CAN_enuInit)
    [Anonymous Symbol]                       0x0800188c   Section        0  can.o(.text.CAN_enuRecieve)
    [Anonymous Symbol]                       0x08001d94   Section        0  dio_program.o(.text.MGPIO_voidSetPinDirection)
    [Anonymous Symbol]                       0x08001e7c   Section        0  dio_program.o(.text.MGPIO_voidSetPinValue)
    [Anonymous Symbol]                       0x08001f2c   Section        0  rcc_program.o(.text.MRCC_voidInit)
    [Anonymous Symbol]                       0x08001f88   Section        0  rcc_program.o(.text.MRCC_voidPerClock_State)
    [Anonymous Symbol]                       0x08002028   Section        0  spi.o(.text.SPI1_IRQHandler)
    [Anonymous Symbol]                       0x0800208c   Section        0  system_stm32f10x.o(.text.SystemInit)
    [Anonymous Symbol]                       0x0800219c   Section        0  main.o(.text.main)
    .bss                                     0x200000d0   Section       96  libspace.o(.bss)
    Heap_Mem                                 0x20000300   Data         512  startup_stm32f10x_md.o(HEAP)
    HEAP                                     0x20000300   Section      512  startup_stm32f10x_md.o(HEAP)
    Stack_Mem                                0x20000500   Data        1024  startup_stm32f10x_md.o(STACK)
    STACK                                    0x20000500   Section     1024  startup_stm32f10x_md.o(STACK)
    __initial_sp                             0x20000900   Data           0  startup_stm32f10x_md.o(STACK)

    Global Symbols

    Symbol Name                              Value     Ov Type        Size  Object(Section)

    BuildAttributes$$THM_ISAv4$P$D$K$B$S$PE$A:L22UL41UL21$X:L11$S22US41US21$IEEE1$IW$~IW$USESV6$~STKCKD$USESV7$~SHL$OTIME$ROPI$EBA8$UX$STANDARDLIB$REQ8$PRES8$EABIv2 0x00000000   Number         0  anon$$obj.o ABSOLUTE
    __fp_init_empty                          0x00000000   Number         0  fpinit_empty.o ABSOLUTE
    __ARM_exceptions_init                     - Undefined Weak Reference
    __alloca_initialize                       - Undefined Weak Reference
    __arm_preinit_                            - Undefined Weak Reference
    __arm_relocate_pie_                       - Undefined Weak Reference
    __cpp_initialize__aeabi_                  - Undefined Weak Reference
    __cxa_finalize                            - Undefined Weak Reference
    __rt_locale                               - Undefined Weak Reference
    __sigvec_lookup                           - Undefined Weak Reference
    _atexit_init                              - Undefined Weak Reference
    _call_atexit_fns                          - Undefined Weak Reference
    _clock_init                               - Undefined Weak Reference
    _fp_trap_init                             - Undefined Weak Reference
    _fp_trap_shutdown                         - Undefined Weak Reference
    _get_lc_collate                           - Undefined Weak Reference
    _get_lc_ctype                             - Undefined Weak Reference
    _get_lc_monetary                          - Undefined Weak Reference
    _get_lc_numeric                           - Undefined Weak Reference
    _get_lc_time                              - Undefined Weak Reference
    _getenv_init                              - Undefined Weak Reference
    _handle_redirection                       - Undefined Weak Reference
    _init_alloc                               - Undefined Weak Reference
    _init_user_alloc                          - Undefined Weak Reference
    _initio                                   - Undefined Weak Reference
    _rand_init                                - Undefined Weak Reference
    _signal_finish                            - Undefined Weak Reference
    _signal_init                              - Undefined Weak Reference
    _terminate_alloc                          - Undefined Weak Reference
    _terminate_user_alloc                     - Undefined Weak Reference
    _terminateio                              - Undefined Weak Reference
    __Vectors_Size                           0x000000ec   Number         0  startup_stm32f10x_md.o ABSOLUTE
    __Vectors                                0x08000000   Data           4  startup_stm32f10x_md.o(RESET)
    __Vectors_End                            0x080000ec   Data           0  startup_stm32f10x_md.o(RESET)
    __main                                   0x080000ed   Thumb Code     8  __main.o(!!!main)
    __scatterload                            0x080000f5   Thumb Code     0  __scatter.o(!!!scatter)
    __scatterload_rt2                        0x080000f5   Thumb Code    44  __scatter.o(!!!scatter)
    __scatterload_rt2_thumb_only             0x080000f5   Thumb Code     0  __scatter.o(!!!scatter)
    __scatterload_null                       0x08000103   Thumb Code     0  __scatter.o(!!!scatter)
    __scatterload_copy                       0x08000129   Thumb Code    26  __scatter_copy.o(!!handler_copy)
    __scatterload_zeroinit                   0x08000145   Thumb Code    28  __scatter_zi.o(!!handler_zi)
    __rt_lib_init                            0x08000161   Thumb Code     0  libinit.o(.ARM.Collect$$libinit$$00000000)
    __rt_lib_init_alloca_1                   0x08000163   Thumb Code     0  libinit2.o(.ARM.Collect$$libinit$$00000030)
    __rt_lib_init_argv_1                     0x08000163   Thumb Code     0  libinit2.o(.ARM.Collect$$libinit$$0000002E)
    __rt_lib_init_atexit_1                   0x08000163   Thumb Code     0  libinit2.o(.ARM.Collect$$libinit$$0000001D)
    __rt_lib_init_clock_1                    0x08000163   Thumb Code     0  libinit2.o(.ARM.Collect$$libinit$$00000023)
    __rt_lib_init_cpp_1                      0x08000163   Thumb Code     0  libinit2.o(.ARM.Collect$$libinit$$00000034)
    __rt_lib_init_exceptions_1               0x08000163   Thumb Code     0  libinit2.o(.ARM.Collect$$libinit$$00000032)
    __rt_lib_init_fp_1                       0x08000163   Thumb Code     0  libinit2.o(.ARM.Collect$$libinit$$00000002)
    __rt_lib_init_fp_trap_1                  0x08000163   Thumb Code     0  libinit2.o(.ARM.Collect$$libinit$$00000021)
    __rt_lib_init_getenv_1                   0x08000163   Thumb Code     0  libinit2.o(.ARM.Collect$$libinit$$00000025)
    __rt_lib_init_heap_1                     0x08000163   Thumb Code     0  libinit2.o(.ARM.Collect$$libinit$$0000000C)
    __rt_lib_init_lc_collate_1               0x08000163   Thumb Code     0  libinit2.o(.ARM.Collect$$libinit$$00000013)
    __rt_lib_init_lc_ctype_1                 0x08000163   Thumb Code     0  libinit2.o(.ARM.Collect$$libinit$$00000015)
    __rt_lib_init_lc_monetary_1              0x08000163   Thumb Code     0  libinit2.o(.ARM.Collect$$libinit$$00000017)
    __rt_lib_init_lc_numeric_1               0x08000163   Thumb Code     0  libinit2.o(.ARM.Collect$$libinit$$00000019)
    __rt_lib_init_lc_time_1                  0x08000163   Thumb Code     0  libinit2.o(.ARM.Collect$$libinit$$0000001B)
    __rt_lib_init_preinit_1                  0x08000163   Thumb Code     0  libinit2.o(.ARM.Collect$$libinit$$00000006)
    __rt_lib_init_rand_1                     0x08000163   Thumb Code     0  libinit2.o(.ARM.Collect$$libinit$$00000010)
    __rt_lib_init_relocate_pie_1             0x08000163   Thumb Code     0  libinit2.o(.ARM.Collect$$libinit$$00000004)
    __rt_lib_init_return                     0x08000163   Thumb Code     0  libinit2.o(.ARM.Collect$$libinit$$00000035)
    __rt_lib_init_signal_1                   0x08000163   Thumb Code     0  libinit2.o(.ARM.Collect$$libinit$$0000001F)
    __rt_lib_init_stdio_1                    0x08000163   Thumb Code     0  libinit2.o(.ARM.Collect$$libinit$$00000027)
    __rt_lib_init_user_alloc_1               0x08000163   Thumb Code     0  libinit2.o(.ARM.Collect$$libinit$$0000000E)
    __rt_lib_shutdown                        0x08000165   Thumb Code     0  libshutdown.o(.ARM.Collect$$libshutdown$$00000000)
    __rt_lib_shutdown_cpp_1                  0x08000167   Thumb Code     0  libshutdown2.o(.ARM.Collect$$libshutdown$$00000002)
    __rt_lib_shutdown_fp_trap_1              0x08000167   Thumb Code     0  libshutdown2.o(.ARM.Collect$$libshutdown$$00000007)
    __rt_lib_shutdown_heap_1                 0x08000167   Thumb Code     0  libshutdown2.o(.ARM.Collect$$libshutdown$$0000000F)
    __rt_lib_shutdown_return                 0x08000167   Thumb Code     0  libshutdown2.o(.ARM.Collect$$libshutdown$$00000010)
    __rt_lib_shutdown_signal_1               0x08000167   Thumb Code     0  libshutdown2.o(.ARM.Collect$$libshutdown$$0000000A)
    __rt_lib_shutdown_stdio_1                0x08000167   Thumb Code     0  libshutdown2.o(.ARM.Collect$$libshutdown$$00000004)
    __rt_lib_shutdown_user_alloc_1           0x08000167   Thumb Code     0  libshutdown2.o(.ARM.Collect$$libshutdown$$0000000C)
    __rt_entry                               0x08000169   Thumb Code     0  __rtentry.o(.ARM.Collect$$rtentry$$00000000)
    __rt_entry_presh_1                       0x08000169   Thumb Code     0  __rtentry2.o(.ARM.Collect$$rtentry$$00000002)
    __rt_entry_sh                            0x08000169   Thumb Code     0  __rtentry4.o(.ARM.Collect$$rtentry$$00000004)
    __rt_entry_li                            0x0800016f   Thumb Code     0  __rtentry2.o(.ARM.Collect$$rtentry$$0000000A)
    __rt_entry_postsh_1                      0x0800016f   Thumb Code     0  __rtentry2.o(.ARM.Collect$$rtentry$$00000009)
    __rt_entry_main                          0x08000173   Thumb Code     0  __rtentry2.o(.ARM.Collect$$rtentry$$0000000D)
    __rt_entry_postli_1                      0x08000173   Thumb Code     0  __rtentry2.o(.ARM.Collect$$rtentry$$0000000C)
    __rt_exit                                0x0800017b   Thumb Code     0  rtexit.o(.ARM.Collect$$rtexit$$00000000)
    __rt_exit_ls                             0x0800017d   Thumb Code     0  rtexit2.o(.ARM.Collect$$rtexit$$00000003)
    __rt_exit_prels_1                        0x0800017d   Thumb Code     0  rtexit2.o(.ARM.Collect$$rtexit$$00000002)
    __rt_exit_exit                           0x08000181   Thumb Code     0  rtexit2.o(.ARM.Collect$$rtexit$$00000004)
    Reset_Handler                            0x08000189   Thumb Code     8  startup_stm32f10x_md.o(.text)
    NMI_Handler                              0x08000191   Thumb Code     2  startup_stm32f10x_md.o(.text)
    HardFault_Handler                        0x08000193   Thumb Code     2  startup_stm32f10x_md.o(.text)
    MemManage_Handler                        0x08000195   Thumb Code     2  startup_stm32f10x_md.o(.text)
    BusFault_Handler                         0x08000197   Thumb Code     2  startup_stm32f10x_md.o(.text)
    UsageFault_Handler                       0x08000199   Thumb Code     2  startup_stm32f10x_md.o(.text)
    SVC_Handler                              0x0800019b   Thumb Code     2  startup_stm32f10x_md.o(.text)
    DebugMon_Handler                         0x0800019d   Thumb Code     2  startup_stm32f10x_md.o(.text)
    PendSV_Handler                           0x0800019f   Thumb Code     2  startup_stm32f10x_md.o(.text)
    SysTick_Handler                          0x080001a1   Thumb Code     2  startup_stm32f10x_md.o(.text)
    ADC1_2_IRQHandler                        0x080001a3   Thumb Code     0  startup_stm32f10x_md.o(.text)
    CAN1_RX1_IRQHandler                      0x080001a3   Thumb Code     0  startup_stm32f10x_md.o(.text)
    CAN1_SCE_IRQHandler                      0x080001a3   Thumb Code     0  startup_stm32f10x_md.o(.text)
    DMA1_Channel1_IRQHandler                 0x080001a3   Thumb Code     0  startup_stm32f10x_md.o(.text)
    DMA1_Channel2_IRQHandler                 0x080001a3   Thumb Code     0  startup_stm32f10x_md.o(.text)
    DMA1_Channel3_IRQHandler                 0x080001a3   Thumb Code     0  startup_stm32f10x_md.o(.text)
    DMA1_Channel4_IRQHandler                 0x080001a3   Thumb Code     0  startup_stm32f10x_md.o(.text)
    DMA1_Channel5_IRQHandler                 0x080001a3   Thumb Code     0  startup_stm32f10x_md.o(.text)
    DMA1_Channel6_IRQHandler                 0x080001a3   Thumb Code     0  startup_stm32f10x_md.o(.text)
    DMA1_Channel7_IRQHandler                 0x080001a3   Thumb Code     0  startup_stm32f10x_md.o(.text)
    EXTI0_IRQHandler                         0x080001a3   Thumb Code     0  startup_stm32f10x_md.o(.text)
    EXTI15_10_IRQHandler                     0x080001a3   Thumb Code     0  startup_stm32f10x_md.o(.text)
    EXTI1_IRQHandler                         0x080001a3   Thumb Code     0  startup_stm32f10x_md.o(.text)
    EXTI2_IRQHandler                         0x080001a3   Thumb Code     0  startup_stm32f10x_md.o(.text)
    EXTI3_IRQHandler                         0x080001a3   Thumb Code     0  startup_stm32f10x_md.o(.text)
    EXTI4_IRQHandler                         0x080001a3   Thumb Code     0  startup_stm32f10x_md.o(.text)
    EXTI9_5_IRQHandler                       0x080001a3   Thumb Code     0  startup_stm32f10x_md.o(.text)
    FLASH_IRQHandler                         0x080001a3   Thumb Code     0  startup_stm32f10x_md.o(.text)
    I2C1_ER_IRQHandler                       0x080001a3   Thumb Code     0  startup_stm32f10x_md.o(.text)
    I2C1_EV_IRQHandler                       0x080001a3   Thumb Code     0  startup_stm32f10x_md.o(.text)
    I2C2_ER_IRQHandler                       0x080001a3   Thumb Code     0  startup_stm32f10x_md.o(.text)
    I2C2_EV_IRQHandler                       0x080001a3   Thumb Code     0  startup_stm32f10x_md.o(.text)
    PVD_IRQHandler                           0x080001a3   Thumb Code     0  startup_stm32f10x_md.o(.text)
    RCC_IRQHandler                           0x080001a3   Thumb Code     0  startup_stm32f10x_md.o(.text)
    RTCAlarm_IRQHandler                      0x080001a3   Thumb Code     0  startup_stm32f10x_md.o(.text)
    RTC_IRQHandler                           0x080001a3   Thumb Code     0  startup_stm32f10x_md.o(.text)
    SPI2_IRQHandler                          0x080001a3   Thumb Code     0  startup_stm32f10x_md.o(.text)
    TAMPER_IRQHandler                        0x080001a3   Thumb Code     0  startup_stm32f10x_md.o(.text)
    TIM1_BRK_IRQHandler                      0x080001a3   Thumb Code     0  startup_stm32f10x_md.o(.text)
    TIM1_CC_IRQHandler                       0x080001a3   Thumb Code     0  startup_stm32f10x_md.o(.text)
    TIM1_TRG_COM_IRQHandler                  0x080001a3   Thumb Code     0  startup_stm32f10x_md.o(.text)
    TIM1_UP_IRQHandler                       0x080001a3   Thumb Code     0  startup_stm32f10x_md.o(.text)
    TIM2_IRQHandler                          0x080001a3   Thumb Code     0  startup_stm32f10x_md.o(.text)
    TIM3_IRQHandler                          0x080001a3   Thumb Code     0  startup_stm32f10x_md.o(.text)
    TIM4_IRQHandler                          0x080001a3   Thumb Code     0  startup_stm32f10x_md.o(.text)
    USART1_IRQHandler                        0x080001a3   Thumb Code     0  startup_stm32f10x_md.o(.text)
    USART2_IRQHandler                        0x080001a3   Thumb Code     0  startup_stm32f10x_md.o(.text)
    USART3_IRQHandler                        0x080001a3   Thumb Code     0  startup_stm32f10x_md.o(.text)
    USBWakeUp_IRQHandler                     0x080001a3   Thumb Code     0  startup_stm32f10x_md.o(.text)
    USB_HP_CAN1_TX_IRQHandler                0x080001a3   Thumb Code     0  startup_stm32f10x_md.o(.text)
    USB_LP_CAN1_RX0_IRQHandler               0x080001a3   Thumb Code     0  startup_stm32f10x_md.o(.text)
    WWDG_IRQHandler                          0x080001a3   Thumb Code     0  startup_stm32f10x_md.o(.text)
    __user_initial_stackheap                 0x080001a5   Thumb Code     0  startup_stm32f10x_md.o(.text)
    __use_two_region_memory                  0x080001c9   Thumb Code     2  heapauxi.o(.text)
    __rt_heap_escrow$2region                 0x080001cb   Thumb Code     2  heapauxi.o(.text)
    __rt_heap_expand$2region                 0x080001cd   Thumb Code     2  heapauxi.o(.text)
    __user_setup_stackheap                   0x080001cf   Thumb Code    74  sys_stackheap_outer.o(.text)
    exit                                     0x08000219   Thumb Code    18  exit.o(.text)
    __user_libspace                          0x0800022d   Thumb Code     8  libspace.o(.text)
    __user_perproc_libspace                  0x0800022d   Thumb Code     0  libspace.o(.text)
    __user_perthread_libspace                0x0800022d   Thumb Code     0  libspace.o(.text)
    _sys_exit                                0x08000235   Thumb Code     8  sys_exit.o(.text)
    __I$use$semihosting                      0x08000241   Thumb Code     0  use_no_semi.o(.text)
    __use_no_semihosting_swi                 0x08000241   Thumb Code     2  use_no_semi.o(.text)
    __semihosting_library_function           0x08000243   Thumb Code     0  indicate_semi.o(.text)
    CAN_enuCreateFilter                      0x08000245   Thumb Code  5394  can.o(.text.CAN_enuCreateFilter)
    CAN_enuInit                              0x08001759   Thumb Code   308  can.o(.text.CAN_enuInit)
    CAN_enuRecieve                           0x0800188d   Thumb Code  1288  can.o(.text.CAN_enuRecieve)
    MGPIO_voidSetPinDirection                0x08001d95   Thumb Code   230  dio_program.o(.text.MGPIO_voidSetPinDirection)
    MGPIO_voidSetPinValue                    0x08001e7d   Thumb Code   174  dio_program.o(.text.MGPIO_voidSetPinValue)
    MRCC_voidInit                            0x08001f2d   Thumb Code    92  rcc_program.o(.text.MRCC_voidInit)
    MRCC_voidPerClock_State                  0x08001f89   Thumb Code   158  rcc_program.o(.text.MRCC_voidPerClock_State)
    SPI1_IRQHandler                          0x08002029   Thumb Code    98  spi.o(.text.SPI1_IRQHandler)
    SystemInit                               0x0800208d   Thumb Code   272  system_stm32f10x.o(.text.SystemInit)
    main                                     0x0800219d   Thumb Code   200  main.o(.text.main)
    Region$$Table$$Base                      0x08002264   Number         0  anon$$obj.o(Region$$Table)
    Region$$Table$$Limit                     0x08002284   Number         0  anon$$obj.o(Region$$Table)
    gl_SPI_data_queue                        0x20000000   Data         202  spi.o(.data.gl_SPI_data_queue)
    __libspace_start                         0x200000d0   Data          96  libspace.o(.bss)
    ARR_Recieved_Data                        0x20000130   Data         448  can.o(.bss.ARR_Recieved_Data)
    __temporary_stack_top$libspace           0x20000130   Data           0  libspace.o(.bss)
    Data1                                    0x200002f0   Data           1  main.o(.bss.Data1)
    Data2                                    0x200002f1   Data           1  main.o(.bss.Data2)
    Data3                                    0x200002f2   Data           1  main.o(.bss.Data3)
    gl_ptr_Function                          0x200002f4   Data           4  spi.o(.bss.gl_ptr_Function)
    x                                        0x200002f8   Data           1  main.o(.bss.x)



==============================================================================

Memory Map of the image

  Image Entry point : 0x08000189

  Load Region LR_1 (Base: 0x08000000, Size: 0x00002350, Max: 0xffffffff, ABSOLUTE)

    Execution Region ER_RO (Exec base: 0x08000000, Load base: 0x08000000, Size: 0x00002284, Max: 0xffffffff, ABSOLUTE)

    Exec Addr    Load Addr    Size         Type   Attr      Idx    E Section Name        Object

    0x08000000   0x08000000   0x000000ec   Data   RO          152    RESET               startup_stm32f10x_md.o
    0x080000ec   0x080000ec   0x00000008   Code   RO          177  * !!!main             c_w.l(__main.o)
    0x080000f4   0x080000f4   0x00000034   Code   RO          342    !!!scatter          c_w.l(__scatter.o)
    0x08000128   0x08000128   0x0000001a   Code   RO          344    !!handler_copy      c_w.l(__scatter_copy.o)
    0x08000142   0x08000142   0x00000002   PAD
    0x08000144   0x08000144   0x0000001c   Code   RO          346    !!handler_zi        c_w.l(__scatter_zi.o)
    0x08000160   0x08000160   0x00000002   Code   RO          204    .ARM.Collect$$libinit$$00000000  c_w.l(libinit.o)
    0x08000162   0x08000162   0x00000000   Code   RO          211    .ARM.Collect$$libinit$$00000002  c_w.l(libinit2.o)
    0x08000162   0x08000162   0x00000000   Code   RO          213    .ARM.Collect$$libinit$$00000004  c_w.l(libinit2.o)
    0x08000162   0x08000162   0x00000000   Code   RO          215    .ARM.Collect$$libinit$$00000006  c_w.l(libinit2.o)
    0x08000162   0x08000162   0x00000000   Code   RO          218    .ARM.Collect$$libinit$$0000000C  c_w.l(libinit2.o)
    0x08000162   0x08000162   0x00000000   Code   RO          220    .ARM.Collect$$libinit$$0000000E  c_w.l(libinit2.o)
    0x08000162   0x08000162   0x00000000   Code   RO          222    .ARM.Collect$$libinit$$00000010  c_w.l(libinit2.o)
    0x08000162   0x08000162   0x00000000   Code   RO          225    .ARM.Collect$$libinit$$00000013  c_w.l(libinit2.o)
    0x08000162   0x08000162   0x00000000   Code   RO          227    .ARM.Collect$$libinit$$00000015  c_w.l(libinit2.o)
    0x08000162   0x08000162   0x00000000   Code   RO          229    .ARM.Collect$$libinit$$00000017  c_w.l(libinit2.o)
    0x08000162   0x08000162   0x00000000   Code   RO          231    .ARM.Collect$$libinit$$00000019  c_w.l(libinit2.o)
    0x08000162   0x08000162   0x00000000   Code   RO          233    .ARM.Collect$$libinit$$0000001B  c_w.l(libinit2.o)
    0x08000162   0x08000162   0x00000000   Code   RO          235    .ARM.Collect$$libinit$$0000001D  c_w.l(libinit2.o)
    0x08000162   0x08000162   0x00000000   Code   RO          237    .ARM.Collect$$libinit$$0000001F  c_w.l(libinit2.o)
    0x08000162   0x08000162   0x00000000   Code   RO          239    .ARM.Collect$$libinit$$00000021  c_w.l(libinit2.o)
    0x08000162   0x08000162   0x00000000   Code   RO          241    .ARM.Collect$$libinit$$00000023  c_w.l(libinit2.o)
    0x08000162   0x08000162   0x00000000   Code   RO          243    .ARM.Collect$$libinit$$00000025  c_w.l(libinit2.o)
    0x08000162   0x08000162   0x00000000   Code   RO          245    .ARM.Collect$$libinit$$00000027  c_w.l(libinit2.o)
    0x08000162   0x08000162   0x00000000   Code   RO          249    .ARM.Collect$$libinit$$0000002E  c_w.l(libinit2.o)
    0x08000162   0x08000162   0x00000000   Code   RO          251    .ARM.Collect$$libinit$$00000030  c_w.l(libinit2.o)
    0x08000162   0x08000162   0x00000000   Code   RO          253    .ARM.Collect$$libinit$$00000032  c_w.l(libinit2.o)
    0x08000162   0x08000162   0x00000000   Code   RO          255    .ARM.Collect$$libinit$$00000034  c_w.l(libinit2.o)
    0x08000162   0x08000162   0x00000002   Code   RO          256    .ARM.Collect$$libinit$$00000035  c_w.l(libinit2.o)
    0x08000164   0x08000164   0x00000002   Code   RO          278    .ARM.Collect$$libshutdown$$00000000  c_w.l(libshutdown.o)
    0x08000166   0x08000166   0x00000000   Code   RO          293    .ARM.Collect$$libshutdown$$00000002  c_w.l(libshutdown2.o)
    0x08000166   0x08000166   0x00000000   Code   RO          295    .ARM.Collect$$libshutdown$$00000004  c_w.l(libshutdown2.o)
    0x08000166   0x08000166   0x00000000   Code   RO          298    .ARM.Collect$$libshutdown$$00000007  c_w.l(libshutdown2.o)
    0x08000166   0x08000166   0x00000000   Code   RO          301    .ARM.Collect$$libshutdown$$0000000A  c_w.l(libshutdown2.o)
    0x08000166   0x08000166   0x00000000   Code   RO          303    .ARM.Collect$$libshutdown$$0000000C  c_w.l(libshutdown2.o)
    0x08000166   0x08000166   0x00000000   Code   RO          306    .ARM.Collect$$libshutdown$$0000000F  c_w.l(libshutdown2.o)
    0x08000166   0x08000166   0x00000002   Code   RO          307    .ARM.Collect$$libshutdown$$00000010  c_w.l(libshutdown2.o)
    0x08000168   0x08000168   0x00000000   Code   RO          179    .ARM.Collect$$rtentry$$00000000  c_w.l(__rtentry.o)
    0x08000168   0x08000168   0x00000000   Code   RO          181    .ARM.Collect$$rtentry$$00000002  c_w.l(__rtentry2.o)
    0x08000168   0x08000168   0x00000006   Code   RO          193    .ARM.Collect$$rtentry$$00000004  c_w.l(__rtentry4.o)
    0x0800016e   0x0800016e   0x00000000   Code   RO          183    .ARM.Collect$$rtentry$$00000009  c_w.l(__rtentry2.o)
    0x0800016e   0x0800016e   0x00000004   Code   RO          184    .ARM.Collect$$rtentry$$0000000A  c_w.l(__rtentry2.o)
    0x08000172   0x08000172   0x00000000   Code   RO          186    .ARM.Collect$$rtentry$$0000000C  c_w.l(__rtentry2.o)
    0x08000172   0x08000172   0x00000008   Code   RO          187    .ARM.Collect$$rtentry$$0000000D  c_w.l(__rtentry2.o)
    0x0800017a   0x0800017a   0x00000002   Code   RO          208    .ARM.Collect$$rtexit$$00000000  c_w.l(rtexit.o)
    0x0800017c   0x0800017c   0x00000000   Code   RO          258    .ARM.Collect$$rtexit$$00000002  c_w.l(rtexit2.o)
    0x0800017c   0x0800017c   0x00000004   Code   RO          259    .ARM.Collect$$rtexit$$00000003  c_w.l(rtexit2.o)
    0x08000180   0x08000180   0x00000006   Code   RO          260    .ARM.Collect$$rtexit$$00000004  c_w.l(rtexit2.o)
    0x08000186   0x08000186   0x00000002   PAD
    0x08000188   0x08000188   0x00000040   Code   RO          153  * .text               startup_stm32f10x_md.o
    0x080001c8   0x080001c8   0x00000006   Code   RO          175    .text               c_w.l(heapauxi.o)
    0x080001ce   0x080001ce   0x0000004a   Code   RO          195    .text               c_w.l(sys_stackheap_outer.o)
    0x08000218   0x08000218   0x00000012   Code   RO          197    .text               c_w.l(exit.o)
    0x0800022a   0x0800022a   0x00000002   PAD
    0x0800022c   0x0800022c   0x00000008   Code   RO          205    .text               c_w.l(libspace.o)
    0x08000234   0x08000234   0x0000000c   Code   RO          268    .text               c_w.l(sys_exit.o)
    0x08000240   0x08000240   0x00000002   Code   RO          283    .text               c_w.l(use_no_semi.o)
    0x08000242   0x08000242   0x00000000   Code   RO          285    .text               c_w.l(indicate_semi.o)
    0x08000242   0x08000242   0x00000002   PAD
    0x08000244   0x08000244   0x00001512   Code   RO          132    .text.CAN_enuCreateFilter  can.o
    0x08001756   0x08001756   0x00000002   PAD
    0x08001758   0x08001758   0x00000134   Code   RO          128    .text.CAN_enuInit   can.o
    0x0800188c   0x0800188c   0x00000508   Code   RO          134    .text.CAN_enuRecieve  can.o
    0x08001d94   0x08001d94   0x000000e6   Code   RO           54    .text.MGPIO_voidSetPinDirection  dio_program.o
    0x08001e7a   0x08001e7a   0x00000002   PAD
    0x08001e7c   0x08001e7c   0x000000ae   Code   RO           56    .text.MGPIO_voidSetPinValue  dio_program.o
    0x08001f2a   0x08001f2a   0x00000002   PAD
    0x08001f2c   0x08001f2c   0x0000005c   Code   RO           28    .text.MRCC_voidInit  rcc_program.o
    0x08001f88   0x08001f88   0x0000009e   Code   RO           40    .text.MRCC_voidPerClock_State  rcc_program.o
    0x08002026   0x08002026   0x00000002   PAD
    0x08002028   0x08002028   0x00000062   Code   RO           16    .text.SPI1_IRQHandler  spi.o
    0x0800208a   0x0800208a   0x00000002   PAD
    0x0800208c   0x0800208c   0x00000110   Code   RO          160    .text.SystemInit    system_stm32f10x.o
    0x0800219c   0x0800219c   0x000000c8   Code   RO          113    .text.main          main.o
    0x08002264   0x08002264   0x00000020   Data   RO          341    Region$$Table       anon$$obj.o


    Execution Region ER_RW (Exec base: 0x20000000, Load base: 0x08002284, Size: 0x000000cc, Max: 0xffffffff, ABSOLUTE)

    Exec Addr    Load Addr    Size         Type   Attr      Idx    E Section Name        Object

    0x20000000   0x08002284   0x000000ca   Data   RW           19    .data.gl_SPI_data_queue  spi.o


    Execution Region ER_ZI (Exec base: 0x200000d0, Load base: 0x08002350, Size: 0x00000830, Max: 0xffffffff, ABSOLUTE)

    Exec Addr    Load Addr    Size         Type   Attr      Idx    E Section Name        Object

    0x200000d0        -       0x00000060   Zero   RW          206    .bss                c_w.l(libspace.o)
    0x20000130        -       0x000001c0   Zero   RW          142    .bss.ARR_Recieved_Data  can.o
    0x200002f0        -       0x00000001   Zero   RW          117    .bss.Data1          main.o
    0x200002f1        -       0x00000001   Zero   RW          118    .bss.Data2          main.o
    0x200002f2        -       0x00000001   Zero   RW          119    .bss.Data3          main.o
    0x200002f3   0x08002350   0x00000001   PAD
    0x200002f4        -       0x00000004   Zero   RW           18    .bss.gl_ptr_Function  spi.o
    0x200002f8        -       0x00000001   Zero   RW          116    .bss.x              main.o
    0x200002f9   0x08002350   0x00000007   PAD
    0x20000300        -       0x00000200   Zero   RW          151    HEAP                startup_stm32f10x_md.o
    0x20000500        -       0x00000400   Zero   RW          150    STACK               startup_stm32f10x_md.o


==============================================================================

Image component sizes


      Code (inc. data)   RO Data    RW Data    ZI Data      Debug   Object Name

      6990         44          0          0        448      20148   can.o
       404          0          0          0          0      10098   dio_program.o
       200          0          0          0          4       2669   main.o
       250          0          0          0          0       3705   rcc_program.o
        98          0          0        202          4       3650   spi.o
        64         26        236          0       1536        848   startup_stm32f10x_md.o
       272          0          0          0          0       2798   system_stm32f10x.o

    ----------------------------------------------------------------------
      8288         70        268        204       2000      43916   Object Totals
         0          0         32          0          0          0   (incl. Generated)
        10          0          0          2          8          0   (incl. Padding)

    ----------------------------------------------------------------------

      Code (inc. data)   RO Data    RW Data    ZI Data      Debug   Library Member Name

         8          0          0          0          0         68   __main.o
         0          0          0          0          0          0   __rtentry.o
        12          0          0          0          0          0   __rtentry2.o
         6          0          0          0          0          0   __rtentry4.o
        52          8          0          0          0          0   __scatter.o
        26          0          0          0          0          0   __scatter_copy.o
        28          0          0          0          0          0   __scatter_zi.o
        18          0          0          0          0         80   exit.o
         6          0          0          0          0        152   heapauxi.o
         0          0          0          0          0          0   indicate_semi.o
         2          0          0          0          0          0   libinit.o
         2          0          0          0          0          0   libinit2.o
         2          0          0          0          0          0   libshutdown.o
         2          0          0          0          0          0   libshutdown2.o
         8          4          0          0         96         68   libspace.o
         2          0          0          0          0          0   rtexit.o
        10          0          0          0          0          0   rtexit2.o
        12          4          0          0          0         68   sys_exit.o
        74          0          0          0          0         80   sys_stackheap_outer.o
         2          0          0          0          0         68   use_no_semi.o

    ----------------------------------------------------------------------
       280         16          0          0         96        584   Library Totals
         8          0          0          0          0          0   (incl. Padding)

    ----------------------------------------------------------------------

      Code (inc. data)   RO Data    RW Data    ZI Data      Debug   Library Name

       272         16          0          0         96        584   c_w.l

    ----------------------------------------------------------------------
       280         16          0          0         96        584   Library Totals

    ----------------------------------------------------------------------

==============================================================================


      Code (inc. data)   RO Data    RW Data    ZI Data      Debug   

      8568         86        268        204       2096      44292   Grand Totals
      8568         86        268        204       2096      44292   ELF Image Totals
      8568         86        268        204          0          0   ROM Totals

==============================================================================

    Total RO  Size (Code + RO Data)                 8836 (   8.63kB)
    Total RW  Size (RW Data + ZI Data)              2300 (   2.25kB)
    Total ROM Size (Code + RO Data + RW Data)       9040 (   8.83kB)

==============================================================================

