Component: Arm Compiler for Embedded 6.19 Tool: armlink [5e73cb00]

==============================================================================

Section Cross References

    dio_program.o(.ARM.exidx.text.MGPIO_voidSetPinDirection) refers to dio_program.o(.text.MGPIO_voidSetPinDirection) for [Anonymous Symbol]
    dio_program.o(.ARM.exidx.text.MGPIO_voidSetPinValue) refers to dio_program.o(.text.MGPIO_voidSetPinValue) for [Anonymous Symbol]
    dio_program.o(.ARM.exidx.text.MGPIO_u8GetPinValue) refers to dio_program.o(.text.MGPIO_u8GetPinValue) for [Anonymous Symbol]
    dio_program.o(.ARM.exidx.text.MGPIO_voidSetPortDirection) refers to dio_program.o(.text.MGPIO_voidSetPortDirection) for [Anonymous Symbol]
    dio_program.o(.ARM.exidx.text.MGPIO_voidSetPortValue) refers to dio_program.o(.text.MGPIO_voidSetPortValue) for [Anonymous Symbol]
    dio_program.o(.ARM.exidx.text.MGPIO_voidTglPin) refers to dio_program.o(.text.MGPIO_voidTglPin) for [Anonymous Symbol]
    nvic_program.o(.ARM.exidx.text.MNVIC_voidInit) refers to nvic_program.o(.text.MNVIC_voidInit) for [Anonymous Symbol]
    nvic_program.o(.ARM.exidx.text.MNVIC_voidEnableInterrupt) refers to nvic_program.o(.text.MNVIC_voidEnableInterrupt) for [Anonymous Symbol]
    nvic_program.o(.ARM.exidx.text.MNVIC_voidDisableInterrupt) refers to nvic_program.o(.text.MNVIC_voidDisableInterrupt) for [Anonymous Symbol]
    nvic_program.o(.ARM.exidx.text.MNVIC_voidSetPendingFlag) refers to nvic_program.o(.text.MNVIC_voidSetPendingFlag) for [Anonymous Symbol]
    nvic_program.o(.ARM.exidx.text.MNVIC_voidClearPendingFlag) refers to nvic_program.o(.text.MNVIC_voidClearPendingFlag) for [Anonymous Symbol]
    nvic_program.o(.ARM.exidx.text.MNVIC_u8GetActiveFlag) refers to nvic_program.o(.text.MNVIC_u8GetActiveFlag) for [Anonymous Symbol]
    nvic_program.o(.ARM.exidx.text.MNVIC_voidSetPriority_2) refers to nvic_program.o(.text.MNVIC_voidSetPriority_2) for [Anonymous Symbol]
    nvic_program.o(.ARM.exidx.text.MNVIC_voidSetPriority) refers to nvic_program.o(.text.MNVIC_voidSetPriority) for [Anonymous Symbol]
    pwm_program.o(.text.MPWM_voidInit) refers to rcc_program.o(.text.MRCC_voidPerClock_State) for MRCC_voidPerClock_State
    pwm_program.o(.text.MPWM_voidInit) refers to pwm_program.o(.data.TIM) for TIM
    pwm_program.o(.text.MPWM_voidInit) refers to dio_program.o(.text.MGPIO_voidSetPinDirection) for MGPIO_voidSetPinDirection
    pwm_program.o(.ARM.exidx.text.MPWM_voidInit) refers to pwm_program.o(.text.MPWM_voidInit) for [Anonymous Symbol]
    pwm_program.o(.text.MPWM_SETValuesOfPWM) refers to pwm_program.o(.data.TIM) for TIM
    pwm_program.o(.ARM.exidx.text.MPWM_SETValuesOfPWM) refers to pwm_program.o(.text.MPWM_SETValuesOfPWM) for [Anonymous Symbol]
    rcc_program.o(.text.MRCC_voidInit) refers to rcc_program.o(.text.MRCC_voidClkEnable) for MRCC_voidClkEnable
    rcc_program.o(.text.MRCC_voidInit) refers to rcc_program.o(.text.MRCC_u8CheckClockReady) for MRCC_u8CheckClockReady
    rcc_program.o(.text.MRCC_voidInit) refers to rcc_program.o(.text.MRCC_voidSetBusesPrescaler) for MRCC_voidSetBusesPrescaler
    rcc_program.o(.text.MRCC_voidInit) refers to rcc_program.o(.text.MRCC_voidSetClkSource) for MRCC_voidSetClkSource
    rcc_program.o(.text.MRCC_voidInit) refers to rcc_program.o(.text.MRCC_voidClkDisable) for MRCC_voidClkDisable
    rcc_program.o(.ARM.exidx.text.MRCC_voidInit) refers to rcc_program.o(.text.MRCC_voidInit) for [Anonymous Symbol]
    rcc_program.o(.ARM.exidx.text.MRCC_voidClkEnable) refers to rcc_program.o(.text.MRCC_voidClkEnable) for [Anonymous Symbol]
    rcc_program.o(.ARM.exidx.text.MRCC_u8CheckClockReady) refers to rcc_program.o(.text.MRCC_u8CheckClockReady) for [Anonymous Symbol]
    rcc_program.o(.ARM.exidx.text.MRCC_voidSetBusesPrescaler) refers to rcc_program.o(.text.MRCC_voidSetBusesPrescaler) for [Anonymous Symbol]
    rcc_program.o(.ARM.exidx.text.MRCC_voidSetClkSource) refers to rcc_program.o(.text.MRCC_voidSetClkSource) for [Anonymous Symbol]
    rcc_program.o(.ARM.exidx.text.MRCC_voidClkDisable) refers to rcc_program.o(.text.MRCC_voidClkDisable) for [Anonymous Symbol]
    rcc_program.o(.ARM.exidx.text.MRCC_voidPerClock_State) refers to rcc_program.o(.text.MRCC_voidPerClock_State) for [Anonymous Symbol]
    rcc_program.o(.ARM.exidx.text.MRCC_voidSetPLLMulFactor) refers to rcc_program.o(.text.MRCC_voidSetPLLMulFactor) for [Anonymous Symbol]
    rcc_program.o(.ARM.exidx.text.MRCC_voidSetPLLSource) refers to rcc_program.o(.text.MRCC_voidSetPLLSource) for [Anonymous Symbol]
    spi.o(.ARM.exidx.text.SPI_voidInit) refers to spi.o(.text.SPI_voidInit) for [Anonymous Symbol]
    spi.o(.ARM.exidx.text.SPI_voidSendReceieveCharSynch) refers to spi.o(.text.SPI_voidSendReceieveCharSynch) for [Anonymous Symbol]
    spi.o(.text.SPI_enu_SendDataAsynch) refers to spi.o(.text.insert_queue) for insert_queue
    spi.o(.text.SPI_enu_SendDataAsynch) refers to spi.o(.text.truncate_queue) for truncate_queue
[...]
    nrf24l01.o(.ARM.exidx.text.NRF24L01_checkTransmitterBuffer) refers to nrf24l01.o(.text.NRF24L01_checkTransmitterBuffer) for [Anonymous Symbol]
    nrf24l01.o(.text.NRF24L01_checkReceiverBuffer) refers to nrf24l01.o(.text.NRF24L01_readRegister) for NRF24L01_readRegister
    nrf24l01.o(.text.NRF24L01_checkReceiverBuffer) refers to nrf24l01.o(.text.NRF24L01_writeRegister) for NRF24L01_writeRegister
    nrf24l01.o(.ARM.exidx.text.NRF24L01_checkReceiverBuffer) refers to nrf24l01.o(.text.NRF24L01_checkReceiverBuffer) for [Anonymous Symbol]
    nrf24l01.o(.text.NRF24L01_sendData) refers to dio_program.o(.text.MGPIO_voidSetPinValue) for MGPIO_voidSetPinValue
    nrf24l01.o(.text.NRF24L01_sendData) refers to nrf24l01.o(.bss.G_statusRegister) for G_statusRegister
    nrf24l01.o(.text.NRF24L01_sendData) refers to spi.o(.text.SPI_voidSendReceieveCharSynch) for SPI_voidSendReceieveCharSynch
    nrf24l01.o(.text.NRF24L01_sendData) refers to nrf24l01.o(.bss.G_dummyArray) for G_dummyArray
    nrf24l01.o(.text.NRF24L01_sendData) refers to spi.o(.text.SPI_enu_SendRecieveStreamSynch) for SPI_enu_SendRecieveStreamSynch
    nrf24l01.o(.ARM.exidx.text.NRF24L01_sendData) refers to nrf24l01.o(.text.NRF24L01_sendData) for [Anonymous Symbol]
    nrf24l01.o(.text.NRF24L01_readData) refers to dio_program.o(.text.MGPIO_voidSetPinValue) for MGPIO_voidSetPinValue
    nrf24l01.o(.text.NRF24L01_readData) refers to nrf24l01.o(.bss.G_statusRegister) for G_statusRegister
    nrf24l01.o(.text.NRF24L01_readData) refers to spi.o(.text.SPI_voidSendReceieveCharSynch) for SPI_voidSendReceieveCharSynch
    nrf24l01.o(.text.NRF24L01_readData) refers to nrf24l01.o(.bss.G_dummyArray) for G_dummyArray
    nrf24l01.o(.text.NRF24L01_readData) refers to spi.o(.text.SPI_enu_SendRecieveStreamSynch) for SPI_enu_SendRecieveStreamSynch
    nrf24l01.o(.ARM.exidx.text.NRF24L01_readData) refers to nrf24l01.o(.text.NRF24L01_readData) for [Anonymous Symbol]
    nrf24l01.o(.text.NRF24L01_flushTransmitterBuffer) refers to nrf24l01.o(.text.NRF24L01_sendCommand) for NRF24L01_sendCommand
    nrf24l01.o(.ARM.exidx.text.NRF24L01_flushTransmitterBuffer) refers to nrf24l01.o(.text.NRF24L01_flushTransmitterBuffer) for [Anonymous Symbol]
    nrf24l01.o(.text.NRF24L01_sendCommand) refers to dio_program.o(.text.MGPIO_voidSetPinValue) for MGPIO_voidSetPinValue
    nrf24l01.o(.text.NRF24L01_sendCommand) refers to nrf24l01.o(.bss.G_statusRegister) for G_statusRegister
    nrf24l01.o(.text.NRF24L01_sendCommand) refers to spi.o(.text.SPI_voidSendReceieveCharSynch) for SPI_voidSendReceieveCharSynch
    nrf24l01.o(.ARM.exidx.text.NRF24L01_sendCommand) refers to nrf24l01.o(.text.NRF24L01_sendCommand) for [Anonymous Symbol]
    nrf24l01.o(.text.NRF24L01_flushReceiverBuffer) refers to nrf24l01.o(.text.NRF24L01_sendCommand) for NRF24L01_sendCommand
    nrf24l01.o(.ARM.exidx.text.NRF24L01_flushReceiverBuffer) refers to nrf24l01.o(.text.NRF24L01_flushReceiverBuffer) for [Anonymous Symbol]
    v2v-secondvehicle.o(.text.main) refers to rcc_program.o(.text.MRCC_voidInit) for MRCC_voidInit
    v2v-secondvehicle.o(.text.main) refers to motor.o(.text.DCmotor_Init) for DCmotor_Init
    v2v-secondvehicle.o(.text.main) refers to rcc_program.o(.text.MRCC_voidPerClock_State) for MRCC_voidPerClock_State
    v2v-secondvehicle.o(.text.main) refers to dio_program.o(.text.MGPIO_voidSetPinDirection) for MGPIO_voidSetPinDirection
    v2v-secondvehicle.o(.text.main) refers to nrf24l01.o(.text.NRF24L01_init) for NRF24L01_init
    v2v-secondvehicle.o(.text.main) refers to nrf24l01.o(.text.NRF24L01_switchToReceiverMode) for NRF24L01_switchToReceiverMode
    v2v-secondvehicle.o(.text.main) refers to nrf24l01.o(.text.NRF24L01_checkReceiverBuffer) for NRF24L01_checkReceiverBuffer
    v2v-secondvehicle.o(.text.main) refers to dio_program.o(.text.MGPIO_voidTglPin) for MGPIO_voidTglPin
    v2v-secondvehicle.o(.text.main) refers to v2v-secondvehicle.o(.data.G_myVehicle) for G_myVehicle
    v2v-secondvehicle.o(.text.main) refers to nrf24l01.o(.text.NRF24L01_readData) for NRF24L01_readData
    v2v-secondvehicle.o(.text.main) refers to motor.o(.text.MOTOR_setMotor) for MOTOR_setMotor
    v2v-secondvehicle.o(.text.main) refers to nrf24l01.o(.text.NRF24L01_flushReceiverBuffer) for NRF24L01_flushReceiverBuffer
    v2v-secondvehicle.o(.ARM.exidx.text.main) refers to v2v-secondvehicle.o(.text.main) for [Anonymous Symbol]
    startup_stm32f10x_md.o(STACK) refers (Special) to heapauxi.o(.text) for __use_two_region_memory
    startup_stm32f10x_md.o(HEAP) refers (Special) to heapauxi.o(.text) for __use_two_region_memory
    startup_stm32f10x_md.o(RESET) refers (Special) to heapauxi.o(.text) for __use_two_region_memory
    startup_stm32f10x_md.o(RESET) refers to startup_stm32f10x_md.o(STACK) for __initial_sp
    startup_stm32f10x_md.o(RESET) refers to startup_stm32f10x_md.o(.text) for Reset_Handler
    startup_stm32f10x_md.o(RESET) refers to spi.o(.text.SPI1_IRQHandler) for SPI1_IRQHandler
    startup_stm32f10x_md.o(RESET) refers to usart_program.o(.text.USART1_IRQHandler) for USART1_IRQHandler
    startup_stm32f10x_md.o(RESET) refers to usart_program.o(.text.USART2_IRQHandler) for USART2_IRQHandler
    startup_stm32f10x_md.o(RESET) refers to usart_program.o(.text.USART3_IRQHandler) for USART3_IRQHandler
    startup_stm32f10x_md.o(.text) refers (Special) to heapauxi.o(.text) for __use_two_region_memory
    startup_stm32f10x_md.o(.text) refers to system_stm32f10x.o(.text.SystemInit) for SystemInit
    startup_stm32f10x_md.o(.text) refers to __main.o(!!!main) for __main
    startup_stm32f10x_md.o(.text) refers to startup_stm32f10x_md.o(HEAP) for Heap_Mem
    startup_stm32f10x_md.o(.text) refers to startup_stm32f10x_md.o(STACK) for Stack_Mem
    system_stm32f10x.o(.text.SystemInit) refers to system_stm32f10x.o(.text.SetSysClock) for SetSysClock
    system_stm32f10x.o(.ARM.exidx.text.SystemInit) refers to system_stm32f10x.o(.text.SystemInit) for [Anonymous Symbol]
    system_stm32f10x.o(.text.SetSysClock) refers to system_stm32f10x.o(.text.SetSysClockTo72) for SetSysClockTo72
    system_stm32f10x.o(.ARM.exidx.text.SetSysClock) refers to system_stm32f10x.o(.text.SetSysClock) for [Anonymous Symbol]
    system_stm32f10x.o(.text.SystemCoreClockUpdate) refers to system_stm32f10x.o(.data.SystemCoreClock) for SystemCoreClock
    system_stm32f10x.o(.text.SystemCoreClockUpdate) refers to system_stm32f10x.o(.rodata.AHBPrescTable) for AHBPrescTable
    system_stm32f10x.o(.ARM.exidx.text.SystemCoreClockUpdate) refers to system_stm32f10x.o(.text.SystemCoreClockUpdate) for [Anonymous Symbol]
    system_stm32f10x.o(.ARM.exidx.text.SetSysClockTo72) refers to system_stm32f10x.o(.text.SetSysClockTo72) for [Anonymous Symbol]
    __main.o(!!!main) refers to __rtentry.o(.ARM.Collect$$rtentry$$00000000) for __rt_entry
    dcmp.o(x$fpl$fcmp) refers (Special) to usenofp.o(x$fpl$usenofp) for __I$use$fp
    dcmp.o(x$fpl$fcmp) refers to deqf.o(x$fpl$deqf) for _dcmpeq
    dcmp.o(x$fpl$fcmp) refers to dgeqf.o(x$fpl$dgeqf) for _dcmpge
    dcmp.o(x$fpl$fcmp) refers to dleqf.o(x$fpl$dleqf) for _dcmple
    f2d.o(x$fpl$f2d) refers (Special) to usenofp.o(x$fpl$usenofp) for __I$use$fp
    f2d.o(x$fpl$f2d) refers to fnaninf.o(x$fpl$fnaninf) for __fpl_fnaninf
    f2d.o(x$fpl$f2d) refers to dretinf.o(x$fpl$dretinf) for __fpl_dretinf
    faddsub_clz.o(x$fpl$fadd) refers (Special) to usenofp.o(x$fpl$usenofp) for __I$use$fp
    faddsub_clz.o(x$fpl$fadd) refers to faddsub_clz.o(x$fpl$fsub) for _fsub1
    faddsub_clz.o(x$fpl$fadd) refers to fretinf.o(x$fpl$fretinf) for __fpl_fretinf
    faddsub_clz.o(x$fpl$fadd) refers to fnaninf.o(x$fpl$fnaninf) for __fpl_fnaninf
    faddsub_clz.o(x$fpl$frsb) refers (Special) to usenofp.o(x$fpl$usenofp) for __I$use$fp
    faddsub_clz.o(x$fpl$frsb) refers to faddsub_clz.o(x$fpl$fadd) for _fadd1
    faddsub_clz.o(x$fpl$frsb) refers to faddsub_clz.o(x$fpl$fsub) for _fsub1
    faddsub_clz.o(x$fpl$fsub) refers (Special) to usenofp.o(x$fpl$usenofp) for __I$use$fp
    faddsub_clz.o(x$fpl$fsub) refers to faddsub_clz.o(x$fpl$fadd) for _fadd1
    faddsub_clz.o(x$fpl$fsub) refers to fnaninf.o(x$fpl$fnaninf) for __fpl_fnaninf
    ffixu.o(x$fpl$ffixu) refers (Special) to usenofp.o(x$fpl$usenofp) for __I$use$fp
    ffixu.o(x$fpl$ffixu) refers to fnaninf.o(x$fpl$fnaninf) for __fpl_fnaninf
    ffixu.o(x$fpl$ffixur) refers (Special) to usenofp.o(x$fpl$usenofp) for __I$use$fp
    ffixu.o(x$fpl$ffixur) refers to fnaninf.o(x$fpl$fnaninf) for __fpl_fnaninf
    fflt_clz.o(x$fpl$ffltu) refers (Special) to usenofp.o(x$fpl$usenofp) for __I$use$fp
    fflt_clz.o(x$fpl$fflt) refers (Special) to usenofp.o(x$fpl$usenofp) for __I$use$fp
    fflt_clz.o(x$fpl$ffltn) refers (Special) to usenofp.o(x$fpl$usenofp) for __I$use$fp
    fmul.o(x$fpl$fmul) refers (Special) to usenofp.o(x$fpl$usenofp) for __I$use$fp
    fmul.o(x$fpl$fmul) refers to fretinf.o(x$fpl$fretinf) for __fpl_fretinf
    fmul.o(x$fpl$fmul) refers to fnaninf.o(x$fpl$fnaninf) for __fpl_fnaninf
    __rtentry.o(.ARM.Collect$$rtentry$$00000000) refers (Special) to __rtentry2.o(.ARM.Collect$$rtentry$$0000000A) for __rt_entry_li
    __rtentry.o(.ARM.Collect$$rtentry$$00000000) refers (Special) to __rtentry2.o(.ARM.Collect$$rtentry$$0000000D) for __rt_entry_main
    __rtentry.o(.ARM.Collect$$rtentry$$00000000) refers (Special) to __rtentry2.o(.ARM.Collect$$rtentry$$0000000C) for __rt_entry_postli_1
    __rtentry.o(.ARM.Collect$$rtentry$$00000000) refers (Special) to __rtentry2.o(.ARM.Collect$$rtentry$$00000009) for __rt_entry_postsh_1
    __rtentry.o(.ARM.Collect$$rtentry$$00000000) refers (Special) to __rtentry2.o(.ARM.Collect$$rtentry$$00000002) for __rt_entry_presh_1
    __rtentry.o(.ARM.Collect$$rtentry$$00000000) refers (Special) to __rtentry4.o(.ARM.Collect$$rtentry$$00000004) for __rt_entry_sh
    deqf.o(x$fpl$deqf) refers (Special) to usenofp.o(x$fpl$usenofp) for __I$use$fp
    deqf.o(x$fpl$deqf) refers to dnaninf.o(x$fpl$dnaninf) for __fpl_dnaninf
    deqf.o(x$fpl$deqf) refers to dcmpi.o(x$fpl$dcmpinf) for __fpl_dcmp_Inf
    dgeqf.o(x$fpl$dgeqf) refers (Special) to usenofp.o(x$fpl$usenofp) for __I$use$fp
    dgeqf.o(x$fpl$dgeqf) refers to dnaninf.o(x$fpl$dnaninf) for __fpl_dnaninf
    dgeqf.o(x$fpl$dgeqf) refers to dcmpi.o(x$fpl$dcmpinf) for __fpl_dcmp_Inf
    dleqf.o(x$fpl$dleqf) refers (Special) to usenofp.o(x$fpl$usenofp) for __I$use$fp
    dleqf.o(x$fpl$dleqf) refers to dnaninf.o(x$fpl$dnaninf) for __fpl_dnaninf
    dleqf.o(x$fpl$dleqf) refers to dcmpi.o(x$fpl$dcmpinf) for __fpl_dcmp_Inf
    dretinf.o(x$fpl$dretinf) refers (Special) to usenofp.o(x$fpl$usenofp) for __I$use$fp
    fnaninf.o(x$fpl$fnaninf) refers (Special) to usenofp.o(x$fpl$usenofp) for __I$use$fp
    fretinf.o(x$fpl$fretinf) refers (Special) to usenofp.o(x$fpl$usenofp) for __I$use$fp
    __rtentry2.o(.ARM.Collect$$rtentry$$00000008) refers to boardinit2.o(.text) for _platform_post_stackheap_init
    __rtentry2.o(.ARM.Collect$$rtentry$$0000000A) refers to libinit.o(.ARM.Collect$$libinit$$00000000) for __rt_lib_init
    __rtentry2.o(.ARM.Collect$$rtentry$$0000000B) refers to boardinit3.o(.text) for _platform_post_lib_init
    __rtentry2.o(.ARM.Collect$$rtentry$$0000000D) refers to v2v-secondvehicle.o(.text.main) for main
    __rtentry2.o(.ARM.Collect$$rtentry$$0000000D) refers to exit.o(.text) for exit
    __rtentry2.o(.ARM.exidx) refers to __rtentry2.o(.ARM.Collect$$rtentry$$00000001) for .ARM.Collect$$rtentry$$00000001
    __rtentry2.o(.ARM.exidx) refers to __rtentry2.o(.ARM.Collect$$rtentry$$00000008) for .ARM.Collect$$rtentry$$00000008
    __rtentry2.o(.ARM.exidx) refers to __rtentry2.o(.ARM.Collect$$rtentry$$0000000A) for .ARM.Collect$$rtentry$$0000000A
    __rtentry2.o(.ARM.exidx) refers to __rtentry2.o(.ARM.Collect$$rtentry$$0000000B) for .ARM.Collect$$rtentry$$0000000B
    __rtentry2.o(.ARM.exidx) refers to __rtentry2.o(.ARM.Collect$$rtentry$$0000000D) for .ARM.Collect$$rtentry$$0000000D
    __rtentry4.o(.ARM.Collect$$rtentry$$00000004) refers to sys_stackheap_outer.o(.text) for __user_setup_stackheap
    __rtentry4.o(.ARM.exidx) refers to __rtentry4.o(.ARM.Collect$$rtentry$$00000004) for .ARM.Collect$$rtentry$$00000004
    dcmpi.o(x$fpl$dcmpinf) refers (Special) to usenofp.o(x$fpl$usenofp) for __I$use$fp
    dnaninf.o(x$fpl$dnaninf) refers (Special) to usenofp.o(x$fpl$usenofp) for __I$use$fp
    sys_stackheap_outer.o(.text) refers to libspace.o(.text) for __user_perproc_libspace
    sys_stackheap_outer.o(.text) refers to startup_stm32f10x_md.o(.text) for __user_initial_stackheap
    exit.o(.text) refers to rtexit.o(.ARM.Collect$$rtexit$$00000000) for __rt_exit
    libinit.o(.ARM.Collect$$libinit$$00000000) refers (Special) to libinit2.o(.ARM.Collect$$libinit$$00000030) for __rt_lib_init_alloca_1
    libinit.o(.ARM.Collect$$libinit$$00000000) refers (Special) to libinit2.o(.ARM.Collect$$libinit$$0000002E) for __rt_lib_init_argv_1
    libinit.o(.ARM.Collect$$libinit$$00000000) refers (Special) to libinit2.o(.ARM.Collect$$libinit$$0000001D) for __rt_lib_init_atexit_1
    libinit.o(.ARM.Collect$$libinit$$00000000) refers (Special) to libinit2.o(.ARM.Collect$$libinit$$00000023) for __rt_lib_init_clock_1
    libinit.o(.ARM.Collect$$libinit$$00000000) refers (Special) to libinit2.o(.ARM.Collect$$libinit$$00000034) for __rt_lib_init_cpp_1
    libinit.o(.ARM.Collect$$libinit$$00000000) refers (Special) to libinit2.o(.ARM.Collect$$libinit$$00000032) for __rt_lib_init_exceptions_1
    libinit.o(.ARM.Collect$$libinit$$00000000) refers (Special) to libinit2.o(.ARM.Collect$$libinit$$00000002) for __rt_lib_init_fp_1
    libinit.o(.ARM.Collect$$libinit$$00000000) refers (Special) to libinit2.o(.ARM.Collect$$libinit$$00000021) for __rt_lib_init_fp_trap_1
    libinit.o(.ARM.Collect$$libinit$$00000000) refers (Special) to libinit2.o(.ARM.Collect$$libinit$$00000025) for __rt_lib_init_getenv_1
    libinit.o(.ARM.Collect$$libinit$$00000000) refers (Special) to libinit2.o(.ARM.Collect$$libinit$$0000000C) for __rt_lib_init_heap_1
    libinit.o(.ARM.Collect$$libinit$$00000000) refers (Special) to libinit2.o(.ARM.Collect$$libinit$$00000013) for __rt_lib_init_lc_collate_1
    libinit.o(.ARM.Collect$$libinit$$00000000) refers (Special) to libinit2.o(.ARM.Collect$$libinit$$00000015) for __rt_lib_init_lc_ctype_1
    libinit.o(.ARM.Collect$$libinit$$00000000) refers (Special) to libinit2.o(.ARM.Collect$$libinit$$00000017) for __rt_lib_init_lc_monetary_1
    libinit.o(.ARM.Collect$$libinit$$00000000) refers (Special) to libinit2.o(.ARM.Collect$$libinit$$00000019) for __rt_lib_init_lc_numeric_1
    libinit.o(.ARM.Collect$$libinit$$00000000) refers (Special) to libinit2.o(.ARM.Collect$$libinit$$0000001B) for __rt_lib_init_lc_time_1
    libinit.o(.ARM.Collect$$libinit$$00000000) refers (Special) to libinit2.o(.ARM.Collect$$libinit$$00000006) for __rt_lib_init_preinit_1
    libinit.o(.ARM.Collect$$libinit$$00000000) refers (Special) to libinit2.o(.ARM.Collect$$libinit$$00000010) for __rt_lib_init_rand_1
    libinit.o(.ARM.Collect$$libinit$$00000000) refers (Special) to libinit2.o(.ARM.Collect$$libinit$$00000004) for __rt_lib_init_relocate_pie_1
    libinit.o(.ARM.Collect$$libinit$$00000000) refers (Special) to libinit2.o(.ARM.Collect$$libinit$$00000035) for __rt_lib_init_return
    libinit.o(.ARM.Collect$$libinit$$00000000) refers (Special) to libinit2.o(.ARM.Collect$$libinit$$0000001F) for __rt_lib_init_signal_1
    libinit.o(.ARM.Collect$$libinit$$00000000) refers (Special) to libinit2.o(.ARM.Collect$$libinit$$00000027) for __rt_lib_init_stdio_1
    libinit.o(.ARM.Collect$$libinit$$00000000) refers (Special) to libinit2.o(.ARM.Collect$$libinit$$0000000E) for __rt_lib_init_user_alloc_1
    libspace.o(.text) refers to libspace.o(.bss) for __libspace_start
    rtexit.o(.ARM.Collect$$rtexit$$00000000) refers (Special) to rtexit2.o(.ARM.Collect$$rtexit$$00000004) for __rt_exit_exit
    rtexit.o(.ARM.Collect$$rtexit$$00000000) refers (Special) to rtexit2.o(.ARM.Collect$$rtexit$$00000003) for __rt_exit_ls
    rtexit.o(.ARM.Collect$$rtexit$$00000000) refers (Special) to rtexit2.o(.ARM.Collect$$rtexit$$00000002) for __rt_exit_prels_1
    rtexit.o(.ARM.exidx) refers (Special) to rtexit2.o(.ARM.Collect$$rtexit$$00000004) for __rt_exit_exit
    rtexit.o(.ARM.exidx) refers (Special) to rtexit2.o(.ARM.Collect$$rtexit$$00000003) for __rt_exit_ls
    rtexit.o(.ARM.exidx) refers (Special) to rtexit2.o(.ARM.Collect$$rtexit$$00000002) for __rt_exit_prels_1
    rtexit.o(.ARM.exidx) refers to rtexit.o(.ARM.Collect$$rtexit$$00000000) for .ARM.Collect$$rtexit$$00000000
    libinit2.o(.ARM.Collect$$libinit$$00000012) refers to libinit2.o(.ARM.Collect$$libinit$$00000011) for .ARM.Collect$$libinit$$00000011
    libinit2.o(.ARM.Collect$$libinit$$00000014) refers to libinit2.o(.ARM.Collect$$libinit$$00000011) for .ARM.Collect$$libinit$$00000011
    libinit2.o(.ARM.Collect$$libinit$$00000016) refers to libinit2.o(.ARM.Collect$$libinit$$00000011) for .ARM.Collect$$libinit$$00000011
    libinit2.o(.ARM.Collect$$libinit$$00000018) refers to libinit2.o(.ARM.Collect$$libinit$$00000011) for .ARM.Collect$$libinit$$00000011
    libinit2.o(.ARM.Collect$$libinit$$0000001A) refers to libinit2.o(.ARM.Collect$$libinit$$00000011) for .ARM.Collect$$libinit$$00000011
    libinit2.o(.ARM.Collect$$libinit$$00000028) refers to argv_veneer.o(.emb_text) for __ARM_argv_veneer
    libinit2.o(.ARM.Collect$$libinit$$00000029) refers to argv_veneer.o(.emb_text) for __ARM_argv_veneer
    rtexit2.o(.ARM.Collect$$rtexit$$00000003) refers to libshutdown.o(.ARM.Collect$$libshutdown$$00000000) for __rt_lib_shutdown
    rtexit2.o(.ARM.Collect$$rtexit$$00000004) refers to sys_exit.o(.text) for _sys_exit
    rtexit2.o(.ARM.exidx) refers to rtexit2.o(.ARM.Collect$$rtexit$$00000001) for .ARM.Collect$$rtexit$$00000001
    rtexit2.o(.ARM.exidx) refers to rtexit2.o(.ARM.Collect$$rtexit$$00000003) for .ARM.Collect$$rtexit$$00000003
    rtexit2.o(.ARM.exidx) refers to rtexit2.o(.ARM.Collect$$rtexit$$00000004) for .ARM.Collect$$rtexit$$00000004
    argv_veneer.o(.emb_text) refers to no_argv.o(.text) for __ARM_get_argv
    sys_exit.o(.text) refers (Special) to use_no_semi.o(.text) for __I$use$semihosting
    sys_exit.o(.text) refers (Special) to indicate_semi.o(.text) for __semihosting_library_function
    sys_exit_hlt.o(.text) refers (Special) to use_no_semi.o(.text) for __I$use$semihosting
    sys_exit_hlt.o(.text) refers (Special) to indicate_semi.o(.text) for __semihosting_library_function
    _get_argv_nomalloc.o(.text) refers (Special) to hrguard.o(.text) for __heap_region$guard
    _get_argv_nomalloc.o(.text) refers to defsig_rtmem_outer.o(.text) for __rt_SIGRTMEM
    _get_argv_nomalloc.o(.text) refers to sys_command.o(.text) for _sys_command_string
    libshutdown.o(.ARM.Collect$$libshutdown$$00000000) refers (Special) to libshutdown2.o(.ARM.Collect$$libshutdown$$00000002) for __rt_lib_shutdown_cpp_1
    libshutdown.o(.ARM.Collect$$libshutdown$$00000000) refers (Special) to libshutdown2.o(.ARM.Collect$$libshutdown$$00000007) for __rt_lib_shutdown_fp_trap_1
    libshutdown.o(.ARM.Collect$$libshutdown$$00000000) refers (Special) to libshutdown2.o(.ARM.Collect$$libshutdown$$0000000F) for __rt_lib_shutdown_heap_1
    libshutdown.o(.ARM.Collect$$libshutdown$$00000000) refers (Special) to libshutdown2.o(.ARM.Collect$$libshutdown$$00000010) for __rt_lib_shutdown_return
    libshutdown.o(.ARM.Collect$$libshutdown$$00000000) refers (Special) to libshutdown2.o(.ARM.Collect$$libshutdown$$0000000A) for __rt_lib_shutdown_signal_1
    libshutdown.o(.ARM.Collect$$libshutdown$$00000000) refers (Special) to libshutdown2.o(.ARM.Collect$$libshutdown$$00000004) for __rt_lib_shutdown_stdio_1
    libshutdown.o(.ARM.Collect$$libshutdown$$00000000) refers (Special) to libshutdown2.o(.ARM.Collect$$libshutdown$$0000000C) for __rt_lib_shutdown_user_alloc_1
    sys_command.o(.text) refers (Special) to use_no_semi.o(.text) for __I$use$semihosting
    sys_command.o(.text) refers (Special) to indicate_semi.o(.text) for __semihosting_library_function
    sys_command_hlt.o(.text) refers (Special) to use_no_semi.o(.text) for __I$use$semihosting
    sys_command_hlt.o(.text) refers (Special) to indicate_semi.o(.text) for __semihosting_library_function
    defsig_rtmem_outer.o(.text) refers to defsig_rtmem_inner.o(.text) for __rt_SIGRTMEM_inner
    defsig_rtmem_outer.o(.text) refers to defsig_exit.o(.text) for __sig_exit
    defsig_rtmem_formal.o(.text) refers to rt_raise.o(.text) for __rt_raise
    rt_raise.o(.text) refers to __raise.o(.text) for __raise
    rt_raise.o(.text) refers to sys_exit.o(.text) for _sys_exit
    defsig_exit.o(.text) refers to sys_exit.o(.text) for _sys_exit
    defsig_rtmem_inner.o(.text) refers to defsig_general.o(.text) for __default_signal_display
    __raise.o(.text) refers to defsig.o(CL$$defsig) for __default_signal_handler
    defsig_general.o(.text) refers to sys_wrch.o(.text) for _ttywrch
    sys_wrch.o(.text) refers (Special) to use_no_semi.o(.text) for __I$use$semihosting
    sys_wrch.o(.text) refers (Special) to indicate_semi.o(.text) for __semihosting_library_function
    sys_wrch_hlt.o(.text) refers (Special) to use_no_semi.o(.text) for __I$use$semihosting
    sys_wrch_hlt.o(.text) refers (Special) to indicate_semi.o(.text) for __semihosting_library_function
    defsig.o(CL$$defsig) refers to defsig_rtmem_inner.o(.text) for __rt_SIGRTMEM_inner
    defsig_abrt_inner.o(.text) refers to defsig_general.o(.text) for __default_signal_display
    defsig_fpe_inner.o(.text) refers to defsig_general.o(.text) for __default_signal_display
    defsig_rtred_inner.o(.text) refers to defsig_general.o(.text) for __default_signal_display
    defsig_stak_inner.o(.text) refers to defsig_general.o(.text) for __default_signal_display
    defsig_pvfn_inner.o(.text) refers to defsig_general.o(.text) for __default_signal_display
    defsig_cppl_inner.o(.text) refers to defsig_general.o(.text) for __default_signal_display
    defsig_segv_inner.o(.text) refers to defsig_general.o(.text) for __default_signal_display
    defsig_other.o(.text) refers to defsig_general.o(.text) for __default_signal_display


==============================================================================

Removing Unused input sections from the image.

    Removing dio_program.o(.text), (0 bytes).
    Removing dio_program.o(.ARM.exidx.text.MGPIO_voidSetPinDirection), (8 bytes).
    Removing dio_program.o(.ARM.exidx.text.MGPIO_voidSetPinValue), (8 bytes).
    Removing dio_program.o(.text.MGPIO_u8GetPinValue), (130 bytes).
    Removing dio_program.o(.ARM.exidx.text.MGPIO_u8GetPinValue), (8 bytes).
    Removing dio_program.o(.text.MGPIO_voidSetPortDirection), (118 bytes).
    Removing dio_program.o(.ARM.exidx.text.MGPIO_voidSetPortDirection), (8 bytes).
    Removing dio_program.o(.text.MGPIO_voidSetPortValue), (114 bytes).
    Removing dio_program.o(.ARM.exidx.text.MGPIO_voidSetPortValue), (8 bytes).
    Removing dio_program.o(.ARM.exidx.text.MGPIO_voidTglPin), (8 bytes).
    Removing nvic_program.o(.text), (0 bytes).
    Removing nvic_program.o(.text.MNVIC_voidInit), (20 bytes).
    Removing nvic_program.o(.ARM.exidx.text.MNVIC_voidInit), (8 bytes).
    Removing nvic_program.o(.text.MNVIC_voidEnableInterrupt), (84 bytes).
    Removing nvic_program.o(.ARM.exidx.text.MNVIC_voidEnableInterrupt), (8 bytes).
    Removing nvic_program.o(.text.MNVIC_voidDisableInterrupt), (84 bytes).
    Removing nvic_program.o(.ARM.exidx.text.MNVIC_voidDisableInterrupt), (8 bytes).
    Removing nvic_program.o(.text.MNVIC_voidSetPendingFlag), (84 bytes).
    Removing nvic_program.o(.ARM.exidx.text.MNVIC_voidSetPendingFlag), (8 bytes).
    Removing nvic_program.o(.text.MNVIC_voidClearPendingFlag), (84 bytes).
    Removing nvic_program.o(.ARM.exidx.text.MNVIC_voidClearPendingFlag), (8 bytes).
    Removing nvic_program.o(.text.MNVIC_u8GetActiveFlag), (100 bytes).
    Removing nvic_program.o(.ARM.exidx.text.MNVIC_u8GetActiveFlag), (8 bytes).
    Removing nvic_program.o(.text.MNVIC_voidSetPriority_2), (200 bytes).
    Removing nvic_program.o(.ARM.exidx.text.MNVIC_voidSetPriority_2), (8 bytes).
    Removing nvic_program.o(.text.MNVIC_voidSetPriority), (46 bytes).
    Removing nvic_program.o(.ARM.exidx.text.MNVIC_voidSetPriority), (8 bytes).
    Removing pwm_program.o(.text), (0 bytes).
    Removing pwm_program.o(.ARM.exidx.text.MPWM_voidInit), (8 bytes).
    Removing pwm_program.o(.ARM.exidx.text.MPWM_SETValuesOfPWM), (8 bytes).
    Removing rcc_program.o(.text), (0 bytes).
    Removing rcc_program.o(.ARM.exidx.text.MRCC_voidInit), (8 bytes).
    Removing rcc_program.o(.ARM.exidx.text.MRCC_voidClkEnable), (8 bytes).
    Removing rcc_program.o(.ARM.exidx.text.MRCC_u8CheckClockReady), (8 bytes).
    Removing rcc_program.o(.ARM.exidx.text.MRCC_voidSetBusesPrescaler), (8 bytes).
    Removing rcc_program.o(.ARM.exidx.text.MRCC_voidSetClkSource), (8 bytes).
    Removing rcc_program.o(.ARM.exidx.text.MRCC_voidClkDisable), (8 bytes).
    Removing rcc_program.o(.ARM.exidx.text.MRCC_voidPerClock_State), (8 bytes).
    Removing rcc_program.o(.text.MRCC_voidSetPLLMulFactor), (38 bytes).
    Removing rcc_program.o(.ARM.exidx.text.MRCC_voidSetPLLMulFactor), (8 bytes).
    Removing rcc_program.o(.text.MRCC_voidSetPLLSource), (130 bytes).
    Removing rcc_program.o(.ARM.exidx.text.MRCC_voidSetPLLSource), (8 bytes).
    Removing spi.o(.text), (0 bytes).
    Removing spi.o(.ARM.exidx.text.SPI_voidInit), (8 bytes).
    Removing spi.o(.ARM.exidx.text.SPI_voidSendReceieveCharSynch), (8 bytes).
    Removing spi.o(.text.SPI_enu_SendDataAsynch), (24 bytes).
    Removing spi.o(.ARM.exidx.text.SPI_enu_SendDataAsynch), (8 bytes).
    Removing spi.o(.text.insert_queue), (112 bytes).
    Removing spi.o(.ARM.exidx.text.insert_queue), (8 bytes).
    Removing spi.o(.ARM.exidx.text.truncate_queue), (8 bytes).
    Removing spi.o(.text.SPI_enu_SendStreamAsynch), (62 bytes).
    Removing spi.o(.ARM.exidx.text.SPI_enu_SendStreamAsynch), (8 bytes).
    Removing spi.o(.ARM.exidx.text.SPI_enu_SendRecieveStreamSynch), (8 bytes).
    Removing spi.o(.text.SPI_enu_GetDataAsynch), (66 bytes).
    Removing spi.o(.ARM.exidx.text.SPI_enu_GetDataAsynch), (8 bytes).
    Removing spi.o(.text.SPI_voidsetCallBck), (30 bytes).
    Removing spi.o(.ARM.exidx.text.SPI_voidsetCallBck), (8 bytes).
    Removing spi.o(.ARM.exidx.text.SPI1_IRQHandler), (8 bytes).
    Removing spi.o(.bss.sgl_Recieve_Index), (2 bytes).
    Removing spi.o(.bss.sgl_arr_Recieve_Buffer), (200 bytes).
    Removing usart_program.o(.text), (0 bytes).
    Removing usart_program.o(.text.MUSART_voidInit), (266 bytes).
    Removing usart_program.o(.ARM.exidx.text.MUSART_voidInit), (8 bytes).
    Removing usart_program.o(.text.MUSART_voidSetBaudrateRegister), (184 bytes).
    Removing usart_program.o(.ARM.exidx.text.MUSART_voidSetBaudrateRegister), (8 bytes).
    Removing usart_program.o(.text.MUSART_voidEnableUSART_RecieveInterrupt), (34 bytes).
    Removing usart_program.o(.ARM.exidx.text.MUSART_voidEnableUSART_RecieveInterrupt), (8 bytes).
    Removing usart_program.o(.text.MUSART_voidTransmitCharacter), (130 bytes).
    Removing usart_program.o(.ARM.exidx.text.MUSART_voidTransmitCharacter), (8 bytes).
    Removing usart_program.o(.text.MUSART_u8RecieveCharacter), (134 bytes).
    Removing usart_program.o(.ARM.exidx.text.MUSART_u8RecieveCharacter), (8 bytes).
    Removing usart_program.o(.text.MUSART_SetCallBack), (20 bytes).
    Removing usart_program.o(.ARM.exidx.text.MUSART_SetCallBack), (8 bytes).
    Removing usart_program.o(.text.MUSART_voidTransmitstring), (140 bytes).
    Removing usart_program.o(.ARM.exidx.text.MUSART_voidTransmitstring), (8 bytes).
    Removing usart_program.o(.text.MUSART_u8GetRecievedValue), (368 bytes).
    Removing usart_program.o(.ARM.exidx.text.MUSART_u8GetRecievedValue), (8 bytes).
    Removing usart_program.o(.ARM.exidx.text.MUSART_u8IsRecieveBufferAvailable), (8 bytes).
    Removing usart_program.o(.text.MUSART_voidTransmitnumber), (242 bytes).
    Removing usart_program.o(.ARM.exidx.text.MUSART_voidTransmitnumber), (8 bytes).
    Removing usart_program.o(.text.MUSART_voidDisableUSART_RecieveInterrupt), (34 bytes).
    Removing usart_program.o(.ARM.exidx.text.MUSART_voidDisableUSART_RecieveInterrupt), (8 bytes).
    Removing usart_program.o(.ARM.exidx.text.USART1_IRQHandler), (8 bytes).
    Removing usart_program.o(.ARM.exidx.text.USART2_IRQHandler), (8 bytes).
    Removing usart_program.o(.ARM.exidx.text.USART3_IRQHandler), (8 bytes).
    Removing usart_program.o(.bss.USART1_CallBack), (4 bytes).
    Removing ble.o(.text), (0 bytes).
    Removing ble.o(.text.HBLE_VInit), (68 bytes).
    Removing ble.o(.ARM.exidx.text.HBLE_VInit), (8 bytes).
    Removing ble.o(.text.HBLE_VGetKey), (18 bytes).
    Removing ble.o(.ARM.exidx.text.HBLE_VGetKey), (8 bytes).
    Removing motor.o(.text), (0 bytes).
    Removing motor.o(.ARM.exidx.text.DCmotor_Init), (8 bytes).
    Removing motor.o(.ARM.exidx.text.MOTOR_setMotor), (8 bytes).
    Removing motor.o(.bss.state), (1 bytes).
    Removing nrf24l01.o(.text), (0 bytes).
    Removing nrf24l01.o(.ARM.exidx.text.NRF24L01_init), (8 bytes).
    Removing nrf24l01.o(.ARM.exidx.text.NRF24L01_reset), (8 bytes).
    Removing nrf24l01.o(.ARM.exidx.text.NRF24L01_writeRegister), (8 bytes).
    Removing nrf24l01.o(.text.NRF24L01_switchToTransmitterMode), (132 bytes).
    Removing nrf24l01.o(.ARM.exidx.text.NRF24L01_switchToTransmitterMode), (8 bytes).
    Removing nrf24l01.o(.ARM.exidx.text.NRF24L01_writeRegisterMulti), (8 bytes).
    Removing nrf24l01.o(.ARM.exidx.text.NRF24L01_readRegister), (8 bytes).
    Removing nrf24l01.o(.ARM.exidx.text.NRF24L01_switchToReceiverMode), (8 bytes).
    Removing nrf24l01.o(.text.NRF24L01_checkTransmitterBuffer), (86 bytes).
    Removing nrf24l01.o(.ARM.exidx.text.NRF24L01_checkTransmitterBuffer), (8 bytes).
    Removing nrf24l01.o(.ARM.exidx.text.NRF24L01_checkReceiverBuffer), (8 bytes).
    Removing nrf24l01.o(.text.NRF24L01_sendData), (96 bytes).
    Removing nrf24l01.o(.ARM.exidx.text.NRF24L01_sendData), (8 bytes).
    Removing nrf24l01.o(.ARM.exidx.text.NRF24L01_readData), (8 bytes).
    Removing nrf24l01.o(.text.NRF24L01_flushTransmitterBuffer), (10 bytes).
    Removing nrf24l01.o(.ARM.exidx.text.NRF24L01_flushTransmitterBuffer), (8 bytes).
    Removing nrf24l01.o(.ARM.exidx.text.NRF24L01_sendCommand), (8 bytes).
    Removing nrf24l01.o(.ARM.exidx.text.NRF24L01_flushReceiverBuffer), (8 bytes).
    Removing nrf24l01.o(.data.G_transmitterAddress), (5 bytes).
    Removing v2v-secondvehicle.o(.text), (0 bytes).
    Removing v2v-secondvehicle.o(.ARM.exidx.text.main), (8 bytes).
    Removing v2v-secondvehicle.o(.data.G_secondVehicle), (3 bytes).
    Removing v2v-secondvehicle.o(.ARM.use_no_argv), (4 bytes).
    Removing system_stm32f10x.o(.text), (0 bytes).
    Removing system_stm32f10x.o(.ARM.exidx.text.SystemInit), (8 bytes).
    Removing system_stm32f10x.o(.ARM.exidx.text.SetSysClock), (8 bytes).
    Removing system_stm32f10x.o(.text.SystemCoreClockUpdate), (290 bytes).
    Removing system_stm32f10x.o(.ARM.exidx.text.SystemCoreClockUpdate), (8 bytes).
    Removing system_stm32f10x.o(.ARM.exidx.text.SetSysClockTo72), (8 bytes).
    Removing system_stm32f10x.o(.data.SystemCoreClock), (4 bytes).
    Removing system_stm32f10x.o(.rodata.AHBPrescTable), (16 bytes).

127 unused section(s) (total 4593 bytes) removed from the image.

==============================================================================

Image Symbol Table

    Local Symbols

    Symbol Name                              Value     Ov Type        Size  Object(Section)

    ../clib/angel/boardlib.s                 0x00000000   Number         0  boardinit1.o ABSOLUTE
    ../clib/angel/boardlib.s                 0x00000000   Number         0  boardinit2.o ABSOLUTE
    ../clib/angel/boardlib.s                 0x00000000   Number         0  boardinit3.o ABSOLUTE
    ../clib/angel/boardlib.s                 0x00000000   Number         0  boardshut.o ABSOLUTE
    ../clib/angel/handlers.s                 0x00000000   Number         0  __scatter_copy.o ABSOLUTE
    ../clib/angel/handlers.s                 0x00000000   Number         0  __scatter_zi.o ABSOLUTE
    ../clib/angel/kernel.s                   0x00000000   Number         0  __rtentry.o ABSOLUTE
    ../clib/angel/kernel.s                   0x00000000   Number         0  __rtentry2.o ABSOLUTE
    ../clib/angel/kernel.s                   0x00000000   Number         0  __rtentry4.o ABSOLUTE
    ../clib/angel/kernel.s                   0x00000000   Number         0  rtexit.o ABSOLUTE
    ../clib/angel/kernel.s                   0x00000000   Number         0  rtexit2.o ABSOLUTE
    ../clib/angel/rt.s                       0x00000000   Number         0  rt_raise.o ABSOLUTE
    ../clib/angel/scatter.s                  0x00000000   Number         0  __scatter.o ABSOLUTE
    ../clib/angel/startup.s                  0x00000000   Number         0  __main.o ABSOLUTE
    ../clib/angel/sys.s                      0x00000000   Number         0  sys_stackheap_outer.o ABSOLUTE
    ../clib/angel/sys.s                      0x00000000   Number         0  libspace.o ABSOLUTE
    ../clib/angel/sys.s                      0x00000000   Number         0  use_no_semi.o ABSOLUTE
    ../clib/angel/sys.s                      0x00000000   Number         0  indicate_semi.o ABSOLUTE
    ../clib/angel/sysapp.c                   0x00000000   Number         0  sys_exit.o ABSOLUTE
    ../clib/angel/sysapp.c                   0x00000000   Number         0  sys_exit_hlt.o ABSOLUTE
    ../clib/angel/sysapp.c                   0x00000000   Number         0  sys_command.o ABSOLUTE
    ../clib/angel/sysapp.c                   0x00000000   Number         0  sys_command_hlt.o ABSOLUTE
    ../clib/angel/sysapp.c                   0x00000000   Number         0  sys_wrch.o ABSOLUTE
    ../clib/angel/sysapp.c                   0x00000000   Number         0  sys_wrch_hlt.o ABSOLUTE
    ../clib/armsys.c                         0x00000000   Number         0  argv_veneer.o ABSOLUTE
    ../clib/armsys.c                         0x00000000   Number         0  argv_veneer.o ABSOLUTE
    ../clib/armsys.c                         0x00000000   Number         0  _get_argv_nomalloc.o ABSOLUTE
    ../clib/armsys.c                         0x00000000   Number         0  no_argv.o ABSOLUTE
    ../clib/heapalloc.c                      0x00000000   Number         0  hrguard.o ABSOLUTE
    ../clib/heapaux.c                        0x00000000   Number         0  heapauxi.o ABSOLUTE
    ../clib/libinit.s                        0x00000000   Number         0  libinit.o ABSOLUTE
    ../clib/libinit.s                        0x00000000   Number         0  libinit2.o ABSOLUTE
    ../clib/libinit.s                        0x00000000   Number         0  libshutdown.o ABSOLUTE
    ../clib/libinit.s                        0x00000000   Number         0  libshutdown2.o ABSOLUTE
    ../clib/signal.c                         0x00000000   Number         0  defsig_rtmem_outer.o ABSOLUTE
    ../clib/signal.c                         0x00000000   Number         0  defsig_rtmem_formal.o ABSOLUTE
    ../clib/signal.c                         0x00000000   Number         0  defsig_exit.o ABSOLUTE
    ../clib/signal.c                         0x00000000   Number         0  defsig_rtmem_inner.o ABSOLUTE
    ../clib/signal.c                         0x00000000   Number         0  __raise.o ABSOLUTE
    ../clib/signal.c                         0x00000000   Number         0  defsig_general.o ABSOLUTE
    ../clib/signal.c                         0x00000000   Number         0  defsig_abrt_inner.o ABSOLUTE
    ../clib/signal.c                         0x00000000   Number         0  defsig_fpe_inner.o ABSOLUTE
    ../clib/signal.c                         0x00000000   Number         0  defsig_rtred_inner.o ABSOLUTE
    ../clib/signal.c                         0x00000000   Number         0  defsig_stak_inner.o ABSOLUTE
    ../clib/signal.c                         0x00000000   Number         0  defsig_pvfn_inner.o ABSOLUTE
    ../clib/signal.c                         0x00000000   Number         0  defsig_cppl_inner.o ABSOLUTE
    ../clib/signal.c                         0x00000000   Number         0  defsig_segv_inner.o ABSOLUTE
    ../clib/signal.c                         0x00000000   Number         0  defsig_other.o ABSOLUTE
    ../clib/signal.s                         0x00000000   Number         0  defsig.o ABSOLUTE
    ../clib/stdlib.c                         0x00000000   Number         0  exit.o ABSOLUTE
    ../fplib/dcmp.s                          0x00000000   Number         0  dcmp.o ABSOLUTE
    ../fplib/dcmpi.s                         0x00000000   Number         0  dcmpi.o ABSOLUTE
    ../fplib/deqf.s                          0x00000000   Number         0  deqf.o ABSOLUTE
    ../fplib/dgeqf.s                         0x00000000   Number         0  dgeqf.o ABSOLUTE
    ../fplib/dleqf.s                         0x00000000   Number         0  dleqf.o ABSOLUTE
    ../fplib/dnaninf.s                       0x00000000   Number         0  dnaninf.o ABSOLUTE
    ../fplib/dretinf.s                       0x00000000   Number         0  dretinf.o ABSOLUTE
    ../fplib/f2d.s                           0x00000000   Number         0  f2d.o ABSOLUTE
    ../fplib/faddsub.s                       0x00000000   Number         0  faddsub_clz.o ABSOLUTE
    ../fplib/ffixu.s                         0x00000000   Number         0  ffixu.o ABSOLUTE
    ../fplib/fflt.s                          0x00000000   Number         0  fflt_clz.o ABSOLUTE
    ../fplib/fmul.s                          0x00000000   Number         0  fmul.o ABSOLUTE
    ../fplib/fnaninf.s                       0x00000000   Number         0  fnaninf.o ABSOLUTE
    ../fplib/fpinit.s                        0x00000000   Number         0  fpinit.o ABSOLUTE
    ../fplib/fpinit_empty.s                  0x00000000   Number         0  fpinit_empty.o ABSOLUTE
    ../fplib/fretinf.s                       0x00000000   Number         0  fretinf.o ABSOLUTE
    ../fplib/usenofp.s                       0x00000000   Number         0  usenofp.o ABSOLUTE
    BLE.c                                    0x00000000   Number         0  ble.o ABSOLUTE
    DIO_PROGRAM.c                            0x00000000   Number         0  dio_program.o ABSOLUTE
    NVIC_program.c                           0x00000000   Number         0  nvic_program.o ABSOLUTE
    PWM_program.c                            0x00000000   Number         0  pwm_program.o ABSOLUTE
    RCC_program.c                            0x00000000   Number         0  rcc_program.o ABSOLUTE
    RTE/Device/STM32F103C8/startup_stm32f10x_md.s 0x00000000   Number         0  startup_stm32f10x_md.o ABSOLUTE
    SPI.c                                    0x00000000   Number         0  spi.o ABSOLUTE
    USART_program.c                          0x00000000   Number         0  usart_program.o ABSOLUTE
    V2V-secondVehicle.c                      0x00000000   Number         0  v2v-secondvehicle.o ABSOLUTE
    dc.s                                     0x00000000   Number         0  dc.o ABSOLUTE
    motor.c                                  0x00000000   Number         0  motor.o ABSOLUTE
    nrf24l01.c                               0x00000000   Number         0  nrf24l01.o ABSOLUTE
    system_stm32f10x.c                       0x00000000   Number         0  system_stm32f10x.o ABSOLUTE
    RESET                                    0x08000000   Section      236  startup_stm32f10x_md.o(RESET)
    !!!main                                  0x080000ec   Section        8  __main.o(!!!main)
    !!!scatter                               0x080000f4   Section       52  __scatter.o(!!!scatter)
    !!handler_copy                           0x08000128   Section       26  __scatter_copy.o(!!handler_copy)
    !!handler_zi                             0x08000144   Section       28  __scatter_zi.o(!!handler_zi)
    .ARM.Collect$$libinit$$00000000          0x08000160   Section        2  libinit.o(.ARM.Collect$$libinit$$00000000)
    .ARM.Collect$$libinit$$00000002          0x08000162   Section        0  libinit2.o(.ARM.Collect$$libinit$$00000002)
    .ARM.Collect$$libinit$$00000004          0x08000162   Section        0  libinit2.o(.ARM.Collect$$libinit$$00000004)
    .ARM.Collect$$libinit$$00000006          0x08000162   Section        0  libinit2.o(.ARM.Collect$$libinit$$00000006)
    .ARM.Collect$$libinit$$0000000C          0x08000162   Section        0  libinit2.o(.ARM.Collect$$libinit$$0000000C)
    .ARM.Collect$$libinit$$0000000E          0x08000162   Section        0  libinit2.o(.ARM.Collect$$libinit$$0000000E)
    .ARM.Collect$$libinit$$00000010          0x08000162   Section        0  libinit2.o(.ARM.Collect$$libinit$$00000010)
    .ARM.Collect$$libinit$$00000013          0x08000162   Section        0  libinit2.o(.ARM.Collect$$libinit$$00000013)
    .ARM.Collect$$libinit$$00000015          0x08000162   Section        0  libinit2.o(.ARM.Collect$$libinit$$00000015)
    .ARM.Collect$$libinit$$00000017          0x08000162   Section        0  libinit2.o(.ARM.Collect$$libinit$$00000017)
    .ARM.Collect$$libinit$$00000019          0x08000162   Section        0  libinit2.o(.ARM.Collect$$libinit$$00000019)
    .ARM.Collect$$libinit$$0000001B          0x08000162   Section        0  libinit2.o(.ARM.Collect$$libinit$$0000001B)
    .ARM.Collect$$libinit$$0000001D          0x08000162   Section        0  libinit2.o(.ARM.Collect$$libinit$$0000001D)
    .ARM.Collect$$libinit$$0000001F          0x08000162   Section        0  libinit2.o(.ARM.Collect$$libinit$$0000001F)
    .ARM.Collect$$libinit$$00000021          0x08000162   Section        0  libinit2.o(.ARM.Collect$$libinit$$00000021)
    .ARM.Collect$$libinit$$00000023          0x08000162   Section        0  libinit2.o(.ARM.Collect$$libinit$$00000023)
    .ARM.Collect$$libinit$$00000025          0x08000162   Section        0  libinit2.o(.ARM.Collect$$libinit$$00000025)
    .ARM.Collect$$libinit$$00000027          0x08000162   Section        0  libinit2.o(.ARM.Collect$$libinit$$00000027)
    .ARM.Collect$$libinit$$0000002E          0x08000162   Section        0  libinit2.o(.ARM.Collect$$libinit$$0000002E)
    .ARM.Collect$$libinit$$00000030          0x08000162   Section        0  libinit2.o(.ARM.Collect$$libinit$$00000030)
    .ARM.Collect$$libinit$$00000032          0x08000162   Section        0  libinit2.o(.ARM.Collect$$libinit$$00000032)
    .ARM.Collect$$libinit$$00000034          0x08000162   Section        0  libinit2.o(.ARM.Collect$$libinit$$00000034)
    .ARM.Collect$$libinit$$00000035          0x08000162   Section        2  libinit2.o(.ARM.Collect$$libinit$$00000035)
    .ARM.Collect$$libshutdown$$00000000      0x08000164   Section        2  libshutdown.o(.ARM.Collect$$libshutdown$$00000000)
    .ARM.Collect$$libshutdown$$00000002      0x08000166   Section        0  libshutdown2.o(.ARM.Collect$$libshutdown$$00000002)
    .ARM.Collect$$libshutdown$$00000004      0x08000166   Section        0  libshutdown2.o(.ARM.Collect$$libshutdown$$00000004)
    .ARM.Collect$$libshutdown$$00000007      0x08000166   Section        0  libshutdown2.o(.ARM.Collect$$libshutdown$$00000007)
    .ARM.Collect$$libshutdown$$0000000A      0x08000166   Section        0  libshutdown2.o(.ARM.Collect$$libshutdown$$0000000A)
    .ARM.Collect$$libshutdown$$0000000C      0x08000166   Section        0  libshutdown2.o(.ARM.Collect$$libshutdown$$0000000C)
    .ARM.Collect$$libshutdown$$0000000F      0x08000166   Section        0  libshutdown2.o(.ARM.Collect$$libshutdown$$0000000F)
    .ARM.Collect$$libshutdown$$00000010      0x08000166   Section        2  libshutdown2.o(.ARM.Collect$$libshutdown$$00000010)
    .ARM.Collect$$rtentry$$00000000          0x08000168   Section        0  __rtentry.o(.ARM.Collect$$rtentry$$00000000)
    .ARM.Collect$$rtentry$$00000002          0x08000168   Section        0  __rtentry2.o(.ARM.Collect$$rtentry$$00000002)
    .ARM.Collect$$rtentry$$00000004          0x08000168   Section        6  __rtentry4.o(.ARM.Collect$$rtentry$$00000004)
    .ARM.Collect$$rtentry$$00000009          0x0800016e   Section        0  __rtentry2.o(.ARM.Collect$$rtentry$$00000009)
    .ARM.Collect$$rtentry$$0000000A          0x0800016e   Section        4  __rtentry2.o(.ARM.Collect$$rtentry$$0000000A)
    .ARM.Collect$$rtentry$$0000000C          0x08000172   Section        0  __rtentry2.o(.ARM.Collect$$rtentry$$0000000C)
    .ARM.Collect$$rtentry$$0000000D          0x08000172   Section        8  __rtentry2.o(.ARM.Collect$$rtentry$$0000000D)
    .ARM.Collect$$rtexit$$00000000           0x0800017a   Section        2  rtexit.o(.ARM.Collect$$rtexit$$00000000)
    .ARM.Collect$$rtexit$$00000002           0x0800017c   Section        0  rtexit2.o(.ARM.Collect$$rtexit$$00000002)
    .ARM.Collect$$rtexit$$00000003           0x0800017c   Section        4  rtexit2.o(.ARM.Collect$$rtexit$$00000003)
    .ARM.Collect$$rtexit$$00000004           0x08000180   Section        6  rtexit2.o(.ARM.Collect$$rtexit$$00000004)
    .text                                    0x08000188   Section       64  startup_stm32f10x_md.o(.text)
    .text                                    0x080001c8   Section        0  heapauxi.o(.text)
    .text                                    0x080001ce   Section       74  sys_stackheap_outer.o(.text)
    .text                                    0x08000218   Section        0  exit.o(.text)
    .text                                    0x0800022c   Section        8  libspace.o(.text)
    .text                                    0x08000234   Section        0  sys_exit.o(.text)
    .text                                    0x08000240   Section        2  use_no_semi.o(.text)
    .text                                    0x08000242   Section        0  indicate_semi.o(.text)
    [Anonymous Symbol]                       0x08000244   Section        0  motor.o(.text.DCmotor_Init)
    [Anonymous Symbol]                       0x080002c4   Section        0  dio_program.o(.text.MGPIO_voidSetPinDirection)
    [Anonymous Symbol]                       0x0800049c   Section        0  dio_program.o(.text.MGPIO_voidSetPinValue)
    [Anonymous Symbol]                       0x080005a8   Section        0  dio_program.o(.text.MGPIO_voidTglPin)
    [Anonymous Symbol]                       0x08000620   Section        0  motor.o(.text.MOTOR_setMotor)
    [Anonymous Symbol]                       0x0800078c   Section        0  pwm_program.o(.text.MPWM_SETValuesOfPWM)
    [Anonymous Symbol]                       0x08000830   Section        0  pwm_program.o(.text.MPWM_voidInit)
    [Anonymous Symbol]                       0x08000b80   Section        0  rcc_program.o(.text.MRCC_u8CheckClockReady)
    [Anonymous Symbol]                       0x08000bec   Section        0  rcc_program.o(.text.MRCC_voidClkDisable)
    [Anonymous Symbol]                       0x08000c48   Section        0  rcc_program.o(.text.MRCC_voidClkEnable)
    [Anonymous Symbol]                       0x08000ca4   Section        0  rcc_program.o(.text.MRCC_voidInit)
    [Anonymous Symbol]                       0x08000ce0   Section        0  rcc_program.o(.text.MRCC_voidPerClock_State)
    [Anonymous Symbol]                       0x08000df0   Section        0  rcc_program.o(.text.MRCC_voidSetBusesPrescaler)
    [Anonymous Symbol]                       0x08000e38   Section        0  rcc_program.o(.text.MRCC_voidSetClkSource)
    [Anonymous Symbol]                       0x08000eac   Section        0  usart_program.o(.text.MUSART_u8IsRecieveBufferAvailable)
    [Anonymous Symbol]                       0x080010ec   Section        0  nrf24l01.o(.text.NRF24L01_checkReceiverBuffer)
    [Anonymous Symbol]                       0x08001170   Section        0  nrf24l01.o(.text.NRF24L01_flushReceiverBuffer)
    [Anonymous Symbol]                       0x0800117c   Section        0  nrf24l01.o(.text.NRF24L01_init)
    [Anonymous Symbol]                       0x08001228   Section        0  nrf24l01.o(.text.NRF24L01_readData)
    NRF24L01_readRegister                    0x08001289   Thumb Code    78  nrf24l01.o(.text.NRF24L01_readRegister)
    [Anonymous Symbol]                       0x08001288   Section        0  nrf24l01.o(.text.NRF24L01_readRegister)
    [Anonymous Symbol]                       0x080012d8   Section        0  nrf24l01.o(.text.NRF24L01_reset)
    NRF24L01_sendCommand                     0x08001385   Thumb Code    52  nrf24l01.o(.text.NRF24L01_sendCommand)
    [Anonymous Symbol]                       0x08001384   Section        0  nrf24l01.o(.text.NRF24L01_sendCommand)
    [Anonymous Symbol]                       0x080013b8   Section        0  nrf24l01.o(.text.NRF24L01_switchToReceiverMode)
    NRF24L01_writeRegister                   0x08001505   Thumb Code    84  nrf24l01.o(.text.NRF24L01_writeRegister)
    [Anonymous Symbol]                       0x08001504   Section        0  nrf24l01.o(.text.NRF24L01_writeRegister)
    NRF24L01_writeRegisterMulti              0x08001559   Thumb Code    92  nrf24l01.o(.text.NRF24L01_writeRegisterMulti)
    [Anonymous Symbol]                       0x08001558   Section        0  nrf24l01.o(.text.NRF24L01_writeRegisterMulti)
    [Anonymous Symbol]                       0x080015b4   Section        0  spi.o(.text.SPI1_IRQHandler)
    [Anonymous Symbol]                       0x080015e0   Section        0  spi.o(.text.SPI_enu_SendRecieveStreamSynch)
    [Anonymous Symbol]                       0x08001624   Section        0  spi.o(.text.SPI_voidInit)
    [Anonymous Symbol]                       0x08001680   Section        0  spi.o(.text.SPI_voidSendReceieveCharSynch)
    SetSysClock                              0x080016d5   Thumb Code     8  system_stm32f10x.o(.text.SetSysClock)
    [Anonymous Symbol]                       0x080016d4   Section        0  system_stm32f10x.o(.text.SetSysClock)
    SetSysClockTo72                          0x080016dd   Thumb Code   290  system_stm32f10x.o(.text.SetSysClockTo72)
    [Anonymous Symbol]                       0x080016dc   Section        0  system_stm32f10x.o(.text.SetSysClockTo72)
    [Anonymous Symbol]                       0x08001800   Section        0  system_stm32f10x.o(.text.SystemInit)
    [Anonymous Symbol]                       0x08001868   Section        0  usart_program.o(.text.USART1_IRQHandler)
    [Anonymous Symbol]                       0x080018d4   Section        0  usart_program.o(.text.USART2_IRQHandler)
    [Anonymous Symbol]                       0x08001930   Section        0  usart_program.o(.text.USART3_IRQHandler)
    [Anonymous Symbol]                       0x0800198c   Section        0  v2v-secondvehicle.o(.text.main)
    truncate_queue                           0x08001a55   Thumb Code   120  spi.o(.text.truncate_queue)
    [Anonymous Symbol]                       0x08001a54   Section        0  spi.o(.text.truncate_queue)
    G_receiverPipe0Address                   0x20000003   Data           5  nrf24l01.o(.data.G_receiverPipe0Address)
    [Anonymous Symbol]                       0x20000003   Section        0  nrf24l01.o(.data.G_receiverPipe0Address)
    G_receiverPipe1Address                   0x20000008   Data           5  nrf24l01.o(.data.G_receiverPipe1Address)
    [Anonymous Symbol]                       0x20000008   Section        0  nrf24l01.o(.data.G_receiverPipe1Address)
    G_receiverPipe2Address                   0x2000000d   Data           5  nrf24l01.o(.data.G_receiverPipe2Address)
    [Anonymous Symbol]                       0x2000000d   Section        0  nrf24l01.o(.data.G_receiverPipe2Address)
    G_receiverPipe3Address                   0x20000012   Data           5  nrf24l01.o(.data.G_receiverPipe3Address)
    [Anonymous Symbol]                       0x20000012   Section        0  nrf24l01.o(.data.G_receiverPipe3Address)
    G_receiverPipe4Address                   0x20000017   Data           5  nrf24l01.o(.data.G_receiverPipe4Address)
    [Anonymous Symbol]                       0x20000017   Section        0  nrf24l01.o(.data.G_receiverPipe4Address)
    G_receiverPipe5Address                   0x2000001c   Data           5  nrf24l01.o(.data.G_receiverPipe5Address)
    [Anonymous Symbol]                       0x2000001c   Section        0  nrf24l01.o(.data.G_receiverPipe5Address)
    .bss                                     0x20000118   Section       96  libspace.o(.bss)
    G_dummyArray                             0x20000178   Data          32  nrf24l01.o(.bss.G_dummyArray)
    [Anonymous Symbol]                       0x20000178   Section        0  nrf24l01.o(.bss.G_dummyArray)
    G_statusRegister                         0x20000198   Data           1  nrf24l01.o(.bss.G_statusRegister)
    [Anonymous Symbol]                       0x20000198   Section        0  nrf24l01.o(.bss.G_statusRegister)
    Heap_Mem                                 0x200001d8   Data         512  startup_stm32f10x_md.o(HEAP)
    HEAP                                     0x200001d8   Section      512  startup_stm32f10x_md.o(HEAP)
    Stack_Mem                                0x200003d8   Data        1024  startup_stm32f10x_md.o(STACK)
    STACK                                    0x200003d8   Section     1024  startup_stm32f10x_md.o(STACK)
    __initial_sp                             0x200007d8   Data           0  startup_stm32f10x_md.o(STACK)

    Global Symbols

    Symbol Name                              Value     Ov Type        Size  Object(Section)

    BuildAttributes$$THM_ISAv4$P$D$K$B$S$PE$A:L22UL41UL21$X:L11$S22US41US21$IEEE1$IW$~IW$USESV6$~STKCKD$USESV7$~SHL$OSPACE$ROPI$EBA8$UX$STANDARDLIB$REQ8$PRES8$EABIv2 0x00000000   Number         0  anon$$obj.o ABSOLUTE
    __fp_init_empty                          0x00000000   Number         0  fpinit_empty.o ABSOLUTE
    __ARM_exceptions_init                     - Undefined Weak Reference
    __alloca_initialize                       - Undefined Weak Reference
    __arm_preinit_                            - Undefined Weak Reference
    __arm_relocate_pie_                       - Undefined Weak Reference
    __cpp_initialize__aeabi_                  - Undefined Weak Reference
    __cxa_finalize                            - Undefined Weak Reference
    __rt_locale                               - Undefined Weak Reference
    __sigvec_lookup                           - Undefined Weak Reference
    _atexit_init                              - Undefined Weak Reference
    _call_atexit_fns                          - Undefined Weak Reference
    _clock_init                               - Undefined Weak Reference
    _fp_trap_init                             - Undefined Weak Reference
    _fp_trap_shutdown                         - Undefined Weak Reference
    _get_lc_collate                           - Undefined Weak Reference
    _get_lc_ctype                             - Undefined Weak Reference
    _get_lc_monetary                          - Undefined Weak Reference
    _get_lc_numeric                           - Undefined Weak Reference
    _get_lc_time                              - Undefined Weak Reference
    _getenv_init                              - Undefined Weak Reference
    _handle_redirection                       - Undefined Weak Reference
    _init_alloc                               - Undefined Weak Reference
    _init_user_alloc                          - Undefined Weak Reference
    _initio                                   - Undefined Weak Reference
    _rand_init                                - Undefined Weak Reference
    _signal_finish                            - Undefined Weak Reference
    _signal_init                              - Undefined Weak Reference
    _terminate_alloc                          - Undefined Weak Reference
    _terminate_user_alloc                     - Undefined Weak Reference
    _terminateio                              - Undefined Weak Reference
    __Vectors_Size                           0x000000ec   Number         0  startup_stm32f10x_md.o ABSOLUTE
    __Vectors                                0x08000000   Data           4  startup_stm32f10x_md.o(RESET)
    __Vectors_End                            0x080000ec   Data           0  startup_stm32f10x_md.o(RESET)
    __main                                   0x080000ed   Thumb Code     8  __main.o(!!!main)
    __scatterload                            0x080000f5   Thumb Code     0  __scatter.o(!!!scatter)
    __scatterload_rt2                        0x080000f5   Thumb Code    44  __scatter.o(!!!scatter)
    __scatterload_rt2_thumb_only             0x080000f5   Thumb Code     0  __scatter.o(!!!scatter)
    __scatterload_null                       0x08000103   Thumb Code     0  __scatter.o(!!!scatter)
    __scatterload_copy                       0x08000129   Thumb Code    26  __scatter_copy.o(!!handler_copy)
    __scatterload_zeroinit                   0x08000145   Thumb Code    28  __scatter_zi.o(!!handler_zi)
    __rt_lib_init                            0x08000161   Thumb Code     0  libinit.o(.ARM.Collect$$libinit$$00000000)
    __rt_lib_init_alloca_1                   0x08000163   Thumb Code     0  libinit2.o(.ARM.Collect$$libinit$$00000030)
    __rt_lib_init_argv_1                     0x08000163   Thumb Code     0  libinit2.o(.ARM.Collect$$libinit$$0000002E)
    __rt_lib_init_atexit_1                   0x08000163   Thumb Code     0  libinit2.o(.ARM.Collect$$libinit$$0000001D)
    __rt_lib_init_clock_1                    0x08000163   Thumb Code     0  libinit2.o(.ARM.Collect$$libinit$$00000023)
    __rt_lib_init_cpp_1                      0x08000163   Thumb Code     0  libinit2.o(.ARM.Collect$$libinit$$00000034)
    __rt_lib_init_exceptions_1               0x08000163   Thumb Code     0  libinit2.o(.ARM.Collect$$libinit$$00000032)
    __rt_lib_init_fp_1                       0x08000163   Thumb Code     0  libinit2.o(.ARM.Collect$$libinit$$00000002)
    __rt_lib_init_fp_trap_1                  0x08000163   Thumb Code     0  libinit2.o(.ARM.Collect$$libinit$$00000021)
    __rt_lib_init_getenv_1                   0x08000163   Thumb Code     0  libinit2.o(.ARM.Collect$$libinit$$00000025)
    __rt_lib_init_heap_1                     0x08000163   Thumb Code     0  libinit2.o(.ARM.Collect$$libinit$$0000000C)
    __rt_lib_init_lc_collate_1               0x08000163   Thumb Code     0  libinit2.o(.ARM.Collect$$libinit$$00000013)
    __rt_lib_init_lc_ctype_1                 0x08000163   Thumb Code     0  libinit2.o(.ARM.Collect$$libinit$$00000015)
    __rt_lib_init_lc_monetary_1              0x08000163   Thumb Code     0  libinit2.o(.ARM.Collect$$libinit$$00000017)
    __rt_lib_init_lc_numeric_1               0x08000163   Thumb Code     0  libinit2.o(.ARM.Collect$$libinit$$00000019)
    __rt_lib_init_lc_time_1                  0x08000163   Thumb Code     0  libinit2.o(.ARM.Collect$$libinit$$0000001B)
    __rt_lib_init_preinit_1                  0x08000163   Thumb Code     0  libinit2.o(.ARM.Collect$$libinit$$00000006)
    __rt_lib_init_rand_1                     0x08000163   Thumb Code     0  libinit2.o(.ARM.Collect$$libinit$$00000010)
    __rt_lib_init_relocate_pie_1             0x08000163   Thumb Code     0  libinit2.o(.ARM.Collect$$libinit$$00000004)
    __rt_lib_init_return                     0x08000163   Thumb Code     0  libinit2.o(.ARM.Collect$$libinit$$00000035)
    __rt_lib_init_signal_1                   0x08000163   Thumb Code     0  libinit2.o(.ARM.Collect$$libinit$$0000001F)
    __rt_lib_init_stdio_1                    0x08000163   Thumb Code     0  libinit2.o(.ARM.Collect$$libinit$$00000027)
    __rt_lib_init_user_alloc_1               0x08000163   Thumb Code     0  libinit2.o(.ARM.Collect$$libinit$$0000000E)
    __rt_lib_shutdown                        0x08000165   Thumb Code     0  libshutdown.o(.ARM.Collect$$libshutdown$$00000000)
    __rt_lib_shutdown_cpp_1                  0x08000167   Thumb Code     0  libshutdown2.o(.ARM.Collect$$libshutdown$$00000002)
    __rt_lib_shutdown_fp_trap_1              0x08000167   Thumb Code     0  libshutdown2.o(.ARM.Collect$$libshutdown$$00000007)
    __rt_lib_shutdown_heap_1                 0x08000167   Thumb Code     0  libshutdown2.o(.ARM.Collect$$libshutdown$$0000000F)
    __rt_lib_shutdown_return                 0x08000167   Thumb Code     0  libshutdown2.o(.ARM.Collect$$libshutdown$$00000010)
    __rt_lib_shutdown_signal_1               0x08000167   Thumb Code     0  libshutdown2.o(.ARM.Collect$$libshutdown$$0000000A)
    __rt_lib_shutdown_stdio_1                0x08000167   Thumb Code     0  libshutdown2.o(.ARM.Collect$$libshutdown$$00000004)
    __rt_lib_shutdown_user_alloc_1           0x08000167   Thumb Code     0  libshutdown2.o(.ARM.Collect$$libshutdown$$0000000C)
    __rt_entry                               0x08000169   Thumb Code     0  __rtentry.o(.ARM.Collect$$rtentry$$00000000)
    __rt_entry_presh_1                       0x08000169   Thumb Code     0  __rtentry2.o(.ARM.Collect$$rtentry$$00000002)
    __rt_entry_sh                            0x08000169   Thumb Code     0  __rtentry4.o(.ARM.Collect$$rtentry$$00000004)
    __rt_entry_li                            0x0800016f   Thumb Code     0  __rtentry2.o(.ARM.Collect$$rtentry$$0000000A)
    __rt_entry_postsh_1                      0x0800016f   Thumb Code     0  __rtentry2.o(.ARM.Collect$$rtentry$$00000009)
    __rt_entry_main                          0x08000173   Thumb Code     0  __rtentry2.o(.ARM.Collect$$rtentry$$0000000D)
    __rt_entry_postli_1                      0x08000173   Thumb Code     0  __rtentry2.o(.ARM.Collect$$rtentry$$0000000C)
    __rt_exit                                0x0800017b   Thumb Code     0  rtexit.o(.ARM.Collect$$rtexit$$00000000)
    __rt_exit_ls                             0x0800017d   Thumb Code     0  rtexit2.o(.ARM.Collect$$rtexit$$00000003)
    __rt_exit_prels_1                        0x0800017d   Thumb Code     0  rtexit2.o(.ARM.Collect$$rtexit$$00000002)
    __rt_exit_exit                           0x08000181   Thumb Code     0  rtexit2.o(.ARM.Collect$$rtexit$$00000004)
    Reset_Handler                            0x08000189   Thumb Code     8  startup_stm32f10x_md.o(.text)
    NMI_Handler                              0x08000191   Thumb Code     2  startup_stm32f10x_md.o(.text)
    HardFault_Handler                        0x08000193   Thumb Code     2  startup_stm32f10x_md.o(.text)
    MemManage_Handler                        0x08000195   Thumb Code     2  startup_stm32f10x_md.o(.text)
    BusFault_Handler                         0x08000197   Thumb Code     2  startup_stm32f10x_md.o(.text)
    UsageFault_Handler                       0x08000199   Thumb Code     2  startup_stm32f10x_md.o(.text)
    SVC_Handler                              0x0800019b   Thumb Code     2  startup_stm32f10x_md.o(.text)
    DebugMon_Handler                         0x0800019d   Thumb Code     2  startup_stm32f10x_md.o(.text)
    PendSV_Handler                           0x0800019f   Thumb Code     2  startup_stm32f10x_md.o(.text)
    SysTick_Handler                          0x080001a1   Thumb Code     2  startup_stm32f10x_md.o(.text)
    ADC1_2_IRQHandler                        0x080001a3   Thumb Code     0  startup_stm32f10x_md.o(.text)
    CAN1_RX1_IRQHandler                      0x080001a3   Thumb Code     0  startup_stm32f10x_md.o(.text)
    CAN1_SCE_IRQHandler                      0x080001a3   Thumb Code     0  startup_stm32f10x_md.o(.text)
    DMA1_Channel1_IRQHandler                 0x080001a3   Thumb Code     0  startup_stm32f10x_md.o(.text)
    DMA1_Channel2_IRQHandler                 0x080001a3   Thumb Code     0  startup_stm32f10x_md.o(.text)
    DMA1_Channel3_IRQHandler                 0x080001a3   Thumb Code     0  startup_stm32f10x_md.o(.text)
    DMA1_Channel4_IRQHandler                 0x080001a3   Thumb Code     0  startup_stm32f10x_md.o(.text)
    DMA1_Channel5_IRQHandler                 0x080001a3   Thumb Code     0  startup_stm32f10x_md.o(.text)
    DMA1_Channel6_IRQHandler                 0x080001a3   Thumb Code     0  startup_stm32f10x_md.o(.text)
    DMA1_Channel7_IRQHandler                 0x080001a3   Thumb Code     0  startup_stm32f10x_md.o(.text)
    EXTI0_IRQHandler                         0x080001a3   Thumb Code     0  startup_stm32f10x_md.o(.text)
    EXTI15_10_IRQHandler                     0x080001a3   Thumb Code     0  startup_stm32f10x_md.o(.text)
    EXTI1_IRQHandler                         0x080001a3   Thumb Code     0  startup_stm32f10x_md.o(.text)
    EXTI2_IRQHandler                         0x080001a3   Thumb Code     0  startup_stm32f10x_md.o(.text)
    EXTI3_IRQHandler                         0x080001a3   Thumb Code     0  startup_stm32f10x_md.o(.text)
    EXTI4_IRQHandler                         0x080001a3   Thumb Code     0  startup_stm32f10x_md.o(.text)
    EXTI9_5_IRQHandler                       0x080001a3   Thumb Code     0  startup_stm32f10x_md.o(.text)
    FLASH_IRQHandler                         0x080001a3   Thumb Code     0  startup_stm32f10x_md.o(.text)
    I2C1_ER_IRQHandler                       0x080001a3   Thumb Code     0  startup_stm32f10x_md.o(.text)
    I2C1_EV_IRQHandler                       0x080001a3   Thumb Code     0  startup_stm32f10x_md.o(.text)
    I2C2_ER_IRQHandler                       0x080001a3   Thumb Code     0  startup_stm32f10x_md.o(.text)
    I2C2_EV_IRQHandler                       0x080001a3   Thumb Code     0  startup_stm32f10x_md.o(.text)
    PVD_IRQHandler                           0x080001a3   Thumb Code     0  startup_stm32f10x_md.o(.text)
    RCC_IRQHandler                           0x080001a3   Thumb Code     0  startup_stm32f10x_md.o(.text)
    RTCAlarm_IRQHandler                      0x080001a3   Thumb Code     0  startup_stm32f10x_md.o(.text)
    RTC_IRQHandler                           0x080001a3   Thumb Code     0  startup_stm32f10x_md.o(.text)
    SPI2_IRQHandler                          0x080001a3   Thumb Code     0  startup_stm32f10x_md.o(.text)
    TAMPER_IRQHandler                        0x080001a3   Thumb Code     0  startup_stm32f10x_md.o(.text)
    TIM1_BRK_IRQHandler                      0x080001a3   Thumb Code     0  startup_stm32f10x_md.o(.text)
    TIM1_CC_IRQHandler                       0x080001a3   Thumb Code     0  startup_stm32f10x_md.o(.text)
    TIM1_TRG_COM_IRQHandler                  0x080001a3   Thumb Code     0  startup_stm32f10x_md.o(.text)
    TIM1_UP_IRQHandler                       0x080001a3   Thumb Code     0  startup_stm32f10x_md.o(.text)
    TIM2_IRQHandler                          0x080001a3   Thumb Code     0  startup_stm32f10x_md.o(.text)
    TIM3_IRQHandler                          0x080001a3   Thumb Code     0  startup_stm32f10x_md.o(.text)
    TIM4_IRQHandler                          0x080001a3   Thumb Code     0  startup_stm32f10x_md.o(.text)
    USBWakeUp_IRQHandler                     0x080001a3   Thumb Code     0  startup_stm32f10x_md.o(.text)
    USB_HP_CAN1_TX_IRQHandler                0x080001a3   Thumb Code     0  startup_stm32f10x_md.o(.text)
    USB_LP_CAN1_RX0_IRQHandler               0x080001a3   Thumb Code     0  startup_stm32f10x_md.o(.text)
    WWDG_IRQHandler                          0x080001a3   Thumb Code     0  startup_stm32f10x_md.o(.text)
    __user_initial_stackheap                 0x080001a5   Thumb Code     0  startup_stm32f10x_md.o(.text)
    __use_two_region_memory                  0x080001c9   Thumb Code     2  heapauxi.o(.text)
    __rt_heap_escrow$2region                 0x080001cb   Thumb Code     2  heapauxi.o(.text)
    __rt_heap_expand$2region                 0x080001cd   Thumb Code     2  heapauxi.o(.text)
    __user_setup_stackheap                   0x080001cf   Thumb Code    74  sys_stackheap_outer.o(.text)
    exit                                     0x08000219   Thumb Code    18  exit.o(.text)
    __user_libspace                          0x0800022d   Thumb Code     8  libspace.o(.text)
    __user_perproc_libspace                  0x0800022d   Thumb Code     0  libspace.o(.text)
    __user_perthread_libspace                0x0800022d   Thumb Code     0  libspace.o(.text)
    _sys_exit                                0x08000235   Thumb Code     8  sys_exit.o(.text)
    __I$use$semihosting                      0x08000241   Thumb Code     0  use_no_semi.o(.text)
    __use_no_semihosting_swi                 0x08000241   Thumb Code     2  use_no_semi.o(.text)
    __semihosting_library_function           0x08000243   Thumb Code     0  indicate_semi.o(.text)
    DCmotor_Init                             0x08000245   Thumb Code   126  motor.o(.text.DCmotor_Init)
    MGPIO_voidSetPinDirection                0x080002c5   Thumb Code   472  dio_program.o(.text.MGPIO_voidSetPinDirection)
    MGPIO_voidSetPinValue                    0x0800049d   Thumb Code   268  dio_program.o(.text.MGPIO_voidSetPinValue)
    MGPIO_voidTglPin                         0x080005a9   Thumb Code   120  dio_program.o(.text.MGPIO_voidTglPin)
    MOTOR_setMotor                           0x08000621   Thumb Code   362  motor.o(.text.MOTOR_setMotor)
    MPWM_SETValuesOfPWM                      0x0800078d   Thumb Code   162  pwm_program.o(.text.MPWM_SETValuesOfPWM)
    MPWM_voidInit                            0x08000831   Thumb Code   848  pwm_program.o(.text.MPWM_voidInit)
    MRCC_u8CheckClockReady                   0x08000b81   Thumb Code   108  rcc_program.o(.text.MRCC_u8CheckClockReady)
    MRCC_voidClkDisable                      0x08000bed   Thumb Code    92  rcc_program.o(.text.MRCC_voidClkDisable)
    MRCC_voidClkEnable                       0x08000c49   Thumb Code    92  rcc_program.o(.text.MRCC_voidClkEnable)
    MRCC_voidInit                            0x08000ca5   Thumb Code    58  rcc_program.o(.text.MRCC_voidInit)
    MRCC_voidPerClock_State                  0x08000ce1   Thumb Code   270  rcc_program.o(.text.MRCC_voidPerClock_State)
    MRCC_voidSetBusesPrescaler               0x08000df1   Thumb Code    72  rcc_program.o(.text.MRCC_voidSetBusesPrescaler)
    MRCC_voidSetClkSource                    0x08000e39   Thumb Code   116  rcc_program.o(.text.MRCC_voidSetClkSource)
    MUSART_u8IsRecieveBufferAvailable        0x08000ead   Thumb Code   576  usart_program.o(.text.MUSART_u8IsRecieveBufferAvailable)
    NRF24L01_checkReceiverBuffer             0x080010ed   Thumb Code   130  nrf24l01.o(.text.NRF24L01_checkReceiverBuffer)
    NRF24L01_flushReceiverBuffer             0x08001171   Thumb Code    10  nrf24l01.o(.text.NRF24L01_flushReceiverBuffer)
    NRF24L01_init                            0x0800117d   Thumb Code   170  nrf24l01.o(.text.NRF24L01_init)
    NRF24L01_readData                        0x08001229   Thumb Code    96  nrf24l01.o(.text.NRF24L01_readData)
    NRF24L01_reset                           0x080012d9   Thumb Code   172  nrf24l01.o(.text.NRF24L01_reset)
    NRF24L01_switchToReceiverMode            0x080013b9   Thumb Code   330  nrf24l01.o(.text.NRF24L01_switchToReceiverMode)
    SPI1_IRQHandler                          0x080015b5   Thumb Code    44  spi.o(.text.SPI1_IRQHandler)
    SPI_enu_SendRecieveStreamSynch           0x080015e1   Thumb Code    66  spi.o(.text.SPI_enu_SendRecieveStreamSynch)
    SPI_voidInit                             0x08001625   Thumb Code    92  spi.o(.text.SPI_voidInit)
    SPI_voidSendReceieveCharSynch            0x08001681   Thumb Code    84  spi.o(.text.SPI_voidSendReceieveCharSynch)
    SystemInit                               0x08001801   Thumb Code   102  system_stm32f10x.o(.text.SystemInit)
    USART1_IRQHandler                        0x08001869   Thumb Code   106  usart_program.o(.text.USART1_IRQHandler)
    USART2_IRQHandler                        0x080018d5   Thumb Code    92  usart_program.o(.text.USART2_IRQHandler)
    USART3_IRQHandler                        0x08001931   Thumb Code    92  usart_program.o(.text.USART3_IRQHandler)
    main                                     0x0800198d   Thumb Code   200  v2v-secondvehicle.o(.text.main)
    Region$$Table$$Base                      0x08001acc   Number         0  anon$$obj.o(Region$$Table)
    Region$$Table$$Limit                     0x08001aec   Number         0  anon$$obj.o(Region$$Table)
    G_myVehicle                              0x20000000   Data           3  v2v-secondvehicle.o(.data.G_myVehicle)
    GlobalUSART1_s16RecievedFront            0x20000022   Data           2  usart_program.o(.data.GlobalUSART1_s16RecievedFront)
    GlobalUSART1_s16RecievedRear             0x20000024   Data           2  usart_program.o(.data.GlobalUSART1_s16RecievedRear)
    GlobalUSART2_s16RecievedFront            0x20000026   Data           2  usart_program.o(.data.GlobalUSART2_s16RecievedFront)
    GlobalUSART2_s16RecievedRear             0x20000028   Data           2  usart_program.o(.data.GlobalUSART2_s16RecievedRear)
    GlobalUSART3_s16RecievedFront            0x2000002a   Data           2  usart_program.o(.data.GlobalUSART3_s16RecievedFront)
    GlobalUSART3_s16RecievedRear             0x2000002c   Data           2  usart_program.o(.data.GlobalUSART3_s16RecievedRear)
    TIM                                      0x20000030   Data          16  pwm_program.o(.data.TIM)
    USART                                    0x20000040   Data          12  usart_program.o(.data.USART)
    gl_SPI_data_queue                        0x2000004c   Data         202  spi.o(.data.gl_SPI_data_queue)
    __libspace_start                         0x20000118   Data          96  libspace.o(.bss)
    __temporary_stack_top$libspace           0x20000178   Data           0  libspace.o(.bss)
    GlobalUSART1_u8RecievedValue             0x20000199   Data          50  usart_program.o(.bss.GlobalUSART1_u8RecievedValue)
    GlobalUSART2_u8RecievedValue             0x200001cb   Data           2  usart_program.o(.bss.GlobalUSART2_u8RecievedValue)
    GlobalUSART3_u8RecievedValue             0x200001cd   Data           2  usart_program.o(.bss.GlobalUSART3_u8RecievedValue)
    gl_ptr_Function                          0x200001d0   Data           4  spi.o(.bss.gl_ptr_Function)



==============================================================================

Memory Map of the image

  Image Entry point : 0x08000189

  Load Region LR_1 (Base: 0x08000000, Size: 0x00001c04, Max: 0xffffffff, ABSOLUTE)

    Execution Region ER_RO (Exec base: 0x08000000, Load base: 0x08000000, Size: 0x00001aec, Max: 0xffffffff, ABSOLUTE)

    Exec Addr    Load Addr    Size         Type   Attr      Idx    E Section Name        Object

    0x08000000   0x08000000   0x000000ec   Data   RO          237    RESET               startup_stm32f10x_md.o
    0x080000ec   0x080000ec   0x00000008   Code   RO          265  * !!!main             c_w.l(__main.o)
    0x080000f4   0x080000f4   0x00000034   Code   RO          469    !!!scatter          c_w.l(__scatter.o)
    0x08000128   0x08000128   0x0000001a   Code   RO          471    !!handler_copy      c_w.l(__scatter_copy.o)
    0x08000142   0x08000142   0x00000002   PAD
    0x08000144   0x08000144   0x0000001c   Code   RO          473    !!handler_zi        c_w.l(__scatter_zi.o)
    0x08000160   0x08000160   0x00000002   Code   RO          331    .ARM.Collect$$libinit$$00000000  c_w.l(libinit.o)
    0x08000162   0x08000162   0x00000000   Code   RO          338    .ARM.Collect$$libinit$$00000002  c_w.l(libinit2.o)
    0x08000162   0x08000162   0x00000000   Code   RO          340    .ARM.Collect$$libinit$$00000004  c_w.l(libinit2.o)
    0x08000162   0x08000162   0x00000000   Code   RO          342    .ARM.Collect$$libinit$$00000006  c_w.l(libinit2.o)
    0x08000162   0x08000162   0x00000000   Code   RO          345    .ARM.Collect$$libinit$$0000000C  c_w.l(libinit2.o)
    0x08000162   0x08000162   0x00000000   Code   RO          347    .ARM.Collect$$libinit$$0000000E  c_w.l(libinit2.o)
    0x08000162   0x08000162   0x00000000   Code   RO          349    .ARM.Collect$$libinit$$00000010  c_w.l(libinit2.o)
    0x08000162   0x08000162   0x00000000   Code   RO          352    .ARM.Collect$$libinit$$00000013  c_w.l(libinit2.o)
    0x08000162   0x08000162   0x00000000   Code   RO          354    .ARM.Collect$$libinit$$00000015  c_w.l(libinit2.o)
    0x08000162   0x08000162   0x00000000   Code   RO          356    .ARM.Collect$$libinit$$00000017  c_w.l(libinit2.o)
    0x08000162   0x08000162   0x00000000   Code   RO          358    .ARM.Collect$$libinit$$00000019  c_w.l(libinit2.o)
    0x08000162   0x08000162   0x00000000   Code   RO          360    .ARM.Collect$$libinit$$0000001B  c_w.l(libinit2.o)
    0x08000162   0x08000162   0x00000000   Code   RO          362    .ARM.Collect$$libinit$$0000001D  c_w.l(libinit2.o)
    0x08000162   0x08000162   0x00000000   Code   RO          364    .ARM.Collect$$libinit$$0000001F  c_w.l(libinit2.o)
    0x08000162   0x08000162   0x00000000   Code   RO          366    .ARM.Collect$$libinit$$00000021  c_w.l(libinit2.o)
    0x08000162   0x08000162   0x00000000   Code   RO          368    .ARM.Collect$$libinit$$00000023  c_w.l(libinit2.o)
    0x08000162   0x08000162   0x00000000   Code   RO          370    .ARM.Collect$$libinit$$00000025  c_w.l(libinit2.o)
    0x08000162   0x08000162   0x00000000   Code   RO          372    .ARM.Collect$$libinit$$00000027  c_w.l(libinit2.o)
    0x08000162   0x08000162   0x00000000   Code   RO          376    .ARM.Collect$$libinit$$0000002E  c_w.l(libinit2.o)
    0x08000162   0x08000162   0x00000000   Code   RO          378    .ARM.Collect$$libinit$$00000030  c_w.l(libinit2.o)
    0x08000162   0x08000162   0x00000000   Code   RO          380    .ARM.Collect$$libinit$$00000032  c_w.l(libinit2.o)
    0x08000162   0x08000162   0x00000000   Code   RO          382    .ARM.Collect$$libinit$$00000034  c_w.l(libinit2.o)
    0x08000162   0x08000162   0x00000002   Code   RO          383    .ARM.Collect$$libinit$$00000035  c_w.l(libinit2.o)
    0x08000164   0x08000164   0x00000002   Code   RO          405    .ARM.Collect$$libshutdown$$00000000  c_w.l(libshutdown.o)
    0x08000166   0x08000166   0x00000000   Code   RO          420    .ARM.Collect$$libshutdown$$00000002  c_w.l(libshutdown2.o)
    0x08000166   0x08000166   0x00000000   Code   RO          422    .ARM.Collect$$libshutdown$$00000004  c_w.l(libshutdown2.o)
    0x08000166   0x08000166   0x00000000   Code   RO          425    .ARM.Collect$$libshutdown$$00000007  c_w.l(libshutdown2.o)
    0x08000166   0x08000166   0x00000000   Code   RO          428    .ARM.Collect$$libshutdown$$0000000A  c_w.l(libshutdown2.o)
    0x08000166   0x08000166   0x00000000   Code   RO          430    .ARM.Collect$$libshutdown$$0000000C  c_w.l(libshutdown2.o)
    0x08000166   0x08000166   0x00000000   Code   RO          433    .ARM.Collect$$libshutdown$$0000000F  c_w.l(libshutdown2.o)
    0x08000166   0x08000166   0x00000002   Code   RO          434    .ARM.Collect$$libshutdown$$00000010  c_w.l(libshutdown2.o)
    0x08000168   0x08000168   0x00000000   Code   RO          289    .ARM.Collect$$rtentry$$00000000  c_w.l(__rtentry.o)
    0x08000168   0x08000168   0x00000000   Code   RO          304    .ARM.Collect$$rtentry$$00000002  c_w.l(__rtentry2.o)
    0x08000168   0x08000168   0x00000006   Code   RO          316    .ARM.Collect$$rtentry$$00000004  c_w.l(__rtentry4.o)
    0x0800016e   0x0800016e   0x00000000   Code   RO          306    .ARM.Collect$$rtentry$$00000009  c_w.l(__rtentry2.o)
    0x0800016e   0x0800016e   0x00000004   Code   RO          307    .ARM.Collect$$rtentry$$0000000A  c_w.l(__rtentry2.o)
    0x08000172   0x08000172   0x00000000   Code   RO          309    .ARM.Collect$$rtentry$$0000000C  c_w.l(__rtentry2.o)
    0x08000172   0x08000172   0x00000008   Code   RO          310    .ARM.Collect$$rtentry$$0000000D  c_w.l(__rtentry2.o)
    0x0800017a   0x0800017a   0x00000002   Code   RO          335    .ARM.Collect$$rtexit$$00000000  c_w.l(rtexit.o)
    0x0800017c   0x0800017c   0x00000000   Code   RO          385    .ARM.Collect$$rtexit$$00000002  c_w.l(rtexit2.o)
    0x0800017c   0x0800017c   0x00000004   Code   RO          386    .ARM.Collect$$rtexit$$00000003  c_w.l(rtexit2.o)
    0x08000180   0x08000180   0x00000006   Code   RO          387    .ARM.Collect$$rtexit$$00000004  c_w.l(rtexit2.o)
    0x08000186   0x08000186   0x00000002   PAD
    0x08000188   0x08000188   0x00000040   Code   RO          238  * .text               startup_stm32f10x_md.o
    0x080001c8   0x080001c8   0x00000006   Code   RO          263    .text               c_w.l(heapauxi.o)
    0x080001ce   0x080001ce   0x0000004a   Code   RO          322    .text               c_w.l(sys_stackheap_outer.o)
    0x08000218   0x08000218   0x00000012   Code   RO          324    .text               c_w.l(exit.o)
    0x0800022a   0x0800022a   0x00000002   PAD
    0x0800022c   0x0800022c   0x00000008   Code   RO          332    .text               c_w.l(libspace.o)
    0x08000234   0x08000234   0x0000000c   Code   RO          395    .text               c_w.l(sys_exit.o)
    0x08000240   0x08000240   0x00000002   Code   RO          410    .text               c_w.l(use_no_semi.o)
    0x08000242   0x08000242   0x00000000   Code   RO          412    .text               c_w.l(indicate_semi.o)
    0x08000242   0x08000242   0x00000002   PAD
    0x08000244   0x08000244   0x0000007e   Code   RO          169    .text.DCmotor_Init  motor.o
    0x080002c2   0x080002c2   0x00000002   PAD
    0x080002c4   0x080002c4   0x000001d8   Code   RO            2    .text.MGPIO_voidSetPinDirection  dio_program.o
    0x0800049c   0x0800049c   0x0000010c   Code   RO            4    .text.MGPIO_voidSetPinValue  dio_program.o
    0x080005a8   0x080005a8   0x00000078   Code   RO           12    .text.MGPIO_voidTglPin  dio_program.o
    0x08000620   0x08000620   0x0000016a   Code   RO          171    .text.MOTOR_setMotor  motor.o
    0x0800078a   0x0800078a   0x00000002   PAD
    0x0800078c   0x0800078c   0x000000a2   Code   RO           46    .text.MPWM_SETValuesOfPWM  pwm_program.o
    0x0800082e   0x0800082e   0x00000002   PAD
    0x08000830   0x08000830   0x00000350   Code   RO           44    .text.MPWM_voidInit  pwm_program.o
    0x08000b80   0x08000b80   0x0000006c   Code   RO           60    .text.MRCC_u8CheckClockReady  rcc_program.o
    0x08000bec   0x08000bec   0x0000005c   Code   RO           66    .text.MRCC_voidClkDisable  rcc_program.o
    0x08000c48   0x08000c48   0x0000005c   Code   RO           58    .text.MRCC_voidClkEnable  rcc_program.o
    0x08000ca4   0x08000ca4   0x0000003a   Code   RO           56    .text.MRCC_voidInit  rcc_program.o
    0x08000cde   0x08000cde   0x00000002   PAD
    0x08000ce0   0x08000ce0   0x0000010e   Code   RO           68    .text.MRCC_voidPerClock_State  rcc_program.o
    0x08000dee   0x08000dee   0x00000002   PAD
    0x08000df0   0x08000df0   0x00000048   Code   RO           62    .text.MRCC_voidSetBusesPrescaler  rcc_program.o
    0x08000e38   0x08000e38   0x00000074   Code   RO           64    .text.MRCC_voidSetClkSource  rcc_program.o
    0x08000eac   0x08000eac   0x00000240   Code   RO          128    .text.MUSART_u8IsRecieveBufferAvailable  usart_program.o
    0x080010ec   0x080010ec   0x00000082   Code   RO          197    .text.NRF24L01_checkReceiverBuffer  nrf24l01.o
    0x0800116e   0x0800116e   0x00000002   PAD
    0x08001170   0x08001170   0x0000000a   Code   RO          207    .text.NRF24L01_flushReceiverBuffer  nrf24l01.o
    0x0800117a   0x0800117a   0x00000002   PAD
    0x0800117c   0x0800117c   0x000000aa   Code   RO          181    .text.NRF24L01_init  nrf24l01.o
    0x08001226   0x08001226   0x00000002   PAD
    0x08001228   0x08001228   0x00000060   Code   RO          201    .text.NRF24L01_readData  nrf24l01.o
    0x08001288   0x08001288   0x0000004e   Code   RO          191    .text.NRF24L01_readRegister  nrf24l01.o
    0x080012d6   0x080012d6   0x00000002   PAD
    0x080012d8   0x080012d8   0x000000ac   Code   RO          183    .text.NRF24L01_reset  nrf24l01.o
    0x08001384   0x08001384   0x00000034   Code   RO          205    .text.NRF24L01_sendCommand  nrf24l01.o
    0x080013b8   0x080013b8   0x0000014a   Code   RO          193    .text.NRF24L01_switchToReceiverMode  nrf24l01.o
    0x08001502   0x08001502   0x00000002   PAD
    0x08001504   0x08001504   0x00000054   Code   RO          185    .text.NRF24L01_writeRegister  nrf24l01.o
    0x08001558   0x08001558   0x0000005c   Code   RO          189    .text.NRF24L01_writeRegisterMulti  nrf24l01.o
    0x080015b4   0x080015b4   0x0000002c   Code   RO           99    .text.SPI1_IRQHandler  spi.o
    0x080015e0   0x080015e0   0x00000042   Code   RO           93    .text.SPI_enu_SendRecieveStreamSynch  spi.o
    0x08001622   0x08001622   0x00000002   PAD
    0x08001624   0x08001624   0x0000005c   Code   RO           81    .text.SPI_voidInit  spi.o
    0x08001680   0x08001680   0x00000054   Code   RO           83    .text.SPI_voidSendReceieveCharSynch  spi.o
    0x080016d4   0x080016d4   0x00000008   Code   RO          247    .text.SetSysClock   system_stm32f10x.o
    0x080016dc   0x080016dc   0x00000122   Code   RO          251    .text.SetSysClockTo72  system_stm32f10x.o
    0x080017fe   0x080017fe   0x00000002   PAD
    0x08001800   0x08001800   0x00000066   Code   RO          245    .text.SystemInit    system_stm32f10x.o
    0x08001866   0x08001866   0x00000002   PAD
    0x08001868   0x08001868   0x0000006a   Code   RO          134    .text.USART1_IRQHandler  usart_program.o
    0x080018d2   0x080018d2   0x00000002   PAD
    0x080018d4   0x080018d4   0x0000005c   Code   RO          136    .text.USART2_IRQHandler  usart_program.o
    0x08001930   0x08001930   0x0000005c   Code   RO          138    .text.USART3_IRQHandler  usart_program.o
    0x0800198c   0x0800198c   0x000000c8   Code   RO          225    .text.main          v2v-secondvehicle.o
    0x08001a54   0x08001a54   0x00000078   Code   RO           89    .text.truncate_queue  spi.o
    0x08001acc   0x08001acc   0x00000020   Data   RO          468    Region$$Table       anon$$obj.o


    Execution Region ER_RW (Exec base: 0x20000000, Load base: 0x08001aec, Size: 0x00000118, Max: 0xffffffff, ABSOLUTE)

    Exec Addr    Load Addr    Size         Type   Attr      Idx    E Section Name        Object

    0x20000000   0x08001aec   0x00000003   Data   RW          227    .data.G_myVehicle   v2v-secondvehicle.o
    0x20000003   0x08001aef   0x00000005   Data   RW          210    .data.G_receiverPipe0Address  nrf24l01.o
    0x20000008   0x08001af4   0x00000005   Data   RW          211    .data.G_receiverPipe1Address  nrf24l01.o
    0x2000000d   0x08001af9   0x00000005   Data   RW          212    .data.G_receiverPipe2Address  nrf24l01.o
    0x20000012   0x08001afe   0x00000005   Data   RW          213    .data.G_receiverPipe3Address  nrf24l01.o
    0x20000017   0x08001b03   0x00000005   Data   RW          214    .data.G_receiverPipe4Address  nrf24l01.o
    0x2000001c   0x08001b08   0x00000005   Data   RW          215    .data.G_receiverPipe5Address  nrf24l01.o
    0x20000021   0x08001b0d   0x00000001   PAD
    0x20000022   0x08001b0e   0x00000002   Data   RW          141    .data.GlobalUSART1_s16RecievedFront  usart_program.o
    0x20000024   0x08001b10   0x00000002   Data   RW          142    .data.GlobalUSART1_s16RecievedRear  usart_program.o
    0x20000026   0x08001b12   0x00000002   Data   RW          143    .data.GlobalUSART2_s16RecievedFront  usart_program.o
    0x20000028   0x08001b14   0x00000002   Data   RW          144    .data.GlobalUSART2_s16RecievedRear  usart_program.o
    0x2000002a   0x08001b16   0x00000002   Data   RW          145    .data.GlobalUSART3_s16RecievedFront  usart_program.o
    0x2000002c   0x08001b18   0x00000002   Data   RW          146    .data.GlobalUSART3_s16RecievedRear  usart_program.o
    0x2000002e   0x08001b1a   0x00000002   PAD
    0x20000030   0x08001b1c   0x00000010   Data   RW           48    .data.TIM           pwm_program.o
    0x20000040   0x08001b2c   0x0000000c   Data   RW          140    .data.USART         usart_program.o
    0x2000004c   0x08001b38   0x000000ca   Data   RW          102    .data.gl_SPI_data_queue  spi.o


    Execution Region ER_ZI (Exec base: 0x20000118, Load base: 0x08001c04, Size: 0x000006c0, Max: 0xffffffff, ABSOLUTE)

    Exec Addr    Load Addr    Size         Type   Attr      Idx    E Section Name        Object

    0x20000118        -       0x00000060   Zero   RW          333    .bss                c_w.l(libspace.o)
    0x20000178        -       0x00000020   Zero   RW          217    .bss.G_dummyArray   nrf24l01.o
    0x20000198        -       0x00000001   Zero   RW          216    .bss.G_statusRegister  nrf24l01.o
    0x20000199        -       0x00000032   Zero   RW          148    .bss.GlobalUSART1_u8RecievedValue  usart_program.o
    0x200001cb        -       0x00000002   Zero   RW          149    .bss.GlobalUSART2_u8RecievedValue  usart_program.o
    0x200001cd        -       0x00000002   Zero   RW          150    .bss.GlobalUSART3_u8RecievedValue  usart_program.o
    0x200001cf   0x08001c04   0x00000001   PAD
    0x200001d0        -       0x00000004   Zero   RW          101    .bss.gl_ptr_Function  spi.o
    0x200001d4   0x08001c04   0x00000004   PAD
    0x200001d8        -       0x00000200   Zero   RW          236    HEAP                startup_stm32f10x_md.o
    0x200003d8        -       0x00000400   Zero   RW          235    STACK               startup_stm32f10x_md.o


==============================================================================

Image component sizes


      Code (inc. data)   RO Data    RW Data    ZI Data      Debug   Object Name

       860          0          0          0          0       2093   dio_program.o
       488         18          0          0          0       1253   motor.o
      1214          6          0         30         33       4347   nrf24l01.o
      1010          8          0         16          0       2298   pwm_program.o
       808          0          0          0          0       2621   rcc_program.o
       406          0          0        202          4       3024   spi.o
        64         26        236          0       1536        872   startup_stm32f10x_md.o
       400          0          0          0          0       2900   system_stm32f10x.o
       866          0          0         24         54       5174   usart_program.o
       200          0          0          3          0       1385   v2v-secondvehicle.o

    ----------------------------------------------------------------------
      6344         58        268        280       1632      25967   Object Totals
         0          0         32          0          0          0   (incl. Generated)
        28          0          0          5          5          0   (incl. Padding)

    ----------------------------------------------------------------------

      Code (inc. data)   RO Data    RW Data    ZI Data      Debug   Library Member Name

         8          0          0          0          0         68   __main.o
         0          0          0          0          0          0   __rtentry.o
        12          0          0          0          0          0   __rtentry2.o
         6          0          0          0          0          0   __rtentry4.o
        52          8          0          0          0          0   __scatter.o
        26          0          0          0          0          0   __scatter_copy.o
        28          0          0          0          0          0   __scatter_zi.o
        18          0          0          0          0         80   exit.o
         6          0          0          0          0        152   heapauxi.o
         0          0          0          0          0          0   indicate_semi.o
         2          0          0          0          0          0   libinit.o
         2          0          0          0          0          0   libinit2.o
         2          0          0          0          0          0   libshutdown.o
         2          0          0          0          0          0   libshutdown2.o
         8          4          0          0         96         68   libspace.o
         2          0          0          0          0          0   rtexit.o
        10          0          0          0          0          0   rtexit2.o
        12          4          0          0          0         68   sys_exit.o
        74          0          0          0          0         80   sys_stackheap_outer.o
         2          0          0          0          0         68   use_no_semi.o

    ----------------------------------------------------------------------
       280         16          0          0         96        584   Library Totals
         8          0          0          0          0          0   (incl. Padding)

    ----------------------------------------------------------------------

      Code (inc. data)   RO Data    RW Data    ZI Data      Debug   Library Name

       272         16          0          0         96        584   c_w.l

    ----------------------------------------------------------------------
       280         16          0          0         96        584   Library Totals

    ----------------------------------------------------------------------

==============================================================================


      Code (inc. data)   RO Data    RW Data    ZI Data      Debug   

      6624         74        268        280       1728      26283   Grand Totals
      6624         74        268        280       1728      26283   ELF Image Totals
      6624         74        268        280          0          0   ROM Totals

==============================================================================

    Total RO  Size (Code + RO Data)                 6892 (   6.73kB)
    Total RW  Size (RW Data + ZI Data)              2008 (   1.96kB)
    Total ROM Size (Code + RO Data + RW Data)       7172 (   7.00kB)

==============================================================================

