Component: ARM Compiler 6.16 Tool: armlink [5dfeaa00]

==============================================================================

Section Cross References

    dio_program.o(.ARM.exidx.text.MGPIO_voidSetPinDirection) refers to dio_program.o(.text.MGPIO_voidSetPinDirection) for [Anonymous Symbol]
    dio_program.o(.ARM.exidx.text.MGPIO_voidSetPinValue) refers to dio_program.o(.text.MGPIO_voidSetPinValue) for [Anonymous Symbol]
    dio_program.o(.ARM.exidx.text.MGPIO_u8GetPinValue) refers to dio_program.o(.text.MGPIO_u8GetPinValue) for [Anonymous Symbol]
    dio_program.o(.ARM.exidx.text.MGPIO_voidSetPortDirection) refers to dio_program.o(.text.MGPIO_voidSetPortDirection) for [Anonymous Symbol]
    dio_program.o(.ARM.exidx.text.MGPIO_voidSetPortValue) refers to dio_program.o(.text.MGPIO_voidSetPortValue) for [Anonymous Symbol]
    nvic_program.o(.ARM.exidx.text.MNVIC_voidInit) refers to nvic_program.o(.text.MNVIC_voidInit) for [Anonymous Symbol]
    nvic_program.o(.ARM.exidx.text.MNVIC_voidEnableInterrupt) refers to nvic_program.o(.text.MNVIC_voidEnableInterrupt) for [Anonymous Symbol]
    nvic_program.o(.ARM.exidx.text.MNVIC_voidDisableInterrupt) refers to nvic_program.o(.text.MNVIC_voidDisableInterrupt) for [Anonymous Symbol]
    nvic_program.o(.ARM.exidx.text.MNVIC_voidSetPendingFlag) refers to nvic_program.o(.text.MNVIC_voidSetPendingFlag) for [Anonymous Symbol]
    nvic_program.o(.ARM.exidx.text.MNVIC_voidClearPendingFlag) refers to nvic_program.o(.text.MNVIC_voidClearPendingFlag) for [Anonymous Symbol]
    nvic_program.o(.ARM.exidx.text.MNVIC_u8GetActiveFlag) refers to nvic_program.o(.text.MNVIC_u8GetActiveFlag) for [Anonymous Symbol]
    nvic_program.o(.ARM.exidx.text.MNVIC_voidSetPriority_2) refers to nvic_program.o(.text.MNVIC_voidSetPriority_2) for [Anonymous Symbol]
    nvic_program.o(.ARM.exidx.text.MNVIC_voidSetPriority) refers to nvic_program.o(.text.MNVIC_voidSetPriority) for [Anonymous Symbol]
    pwm_program.o(.text.MPWM_voidInit) refers to rcc_program.o(.text.MRCC_voidPerClock_State) for MRCC_voidPerClock_State
    pwm_program.o(.text.MPWM_voidInit) refers to pwm_program.o(.data.TIM) for TIM
    pwm_program.o(.text.MPWM_voidInit) refers to dio_program.o(.text.MGPIO_voidSetPinDirection) for MGPIO_voidSetPinDirection
    pwm_program.o(.ARM.exidx.text.MPWM_voidInit) refers to pwm_program.o(.text.MPWM_voidInit) for [Anonymous Symbol]
    pwm_program.o(.text.MPWM_SETValuesOfPWM) refers to pwm_program.o(.data.TIM) for TIM
    pwm_program.o(.ARM.exidx.text.MPWM_SETValuesOfPWM) refers to pwm_program.o(.text.MPWM_SETValuesOfPWM) for [Anonymous Symbol]
    rcc_program.o(.text.MRCC_voidInit) refers to rcc_program.o(.text.MRCC_voidClkEnable) for MRCC_voidClkEnable
    rcc_program.o(.text.MRCC_voidInit) refers to rcc_program.o(.text.MRCC_u8CheckClockReady) for MRCC_u8CheckClockReady
    rcc_program.o(.text.MRCC_voidInit) refers to rcc_program.o(.text.MRCC_voidSetBusesPrescaler) for MRCC_voidSetBusesPrescaler
    rcc_program.o(.text.MRCC_voidInit) refers to rcc_program.o(.text.MRCC_voidSetClkSource) for MRCC_voidSetClkSource
    rcc_program.o(.text.MRCC_voidInit) refers to rcc_program.o(.text.MRCC_voidClkDisable) for MRCC_voidClkDisable
    rcc_program.o(.ARM.exidx.text.MRCC_voidInit) refers to rcc_program.o(.text.MRCC_voidInit) for [Anonymous Symbol]
    rcc_program.o(.ARM.exidx.text.MRCC_voidClkEnable) refers to rcc_program.o(.text.MRCC_voidClkEnable) for [Anonymous Symbol]
    rcc_program.o(.ARM.exidx.text.MRCC_u8CheckClockReady) refers to rcc_program.o(.text.MRCC_u8CheckClockReady) for [Anonymous Symbol]
    rcc_program.o(.ARM.exidx.text.MRCC_voidSetBusesPrescaler) refers to rcc_program.o(.text.MRCC_voidSetBusesPrescaler) for [Anonymous Symbol]
    rcc_program.o(.ARM.exidx.text.MRCC_voidSetClkSource) refers to rcc_program.o(.text.MRCC_voidSetClkSource) for [Anonymous Symbol]
    rcc_program.o(.ARM.exidx.text.MRCC_voidClkDisable) refers to rcc_program.o(.text.MRCC_voidClkDisable) for [Anonymous Symbol]
    rcc_program.o(.ARM.exidx.text.MRCC_voidPerClock_State) refers to rcc_program.o(.text.MRCC_voidPerClock_State) for [Anonymous Symbol]
    rcc_program.o(.ARM.exidx.text.MRCC_voidSetPLLMulFactor) refers to rcc_program.o(.text.MRCC_voidSetPLLMulFactor) for [Anonymous Symbol]
    rcc_program.o(.ARM.exidx.text.MRCC_voidSetPLLSource) refers to rcc_program.o(.text.MRCC_voidSetPLLSource) for [Anonymous Symbol]
    spi.o(.ARM.exidx.text.SPI_voidInit) refers to spi.o(.text.SPI_voidInit) for [Anonymous Symbol]
    spi.o(.ARM.exidx.text.SPI_voidSendReceieveCharSynch) refers to spi.o(.text.SPI_voidSendReceieveCharSynch) for [Anonymous Symbol]
    spi.o(.text.SPI_enu_SendDataAsynch) refers to spi.o(.text.insert_queue) for insert_queue
    spi.o(.text.SPI_enu_SendDataAsynch) refers to spi.o(.text.truncate_queue) for truncate_queue
    spi.o(.ARM.exidx.text.SPI_enu_SendDataAsynch) refers to spi.o(.text.SPI_enu_SendDataAsynch) for [Anonymous Symbol]
[...]
    .ARM.Collect$$libshutdown$$00000010      0x08000166   Section        2  libshutdown2.o(.ARM.Collect$$libshutdown$$00000010)
    .ARM.Collect$$rtentry$$00000000          0x08000168   Section        0  __rtentry.o(.ARM.Collect$$rtentry$$00000000)
    .ARM.Collect$$rtentry$$00000002          0x08000168   Section        0  __rtentry2.o(.ARM.Collect$$rtentry$$00000002)
    .ARM.Collect$$rtentry$$00000004          0x08000168   Section        6  __rtentry4.o(.ARM.Collect$$rtentry$$00000004)
    .ARM.Collect$$rtentry$$00000008          0x0800016e   Section        8  __rtentry2.o(.ARM.Collect$$rtentry$$00000008)
    .ARM.Collect$$rtentry$$0000000A          0x08000176   Section        4  __rtentry2.o(.ARM.Collect$$rtentry$$0000000A)
    .ARM.Collect$$rtentry$$0000000C          0x0800017a   Section        0  __rtentry2.o(.ARM.Collect$$rtentry$$0000000C)
    .ARM.Collect$$rtentry$$0000000D          0x0800017a   Section        8  __rtentry2.o(.ARM.Collect$$rtentry$$0000000D)
    .ARM.Collect$$rtexit$$00000000           0x08000182   Section        2  rtexit.o(.ARM.Collect$$rtexit$$00000000)
    .ARM.Collect$$rtexit$$00000002           0x08000184   Section        0  rtexit2.o(.ARM.Collect$$rtexit$$00000002)
    .ARM.Collect$$rtexit$$00000003           0x08000184   Section        4  rtexit2.o(.ARM.Collect$$rtexit$$00000003)
    .ARM.Collect$$rtexit$$00000004           0x08000188   Section        6  rtexit2.o(.ARM.Collect$$rtexit$$00000004)
    .text                                    0x08000190   Section       64  startup_stm32f10x_md.o(.text)
    .text                                    0x080001d0   Section      138  rt_memcpy_v6.o(.text)
    .text                                    0x0800025a   Section       16  aeabi_memset4.o(.text)
    .text                                    0x0800026a   Section       68  rt_memclr.o(.text)
    .text                                    0x080002ae   Section        0  heapauxi.o(.text)
    .text                                    0x080002b4   Section      100  rt_memcpy_w.o(.text)
    .text                                    0x08000318   Section       78  rt_memclr_w.o(.text)
    .text                                    0x08000366   Section       74  sys_stackheap_outer.o(.text)
    .text                                    0x080003b0   Section        0  exit.o(.text)
    .text                                    0x080003c4   Section        8  libspace.o(.text)
    .text                                    0x080003cc   Section        0  sys_exit.o(.text)
    .text                                    0x080003d8   Section        2  use_no_semi.o(.text)
    .text                                    0x080003da   Section        0  indicate_semi.o(.text)
    [Anonymous Symbol]                       0x080003dc   Section        0  ble.o(.text.HBLE_VGetKey)
    [Anonymous Symbol]                       0x080003e8   Section        0  ble.o(.text.HBLE_VInit)
    [Anonymous Symbol]                       0x08000420   Section        0  dio_program.o(.text.MGPIO_voidSetPinDirection)
    [Anonymous Symbol]                       0x08000508   Section        0  nvic_program.o(.text.MNVIC_voidEnableInterrupt)
    [Anonymous Symbol]                       0x0800053c   Section        0  rcc_program.o(.text.MRCC_u8CheckClockReady)
    [Anonymous Symbol]                       0x0800056c   Section        0  rcc_program.o(.text.MRCC_voidClkDisable)
    [Anonymous Symbol]                       0x08000598   Section        0  rcc_program.o(.text.MRCC_voidClkEnable)
    [Anonymous Symbol]                       0x080005c4   Section        0  rcc_program.o(.text.MRCC_voidInit)
    [Anonymous Symbol]                       0x080005f4   Section        0  rcc_program.o(.text.MRCC_voidPerClock_State)
    [Anonymous Symbol]                       0x08000694   Section        0  rcc_program.o(.text.MRCC_voidSetBusesPrescaler)
    [Anonymous Symbol]                       0x080006d4   Section        0  rcc_program.o(.text.MRCC_voidSetClkSource)
    [Anonymous Symbol]                       0x08000718   Section        0  usart_program.o(.text.MUSART_u8GetRecievedValue)
    [Anonymous Symbol]                       0x08000818   Section        0  usart_program.o(.text.MUSART_u8IsRecieveBufferAvailable)
    [Anonymous Symbol]                       0x080008bc   Section        0  usart_program.o(.text.MUSART_voidEnableUSART_RecieveInterrupt)
    [Anonymous Symbol]                       0x080008d4   Section        0  usart_program.o(.text.MUSART_voidInit)
    [Anonymous Symbol]                       0x08000984   Section        0  usart_program.o(.text.MUSART_voidSetBaudrateRegister)
    [Anonymous Symbol]                       0x08000990   Section        0  v2v-secondvehicle.o(.text.Motor_SetDirectionT)
    [Anonymous Symbol]                       0x080009b0   Section        0  port.o(.text.PendSV_Handler)
    pxCurrentTCBConst                        0x080009f0   Number         0  port.o(.text.PendSV_Handler)
    [Anonymous Symbol]                       0x080009f4   Section        0  spi.o(.text.SPI1_IRQHandler)
    [Anonymous Symbol]                       0x08000a20   Section        0  port.o(.text.SVC_Handler)
    pxCurrentTCBConst2                       0x08000a40   Number         0  port.o(.text.SVC_Handler)
    SetSysClock                              0x08000a45   Thumb Code     8  system_stm32f10x.o(.text.SetSysClock)
    [Anonymous Symbol]                       0x08000a44   Section        0  system_stm32f10x.o(.text.SetSysClock)
    SetSysClockTo72                          0x08000a4d   Thumb Code   190  system_stm32f10x.o(.text.SetSysClockTo72)
    [Anonymous Symbol]                       0x08000a4c   Section        0  system_stm32f10x.o(.text.SetSysClockTo72)
    [Anonymous Symbol]                       0x08000b0c   Section        0  cmsis_os2.o(.text.SysTick_Handler)
    [Anonymous Symbol]                       0x08000b28   Section        0  system_stm32f10x.o(.text.SystemInit)
    [Anonymous Symbol]                       0x08000b80   Section        0  usart_program.o(.text.USART1_IRQHandler)
    [Anonymous Symbol]                       0x08000bdc   Section        0  usart_program.o(.text.USART2_IRQHandler)
    [Anonymous Symbol]                       0x08000c38   Section        0  usart_program.o(.text.USART3_IRQHandler)
    __tagsym$$used.1                         0x08000c94   Number         0  clib_arm.o(.text._mutex_acquire)
    [Anonymous Symbol]                       0x08000c94   Section        0  clib_arm.o(.text._mutex_acquire)
    __tagsym$$used.3                         0x08000cb4   Number         0  clib_arm.o(.text._mutex_free)
    [Anonymous Symbol]                       0x08000cb4   Section        0  clib_arm.o(.text._mutex_free)
    __tagsym$$used.0                         0x08000ce4   Number         0  clib_arm.o(.text._mutex_initialize)
    [Anonymous Symbol]                       0x08000ce4   Section        0  clib_arm.o(.text._mutex_initialize)
    __tagsym$$used.2                         0x08000d3c   Number         0  clib_arm.o(.text._mutex_release)
    [Anonymous Symbol]                       0x08000d3c   Section        0  clib_arm.o(.text._mutex_release)
    [Anonymous Symbol]                       0x08000d60   Section        0  clib_arm.o(.text._platform_post_stackheap_init)
    is_thread_mode                           0x08000d65   Thumb Code    12  clib_arm.o(.text.is_thread_mode)
    [Anonymous Symbol]                       0x08000d64   Section        0  clib_arm.o(.text.is_thread_mode)
    [Anonymous Symbol]                       0x08000d70   Section        0  v2v-secondvehicle.o(.text.main)
    os_kernel_is_active                      0x08000da1   Thumb Code    16  clib_arm.o(.text.os_kernel_is_active)
    [Anonymous Symbol]                       0x08000da0   Section        0  clib_arm.o(.text.os_kernel_is_active)
    prvAddCurrentTaskToDelayedList           0x08000db1   Thumb Code   156  tasks.o(.text.prvAddCurrentTaskToDelayedList)
    [Anonymous Symbol]                       0x08000db0   Section        0  tasks.o(.text.prvAddCurrentTaskToDelayedList)
    prvAddNewTaskToReadyList                 0x08000e4d   Thumb Code   204  tasks.o(.text.prvAddNewTaskToReadyList)
    [Anonymous Symbol]                       0x08000e4c   Section        0  tasks.o(.text.prvAddNewTaskToReadyList)
    prvCheckForValidListAndQueue             0x08000f19   Thumb Code   106  timers.o(.text.prvCheckForValidListAndQueue)
    [Anonymous Symbol]                       0x08000f18   Section        0  timers.o(.text.prvCheckForValidListAndQueue)
    prvCheckTasksWaitingTermination          0x08000f85   Thumb Code    78  tasks.o(.text.prvCheckTasksWaitingTermination)
    [Anonymous Symbol]                       0x08000f84   Section        0  tasks.o(.text.prvCheckTasksWaitingTermination)
    prvCopyDataFromQueue                     0x08000fd5   Thumb Code    38  queue.o(.text.prvCopyDataFromQueue)
    [Anonymous Symbol]                       0x08000fd4   Section        0  queue.o(.text.prvCopyDataFromQueue)
    prvCopyDataToQueue                       0x08000ffd   Thumb Code   122  queue.o(.text.prvCopyDataToQueue)
    [Anonymous Symbol]                       0x08000ffc   Section        0  queue.o(.text.prvCopyDataToQueue)
    prvDeleteTCB                             0x08001079   Thumb Code    54  tasks.o(.text.prvDeleteTCB)
    [Anonymous Symbol]                       0x08001078   Section        0  tasks.o(.text.prvDeleteTCB)
    prvGetDisinheritPriorityAfterTimeout     0x080010b1   Thumb Code    18  queue.o(.text.prvGetDisinheritPriorityAfterTimeout)
    [Anonymous Symbol]                       0x080010b0   Section        0  queue.o(.text.prvGetDisinheritPriorityAfterTimeout)
    prvGetNextExpireTime                     0x080010c5   Thumb Code    32  timers.o(.text.prvGetNextExpireTime)
    [Anonymous Symbol]                       0x080010c4   Section        0  timers.o(.text.prvGetNextExpireTime)
    prvHeapInit                              0x080010e5   Thumb Code   106  heap_4.o(.text.prvHeapInit)
    [Anonymous Symbol]                       0x080010e4   Section        0  heap_4.o(.text.prvHeapInit)
    prvIdleTask                              0x08001151   Thumb Code    42  tasks.o(.text.prvIdleTask)
    [Anonymous Symbol]                       0x08001150   Section        0  tasks.o(.text.prvIdleTask)
    prvInitialiseMutex                       0x0800117d   Thumb Code    32  queue.o(.text.prvInitialiseMutex)
    [Anonymous Symbol]                       0x0800117c   Section        0  queue.o(.text.prvInitialiseMutex)
    prvInitialiseNewQueue                    0x0800119d   Thumb Code    32  queue.o(.text.prvInitialiseNewQueue)
    [Anonymous Symbol]                       0x0800119c   Section        0  queue.o(.text.prvInitialiseNewQueue)
    prvInitialiseNewTask                     0x080011bd   Thumb Code   150  tasks.o(.text.prvInitialiseNewTask)
    [Anonymous Symbol]                       0x080011bc   Section        0  tasks.o(.text.prvInitialiseNewTask)
    prvInitialiseTaskLists                   0x08001255   Thumb Code   112  tasks.o(.text.prvInitialiseTaskLists)
    [Anonymous Symbol]                       0x08001254   Section        0  tasks.o(.text.prvInitialiseTaskLists)
    prvInsertBlockIntoFreeList               0x080012c5   Thumb Code    90  heap_4.o(.text.prvInsertBlockIntoFreeList)
    [Anonymous Symbol]                       0x080012c4   Section        0  heap_4.o(.text.prvInsertBlockIntoFreeList)
    prvInsertTimerInActiveList               0x08001321   Thumb Code    64  timers.o(.text.prvInsertTimerInActiveList)
    [Anonymous Symbol]                       0x08001320   Section        0  timers.o(.text.prvInsertTimerInActiveList)
    prvIsQueueEmpty                          0x08001361   Thumb Code    24  queue.o(.text.prvIsQueueEmpty)
    [Anonymous Symbol]                       0x08001360   Section        0  queue.o(.text.prvIsQueueEmpty)
    prvIsQueueFull                           0x08001379   Thumb Code    28  queue.o(.text.prvIsQueueFull)
    [Anonymous Symbol]                       0x08001378   Section        0  queue.o(.text.prvIsQueueFull)
    prvPortStartFirstTask                    0x08001395   Thumb Code    32  port.o(.text.prvPortStartFirstTask)
    [Anonymous Symbol]                       0x08001394   Section        0  port.o(.text.prvPortStartFirstTask)
    prvProcessExpiredTimer                   0x080013b5   Thumb Code    62  timers.o(.text.prvProcessExpiredTimer)
    [Anonymous Symbol]                       0x080013b4   Section        0  timers.o(.text.prvProcessExpiredTimer)
    prvProcessReceivedCommands               0x080013f5   Thumb Code   274  timers.o(.text.prvProcessReceivedCommands)
    [Anonymous Symbol]                       0x080013f4   Section        0  timers.o(.text.prvProcessReceivedCommands)
    prvProcessTimerOrBlockTask               0x08001509   Thumb Code   128  timers.o(.text.prvProcessTimerOrBlockTask)
    [Anonymous Symbol]                       0x08001508   Section        0  timers.o(.text.prvProcessTimerOrBlockTask)
    prvReloadTimer                           0x08001589   Thumb Code    58  timers.o(.text.prvReloadTimer)
    [Anonymous Symbol]                       0x08001588   Section        0  timers.o(.text.prvReloadTimer)
    prvResetNextTaskUnblockTime              0x080015c5   Thumb Code    38  tasks.o(.text.prvResetNextTaskUnblockTime)
    [Anonymous Symbol]                       0x080015c4   Section        0  tasks.o(.text.prvResetNextTaskUnblockTime)
    prvSampleTimeNow                         0x080015ed   Thumb Code    42  timers.o(.text.prvSampleTimeNow)
    [Anonymous Symbol]                       0x080015ec   Section        0  timers.o(.text.prvSampleTimeNow)
    prvSwitchTimerLists                      0x08001619   Thumb Code    52  timers.o(.text.prvSwitchTimerLists)
    [Anonymous Symbol]                       0x08001618   Section        0  timers.o(.text.prvSwitchTimerLists)
    prvTaskExitError                         0x0800164d   Thumb Code    50  port.o(.text.prvTaskExitError)
    [Anonymous Symbol]                       0x0800164c   Section        0  port.o(.text.prvTaskExitError)
    prvTimerTask                             0x08001681   Thumb Code    22  timers.o(.text.prvTimerTask)
    [Anonymous Symbol]                       0x08001680   Section        0  timers.o(.text.prvTimerTask)
    prvUnlockQueue                           0x08001699   Thumb Code   114  queue.o(.text.prvUnlockQueue)
    [Anonymous Symbol]                       0x08001698   Section        0  queue.o(.text.prvUnlockQueue)
    [Anonymous Symbol]                       0x0800170c   Section        0  heap_4.o(.text.pvPortMalloc)
    [Anonymous Symbol]                       0x08001824   Section        0  tasks.o(.text.pvTaskIncrementMutexHeldCount)
    [Anonymous Symbol]                       0x0800183c   Section        0  port.o(.text.pxPortInitialiseStack)
    [Anonymous Symbol]                       0x0800185c   Section        0  port.o(.text.sys_tick_handler)
    truncate_queue                           0x0800188d   Thumb Code    58  spi.o(.text.truncate_queue)
    [Anonymous Symbol]                       0x0800188c   Section        0  spi.o(.text.truncate_queue)
    [Anonymous Symbol]                       0x080018c8   Section        0  list.o(.text.uxListRemove)
    [Anonymous Symbol]                       0x080018ec   Section        0  cmsis_os2.o(.text.vApplicationGetIdleTaskMemory)
    [Anonymous Symbol]                       0x08001908   Section        0  cmsis_os2.o(.text.vApplicationGetTimerTaskMemory)
    [Anonymous Symbol]                       0x08001924   Section        0  cmsis_os2.o(.text.vApplicationStackOverflowHook)
    [Anonymous Symbol]                       0x08001938   Section        0  list.o(.text.vListInitialise)
    [Anonymous Symbol]                       0x08001950   Section        0  list.o(.text.vListInitialiseItem)
    [Anonymous Symbol]                       0x08001958   Section        0  list.o(.text.vListInsert)
    [Anonymous Symbol]                       0x08001994   Section        0  port.o(.text.vPortEnterCritical)
    [Anonymous Symbol]                       0x080019dc   Section        0  port.o(.text.vPortExitCritical)
    [Anonymous Symbol]                       0x08001a0c   Section        0  heap_4.o(.text.vPortFree)
    [Anonymous Symbol]                       0x08001a88   Section        0  port.o(.text.vPortSetupTimerInterrupt)
    [Anonymous Symbol]                       0x08001abc   Section        0  queue.o(.text.vQueueDelete)
    [Anonymous Symbol]                       0x08001ae4   Section        0  queue.o(.text.vQueueWaitForMessageRestricted)
    [Anonymous Symbol]                       0x08001b28   Section        0  tasks.o(.text.vTaskDelay)
    [Anonymous Symbol]                       0x08001b7c   Section        0  tasks.o(.text.vTaskInternalSetTimeOutState)
    [Anonymous Symbol]                       0x08001b98   Section        0  tasks.o(.text.vTaskMissedYield)
    [Anonymous Symbol]                       0x08001ba8   Section        0  tasks.o(.text.vTaskPlaceOnEventList)
    [Anonymous Symbol]                       0x08001bdc   Section        0  tasks.o(.text.vTaskPlaceOnEventListRestricted)
    [Anonymous Symbol]                       0x08001c4c   Section        0  tasks.o(.text.vTaskPriorityDisinheritAfterTimeout)
    [Anonymous Symbol]                       0x08001d04   Section        0  tasks.o(.text.vTaskStartScheduler)
    [Anonymous Symbol]                       0x08001db4   Section        0  tasks.o(.text.vTaskSuspendAll)
    __tagsym$$used.0                         0x08001dc4   Number         0  tasks.o(.text.vTaskSwitchContext)
    [Anonymous Symbol]                       0x08001dc4   Section        0  tasks.o(.text.vTaskSwitchContext)
    [Anonymous Symbol]                       0x08001e90   Section        0  port.o(.text.xPortStartScheduler)
    [Anonymous Symbol]                       0x08001f4c   Section        0  queue.o(.text.xQueueCreateMutex)
    [Anonymous Symbol]                       0x08001f64   Section        0  queue.o(.text.xQueueCreateMutexStatic)
    [Anonymous Symbol]                       0x08001f88   Section        0  queue.o(.text.xQueueGenericCreate)
    [Anonymous Symbol]                       0x08001fe4   Section        0  queue.o(.text.xQueueGenericCreateStatic)
    [Anonymous Symbol]                       0x08002054   Section        0  queue.o(.text.xQueueGenericReset)
    [Anonymous Symbol]                       0x08002108   Section        0  queue.o(.text.xQueueGenericSend)
    [Anonymous Symbol]                       0x080022ac   Section        0  queue.o(.text.xQueueReceive)
    [Anonymous Symbol]                       0x08002430   Section        0  queue.o(.text.xQueueSemaphoreTake)
    [Anonymous Symbol]                       0x080025dc   Section        0  tasks.o(.text.xTaskCheckForTimeOut)
    [Anonymous Symbol]                       0x08002668   Section        0  tasks.o(.text.xTaskCreate)
    [Anonymous Symbol]                       0x080026d4   Section        0  tasks.o(.text.xTaskCreateStatic)
    [Anonymous Symbol]                       0x08002774   Section        0  tasks.o(.text.xTaskGetSchedulerState)
    [Anonymous Symbol]                       0x0800279c   Section        0  tasks.o(.text.xTaskGetTickCount)
    [Anonymous Symbol]                       0x080027a8   Section        0  tasks.o(.text.xTaskIncrementTick)
    [Anonymous Symbol]                       0x08002950   Section        0  tasks.o(.text.xTaskPriorityDisinherit)
    [Anonymous Symbol]                       0x080029f8   Section        0  tasks.o(.text.xTaskPriorityInherit)
    [Anonymous Symbol]                       0x08002aa0   Section        0  tasks.o(.text.xTaskRemoveFromEventList)
    [Anonymous Symbol]                       0x08002b90   Section        0  tasks.o(.text.xTaskResumeAll)
    [Anonymous Symbol]                       0x08002cfc   Section        0  timers.o(.text.xTimerCreateTimerTask)
    uxCriticalNesting                        0x200000ec   Data           4  port.o(.data.uxCriticalNesting)
    [Anonymous Symbol]                       0x200000ec   Section        0  port.o(.data.uxCriticalNesting)
    .bss                                     0x200000f0   Section       96  libspace.o(.bss)
    clib_mutex_cb                            0x200012e4   Data         400  clib_arm.o(.bss.clib_mutex_cb)
    [Anonymous Symbol]                       0x200012e4   Section        0  clib_arm.o(.bss.clib_mutex_cb)
    clib_mutex_id                            0x20001474   Data          20  clib_arm.o(.bss.clib_mutex_id)
    [Anonymous Symbol]                       0x20001474   Section        0  clib_arm.o(.bss.clib_mutex_id)
    prvCheckForValidListAndQueue.ucStaticTimerQueueStorage 0x2000148c   Data          80  timers.o(.bss.prvCheckForValidListAndQueue.ucStaticTimerQueueStorage)
    [Anonymous Symbol]                       0x2000148c   Section        0  timers.o(.bss.prvCheckForValidListAndQueue.ucStaticTimerQueueStorage)
    prvCheckForValidListAndQueue.xStaticTimerQueue 0x200014dc   Data          80  timers.o(.bss.prvCheckForValidListAndQueue.xStaticTimerQueue)
    [Anonymous Symbol]                       0x200014dc   Section        0  timers.o(.bss.prvCheckForValidListAndQueue.xStaticTimerQueue)
    prvSampleTimeNow.xLastTime               0x2000152c   Data           4  timers.o(.bss.prvSampleTimeNow.xLastTime)
    [Anonymous Symbol]                       0x2000152c   Section        0  timers.o(.bss.prvSampleTimeNow.xLastTime)
    __tagsym$$used.1                         0x20001530   Number         0  tasks.o(.bss.pxCurrentTCB)
    pxCurrentTimerList                       0x20001534   Data           4  timers.o(.bss.pxCurrentTimerList)
    [Anonymous Symbol]                       0x20001534   Section        0  timers.o(.bss.pxCurrentTimerList)
    pxDelayedTaskList                        0x20001538   Data           4  tasks.o(.bss.pxDelayedTaskList)
    [Anonymous Symbol]                       0x20001538   Section        0  tasks.o(.bss.pxDelayedTaskList)
    pxEnd                                    0x2000153c   Data           4  heap_4.o(.bss.pxEnd)
    [Anonymous Symbol]                       0x2000153c   Section        0  heap_4.o(.bss.pxEnd)
    pxOverflowDelayedTaskList                0x20001540   Data           4  tasks.o(.bss.pxOverflowDelayedTaskList)
    [Anonymous Symbol]                       0x20001540   Section        0  tasks.o(.bss.pxOverflowDelayedTaskList)
    pxOverflowTimerList                      0x20001544   Data           4  timers.o(.bss.pxOverflowTimerList)
    [Anonymous Symbol]                       0x20001544   Section        0  timers.o(.bss.pxOverflowTimerList)
    pxReadyTasksLists                        0x20001548   Data        1120  tasks.o(.bss.pxReadyTasksLists)
    [Anonymous Symbol]                       0x20001548   Section        0  tasks.o(.bss.pxReadyTasksLists)
    ucHeap                                   0x200019a8   Data        8192  heap_4.o(.bss.ucHeap)
    [Anonymous Symbol]                       0x200019a8   Section        0  heap_4.o(.bss.ucHeap)
    ucMaxSysCallPriority                     0x200039a8   Data           1  port.o(.bss.ucMaxSysCallPriority)
    [Anonymous Symbol]                       0x200039a8   Section        0  port.o(.bss.ucMaxSysCallPriority)
    ulMaxPRIGROUPValue                       0x200039ac   Data           4  port.o(.bss.ulMaxPRIGROUPValue)
    [Anonymous Symbol]                       0x200039ac   Section        0  port.o(.bss.ulMaxPRIGROUPValue)
    uxCurrentNumberOfTasks                   0x200039b0   Data           4  tasks.o(.bss.uxCurrentNumberOfTasks)
    [Anonymous Symbol]                       0x200039b0   Section        0  tasks.o(.bss.uxCurrentNumberOfTasks)
    uxDeletedTasksWaitingCleanUp             0x200039b4   Data           4  tasks.o(.bss.uxDeletedTasksWaitingCleanUp)
    [Anonymous Symbol]                       0x200039b4   Section        0  tasks.o(.bss.uxDeletedTasksWaitingCleanUp)
    uxSchedulerSuspended                     0x200039b8   Data           4  tasks.o(.bss.uxSchedulerSuspended)
    [Anonymous Symbol]                       0x200039b8   Section        0  tasks.o(.bss.uxSchedulerSuspended)
    uxTaskNumber                             0x200039bc   Data           4  tasks.o(.bss.uxTaskNumber)
    [Anonymous Symbol]                       0x200039bc   Section        0  tasks.o(.bss.uxTaskNumber)
    uxTopReadyPriority                       0x200039c0   Data           4  tasks.o(.bss.uxTopReadyPriority)
    [Anonymous Symbol]                       0x200039c0   Section        0  tasks.o(.bss.uxTopReadyPriority)
    vApplicationGetIdleTaskMemory.Idle_Stack 0x200039c4   Data         512  cmsis_os2.o(.bss.vApplicationGetIdleTaskMemory.Idle_Stack)
    [Anonymous Symbol]                       0x200039c4   Section        0  cmsis_os2.o(.bss.vApplicationGetIdleTaskMemory.Idle_Stack)
    vApplicationGetIdleTaskMemory.Idle_TCB   0x20003bc4   Data          92  cmsis_os2.o(.bss.vApplicationGetIdleTaskMemory.Idle_TCB)
    [Anonymous Symbol]                       0x20003bc4   Section        0  cmsis_os2.o(.bss.vApplicationGetIdleTaskMemory.Idle_TCB)
    vApplicationGetTimerTaskMemory.Timer_Stack 0x20003c20   Data         320  cmsis_os2.o(.bss.vApplicationGetTimerTaskMemory.Timer_Stack)
    [Anonymous Symbol]                       0x20003c20   Section        0  cmsis_os2.o(.bss.vApplicationGetTimerTaskMemory.Timer_Stack)
    vApplicationGetTimerTaskMemory.Timer_TCB 0x20003d60   Data          92  cmsis_os2.o(.bss.vApplicationGetTimerTaskMemory.Timer_TCB)
    [Anonymous Symbol]                       0x20003d60   Section        0  cmsis_os2.o(.bss.vApplicationGetTimerTaskMemory.Timer_TCB)
    xActiveTimerList1                        0x20003dbc   Data          20  timers.o(.bss.xActiveTimerList1)
    [Anonymous Symbol]                       0x20003dbc   Section        0  timers.o(.bss.xActiveTimerList1)
    xActiveTimerList2                        0x20003dd0   Data          20  timers.o(.bss.xActiveTimerList2)
    [Anonymous Symbol]                       0x20003dd0   Section        0  timers.o(.bss.xActiveTimerList2)
    xDelayedTaskList1                        0x20003de4   Data          20  tasks.o(.bss.xDelayedTaskList1)
    [Anonymous Symbol]                       0x20003de4   Section        0  tasks.o(.bss.xDelayedTaskList1)
    xDelayedTaskList2                        0x20003df8   Data          20  tasks.o(.bss.xDelayedTaskList2)
    [Anonymous Symbol]                       0x20003df8   Section        0  tasks.o(.bss.xDelayedTaskList2)
    xFreeBytesRemaining                      0x20003e0c   Data           4  heap_4.o(.bss.xFreeBytesRemaining)
    [Anonymous Symbol]                       0x20003e0c   Section        0  heap_4.o(.bss.xFreeBytesRemaining)
    xIdleTaskHandle                          0x20003e10   Data           4  tasks.o(.bss.xIdleTaskHandle)
    [Anonymous Symbol]                       0x20003e10   Section        0  tasks.o(.bss.xIdleTaskHandle)
    xMinimumEverFreeBytesRemaining           0x20003e14   Data           4  heap_4.o(.bss.xMinimumEverFreeBytesRemaining)
    [Anonymous Symbol]                       0x20003e14   Section        0  heap_4.o(.bss.xMinimumEverFreeBytesRemaining)
    xNextTaskUnblockTime                     0x20003e18   Data           4  tasks.o(.bss.xNextTaskUnblockTime)
    [Anonymous Symbol]                       0x20003e18   Section        0  tasks.o(.bss.xNextTaskUnblockTime)
    xNumOfOverflows                          0x20003e1c   Data           4  tasks.o(.bss.xNumOfOverflows)
    [Anonymous Symbol]                       0x20003e1c   Section        0  tasks.o(.bss.xNumOfOverflows)
    xNumberOfSuccessfulAllocations           0x20003e20   Data           4  heap_4.o(.bss.xNumberOfSuccessfulAllocations)
    [Anonymous Symbol]                       0x20003e20   Section        0  heap_4.o(.bss.xNumberOfSuccessfulAllocations)
    xNumberOfSuccessfulFrees                 0x20003e24   Data           4  heap_4.o(.bss.xNumberOfSuccessfulFrees)
    [Anonymous Symbol]                       0x20003e24   Section        0  heap_4.o(.bss.xNumberOfSuccessfulFrees)
    xPendedTicks                             0x20003e28   Data           4  tasks.o(.bss.xPendedTicks)
    [Anonymous Symbol]                       0x20003e28   Section        0  tasks.o(.bss.xPendedTicks)
    xPendingReadyList                        0x20003e2c   Data          20  tasks.o(.bss.xPendingReadyList)
    [Anonymous Symbol]                       0x20003e2c   Section        0  tasks.o(.bss.xPendingReadyList)
    xSchedulerRunning                        0x20003e40   Data           4  tasks.o(.bss.xSchedulerRunning)
    [Anonymous Symbol]                       0x20003e40   Section        0  tasks.o(.bss.xSchedulerRunning)
    xStart                                   0x20003e44   Data           8  heap_4.o(.bss.xStart)
    [Anonymous Symbol]                       0x20003e44   Section        0  heap_4.o(.bss.xStart)
    xSuspendedTaskList                       0x20003e4c   Data          20  tasks.o(.bss.xSuspendedTaskList)
    [Anonymous Symbol]                       0x20003e4c   Section        0  tasks.o(.bss.xSuspendedTaskList)
    xTasksWaitingTermination                 0x20003e60   Data          20  tasks.o(.bss.xTasksWaitingTermination)
    [Anonymous Symbol]                       0x20003e60   Section        0  tasks.o(.bss.xTasksWaitingTermination)
    xTickCount                               0x20003e74   Data           4  tasks.o(.bss.xTickCount)
    [Anonymous Symbol]                       0x20003e74   Section        0  tasks.o(.bss.xTickCount)
    xTimerQueue                              0x20003e78   Data           4  timers.o(.bss.xTimerQueue)
    [Anonymous Symbol]                       0x20003e78   Section        0  timers.o(.bss.xTimerQueue)
    xTimerTaskHandle                         0x20003e7c   Data           4  timers.o(.bss.xTimerTaskHandle)
    [Anonymous Symbol]                       0x20003e7c   Section        0  timers.o(.bss.xTimerTaskHandle)
    xYieldPending                            0x20003e80   Data           4  tasks.o(.bss.xYieldPending)
    [Anonymous Symbol]                       0x20003e80   Section        0  tasks.o(.bss.xYieldPending)
    Heap_Mem                                 0x20003e88   Data         512  startup_stm32f10x_md.o(HEAP)
    HEAP                                     0x20003e88   Section      512  startup_stm32f10x_md.o(HEAP)
    Stack_Mem                                0x20004088   Data        1024  startup_stm32f10x_md.o(STACK)
    STACK                                    0x20004088   Section     1024  startup_stm32f10x_md.o(STACK)
    __initial_sp                             0x20004488   Data           0  startup_stm32f10x_md.o(STACK)

    Global Symbols

    Symbol Name                              Value     Ov Type        Size  Object(Section)

    BuildAttributes$$THM_ISAv4$P$D$K$B$S$PE$A:L22UL41UL21$X:L11$S22US41US21$IEEE1$IW$~IW$USESV6$~STKCKD$USESV7$~SHL$OTIME$ROPI$EBA8$UX$STANDARDLIB$REQ8$PRES8$EABIv2 0x00000000   Number         0  anon$$obj.o ABSOLUTE
    __fp_init_empty                          0x00000000   Number         0  fpinit_empty.o ABSOLUTE
    __ARM_exceptions_init                     - Undefined Weak Reference
    __alloca_initialize                       - Undefined Weak Reference
    __arm_preinit_                            - Undefined Weak Reference
    __cpp_initialize__aeabi_                  - Undefined Weak Reference
    __cxa_finalize                            - Undefined Weak Reference
    __rt_locale                               - Undefined Weak Reference
    __sigvec_lookup                           - Undefined Weak Reference
    _atexit_init                              - Undefined Weak Reference
    _call_atexit_fns                          - Undefined Weak Reference
    _clock_init                               - Undefined Weak Reference
    _fp_trap_init                             - Undefined Weak Reference
    _fp_trap_shutdown                         - Undefined Weak Reference
    _get_lc_collate                           - Undefined Weak Reference
    _get_lc_ctype                             - Undefined Weak Reference
    _get_lc_monetary                          - Undefined Weak Reference
    _get_lc_numeric                           - Undefined Weak Reference
    _get_lc_time                              - Undefined Weak Reference
    _getenv_init                              - Undefined Weak Reference
    _handle_redirection                       - Undefined Weak Reference
    _init_alloc                               - Undefined Weak Reference
    _init_user_alloc                          - Undefined Weak Reference
    _initio                                   - Undefined Weak Reference
    _rand_init                                - Undefined Weak Reference
    _signal_finish                            - Undefined Weak Reference
    _signal_init                              - Undefined Weak Reference
    _terminate_alloc                          - Undefined Weak Reference
    _terminate_user_alloc                     - Undefined Weak Reference
    _terminateio                              - Undefined Weak Reference
    __Vectors_Size                           0x000000ec   Number         0  startup_stm32f10x_md.o ABSOLUTE
    __Vectors                                0x08000000   Data           4  startup_stm32f10x_md.o(RESET)
    __Vectors_End                            0x080000ec   Data           0  startup_stm32f10x_md.o(RESET)
    __main                                   0x080000ed   Thumb Code     8  __main.o(!!!main)
    __scatterload                            0x080000f5   Thumb Code     0  __scatter.o(!!!scatter)
    __scatterload_rt2                        0x080000f5   Thumb Code    44  __scatter.o(!!!scatter)
    __scatterload_rt2_thumb_only             0x080000f5   Thumb Code     0  __scatter.o(!!!scatter)
    __scatterload_null                       0x08000103   Thumb Code     0  __scatter.o(!!!scatter)
    __scatterload_copy                       0x08000129   Thumb Code    26  __scatter_copy.o(!!handler_copy)
    __scatterload_zeroinit                   0x08000145   Thumb Code    28  __scatter_zi.o(!!handler_zi)
    __rt_lib_init                            0x08000161   Thumb Code     0  libinit.o(.ARM.Collect$$libinit$$00000000)
    __rt_lib_init_alloca_1                   0x08000163   Thumb Code     0  libinit2.o(.ARM.Collect$$libinit$$0000002E)
    __rt_lib_init_argv_1                     0x08000163   Thumb Code     0  libinit2.o(.ARM.Collect$$libinit$$0000002C)
    __rt_lib_init_atexit_1                   0x08000163   Thumb Code     0  libinit2.o(.ARM.Collect$$libinit$$0000001B)
    __rt_lib_init_clock_1                    0x08000163   Thumb Code     0  libinit2.o(.ARM.Collect$$libinit$$00000021)
    __rt_lib_init_cpp_1                      0x08000163   Thumb Code     0  libinit2.o(.ARM.Collect$$libinit$$00000032)
    __rt_lib_init_exceptions_1               0x08000163   Thumb Code     0  libinit2.o(.ARM.Collect$$libinit$$00000030)
    __rt_lib_init_fp_1                       0x08000163   Thumb Code     0  libinit2.o(.ARM.Collect$$libinit$$00000002)
    __rt_lib_init_fp_trap_1                  0x08000163   Thumb Code     0  libinit2.o(.ARM.Collect$$libinit$$0000001F)
    __rt_lib_init_getenv_1                   0x08000163   Thumb Code     0  libinit2.o(.ARM.Collect$$libinit$$00000023)
    __rt_lib_init_heap_1                     0x08000163   Thumb Code     0  libinit2.o(.ARM.Collect$$libinit$$0000000A)
    __rt_lib_init_lc_collate_1               0x08000163   Thumb Code     0  libinit2.o(.ARM.Collect$$libinit$$00000011)
    __rt_lib_init_lc_ctype_1                 0x08000163   Thumb Code     0  libinit2.o(.ARM.Collect$$libinit$$00000013)
    __rt_lib_init_lc_monetary_1              0x08000163   Thumb Code     0  libinit2.o(.ARM.Collect$$libinit$$00000015)
    __rt_lib_init_lc_numeric_1               0x08000163   Thumb Code     0  libinit2.o(.ARM.Collect$$libinit$$00000017)
    __rt_lib_init_lc_time_1                  0x08000163   Thumb Code     0  libinit2.o(.ARM.Collect$$libinit$$00000019)
    __rt_lib_init_preinit_1                  0x08000163   Thumb Code     0  libinit2.o(.ARM.Collect$$libinit$$00000004)
    __rt_lib_init_rand_1                     0x08000163   Thumb Code     0  libinit2.o(.ARM.Collect$$libinit$$0000000E)
    __rt_lib_init_return                     0x08000163   Thumb Code     0  libinit2.o(.ARM.Collect$$libinit$$00000033)
    __rt_lib_init_signal_1                   0x08000163   Thumb Code     0  libinit2.o(.ARM.Collect$$libinit$$0000001D)
    __rt_lib_init_stdio_1                    0x08000163   Thumb Code     0  libinit2.o(.ARM.Collect$$libinit$$00000025)
    __rt_lib_init_user_alloc_1               0x08000163   Thumb Code     0  libinit2.o(.ARM.Collect$$libinit$$0000000C)
    __rt_lib_shutdown                        0x08000165   Thumb Code     0  libshutdown.o(.ARM.Collect$$libshutdown$$00000000)
    __rt_lib_shutdown_cpp_1                  0x08000167   Thumb Code     0  libshutdown2.o(.ARM.Collect$$libshutdown$$00000002)
    __rt_lib_shutdown_fp_trap_1              0x08000167   Thumb Code     0  libshutdown2.o(.ARM.Collect$$libshutdown$$00000007)
    __rt_lib_shutdown_heap_1                 0x08000167   Thumb Code     0  libshutdown2.o(.ARM.Collect$$libshutdown$$0000000F)
    __rt_lib_shutdown_return                 0x08000167   Thumb Code     0  libshutdown2.o(.ARM.Collect$$libshutdown$$00000010)
    __rt_lib_shutdown_signal_1               0x08000167   Thumb Code     0  libshutdown2.o(.ARM.Collect$$libshutdown$$0000000A)
    __rt_lib_shutdown_stdio_1                0x08000167   Thumb Code     0  libshutdown2.o(.ARM.Collect$$libshutdown$$00000004)
    __rt_lib_shutdown_user_alloc_1           0x08000167   Thumb Code     0  libshutdown2.o(.ARM.Collect$$libshutdown$$0000000C)
    __rt_entry                               0x08000169   Thumb Code     0  __rtentry.o(.ARM.Collect$$rtentry$$00000000)
    __rt_entry_presh_1                       0x08000169   Thumb Code     0  __rtentry2.o(.ARM.Collect$$rtentry$$00000002)
    __rt_entry_sh                            0x08000169   Thumb Code     0  __rtentry4.o(.ARM.Collect$$rtentry$$00000004)
    __rt_entry_postsh_1                      0x0800016f   Thumb Code     0  __rtentry2.o(.ARM.Collect$$rtentry$$00000008)
    __rt_entry_li                            0x08000177   Thumb Code     0  __rtentry2.o(.ARM.Collect$$rtentry$$0000000A)
    __rt_entry_main                          0x0800017b   Thumb Code     0  __rtentry2.o(.ARM.Collect$$rtentry$$0000000D)
    __rt_entry_postli_1                      0x0800017b   Thumb Code     0  __rtentry2.o(.ARM.Collect$$rtentry$$0000000C)
    __rt_exit                                0x08000183   Thumb Code     0  rtexit.o(.ARM.Collect$$rtexit$$00000000)
    __rt_exit_ls                             0x08000185   Thumb Code     0  rtexit2.o(.ARM.Collect$$rtexit$$00000003)
    __rt_exit_prels_1                        0x08000185   Thumb Code     0  rtexit2.o(.ARM.Collect$$rtexit$$00000002)
    __rt_exit_exit                           0x08000189   Thumb Code     0  rtexit2.o(.ARM.Collect$$rtexit$$00000004)
    Reset_Handler                            0x08000191   Thumb Code     8  startup_stm32f10x_md.o(.text)
    NMI_Handler                              0x08000199   Thumb Code     2  startup_stm32f10x_md.o(.text)
    HardFault_Handler                        0x0800019b   Thumb Code     2  startup_stm32f10x_md.o(.text)
    MemManage_Handler                        0x0800019d   Thumb Code     2  startup_stm32f10x_md.o(.text)
    BusFault_Handler                         0x0800019f   Thumb Code     2  startup_stm32f10x_md.o(.text)
    UsageFault_Handler                       0x080001a1   Thumb Code     2  startup_stm32f10x_md.o(.text)
    DebugMon_Handler                         0x080001a5   Thumb Code     2  startup_stm32f10x_md.o(.text)
    ADC1_2_IRQHandler                        0x080001ab   Thumb Code     0  startup_stm32f10x_md.o(.text)
    CAN1_RX1_IRQHandler                      0x080001ab   Thumb Code     0  startup_stm32f10x_md.o(.text)
    CAN1_SCE_IRQHandler                      0x080001ab   Thumb Code     0  startup_stm32f10x_md.o(.text)
    DMA1_Channel1_IRQHandler                 0x080001ab   Thumb Code     0  startup_stm32f10x_md.o(.text)
    DMA1_Channel2_IRQHandler                 0x080001ab   Thumb Code     0  startup_stm32f10x_md.o(.text)
    DMA1_Channel3_IRQHandler                 0x080001ab   Thumb Code     0  startup_stm32f10x_md.o(.text)
    DMA1_Channel4_IRQHandler                 0x080001ab   Thumb Code     0  startup_stm32f10x_md.o(.text)
    DMA1_Channel5_IRQHandler                 0x080001ab   Thumb Code     0  startup_stm32f10x_md.o(.text)
    DMA1_Channel6_IRQHandler                 0x080001ab   Thumb Code     0  startup_stm32f10x_md.o(.text)
    DMA1_Channel7_IRQHandler                 0x080001ab   Thumb Code     0  startup_stm32f10x_md.o(.text)
    EXTI0_IRQHandler                         0x080001ab   Thumb Code     0  startup_stm32f10x_md.o(.text)
    EXTI15_10_IRQHandler                     0x080001ab   Thumb Code     0  startup_stm32f10x_md.o(.text)
    EXTI1_IRQHandler                         0x080001ab   Thumb Code     0  startup_stm32f10x_md.o(.text)
    EXTI2_IRQHandler                         0x080001ab   Thumb Code     0  startup_stm32f10x_md.o(.text)
    EXTI3_IRQHandler                         0x080001ab   Thumb Code     0  startup_stm32f10x_md.o(.text)
    EXTI4_IRQHandler                         0x080001ab   Thumb Code     0  startup_stm32f10x_md.o(.text)
    EXTI9_5_IRQHandler                       0x080001ab   Thumb Code     0  startup_stm32f10x_md.o(.text)
    FLASH_IRQHandler                         0x080001ab   Thumb Code     0  startup_stm32f10x_md.o(.text)
    I2C1_ER_IRQHandler                       0x080001ab   Thumb Code     0  startup_stm32f10x_md.o(.text)
    I2C1_EV_IRQHandler                       0x080001ab   Thumb Code     0  startup_stm32f10x_md.o(.text)
    I2C2_ER_IRQHandler                       0x080001ab   Thumb Code     0  startup_stm32f10x_md.o(.text)
    I2C2_EV_IRQHandler                       0x080001ab   Thumb Code     0  startup_stm32f10x_md.o(.text)
    PVD_IRQHandler                           0x080001ab   Thumb Code     0  startup_stm32f10x_md.o(.text)
    RCC_IRQHandler                           0x080001ab   Thumb Code     0  startup_stm32f10x_md.o(.text)
    RTCAlarm_IRQHandler                      0x080001ab   Thumb Code     0  startup_stm32f10x_md.o(.text)
    RTC_IRQHandler                           0x080001ab   Thumb Code     0  startup_stm32f10x_md.o(.text)
    SPI2_IRQHandler                          0x080001ab   Thumb Code     0  startup_stm32f10x_md.o(.text)
    TAMPER_IRQHandler                        0x080001ab   Thumb Code     0  startup_stm32f10x_md.o(.text)
    TIM1_BRK_IRQHandler                      0x080001ab   Thumb Code     0  startup_stm32f10x_md.o(.text)
    TIM1_CC_IRQHandler                       0x080001ab   Thumb Code     0  startup_stm32f10x_md.o(.text)
    TIM1_TRG_COM_IRQHandler                  0x080001ab   Thumb Code     0  startup_stm32f10x_md.o(.text)
    TIM1_UP_IRQHandler                       0x080001ab   Thumb Code     0  startup_stm32f10x_md.o(.text)
    TIM2_IRQHandler                          0x080001ab   Thumb Code     0  startup_stm32f10x_md.o(.text)
    TIM3_IRQHandler                          0x080001ab   Thumb Code     0  startup_stm32f10x_md.o(.text)
    TIM4_IRQHandler                          0x080001ab   Thumb Code     0  startup_stm32f10x_md.o(.text)
    USBWakeUp_IRQHandler                     0x080001ab   Thumb Code     0  startup_stm32f10x_md.o(.text)
    USB_HP_CAN1_TX_IRQHandler                0x080001ab   Thumb Code     0  startup_stm32f10x_md.o(.text)
    USB_LP_CAN1_RX0_IRQHandler               0x080001ab   Thumb Code     0  startup_stm32f10x_md.o(.text)
    WWDG_IRQHandler                          0x080001ab   Thumb Code     0  startup_stm32f10x_md.o(.text)
    __user_initial_stackheap                 0x080001ad   Thumb Code     0  startup_stm32f10x_md.o(.text)
    __aeabi_memcpy                           0x080001d1   Thumb Code     0  rt_memcpy_v6.o(.text)
    __rt_memcpy                              0x080001d1   Thumb Code   138  rt_memcpy_v6.o(.text)
    _memcpy_lastbytes                        0x08000237   Thumb Code     0  rt_memcpy_v6.o(.text)
    __aeabi_memset4                          0x0800025b   Thumb Code    16  aeabi_memset4.o(.text)
    __aeabi_memset8                          0x0800025b   Thumb Code     0  aeabi_memset4.o(.text)
    __aeabi_memclr                           0x0800026b   Thumb Code     0  rt_memclr.o(.text)
    __rt_memclr                              0x0800026b   Thumb Code     0  rt_memclr.o(.text)
    _memset                                  0x0800026f   Thumb Code    64  rt_memclr.o(.text)
    __use_two_region_memory                  0x080002af   Thumb Code     2  heapauxi.o(.text)
    __rt_heap_escrow$2region                 0x080002b1   Thumb Code     2  heapauxi.o(.text)
    __rt_heap_expand$2region                 0x080002b3   Thumb Code     2  heapauxi.o(.text)
    __aeabi_memcpy4                          0x080002b5   Thumb Code     0  rt_memcpy_w.o(.text)
    __aeabi_memcpy8                          0x080002b5   Thumb Code     0  rt_memcpy_w.o(.text)
    __rt_memcpy_w                            0x080002b5   Thumb Code   100  rt_memcpy_w.o(.text)
    _memcpy_lastbytes_aligned                0x080002fd   Thumb Code     0  rt_memcpy_w.o(.text)
    __aeabi_memclr4                          0x08000319   Thumb Code     0  rt_memclr_w.o(.text)
    __aeabi_memclr8                          0x08000319   Thumb Code     0  rt_memclr_w.o(.text)
    __rt_memclr_w                            0x08000319   Thumb Code     0  rt_memclr_w.o(.text)
    _memset_w                                0x0800031d   Thumb Code    74  rt_memclr_w.o(.text)
    __user_setup_stackheap                   0x08000367   Thumb Code    74  sys_stackheap_outer.o(.text)
    exit                                     0x080003b1   Thumb Code    18  exit.o(.text)
    __user_libspace                          0x080003c5   Thumb Code     8  libspace.o(.text)
    __user_perproc_libspace                  0x080003c5   Thumb Code     0  libspace.o(.text)
    _sys_exit                                0x080003cd   Thumb Code     8  sys_exit.o(.text)
    __I$use$semihosting                      0x080003d9   Thumb Code     0  use_no_semi.o(.text)
    __use_no_semihosting_swi                 0x080003d9   Thumb Code     2  use_no_semi.o(.text)
    __semihosting_library_function           0x080003db   Thumb Code     0  indicate_semi.o(.text)
    HBLE_VGetKey                             0x080003dd   Thumb Code    12  ble.o(.text.HBLE_VGetKey)
    HBLE_VInit                               0x080003e9   Thumb Code    56  ble.o(.text.HBLE_VInit)
    MGPIO_voidSetPinDirection                0x08000421   Thumb Code   230  dio_program.o(.text.MGPIO_voidSetPinDirection)
    MNVIC_voidEnableInterrupt                0x08000509   Thumb Code    50  nvic_program.o(.text.MNVIC_voidEnableInterrupt)
    MRCC_u8CheckClockReady                   0x0800053d   Thumb Code    36  rcc_program.o(.text.MRCC_u8CheckClockReady)
    MRCC_voidClkDisable                      0x0800056d   Thumb Code    32  rcc_program.o(.text.MRCC_voidClkDisable)
    MRCC_voidClkEnable                       0x08000599   Thumb Code    32  rcc_program.o(.text.MRCC_voidClkEnable)
    MRCC_voidInit                            0x080005c5   Thumb Code    48  rcc_program.o(.text.MRCC_voidInit)
    MRCC_voidPerClock_State                  0x080005f5   Thumb Code   158  rcc_program.o(.text.MRCC_voidPerClock_State)
    MRCC_voidSetBusesPrescaler               0x08000695   Thumb Code    64  rcc_program.o(.text.MRCC_voidSetBusesPrescaler)
    MRCC_voidSetClkSource                    0x080006d5   Thumb Code    66  rcc_program.o(.text.MRCC_voidSetClkSource)
    MUSART_u8GetRecievedValue                0x08000719   Thumb Code   254  usart_program.o(.text.MUSART_u8GetRecievedValue)
    MUSART_u8IsRecieveBufferAvailable        0x08000819   Thumb Code   164  usart_program.o(.text.MUSART_u8IsRecieveBufferAvailable)
    MUSART_voidEnableUSART_RecieveInterrupt  0x080008bd   Thumb Code    22  usart_program.o(.text.MUSART_voidEnableUSART_RecieveInterrupt)
    MUSART_voidInit                          0x080008d5   Thumb Code   176  usart_program.o(.text.MUSART_voidInit)
    MUSART_voidSetBaudrateRegister           0x08000985   Thumb Code    10  usart_program.o(.text.MUSART_voidSetBaudrateRegister)
    Motor_SetDirectionT                      0x08000991   Thumb Code    22  v2v-secondvehicle.o(.text.Motor_SetDirectionT)
    PendSV_Handler                           0x080009b1   Thumb Code    68  port.o(.text.PendSV_Handler)
    SPI1_IRQHandler                          0x080009f5   Thumb Code    30  spi.o(.text.SPI1_IRQHandler)
    SVC_Handler                              0x08000a21   Thumb Code    36  port.o(.text.SVC_Handler)
    SysTick_Handler                          0x08000b0d   Thumb Code    26  cmsis_os2.o(.text.SysTick_Handler)
    SystemInit                               0x08000b29   Thumb Code    86  system_stm32f10x.o(.text.SystemInit)
    USART1_IRQHandler                        0x08000b81   Thumb Code    90  usart_program.o(.text.USART1_IRQHandler)
    USART2_IRQHandler                        0x08000bdd   Thumb Code    90  usart_program.o(.text.USART2_IRQHandler)
    USART3_IRQHandler                        0x08000c39   Thumb Code    90  usart_program.o(.text.USART3_IRQHandler)
    _mutex_acquire                           0x08000c95   Thumb Code    32  clib_arm.o(.text._mutex_acquire)
    _mutex_free                              0x08000cb5   Thumb Code    48  clib_arm.o(.text._mutex_free)
    _mutex_initialize                        0x08000ce5   Thumb Code    88  clib_arm.o(.text._mutex_initialize)
    _mutex_release                           0x08000d3d   Thumb Code    34  clib_arm.o(.text._mutex_release)
    _platform_post_stackheap_init            0x08000d61   Thumb Code     2  clib_arm.o(.text._platform_post_stackheap_init)
    main                                     0x08000d71   Thumb Code    46  v2v-secondvehicle.o(.text.main)
    pvPortMalloc                             0x0800170d   Thumb Code   280  heap_4.o(.text.pvPortMalloc)
    pvTaskIncrementMutexHeldCount            0x08001825   Thumb Code    24  tasks.o(.text.pvTaskIncrementMutexHeldCount)
    pxPortInitialiseStack                    0x0800183d   Thumb Code    32  port.o(.text.pxPortInitialiseStack)
    sys_tick_handler                         0x0800185d   Thumb Code    46  port.o(.text.sys_tick_handler)
    uxListRemove                             0x080018c9   Thumb Code    36  list.o(.text.uxListRemove)
    vApplicationGetIdleTaskMemory            0x080018ed   Thumb Code    26  cmsis_os2.o(.text.vApplicationGetIdleTaskMemory)
    vApplicationGetTimerTaskMemory           0x08001909   Thumb Code    26  cmsis_os2.o(.text.vApplicationGetTimerTaskMemory)
    vApplicationStackOverflowHook            0x08001925   Thumb Code    18  cmsis_os2.o(.text.vApplicationStackOverflowHook)
    vListInitialise                          0x08001939   Thumb Code    22  list.o(.text.vListInitialise)
    vListInitialiseItem                      0x08001951   Thumb Code     6  list.o(.text.vListInitialiseItem)
    vListInsert                              0x08001959   Thumb Code    58  list.o(.text.vListInsert)
    vPortEnterCritical                       0x08001995   Thumb Code    70  port.o(.text.vPortEnterCritical)
    vPortExitCritical                        0x080019dd   Thumb Code    46  port.o(.text.vPortExitCritical)
    vPortFree                                0x08001a0d   Thumb Code   122  heap_4.o(.text.vPortFree)
    vPortSetupTimerInterrupt                 0x08001a89   Thumb Code    52  port.o(.text.vPortSetupTimerInterrupt)
    vQueueDelete                             0x08001abd   Thumb Code    38  queue.o(.text.vQueueDelete)
    vQueueWaitForMessageRestricted           0x08001ae5   Thumb Code    68  queue.o(.text.vQueueWaitForMessageRestricted)
    vTaskDelay                               0x08001b29   Thumb Code    84  tasks.o(.text.vTaskDelay)
    vTaskInternalSetTimeOutState             0x08001b7d   Thumb Code    26  tasks.o(.text.vTaskInternalSetTimeOutState)
    vTaskMissedYield                         0x08001b99   Thumb Code    14  tasks.o(.text.vTaskMissedYield)
    vTaskPlaceOnEventList                    0x08001ba9   Thumb Code    50  tasks.o(.text.vTaskPlaceOnEventList)
    vTaskPlaceOnEventListRestricted          0x08001bdd   Thumb Code   110  tasks.o(.text.vTaskPlaceOnEventListRestricted)
    vTaskPriorityDisinheritAfterTimeout      0x08001c4d   Thumb Code   184  tasks.o(.text.vTaskPriorityDisinheritAfterTimeout)
    vTaskStartScheduler                      0x08001d05   Thumb Code   168  tasks.o(.text.vTaskStartScheduler)
    vTaskSuspendAll                          0x08001db5   Thumb Code    16  tasks.o(.text.vTaskSuspendAll)
    vTaskSwitchContext                       0x08001dc5   Thumb Code   202  tasks.o(.text.vTaskSwitchContext)
    xPortStartScheduler                      0x08001e91   Thumb Code   186  port.o(.text.xPortStartScheduler)
    xQueueCreateMutex                        0x08001f4d   Thumb Code    22  queue.o(.text.xQueueCreateMutex)
    xQueueCreateMutexStatic                  0x08001f65   Thumb Code    34  queue.o(.text.xQueueCreateMutexStatic)
    xQueueGenericCreate                      0x08001f89   Thumb Code    90  queue.o(.text.xQueueGenericCreate)
    xQueueGenericCreateStatic                0x08001fe5   Thumb Code   110  queue.o(.text.xQueueGenericCreateStatic)
    xQueueGenericReset                       0x08002055   Thumb Code   178  queue.o(.text.xQueueGenericReset)
    xQueueGenericSend                        0x08002109   Thumb Code   418  queue.o(.text.xQueueGenericSend)
    xQueueReceive                            0x080022ad   Thumb Code   388  queue.o(.text.xQueueReceive)
    xQueueSemaphoreTake                      0x08002431   Thumb Code   426  queue.o(.text.xQueueSemaphoreTake)
    xTaskCheckForTimeOut                     0x080025dd   Thumb Code   140  tasks.o(.text.xTaskCheckForTimeOut)
    xTaskCreate                              0x08002669   Thumb Code   108  tasks.o(.text.xTaskCreate)
    xTaskCreateStatic                        0x080026d5   Thumb Code   158  tasks.o(.text.xTaskCreateStatic)
    xTaskGetSchedulerState                   0x08002775   Thumb Code    38  tasks.o(.text.xTaskGetSchedulerState)
    xTaskGetTickCount                        0x0800279d   Thumb Code    12  tasks.o(.text.xTaskGetTickCount)
    xTaskIncrementTick                       0x080027a9   Thumb Code   422  tasks.o(.text.xTaskIncrementTick)
    xTaskPriorityDisinherit                  0x08002951   Thumb Code   166  tasks.o(.text.xTaskPriorityDisinherit)
    xTaskPriorityInherit                     0x080029f9   Thumb Code   166  tasks.o(.text.xTaskPriorityInherit)
    xTaskRemoveFromEventList                 0x08002aa1   Thumb Code   238  tasks.o(.text.xTaskRemoveFromEventList)
    xTaskResumeAll                           0x08002b91   Thumb Code   364  tasks.o(.text.xTaskResumeAll)
    xTimerCreateTimerTask                    0x08002cfd   Thumb Code   108  timers.o(.text.xTimerCreateTimerTask)
    uxTopUsedPriority                        0x08002d70   Data           4  tasks.o(.rodata.uxTopUsedPriority)
    Region$$Table$$Base                      0x08002d74   Number         0  anon$$obj.o(Region$$Table)
    Region$$Table$$Limit                     0x08002d94   Number         0  anon$$obj.o(Region$$Table)
    GlobalUSART1_s16RecievedFront            0x20000000   Data           2  usart_program.o(.data.GlobalUSART1_s16RecievedFront)
    GlobalUSART1_s16RecievedRear             0x20000002   Data           2  usart_program.o(.data.GlobalUSART1_s16RecievedRear)
    GlobalUSART2_s16RecievedFront            0x20000004   Data           2  usart_program.o(.data.GlobalUSART2_s16RecievedFront)
    GlobalUSART2_s16RecievedRear             0x20000006   Data           2  usart_program.o(.data.GlobalUSART2_s16RecievedRear)
    GlobalUSART3_s16RecievedFront            0x20000008   Data           2  usart_program.o(.data.GlobalUSART3_s16RecievedFront)
    GlobalUSART3_s16RecievedRear             0x2000000a   Data           2  usart_program.o(.data.GlobalUSART3_s16RecievedRear)
    Global_u8Direction                       0x2000000c   Data           1  v2v-secondvehicle.o(.data.Global_u8Direction)
    SystemCoreClock                          0x20000010   Data           4  system_stm32f10x.o(.data.SystemCoreClock)
    USART                                    0x20000014   Data          12  usart_program.o(.data.USART)
    gl_SPI_data_queue                        0x20000020   Data         202  spi.o(.data.gl_SPI_data_queue)
    __libspace_start                         0x200000f0   Data          96  libspace.o(.bss)
    GlobalUSART1_u8RecievedValue             0x20000150   Data        1500  usart_program.o(.bss.GlobalUSART1_u8RecievedValue)
    __temporary_stack_top$libspace           0x20000150   Data           0  libspace.o(.bss)
    GlobalUSART2_u8RecievedValue             0x2000072c   Data        1500  usart_program.o(.bss.GlobalUSART2_u8RecievedValue)
    GlobalUSART3_u8RecievedValue             0x20000d08   Data        1500  usart_program.o(.bss.GlobalUSART3_u8RecievedValue)
    gl_ptr_Function                          0x20001488   Data           4  spi.o(.bss.gl_ptr_Function)
    pxCurrentTCB                             0x20001530   Data           4  tasks.o(.bss.pxCurrentTCB)



==============================================================================

Memory Map of the image

  Image Entry point : 0x08000191

  Load Region LR_1 (Base: 0x08000000, Size: 0x00002e84, Max: 0xffffffff, ABSOLUTE)

    Execution Region ER_RO (Exec base: 0x08000000, Load base: 0x08000000, Size: 0x00002d94, Max: 0xffffffff, ABSOLUTE)

    Exec Addr    Load Addr    Size         Type   Attr      Idx    E Section Name        Object

    0x08000000   0x08000000   0x000000ec   Data   RO          517    RESET               startup_stm32f10x_md.o
    0x080000ec   0x080000ec   0x00000008   Code   RO          988  * !!!main             c_w.l(__main.o)
    0x080000f4   0x080000f4   0x00000034   Code   RO         1153    !!!scatter          c_w.l(__scatter.o)
    0x08000128   0x08000128   0x0000001a   Code   RO         1155    !!handler_copy      c_w.l(__scatter_copy.o)
    0x08000142   0x08000142   0x00000002   PAD
    0x08000144   0x08000144   0x0000001c   Code   RO         1157    !!handler_zi        c_w.l(__scatter_zi.o)
    0x08000160   0x08000160   0x00000002   Code   RO         1017    .ARM.Collect$$libinit$$00000000  c_w.l(libinit.o)
    0x08000162   0x08000162   0x00000000   Code   RO         1024    .ARM.Collect$$libinit$$00000002  c_w.l(libinit2.o)
    0x08000162   0x08000162   0x00000000   Code   RO         1026    .ARM.Collect$$libinit$$00000004  c_w.l(libinit2.o)
    0x08000162   0x08000162   0x00000000   Code   RO         1029    .ARM.Collect$$libinit$$0000000A  c_w.l(libinit2.o)
    0x08000162   0x08000162   0x00000000   Code   RO         1031    .ARM.Collect$$libinit$$0000000C  c_w.l(libinit2.o)
    0x08000162   0x08000162   0x00000000   Code   RO         1033    .ARM.Collect$$libinit$$0000000E  c_w.l(libinit2.o)
    0x08000162   0x08000162   0x00000000   Code   RO         1036    .ARM.Collect$$libinit$$00000011  c_w.l(libinit2.o)
    0x08000162   0x08000162   0x00000000   Code   RO         1038    .ARM.Collect$$libinit$$00000013  c_w.l(libinit2.o)
    0x08000162   0x08000162   0x00000000   Code   RO         1040    .ARM.Collect$$libinit$$00000015  c_w.l(libinit2.o)
    0x08000162   0x08000162   0x00000000   Code   RO         1042    .ARM.Collect$$libinit$$00000017  c_w.l(libinit2.o)
    0x08000162   0x08000162   0x00000000   Code   RO         1044    .ARM.Collect$$libinit$$00000019  c_w.l(libinit2.o)
    0x08000162   0x08000162   0x00000000   Code   RO         1046    .ARM.Collect$$libinit$$0000001B  c_w.l(libinit2.o)
    0x08000162   0x08000162   0x00000000   Code   RO         1048    .ARM.Collect$$libinit$$0000001D  c_w.l(libinit2.o)
    0x08000162   0x08000162   0x00000000   Code   RO         1050    .ARM.Collect$$libinit$$0000001F  c_w.l(libinit2.o)
    0x08000162   0x08000162   0x00000000   Code   RO         1052    .ARM.Collect$$libinit$$00000021  c_w.l(libinit2.o)
    0x08000162   0x08000162   0x00000000   Code   RO         1054    .ARM.Collect$$libinit$$00000023  c_w.l(libinit2.o)
    0x08000162   0x08000162   0x00000000   Code   RO         1056    .ARM.Collect$$libinit$$00000025  c_w.l(libinit2.o)
    0x08000162   0x08000162   0x00000000   Code   RO         1060    .ARM.Collect$$libinit$$0000002C  c_w.l(libinit2.o)
    0x08000162   0x08000162   0x00000000   Code   RO         1062    .ARM.Collect$$libinit$$0000002E  c_w.l(libinit2.o)
    0x08000162   0x08000162   0x00000000   Code   RO         1064    .ARM.Collect$$libinit$$00000030  c_w.l(libinit2.o)
    0x08000162   0x08000162   0x00000000   Code   RO         1066    .ARM.Collect$$libinit$$00000032  c_w.l(libinit2.o)
    0x08000162   0x08000162   0x00000002   Code   RO         1067    .ARM.Collect$$libinit$$00000033  c_w.l(libinit2.o)
    0x08000164   0x08000164   0x00000002   Code   RO         1089    .ARM.Collect$$libshutdown$$00000000  c_w.l(libshutdown.o)
    0x08000166   0x08000166   0x00000000   Code   RO         1104    .ARM.Collect$$libshutdown$$00000002  c_w.l(libshutdown2.o)
    0x08000166   0x08000166   0x00000000   Code   RO         1106    .ARM.Collect$$libshutdown$$00000004  c_w.l(libshutdown2.o)
    0x08000166   0x08000166   0x00000000   Code   RO         1109    .ARM.Collect$$libshutdown$$00000007  c_w.l(libshutdown2.o)
    0x08000166   0x08000166   0x00000000   Code   RO         1112    .ARM.Collect$$libshutdown$$0000000A  c_w.l(libshutdown2.o)
    0x08000166   0x08000166   0x00000000   Code   RO         1114    .ARM.Collect$$libshutdown$$0000000C  c_w.l(libshutdown2.o)
    0x08000166   0x08000166   0x00000000   Code   RO         1117    .ARM.Collect$$libshutdown$$0000000F  c_w.l(libshutdown2.o)
    0x08000166   0x08000166   0x00000002   Code   RO         1118    .ARM.Collect$$libshutdown$$00000010  c_w.l(libshutdown2.o)
    0x08000168   0x08000168   0x00000000   Code   RO          990    .ARM.Collect$$rtentry$$00000000  c_w.l(__rtentry.o)
    0x08000168   0x08000168   0x00000000   Code   RO          996    .ARM.Collect$$rtentry$$00000002  c_w.l(__rtentry2.o)
    0x08000168   0x08000168   0x00000006   Code   RO         1008    .ARM.Collect$$rtentry$$00000004  c_w.l(__rtentry4.o)
    0x0800016e   0x0800016e   0x00000008   Code   RO          997    .ARM.Collect$$rtentry$$00000008  c_w.l(__rtentry2.o)
    0x08000176   0x08000176   0x00000004   Code   RO          999    .ARM.Collect$$rtentry$$0000000A  c_w.l(__rtentry2.o)
    0x0800017a   0x0800017a   0x00000000   Code   RO         1001    .ARM.Collect$$rtentry$$0000000C  c_w.l(__rtentry2.o)
    0x0800017a   0x0800017a   0x00000008   Code   RO         1002    .ARM.Collect$$rtentry$$0000000D  c_w.l(__rtentry2.o)
    0x08000182   0x08000182   0x00000002   Code   RO         1021    .ARM.Collect$$rtexit$$00000000  c_w.l(rtexit.o)
    0x08000184   0x08000184   0x00000000   Code   RO         1069    .ARM.Collect$$rtexit$$00000002  c_w.l(rtexit2.o)
    0x08000184   0x08000184   0x00000004   Code   RO         1070    .ARM.Collect$$rtexit$$00000003  c_w.l(rtexit2.o)
    0x08000188   0x08000188   0x00000006   Code   RO         1071    .ARM.Collect$$rtexit$$00000004  c_w.l(rtexit2.o)
    0x0800018e   0x0800018e   0x00000002   PAD
    0x08000190   0x08000190   0x00000040   Code   RO          518  * .text               startup_stm32f10x_md.o
    0x080001d0   0x080001d0   0x0000008a   Code   RO          980    .text               c_w.l(rt_memcpy_v6.o)
    0x0800025a   0x0800025a   0x00000010   Code   RO          982    .text               c_w.l(aeabi_memset4.o)
    0x0800026a   0x0800026a   0x00000044   Code   RO          984    .text               c_w.l(rt_memclr.o)
    0x080002ae   0x080002ae   0x00000006   Code   RO          986    .text               c_w.l(heapauxi.o)
    0x080002b4   0x080002b4   0x00000064   Code   RO          991    .text               c_w.l(rt_memcpy_w.o)
    0x08000318   0x08000318   0x0000004e   Code   RO          993    .text               c_w.l(rt_memclr_w.o)
    0x08000366   0x08000366   0x0000004a   Code   RO         1010    .text               c_w.l(sys_stackheap_outer.o)
    0x080003b0   0x080003b0   0x00000012   Code   RO         1012    .text               c_w.l(exit.o)
    0x080003c2   0x080003c2   0x00000002   PAD
    0x080003c4   0x080003c4   0x00000008   Code   RO         1018    .text               c_w.l(libspace.o)
    0x080003cc   0x080003cc   0x0000000c   Code   RO         1079    .text               c_w.l(sys_exit.o)
    0x080003d8   0x080003d8   0x00000002   Code   RO         1094    .text               c_w.l(use_no_semi.o)
    0x080003da   0x080003da   0x00000000   Code   RO         1096    .text               c_w.l(indicate_semi.o)
    0x080003da   0x080003da   0x00000002   PAD
    0x080003dc   0x080003dc   0x0000000c   Code   RO          161    .text.HBLE_VGetKey  ble.o
    0x080003e8   0x080003e8   0x00000038   Code   RO          159    .text.HBLE_VInit    ble.o
    0x08000420   0x08000420   0x000000e6   Code   RO            2    .text.MGPIO_voidSetPinDirection  dio_program.o
    0x08000506   0x08000506   0x00000002   PAD
    0x08000508   0x08000508   0x00000032   Code   RO           22    .text.MNVIC_voidEnableInterrupt  nvic_program.o
    0x0800053a   0x0800053a   0x00000002   PAD
    0x0800053c   0x0800053c   0x00000030   Code   RO           61    .text.MRCC_u8CheckClockReady  rcc_program.o
    0x0800056c   0x0800056c   0x0000002c   Code   RO           67    .text.MRCC_voidClkDisable  rcc_program.o
    0x08000598   0x08000598   0x0000002c   Code   RO           59    .text.MRCC_voidClkEnable  rcc_program.o
    0x080005c4   0x080005c4   0x00000030   Code   RO           57    .text.MRCC_voidInit  rcc_program.o
    0x080005f4   0x080005f4   0x0000009e   Code   RO           69    .text.MRCC_voidPerClock_State  rcc_program.o
    0x08000692   0x08000692   0x00000002   PAD
    0x08000694   0x08000694   0x00000040   Code   RO           63    .text.MRCC_voidSetBusesPrescaler  rcc_program.o
    0x080006d4   0x080006d4   0x00000042   Code   RO           65    .text.MRCC_voidSetClkSource  rcc_program.o
    0x08000716   0x08000716   0x00000002   PAD
    0x08000718   0x08000718   0x000000fe   Code   RO          127    .text.MUSART_u8GetRecievedValue  usart_program.o
    0x08000816   0x08000816   0x00000002   PAD
    0x08000818   0x08000818   0x000000a4   Code   RO          129    .text.MUSART_u8IsRecieveBufferAvailable  usart_program.o
    0x080008bc   0x080008bc   0x00000016   Code   RO          117    .text.MUSART_voidEnableUSART_RecieveInterrupt  usart_program.o
    0x080008d2   0x080008d2   0x00000002   PAD
    0x080008d4   0x080008d4   0x000000b0   Code   RO          113    .text.MUSART_voidInit  usart_program.o
    0x08000984   0x08000984   0x0000000a   Code   RO          115    .text.MUSART_voidSetBaudrateRegister  usart_program.o
    0x0800098e   0x0800098e   0x00000002   PAD
    0x08000990   0x08000990   0x00000016   Code   RO          239    .text.Motor_SetDirectionT  v2v-secondvehicle.o
    0x080009a6   0x080009a6   0x0000000a   PAD
    0x080009b0   0x080009b0   0x00000044   Code   RO          618    .text.PendSV_Handler  port.o
    0x080009f4   0x080009f4   0x0000001e   Code   RO          101    .text.SPI1_IRQHandler  spi.o
    0x08000a12   0x08000a12   0x0000000e   PAD
    0x08000a20   0x08000a20   0x00000024   Code   RO          604    .text.SVC_Handler   port.o
    0x08000a44   0x08000a44   0x00000008   Code   RO          527    .text.SetSysClock   system_stm32f10x.o
    0x08000a4c   0x08000a4c   0x000000be   Code   RO          531    .text.SetSysClockTo72  system_stm32f10x.o
    0x08000b0a   0x08000b0a   0x00000002   PAD
    0x08000b0c   0x08000b0c   0x0000001a   Code   RO          309    .text.SysTick_Handler  cmsis_os2.o
    0x08000b26   0x08000b26   0x00000002   PAD
    0x08000b28   0x08000b28   0x00000056   Code   RO          525    .text.SystemInit    system_stm32f10x.o
    0x08000b7e   0x08000b7e   0x00000002   PAD
    0x08000b80   0x08000b80   0x0000005a   Code   RO          135    .text.USART1_IRQHandler  usart_program.o
    0x08000bda   0x08000bda   0x00000002   PAD
    0x08000bdc   0x08000bdc   0x0000005a   Code   RO          137    .text.USART2_IRQHandler  usart_program.o
    0x08000c36   0x08000c36   0x00000002   PAD
    0x08000c38   0x08000c38   0x0000005a   Code   RO          139    .text.USART3_IRQHandler  usart_program.o
    0x08000c92   0x08000c92   0x00000002   PAD
    0x08000c94   0x08000c94   0x00000020   Code   RO          259    .text._mutex_acquire  clib_arm.o
    0x08000cb4   0x08000cb4   0x00000030   Code   RO          265    .text._mutex_free   clib_arm.o
    0x08000ce4   0x08000ce4   0x00000058   Code   RO          257    .text._mutex_initialize  clib_arm.o
    0x08000d3c   0x08000d3c   0x00000022   Code   RO          263    .text._mutex_release  clib_arm.o
    0x08000d5e   0x08000d5e   0x00000002   PAD
    0x08000d60   0x08000d60   0x00000002   Code   RO          251    .text._platform_post_stackheap_init  clib_arm.o
    0x08000d62   0x08000d62   0x00000002   PAD
    0x08000d64   0x08000d64   0x0000000c   Code   RO          261    .text.is_thread_mode  clib_arm.o
    0x08000d70   0x08000d70   0x0000002e   Code   RO          237    .text.main          v2v-secondvehicle.o
    0x08000d9e   0x08000d9e   0x00000002   PAD
    0x08000da0   0x08000da0   0x00000010   Code   RO          255    .text.os_kernel_is_active  clib_arm.o
    0x08000db0   0x08000db0   0x0000009c   Code   RO          768    .text.prvAddCurrentTaskToDelayedList  tasks.o
    0x08000e4c   0x08000e4c   0x000000cc   Code   RO          754    .text.prvAddNewTaskToReadyList  tasks.o
    0x08000f18   0x08000f18   0x0000006a   Code   RO          906    .text.prvCheckForValidListAndQueue  timers.o
    0x08000f82   0x08000f82   0x00000002   PAD
    0x08000f84   0x08000f84   0x0000004e   Code   RO          872    .text.prvCheckTasksWaitingTermination  tasks.o
    0x08000fd2   0x08000fd2   0x00000002   PAD
    0x08000fd4   0x08000fd4   0x00000026   Code   RO          710    .text.prvCopyDataFromQueue  queue.o
    0x08000ffa   0x08000ffa   0x00000002   PAD
    0x08000ffc   0x08000ffc   0x0000007a   Code   RO          698    .text.prvCopyDataToQueue  queue.o
    0x08001076   0x08001076   0x00000002   PAD
    0x08001078   0x08001078   0x00000036   Code   RO          762    .text.prvDeleteTCB  tasks.o
    0x080010ae   0x080010ae   0x00000002   PAD
    0x080010b0   0x080010b0   0x00000012   Code   RO          714    .text.prvGetDisinheritPriorityAfterTimeout  queue.o
    0x080010c2   0x080010c2   0x00000002   PAD
    0x080010c4   0x080010c4   0x00000020   Code   RO          946    .text.prvGetNextExpireTime  timers.o
    0x080010e4   0x080010e4   0x0000006a   Code   RO          637    .text.prvHeapInit   heap_4.o
    0x0800114e   0x0800114e   0x00000002   PAD
    0x08001150   0x08001150   0x0000002a   Code   RO          794    .text.prvIdleTask   tasks.o
    0x0800117a   0x0800117a   0x00000002   PAD
    0x0800117c   0x0800117c   0x00000020   Code   RO          678    .text.prvInitialiseMutex  queue.o
    0x0800119c   0x0800119c   0x00000020   Code   RO          672    .text.prvInitialiseNewQueue  queue.o
    0x080011bc   0x080011bc   0x00000096   Code   RO          752    .text.prvInitialiseNewTask  tasks.o
    0x08001252   0x08001252   0x00000002   PAD
    0x08001254   0x08001254   0x00000070   Code   RO          870    .text.prvInitialiseTaskLists  tasks.o
    0x080012c4   0x080012c4   0x0000005a   Code   RO          639    .text.prvInsertBlockIntoFreeList  heap_4.o
    0x0800131e   0x0800131e   0x00000002   PAD
    0x08001320   0x08001320   0x00000040   Code   RO          960    .text.prvInsertTimerInActiveList  timers.o
    0x08001360   0x08001360   0x00000018   Code   RO          712    .text.prvIsQueueEmpty  queue.o
    0x08001378   0x08001378   0x0000001c   Code   RO          700    .text.prvIsQueueFull  queue.o
    0x08001394   0x08001394   0x00000020   Code   RO          610    .text.prvPortStartFirstTask  port.o
    0x080013b4   0x080013b4   0x0000003e   Code   RO          954    .text.prvProcessExpiredTimer  timers.o
    0x080013f2   0x080013f2   0x00000002   PAD
    0x080013f4   0x080013f4   0x00000112   Code   RO          950    .text.prvProcessReceivedCommands  timers.o
    0x08001506   0x08001506   0x00000002   PAD
    0x08001508   0x08001508   0x00000080   Code   RO          948    .text.prvProcessTimerOrBlockTask  timers.o
    0x08001588   0x08001588   0x0000003a   Code   RO          958    .text.prvReloadTimer  timers.o
    0x080015c2   0x080015c2   0x00000002   PAD
    0x080015c4   0x080015c4   0x00000026   Code   RO          760    .text.prvResetNextTaskUnblockTime  tasks.o
    0x080015ea   0x080015ea   0x00000002   PAD
    0x080015ec   0x080015ec   0x0000002a   Code   RO          952    .text.prvSampleTimeNow  timers.o
    0x08001616   0x08001616   0x00000002   PAD
    0x08001618   0x08001618   0x00000034   Code   RO          956    .text.prvSwitchTimerLists  timers.o
    0x0800164c   0x0800164c   0x00000032   Code   RO          602    .text.prvTaskExitError  port.o
    0x0800167e   0x0800167e   0x00000002   PAD
    0x08001680   0x08001680   0x00000016   Code   RO          908    .text.prvTimerTask  timers.o
    0x08001696   0x08001696   0x00000002   PAD
    0x08001698   0x08001698   0x00000072   Code   RO          702    .text.prvUnlockQueue  queue.o
    0x0800170a   0x0800170a   0x00000002   PAD
    0x0800170c   0x0800170c   0x00000118   Code   RO          635    .text.pvPortMalloc  heap_4.o
    0x08001824   0x08001824   0x00000018   Code   RO          854    .text.pvTaskIncrementMutexHeldCount  tasks.o
    0x0800183c   0x0800183c   0x00000020   Code   RO          600    .text.pxPortInitialiseStack  port.o
    0x0800185c   0x0800185c   0x0000002e   Code   RO          620    .text.sys_tick_handler  port.o
    0x0800188a   0x0800188a   0x00000002   PAD
    0x0800188c   0x0800188c   0x0000003a   Code   RO           91    .text.truncate_queue  spi.o
    0x080018c6   0x080018c6   0x00000002   PAD
    0x080018c8   0x080018c8   0x00000024   Code   RO          590    .text.uxListRemove  list.o
    0x080018ec   0x080018ec   0x0000001a   Code   RO          467    .text.vApplicationGetIdleTaskMemory  cmsis_os2.o
    0x08001906   0x08001906   0x00000002   PAD
    0x08001908   0x08001908   0x0000001a   Code   RO          469    .text.vApplicationGetTimerTaskMemory  cmsis_os2.o
    0x08001922   0x08001922   0x00000002   PAD
    0x08001924   0x08001924   0x00000012   Code   RO          465    .text.vApplicationStackOverflowHook  cmsis_os2.o
    0x08001936   0x08001936   0x00000002   PAD
    0x08001938   0x08001938   0x00000016   Code   RO          582    .text.vListInitialise  list.o
    0x0800194e   0x0800194e   0x00000002   PAD
    0x08001950   0x08001950   0x00000006   Code   RO          584    .text.vListInitialiseItem  list.o
    0x08001956   0x08001956   0x00000002   PAD
    0x08001958   0x08001958   0x0000003a   Code   RO          588    .text.vListInsert   list.o
    0x08001992   0x08001992   0x00000002   PAD
    0x08001994   0x08001994   0x00000046   Code   RO          614    .text.vPortEnterCritical  port.o
    0x080019da   0x080019da   0x00000002   PAD
    0x080019dc   0x080019dc   0x0000002e   Code   RO          616    .text.vPortExitCritical  port.o
    0x08001a0a   0x08001a0a   0x00000002   PAD
    0x08001a0c   0x08001a0c   0x0000007a   Code   RO          641    .text.vPortFree     heap_4.o
    0x08001a86   0x08001a86   0x00000002   PAD
    0x08001a88   0x08001a88   0x00000034   Code   RO          608    .text.vPortSetupTimerInterrupt  port.o
    0x08001abc   0x08001abc   0x00000026   Code   RO          728    .text.vQueueDelete  queue.o
    0x08001ae2   0x08001ae2   0x00000002   PAD
    0x08001ae4   0x08001ae4   0x00000044   Code   RO          740    .text.vQueueWaitForMessageRestricted  queue.o
    0x08001b28   0x08001b28   0x00000054   Code   RO          772    .text.vTaskDelay    tasks.o
    0x08001b7c   0x08001b7c   0x0000001a   Code   RO          826    .text.vTaskInternalSetTimeOutState  tasks.o
    0x08001b96   0x08001b96   0x00000002   PAD
    0x08001b98   0x08001b98   0x0000000e   Code   RO          830    .text.vTaskMissedYield  tasks.o
    0x08001ba6   0x08001ba6   0x00000002   PAD
    0x08001ba8   0x08001ba8   0x00000032   Code   RO          814    .text.vTaskPlaceOnEventList  tasks.o
    0x08001bda   0x08001bda   0x00000002   PAD
    0x08001bdc   0x08001bdc   0x0000006e   Code   RO          818    .text.vTaskPlaceOnEventListRestricted  tasks.o
    0x08001c4a   0x08001c4a   0x00000002   PAD
    0x08001c4c   0x08001c4c   0x000000b8   Code   RO          850    .text.vTaskPriorityDisinheritAfterTimeout  tasks.o
    0x08001d04   0x08001d04   0x000000b0   Code   RO          792    .text.vTaskStartScheduler  tasks.o
    0x08001db4   0x08001db4   0x00000010   Code   RO          766    .text.vTaskSuspendAll  tasks.o
    0x08001dc4   0x08001dc4   0x000000ca   Code   RO          784    .text.vTaskSwitchContext  tasks.o
    0x08001e8e   0x08001e8e   0x00000002   PAD
    0x08001e90   0x08001e90   0x000000ba   Code   RO          606    .text.xPortStartScheduler  port.o
    0x08001f4a   0x08001f4a   0x00000002   PAD
    0x08001f4c   0x08001f4c   0x00000016   Code   RO          676    .text.xQueueCreateMutex  queue.o
    0x08001f62   0x08001f62   0x00000002   PAD
    0x08001f64   0x08001f64   0x00000022   Code   RO          680    .text.xQueueCreateMutexStatic  queue.o
    0x08001f86   0x08001f86   0x00000002   PAD
    0x08001f88   0x08001f88   0x0000005a   Code   RO          674    .text.xQueueGenericCreate  queue.o
    0x08001fe2   0x08001fe2   0x00000002   PAD
    0x08001fe4   0x08001fe4   0x0000006e   Code   RO          670    .text.xQueueGenericCreateStatic  queue.o
    0x08002052   0x08002052   0x00000002   PAD
    0x08002054   0x08002054   0x000000b2   Code   RO          668    .text.xQueueGenericReset  queue.o
    0x08002106   0x08002106   0x00000002   PAD
    0x08002108   0x08002108   0x000001a2   Code   RO          688    .text.xQueueGenericSend  queue.o
    0x080022aa   0x080022aa   0x00000002   PAD
    0x080022ac   0x080022ac   0x00000184   Code   RO          708    .text.xQueueReceive  queue.o
    0x08002430   0x08002430   0x000001aa   Code   RO          692    .text.xQueueSemaphoreTake  queue.o
    0x080025da   0x080025da   0x00000002   PAD
    0x080025dc   0x080025dc   0x0000008c   Code   RO          828    .text.xTaskCheckForTimeOut  tasks.o
    0x08002668   0x08002668   0x0000006c   Code   RO          756    .text.xTaskCreate   tasks.o
    0x080026d4   0x080026d4   0x0000009e   Code   RO          750    .text.xTaskCreateStatic  tasks.o
    0x08002772   0x08002772   0x00000002   PAD
    0x08002774   0x08002774   0x00000026   Code   RO          844    .text.xTaskGetSchedulerState  tasks.o
    0x0800279a   0x0800279a   0x00000002   PAD
    0x0800279c   0x0800279c   0x0000000c   Code   RO          800    .text.xTaskGetTickCount  tasks.o
    0x080027a8   0x080027a8   0x000001a6   Code   RO          798    .text.xTaskIncrementTick  tasks.o
    0x0800294e   0x0800294e   0x00000002   PAD
    0x08002950   0x08002950   0x000000a6   Code   RO          848    .text.xTaskPriorityDisinherit  tasks.o
    0x080029f6   0x080029f6   0x00000002   PAD
    0x080029f8   0x080029f8   0x000000a6   Code   RO          846    .text.xTaskPriorityInherit  tasks.o
    0x08002a9e   0x08002a9e   0x00000002   PAD
    0x08002aa0   0x08002aa0   0x000000ee   Code   RO          820    .text.xTaskRemoveFromEventList  tasks.o
    0x08002b8e   0x08002b8e   0x00000002   PAD
    0x08002b90   0x08002b90   0x0000016c   Code   RO          770    .text.xTaskResumeAll  tasks.o
    0x08002cfc   0x08002cfc   0x00000074   Code   RO          904    .text.xTimerCreateTimerTask  timers.o
    0x08002d70   0x08002d70   0x00000004   Data   RO          875    .rodata.uxTopUsedPriority  tasks.o
    0x08002d74   0x08002d74   0x00000020   Data   RO         1152    Region$$Table       anon$$obj.o


    Execution Region ER_RW (Exec base: 0x20000000, Load base: 0x08002d94, Size: 0x000000f0, Max: 0xffffffff, ABSOLUTE)

    Exec Addr    Load Addr    Size         Type   Attr      Idx    E Section Name        Object

    0x20000000   0x08002d94   0x00000002   Data   RW          142    .data.GlobalUSART1_s16RecievedFront  usart_program.o
    0x20000002   0x08002d96   0x00000002   Data   RW          143    .data.GlobalUSART1_s16RecievedRear  usart_program.o
    0x20000004   0x08002d98   0x00000002   Data   RW          144    .data.GlobalUSART2_s16RecievedFront  usart_program.o
    0x20000006   0x08002d9a   0x00000002   Data   RW          145    .data.GlobalUSART2_s16RecievedRear  usart_program.o
    0x20000008   0x08002d9c   0x00000002   Data   RW          146    .data.GlobalUSART3_s16RecievedFront  usart_program.o
    0x2000000a   0x08002d9e   0x00000002   Data   RW          147    .data.GlobalUSART3_s16RecievedRear  usart_program.o
    0x2000000c   0x08002da0   0x00000001   Data   RW          241    .data.Global_u8Direction  v2v-secondvehicle.o
    0x2000000d   0x08002da1   0x00000003   PAD
    0x20000010   0x08002da4   0x00000004   Data   RW          533    .data.SystemCoreClock  system_stm32f10x.o
    0x20000014   0x08002da8   0x0000000c   Data   RW          141    .data.USART         usart_program.o
    0x20000020   0x08002db4   0x000000ca   Data   RW          104    .data.gl_SPI_data_queue  spi.o
    0x200000ea   0x08002e7e   0x00000002   PAD
    0x200000ec   0x08002e80   0x00000004   Data   RW          626    .data.uxCriticalNesting  port.o


    Execution Region ER_ZI (Exec base: 0x200000f0, Load base: 0x08002e84, Size: 0x00004398, Max: 0xffffffff, ABSOLUTE)

    Exec Addr    Load Addr    Size         Type   Attr      Idx    E Section Name        Object

    0x200000f0        -       0x00000060   Zero   RW         1019    .bss                c_w.l(libspace.o)
    0x20000150        -       0x000005dc   Zero   RW          148    .bss.GlobalUSART1_u8RecievedValue  usart_program.o
    0x2000072c        -       0x000005dc   Zero   RW          149    .bss.GlobalUSART2_u8RecievedValue  usart_program.o
    0x20000d08        -       0x000005dc   Zero   RW          150    .bss.GlobalUSART3_u8RecievedValue  usart_program.o
    0x200012e4        -       0x00000190   Zero   RW          270    .bss.clib_mutex_cb  clib_arm.o
    0x20001474        -       0x00000014   Zero   RW          269    .bss.clib_mutex_id  clib_arm.o
    0x20001488        -       0x00000004   Zero   RW          103    .bss.gl_ptr_Function  spi.o
    0x2000148c        -       0x00000050   Zero   RW          970    .bss.prvCheckForValidListAndQueue.ucStaticTimerQueueStorage  timers.o
    0x200014dc        -       0x00000050   Zero   RW          969    .bss.prvCheckForValidListAndQueue.xStaticTimerQueue  timers.o
    0x2000152c        -       0x00000004   Zero   RW          966    .bss.prvSampleTimeNow.xLastTime  timers.o
    0x20001530        -       0x00000004   Zero   RW          874    .bss.pxCurrentTCB   tasks.o
    0x20001534        -       0x00000004   Zero   RW          964    .bss.pxCurrentTimerList  timers.o
    0x20001538        -       0x00000004   Zero   RW          883    .bss.pxDelayedTaskList  tasks.o
    0x2000153c        -       0x00000004   Zero   RW          653    .bss.pxEnd          heap_4.o
    0x20001540        -       0x00000004   Zero   RW          884    .bss.pxOverflowDelayedTaskList  tasks.o
    0x20001544        -       0x00000004   Zero   RW          965    .bss.pxOverflowTimerList  timers.o
    0x20001548        -       0x00000460   Zero   RW          886    .bss.pxReadyTasksLists  tasks.o
    0x200019a8        -       0x00002000   Zero   RW          659    .bss.ucHeap         heap_4.o
    0x200039a8        -       0x00000001   Zero   RW          624    .bss.ucMaxSysCallPriority  port.o
    0x200039a9   0x08002e84   0x00000003   PAD
    0x200039ac        -       0x00000004   Zero   RW          625    .bss.ulMaxPRIGROUPValue  port.o
    0x200039b0        -       0x00000004   Zero   RW          879    .bss.uxCurrentNumberOfTasks  tasks.o
    0x200039b4        -       0x00000004   Zero   RW          878    .bss.uxDeletedTasksWaitingCleanUp  tasks.o
    0x200039b8        -       0x00000004   Zero   RW          881    .bss.uxSchedulerSuspended  tasks.o
    0x200039bc        -       0x00000004   Zero   RW          876    .bss.uxTaskNumber   tasks.o
    0x200039c0        -       0x00000004   Zero   RW          887    .bss.uxTopReadyPriority  tasks.o
    0x200039c4        -       0x00000200   Zero   RW          476    .bss.vApplicationGetIdleTaskMemory.Idle_Stack  cmsis_os2.o
    0x20003bc4        -       0x0000005c   Zero   RW          475    .bss.vApplicationGetIdleTaskMemory.Idle_TCB  cmsis_os2.o
    0x20003c20        -       0x00000140   Zero   RW          478    .bss.vApplicationGetTimerTaskMemory.Timer_Stack  cmsis_os2.o
    0x20003d60        -       0x0000005c   Zero   RW          477    .bss.vApplicationGetTimerTaskMemory.Timer_TCB  cmsis_os2.o
    0x20003dbc        -       0x00000014   Zero   RW          967    .bss.xActiveTimerList1  timers.o
    0x20003dd0        -       0x00000014   Zero   RW          968    .bss.xActiveTimerList2  timers.o
    0x20003de4        -       0x00000014   Zero   RW          894    .bss.xDelayedTaskList1  tasks.o
    0x20003df8        -       0x00000014   Zero   RW          895    .bss.xDelayedTaskList2  tasks.o
    0x20003e0c        -       0x00000004   Zero   RW          654    .bss.xFreeBytesRemaining  heap_4.o
    0x20003e10        -       0x00000004   Zero   RW          890    .bss.xIdleTaskHandle  tasks.o
    0x20003e14        -       0x00000004   Zero   RW          656    .bss.xMinimumEverFreeBytesRemaining  heap_4.o
    0x20003e18        -       0x00000004   Zero   RW          891    .bss.xNextTaskUnblockTime  tasks.o
    0x20003e1c        -       0x00000004   Zero   RW          893    .bss.xNumOfOverflows  tasks.o
    0x20003e20        -       0x00000004   Zero   RW          657    .bss.xNumberOfSuccessfulAllocations  heap_4.o
    0x20003e24        -       0x00000004   Zero   RW          658    .bss.xNumberOfSuccessfulFrees  heap_4.o
    0x20003e28        -       0x00000004   Zero   RW          892    .bss.xPendedTicks   tasks.o
    0x20003e2c        -       0x00000014   Zero   RW          889    .bss.xPendingReadyList  tasks.o
    0x20003e40        -       0x00000004   Zero   RW          880    .bss.xSchedulerRunning  tasks.o
    0x20003e44        -       0x00000008   Zero   RW          655    .bss.xStart         heap_4.o
    0x20003e4c        -       0x00000014   Zero   RW          885    .bss.xSuspendedTaskList  tasks.o
    0x20003e60        -       0x00000014   Zero   RW          877    .bss.xTasksWaitingTermination  tasks.o
    0x20003e74        -       0x00000004   Zero   RW          882    .bss.xTickCount     tasks.o
    0x20003e78        -       0x00000004   Zero   RW          962    .bss.xTimerQueue    timers.o
    0x20003e7c        -       0x00000004   Zero   RW          963    .bss.xTimerTaskHandle  timers.o
    0x20003e80        -       0x00000004   Zero   RW          888    .bss.xYieldPending  tasks.o
    0x20003e84   0x08002e84   0x00000004   PAD
    0x20003e88        -       0x00000200   Zero   RW          516    HEAP                startup_stm32f10x_md.o
    0x20004088        -       0x00000400   Zero   RW          515    STACK               startup_stm32f10x_md.o


==============================================================================

Image component sizes


      Code (inc. data)   RO Data    RW Data    ZI Data      Debug   Object Name

        68          0          0          0          0       1934   ble.o
       232          0          0          0        420       3942   clib_arm.o
        96          0          0          0       1016      40622   cmsis_os2.o
       230          0          0          0          0       2588   dio_program.o
       598          0          0          0       8220       5115   heap_4.o
       122          0          0          0          0       2372   list.o
        50          0          0          0          0       3590   nvic_program.o
       618         12          0          4          5       3831   port.o
      2180          0          0          0          0      23206   queue.o
       472         36          0          0          0       3293   rcc_program.o
        88          0          0        202          4       3339   spi.o
        64         26        236          0       1536        844   startup_stm32f10x_md.o
       284          0          0          4          0       2883   system_stm32f10x.o
      3532          8          4          0       1280      33262   tasks.o
       956         18          0          0        220      14852   timers.o
       896          0          0         24       4500       5566   usart_program.o
        68          0          0          1          0       1041   v2v-secondvehicle.o

    ----------------------------------------------------------------------
     10708        100        272        240      17208     152280   Object Totals
         0          0         32          0          0          0   (incl. Generated)
       154          0          0          5          7          0   (incl. Padding)

    ----------------------------------------------------------------------

      Code (inc. data)   RO Data    RW Data    ZI Data      Debug   Library Member Name

         8          0          0          0          0         68   __main.o
         0          0          0          0          0          0   __rtentry.o
        20          0          0          0          0          0   __rtentry2.o
         6          0          0          0          0          0   __rtentry4.o
        52          8          0          0          0          0   __scatter.o
        26          0          0          0          0          0   __scatter_copy.o
        28          0          0          0          0          0   __scatter_zi.o
        16          0          0          0          0         68   aeabi_memset4.o
        18          0          0          0          0         80   exit.o
         6          0          0          0          0        152   heapauxi.o
         0          0          0          0          0          0   indicate_semi.o
         2          0          0          0          0          0   libinit.o
         2          0          0          0          0          0   libinit2.o
         2          0          0          0          0          0   libshutdown.o
         2          0          0          0          0          0   libshutdown2.o
         8          4          0          0         96         68   libspace.o
        68          0          0          0          0         68   rt_memclr.o
        78          0          0          0          0         80   rt_memclr_w.o
       138          0          0          0          0         68   rt_memcpy_v6.o
       100          0          0          0          0         80   rt_memcpy_w.o
         2          0          0          0          0          0   rtexit.o
        10          0          0          0          0          0   rtexit2.o
        12          4          0          0          0         68   sys_exit.o
        74          0          0          0          0         80   sys_stackheap_outer.o
         2          0          0          0          0         68   use_no_semi.o

    ----------------------------------------------------------------------
       688         16          0          0         96        948   Library Totals
         8          0          0          0          0          0   (incl. Padding)

    ----------------------------------------------------------------------

      Code (inc. data)   RO Data    RW Data    ZI Data      Debug   Library Name

       680         16          0          0         96        948   c_w.l

    ----------------------------------------------------------------------
       688         16          0          0         96        948   Library Totals

    ----------------------------------------------------------------------

==============================================================================


      Code (inc. data)   RO Data    RW Data    ZI Data      Debug   

     11396        116        272        240      17304     152560   Grand Totals
     11396        116        272        240      17304     152560   ELF Image Totals
     11396        116        272        240          0          0   ROM Totals

==============================================================================

    Total RO  Size (Code + RO Data)                11668 (  11.39kB)
    Total RW  Size (RW Data + ZI Data)             17544 (  17.13kB)
    Total ROM Size (Code + RO Data + RW Data)      11908 (  11.63kB)

==============================================================================

