<html>
<body>
<pre>
<h1>µVision Build Log</h1>
<h2>Tool Versions:</h2>
IDE-Version: µVision V5.36.0.0
Copyright (C) 2021 ARM Ltd and ARM Germany GmbH. All rights reserved.
License Information: beshoy soliman, benha university, LIC=----
 
Tool Versions:
Toolchain:       MDK-Lite  Version: 5.36.0.0
Toolchain Path:  C:\Keil_v5\ARM\ARMCLANG\Bin
C Compiler:      ArmClang.exe V6.16
Assembler:       Armasm.exe V6.16
Linker/Locator:  ArmLink.exe V6.16
Library Manager: ArmAr.exe V6.16
Hex Converter:   FromElf.exe V6.16
CPU DLL:         SARMCM3.DLL V5.36.0.0
Dialog DLL:      DCM.DLL V1.17.3.0
Target DLL:      STLink\ST-LINKIII-KEIL_SWO.dll V3.0.9.0
Dialog DLL:      TCM.DLL V1.53.0.0
 
<h2>Project:</h2>
D:\NTI\09 - Graduation Project\V2V-coreECU\V2V-networkECU\keil\Network_ECU.uvprojx
Project File Date:  12/09/2023

<h2>Output:</h2>
*** Using Compiler 'V6.16', folder: 'C:\Keil_v5\ARM\ARMCLANG\Bin'
Rebuild target 'Target 1'
compiling SPI.c...
compiling RCC_program.c...
compiling DIO_PROGRAM.c...
compiling V2V-networkECU.c...
compiling nrf24l01.c...
compiling main.c...
assembling startup_stm32f10x_md.s...
compiling system_stm32f10x.c...
../MCAL/CAN/Srcs/Can.c(1481): warning: while loop has empty body [-Wempty-body]
                while(CAN_REG->CAN_MSR.SLAK==SET);
                                                 ^
../MCAL/CAN/Srcs/Can.c(1481): note: put the semicolon on a separate line to silence this warning
../MCAL/CAN/Srcs/Can.c(1487): warning: while loop has empty body [-Wempty-body]
                while(CAN_REG->CAN_MSR.SLAK==SET);
                                                 ^
../MCAL/CAN/Srcs/Can.c(1487): note: put the semicolon on a separate line to silence this warning
../MCAL/CAN/Srcs/Can.c(1562): warning: while loop has empty body [-Wempty-body]
        while(CAN_REG->CAN_MSR.INAK==SET);
                                         ^
../MCAL/CAN/Srcs/Can.c(1562): note: put the semicolon on a separate line to silence this warning
3 warnings generated.
compiling Can.c...
linking...
Program Size: Code=9816 RO-data=284 RW-data=208 ZI-data=2128  
".\Objects\Network_ECU.axf" - 0 Error(s), 3 Warning(s).

<h2>Software Packages used:</h2>

Package Vendor: ARM
                http://www.keil.com/pack/ARM.CMSIS.5.9.0.pack
                ARM.CMSIS.5.9.0
                CMSIS (Common Microcontroller Software Interface Standard)
   * Component: CORE Version: 5.6.0

Package Vendor: Keil
                https://www.keil.com/pack/Keil.STM32F1xx_DFP.2.4.1.pack
                Keil.STM32F1xx_DFP.2.4.1
                STMicroelectronics STM32F1 Series Device Support, Drivers and Examples
   * Component: Startup Version: 1.0.0

<h2>Collection of Component include folders:</h2>
  .\RTE\Device\STM32F103C8
  .\RTE\_Target_1
  C:\Users\bishoy18126\AppData\Local\Arm\Packs\ARM\CMSIS\5.9.0\CMSIS\Core\Include
  C:\Users\bishoy18126\AppData\Local\Arm\Packs\Keil\STM32F1xx_DFP\2.4.1\Device\Include

<h2>Collection of Component Files used:</h2>

   * Component: ARM::CMSIS:CORE:5.6.0

   * Component: Keil::Device:Startup:1.0.0
      Source file:   Device\Source\ARM\startup_stm32f10x_md.s
      Source file:   Device\Source\system_stm32f10x.c
      Source file:   Device\Source\ARM\STM32F1xx_OPT.s
      Include file:  RTE_Driver\Config\RTE_Device.h
Build Time Elapsed:  00:00:01
</pre>
</body>
</html>
