<html>
<body>
<pre>
<h1>µVision Build Log</h1>
<h2>Tool Versions:</h2>
IDE-Version: µVision V5.38.0.0
Copyright (C) 2022 ARM Ltd and ARM Germany GmbH. All rights reserved.
License Information: Ahmed Wael, NIT, LIC=----
 
Tool Versions:
Toolchain:       MDK-Lite  Version: 5.38.0.0
Toolchain Path:  C:\Keil_v5\ARM\ARMCLANG\Bin
C Compiler:      ArmClang.exe V6.19
Assembler:       Armasm.exe V6.19
Linker/Locator:  ArmLink.exe V6.19
Library Manager: ArmAr.exe V6.19
Hex Converter:   FromElf.exe V6.19
CPU DLL:         SARMCM3.DLL V5.38.0.0
Dialog DLL:      DCM.DLL V1.17.5.0
Target DLL:      STLink\ST-LINKIII-KEIL_SWO.dll V3.1.0.0
Dialog DLL:      TCM.DLL V1.56.4.0
 
<h2>Project:</h2>
D:\NTI\06-FinalProject\V2V-coreECU\Keil\V2V_APP.uvprojx
Project File Date:  11/21/2023

<h2>Output:</h2>
*** Using Compiler 'V6.19', folder: 'C:\Keil_v5\ARM\ARMCLANG\Bin'
Build target 'Target 1'
Note: source file 'C:/Users/CAIRO/AppData/Local/Arm/Packs/ARM/CMSIS-FreeRTOS/10.5.1/Source/timers.c' - object file renamed from '.\Objects\timers.o' to '.\Objects\timers_1.o'.
main.c(2): warning: In file included from...
C:/Users/CAIRO/AppData/Local/Arm/Packs/ARM/CMSIS-FreeRTOS/10.5.1/Source/include\FreeRTOS.h(59): warning: In file included from...
./RTE/RTOS\FreeRTOSConfig.h(46): warning: In file included from...
C:/Users/CAIRO/AppData/Local/Arm/Packs/Keil/STM32F3xx_DFP/2.2.2/Drivers/CMSIS/Device/ST/STM32F3xx/Include\stm32f3xx.h(11): warning: invalid UTF-8 in comment [-Winvalid-utf8]
  *              - To use or not the peripheral<92>s drivers in application code(i.e. 
                                               ^
C:/Users/CAIRO/AppData/Local/Arm/Packs/Keil/STM32F3xx_DFP/2.2.2/Drivers/CMSIS/Device/ST/STM32F3xx/Include\stm32f3xx.h(12): warning: invalid UTF-8 in comment [-Winvalid-utf8]
  *                code will be based on direct access to peripheral<92>s registers 
                                                                    ^
main.c(7): warning: In file included from...
../OTHERS\common_macros.h(6): warning: 'SET_BIT' macro redefined [-Wmacro-redefined]
#define SET_BIT(Reg,Bit)                                        (Reg|=(1<<Bit))
        ^
C:/Users/CAIRO/AppData/Local/Arm/Packs/Keil/STM32F3xx_DFP/2.2.2/Drivers/CMSIS/Device/ST/STM32F3xx/Include\stm32f3xx.h(191): note: previous definition is here
#define SET_BIT(REG, BIT)     ((REG) |= (BIT))
        ^
main.c(15): warning: In file included from...
../MCAL/UART/Includes\UART_interface.h(171): warning: no newline at end of file [-Wnewline-eof]
#endif
      ^
main.c(24): warning: no previous extern declaration for non-static variable 'Global_u32Direction' [-Wmissing-variable-declarations]
u32 Global_u32Direction = 'F';
    ^
main.c(24): note: declare 'static' if the variable is not intended to be used outside of this translation unit
u32 Global_u32Direction = 'F';
^
main.c(39): warning: implicit conversion loses integer precision: 'int' to 'u8' (aka 'unsigned char') [-Wimplicit-int-conversion]
                        Speed =  Global_u16Distance + 10;
                              ~  ~~~~~~~~~~~~~~~~~~~^~~~
main.c(27): warning: unused parameter 'pvParameter' [-Wunused-parameter]
void Motor_SetDirectionT(void* pvParameter)
                               ^
main.c(27): warning: no previous prototype for function 'Motor_SetDirectionT' [-Wmissing-prototypes]
void Motor_SetDirectionT(void* pvParameter)
     ^
main.c(27): note: declare 'static' if the function is not intended to be used outside of this translation unit
void Motor_SetDirectionT(void* pvParameter)
^
static 
main.c(28): warning: function 'Motor_SetDirectionT' could be declared with attribute 'noreturn' [-Wmissing-noreturn]
{
^
main.c(68): warning: unused parameter 'pvparam' [-Wunused-parameter]
void BLE_GetDirectionT(void* pvparam)
                             ^
main.c(68): warning: no previous prototype for function 'BLE_GetDirectionT' [-Wmissing-prototypes]
void BLE_GetDirectionT(void* pvparam)
     ^
main.c(68): note: declare 'static' if the function is not intended to be used outside of this translation unit
void BLE_GetDirectionT(void* pvparam)
^
static 
main.c(69): warning: function 'BLE_GetDirectionT' could be declared with attribute 'noreturn' [-Wmissing-noreturn]
{
^
main.c(77): warning: unused parameter 'pvparam' [-Wunused-parameter]
void US_GetDistanceT(void* pvparam)
                           ^
main.c(77): warning: no previous prototype for function 'US_GetDistanceT' [-Wmissing-prototypes]
void US_GetDistanceT(void* pvparam)
     ^
main.c(77): note: declare 'static' if the function is not intended to be used outside of this translation unit
void US_GetDistanceT(void* pvparam)
^
static 
main.c(78): warning: function 'US_GetDistanceT' could be declared with attribute 'noreturn' [-Wmissing-noreturn]
{
^
main.c(124): warning: passing 'const signed char *' to parameter of type 'const char *' converts between pointers to integer types where one is of the unique plain 'char' type and the other is not [-Wpointer-sign]
        xTaskCreate(Motor_SetDirectionT,(const signed char*)"Motor_SetDirectionT",200,NULL,5,&SetDirectionH);
                                        ^~~~~~~~~~~~~~~~~~~~~~~~~~~~~~~~~~~~~~~~~
C:/Users/CAIRO/AppData/Local/Arm/Packs/ARM/CMSIS-FreeRTOS/10.5.1/Source/include\task.h(356): note: passing argument to parameter 'pcName' here
                            const char * const pcName, /*lint !e971 Unqualified char types are allowed for strings and single characters only. */
                                               ^
main.c(130): warning: passing 'const signed char *' to parameter of type 'const char *' converts between pointers to integer types where one is of the unique plain 'char' type and the other is not [-Wpointer-sign]
        xTaskCreate(US_GetDistanceT,(const signed char*)"US_GetDistanceT",200,NULL,7,&GetDistanceH);
                                    ^~~~~~~~~~~~~~~~~~~~~~~~~~~~~~~~~~~~~
C:/Users/CAIRO/AppData/Local/Arm/Packs/ARM/CMSIS-FreeRTOS/10.5.1/Source/include\task.h(356): note: passing argument to parameter 'pcName' here
                            const char * const pcName, /*lint !e971 Unqualified char types are allowed for strings and single characters only. */
                                               ^
main.c(129): warning: mixing declarations and code is incompatible with standards before C99 [-Wdeclaration-after-statement]
        xTaskHandle GetDistanceH;
                    ^
main.c(25): warning: no previous extern declaration for non-static variable 'Global_u16Distance' [-Wmissing-variable-declarations]
u16 Global_u16Distance;
    ^
main.c(25): note: declare 'static' if the variable is not intended to be used outside of this translation unit
u16 Global_u16Distance;
^
main.c(104): warning: no previous extern declaration for non-static variable 'SetDirectionH' [-Wmissing-variable-declarations]
        xTaskHandle SetDirectionH;
                    ^
main.c(104): note: declare 'static' if the variable is not intended to be used outside of this translation unit
        xTaskHandle SetDirectionH;
        ^
C:/Users/CAIRO/AppData/Local/Arm/Packs/ARM/CMSIS-FreeRTOS/10.5.1/Source/include\FreeRTOS.h(1067): note: expanded from macro 'xTaskHandle'
    #define xTaskHandle                   TaskHandle_t
                                          ^
20 warnings generated.
compiling main.c...
linking...
Program Size: Code=17820 RO-data=780 RW-data=68 ZI-data=12864  
".\Objects\V2V_APP.axf" - 0 Error(s), 20 Warning(s).

<h2>Software Packages used:</h2>

Package Vendor: ARM
                http://www.keil.com/pack/ARM.CMSIS.5.9.0.pack
                ARM.CMSIS.5.9.0
                CMSIS (Common Microcontroller Software Interface Standard)
   * Component: RTOS2 Version: 2.1.3
   * Component: CORE Version: 5.6.0

Package Vendor: ARM
                https://www.keil.com/pack/ARM.CMSIS-FreeRTOS.10.5.1.pack
                ARM.CMSIS-FreeRTOS.10.5.1
                Bundle of FreeRTOS for Cortex-M and Cortex-A
   * Component: Config Variant: CMSIS RTOS2 Version: 10.5.1
   * Component: Core Variant: Cortex-M Version: 10.5.1
   * Component: Event Groups Version: 10.5.1
   * Component: Heap Variant: Heap_4 Version: 10.5.1
   * Component: Timers Version: 10.5.1
   * Component: FreeRTOS Variant: Cortex-M Version: 10.5.1

Package Vendor: Keil
                http://www.keil.com/pack/Keil.STM32F3xx_DFP.2.2.2.pack
                Keil.STM32F3xx_DFP.2.2.2
                STMicroelectronics STM32F3 Series Device Support and Examples
   * Component: Startup Version: 1.11.3

<h2>Collection of Component include folders:</h2>
  ./RTE/RTOS
  ./RTE/_Target_1
  C:/Users/CAIRO/AppData/Local/Arm/Packs/ARM/CMSIS-FreeRTOS/10.5.1/CMSIS/RTOS2/FreeRTOS/Include
  C:/Users/CAIRO/AppData/Local/Arm/Packs/ARM/CMSIS-FreeRTOS/10.5.1/Source/include
  C:/Users/CAIRO/AppData/Local/Arm/Packs/ARM/CMSIS-FreeRTOS/10.5.1/Source/portable/GCC/ARM_CM4F
  C:/Users/CAIRO/AppData/Local/Arm/Packs/ARM/CMSIS/5.9.0/CMSIS/Core/Include
  C:/Users/CAIRO/AppData/Local/Arm/Packs/ARM/CMSIS/5.9.0/CMSIS/RTOS2/Include
  C:/Users/CAIRO/AppData/Local/Arm/Packs/Keil/STM32F3xx_DFP/2.2.2/Drivers/CMSIS/Device/ST/STM32F3xx/Include

<h2>Collection of Component Files used:</h2>

   * Component: ::CMSIS:RTOS2:2.1.3 (API)
      Include file:  CMSIS/RTOS2/Include/cmsis_os2.h

   * Component: ARM.FreeRTOS::RTOS:Config:CMSIS RTOS2:10.5.1
      Include file:  CMSIS/RTOS2/FreeRTOS/Config/ARMCM/FreeRTOSConfig.h

   * Component: ARM.FreeRTOS::RTOS:Core:Cortex-M:10.5.1
      Include file:  Source/include/FreeRTOS.h
      Include file:  Source/include/queue.h
      Include file:  Source/include/semphr.h
      Include file:  Source/include/task.h
      Source file:   Source/list.c
      Source file:   Source/queue.c
      Source file:   Source/tasks.c
      Source file:   Source/portable/GCC/ARM_CM4F/port.c
      Source file:   CMSIS/RTOS2/FreeRTOS/Source/freertos_evr.c

   * Component: ARM.FreeRTOS::RTOS:Event Groups:10.5.1
      Include file:  Source/include/event_groups.h
      Source file:   Source/event_groups.c

   * Component: ARM.FreeRTOS::RTOS:Heap:Heap_4:10.5.1
      Source file:   Source/portable/MemMang/heap_4.c

   * Component: ARM.FreeRTOS::RTOS:Timers:10.5.1
      Include file:  Source/include/timers.h
      Source file:   Source/timers.c

   * Component: ARM::CMSIS:CORE:5.6.0

   * Component: ARM::CMSIS:RTOS2:FreeRTOS:Cortex-M:10.5.1
      Include file:  CMSIS/RTOS2/FreeRTOS/Include/freertos_mpool.h
      Source file:   CMSIS/RTOS2/FreeRTOS/Source/cmsis_os2.c
      Source file:   CMSIS/RTOS2/FreeRTOS/Source/os_systick.c
      Source file:   CMSIS/RTOS2/FreeRTOS/Source/ARM/clib_arm.c

   * Component: Keil.Standalone::Device:Startup:1.11.3
      Source file:   Drivers/CMSIS/Device/ST/STM32F3xx/Source/Templates/arm/startup_stm32f303xe.s
      Source file:   Drivers/CMSIS/Device/ST/STM32F3xx/Source/Templates/system_stm32f3xx.c
      Source file:   MDK/Device/Source/ARM/STM32F3xx_OPT.s
      Include file:  Drivers/CMSIS/Device/ST/STM32F3xx/Include/stm32f3xx.h
Build Time Elapsed:  00:00:01
</pre>
</body>
</html>
