Archive member included to satisfy reference by file (symbol)

C:/ST/STM32CubeIDE_1.14.0/STM32CubeIDE/plugins/com.st.stm32cube.ide.mcu.externaltools.gnu-tools-for-stm32.11.3.rel1.win32_1.1.100.202309141235/tools/bin/../lib/gcc/arm-none-eabi/11.3.1/../../../../arm-none-eabi/lib/thumb/v7e-m+fp/hard\libc_nano.a(libc_a-exit.o)
                              C:/ST/STM32CubeIDE_1.14.0/STM32CubeIDE/plugins/com.st.stm32cube.ide.mcu.externaltools.gnu-tools-for-stm32.11.3.rel1.win32_1.1.100.202309141235/tools/bin/../lib/gcc/arm-none-eabi/11.3.1/../../../../arm-none-eabi/lib/thumb/v7e-m+fp/hard/crt0.o (exit)
C:/ST/STM32CubeIDE_1.14.0/STM32CubeIDE/plugins/com.st.stm32cube.ide.mcu.externaltools.gnu-tools-for-stm32.11.3.rel1.win32_1.1.100.202309141235/tools/bin/../lib/gcc/arm-none-eabi/11.3.1/../../../../arm-none-eabi/lib/thumb/v7e-m+fp/hard\libc_nano.a(libc_a-findfp.o)
                              C:/ST/STM32CubeIDE_1.14.0/STM32CubeIDE/plugins/com.st.stm32cube.ide.mcu.externaltools.gnu-tools-for-stm32.11.3.rel1.win32_1.1.100.202309141235/tools/bin/../lib/gcc/arm-none-eabi/11.3.1/../../../../arm-none-eabi/lib/thumb/v7e-m+fp/hard\libc_nano.a(libc_a-exit.o) (__stdio_exit_handler)
C:/ST/STM32CubeIDE_1.14.0/STM32CubeIDE/plugins/com.st.stm32cube.ide.mcu.externaltools.gnu-tools-for-stm32.11.3.rel1.win32_1.1.100.202309141235/tools/bin/../lib/gcc/arm-none-eabi/11.3.1/../../../../arm-none-eabi/lib/thumb/v7e-m+fp/hard\libc_nano.a(libc_a-fwalk.o)
                              C:/ST/STM32CubeIDE_1.14.0/STM32CubeIDE/plugins/com.st.stm32cube.ide.mcu.externaltools.gnu-tools-for-stm32.11.3.rel1.win32_1.1.100.202309141235/tools/bin/../lib/gcc/arm-none-eabi/11.3.1/../../../../arm-none-eabi/lib/thumb/v7e-m+fp/hard\libc_nano.a(libc_a-findfp.o) (_fwalk_sglue)
C:/ST/STM32CubeIDE_1.14.0/STM32CubeIDE/plugins/com.st.stm32cube.ide.mcu.externaltools.gnu-tools-for-stm32.11.3.rel1.win32_1.1.100.202309141235/tools/bin/../lib/gcc/arm-none-eabi/11.3.1/../../../../arm-none-eabi/lib/thumb/v7e-m+fp/hard\libc_nano.a(libc_a-stdio.o)
                              C:/ST/STM32CubeIDE_1.14.0/STM32CubeIDE/plugins/com.st.stm32cube.ide.mcu.externaltools.gnu-tools-for-stm32.11.3.rel1.win32_1.1.100.202309141235/tools/bin/../lib/gcc/arm-none-eabi/11.3.1/../../../../arm-none-eabi/lib/thumb/v7e-m+fp/hard\libc_nano.a(libc_a-findfp.o) (__sread)
C:/ST/STM32CubeIDE_1.14.0/STM32CubeIDE/plugins/com.st.stm32cube.ide.mcu.externaltools.gnu-tools-for-stm32.11.3.rel1.win32_1.1.100.202309141235/tools/bin/../lib/gcc/arm-none-eabi/11.3.1/../../../../arm-none-eabi/lib/thumb/v7e-m+fp/hard\libc_nano.a(libc_a-memset.o)
                              C:/ST/STM32CubeIDE_1.14.0/STM32CubeIDE/plugins/com.st.stm32cube.ide.mcu.externaltools.gnu-tools-for-stm32.11.3.rel1.win32_1.1.100.202309141235/tools/bin/../lib/gcc/arm-none-eabi/11.3.1/../../../../arm-none-eabi/lib/thumb/v7e-m+fp/hard/crt0.o (memset)
C:/ST/STM32CubeIDE_1.14.0/STM32CubeIDE/plugins/com.st.stm32cube.ide.mcu.externaltools.gnu-tools-for-stm32.11.3.rel1.win32_1.1.100.202309141235/tools/bin/../lib/gcc/arm-none-eabi/11.3.1/../../../../arm-none-eabi/lib/thumb/v7e-m+fp/hard\libc_nano.a(libc_a-closer.o)
                              C:/ST/STM32CubeIDE_1.14.0/STM32CubeIDE/plugins/com.st.stm32cube.ide.mcu.externaltools.gnu-tools-for-stm32.11.3.rel1.win32_1.1.100.202309141235/tools/bin/../lib/gcc/arm-none-eabi/11.3.1/../../../../arm-none-eabi/lib/thumb/v7e-m+fp/hard\libc_nano.a(libc_a-stdio.o) (_close_r)
C:/ST/STM32CubeIDE_1.14.0/STM32CubeIDE/plugins/com.st.stm32cube.ide.mcu.externaltools.gnu-tools-for-stm32.11.3.rel1.win32_1.1.100.202309141235/tools/bin/../lib/gcc/arm-none-eabi/11.3.1/../../../../arm-none-eabi/lib/thumb/v7e-m+fp/hard\libc_nano.a(libc_a-reent.o)
                              C:/ST/STM32CubeIDE_1.14.0/STM32CubeIDE/plugins/com.st.stm32cube.ide.mcu.externaltools.gnu-tools-for-stm32.11.3.rel1.win32_1.1.100.202309141235/tools/bin/../lib/gcc/arm-none-eabi/11.3.1/../../../../arm-none-eabi/lib/thumb/v7e-m+fp/hard\libc_nano.a(libc_a-closer.o) (errno)
C:/ST/STM32CubeIDE_1.14.0/STM32CubeIDE/plugins/com.st.stm32cube.ide.mcu.externaltools.gnu-tools-for-stm32.11.3.rel1.win32_1.1.100.202309141235/tools/bin/../lib/gcc/arm-none-eabi/11.3.1/../../../../arm-none-eabi/lib/thumb/v7e-m+fp/hard\libc_nano.a(libc_a-impure.o)
                              C:/ST/STM32CubeIDE_1.14.0/STM32CubeIDE/plugins/com.st.stm32cube.ide.mcu.externaltools.gnu-tools-for-stm32.11.3.rel1.win32_1.1.100.202309141235/tools/bin/../lib/gcc/arm-none-eabi/11.3.1/../../../../arm-none-eabi/lib/thumb/v7e-m+fp/hard\libc_nano.a(libc_a-reent.o) (_impure_ptr)
C:/ST/STM32CubeIDE_1.14.0/STM32CubeIDE/plugins/com.st.stm32cube.ide.mcu.externaltools.gnu-tools-for-stm32.11.3.rel1.win32_1.1.100.202309141235/tools/bin/../lib/gcc/arm-none-eabi/11.3.1/../../../../arm-none-eabi/lib/thumb/v7e-m+fp/hard\libc_nano.a(libc_a-lseekr.o)
[...]
Memory Configuration

Name             Origin             Length             Attributes
CCMRAM           0x0000000010000000 0x0000000000004000 xrw
RAM              0x0000000020000000 0x0000000000010000 xrw
FLASH            0x0000000008000000 0x0000000000001800 xr
*default*        0x0000000000000000 0xffffffffffffffff

Linker script and memory map

LOAD C:/ST/STM32CubeIDE_1.14.0/STM32CubeIDE/plugins/com.st.stm32cube.ide.mcu.externaltools.gnu-tools-for-stm32.11.3.rel1.win32_1.1.100.202309141235/tools/bin/../lib/gcc/arm-none-eabi/11.3.1/thumb/v7e-m+fp/hard/crti.o
LOAD C:/ST/STM32CubeIDE_1.14.0/STM32CubeIDE/plugins/com.st.stm32cube.ide.mcu.externaltools.gnu-tools-for-stm32.11.3.rel1.win32_1.1.100.202309141235/tools/bin/../lib/gcc/arm-none-eabi/11.3.1/thumb/v7e-m+fp/hard/crtbegin.o
LOAD C:/ST/STM32CubeIDE_1.14.0/STM32CubeIDE/plugins/com.st.stm32cube.ide.mcu.externaltools.gnu-tools-for-stm32.11.3.rel1.win32_1.1.100.202309141235/tools/bin/../lib/gcc/arm-none-eabi/11.3.1/../../../../arm-none-eabi/lib/thumb/v7e-m+fp/hard/crt0.o
LOAD ./APP/Parse.o
LOAD ./APP/main.o
LOAD ./MCAL/FPEC/SOURCE/FPEC_program.o
LOAD ./MCAL/GPIO/SOURCE/gpio.o
LOAD ./MCAL/NVIC/SOURCE/NVIC.o
LOAD ./MCAL/RCC/SOURCE/RCC.o
LOAD ./MCAL/SYSTICK/SOURCE/STK_program.o
LOAD ./MCAL/USART/SOURCE/USART.o
LOAD ./Startup/startup_stm32f303retx.o
START GROUP
LOAD C:/ST/STM32CubeIDE_1.14.0/STM32CubeIDE/plugins/com.st.stm32cube.ide.mcu.externaltools.gnu-tools-for-stm32.11.3.rel1.win32_1.1.100.202309141235/tools/bin/../lib/gcc/arm-none-eabi/11.3.1/../../../../arm-none-eabi/lib/thumb/v7e-m+fp/hard\libc_nano.a
LOAD C:/ST/STM32CubeIDE_1.14.0/STM32CubeIDE/plugins/com.st.stm32cube.ide.mcu.externaltools.gnu-tools-for-stm32.11.3.rel1.win32_1.1.100.202309141235/tools/bin/../lib/gcc/arm-none-eabi/11.3.1/../../../../arm-none-eabi/lib/thumb/v7e-m+fp/hard\libm.a
END GROUP
START GROUP
LOAD C:/ST/STM32CubeIDE_1.14.0/STM32CubeIDE/plugins/com.st.stm32cube.ide.mcu.externaltools.gnu-tools-for-stm32.11.3.rel1.win32_1.1.100.202309141235/tools/bin/../lib/gcc/arm-none-eabi/11.3.1/thumb/v7e-m+fp/hard\libgcc.a
LOAD C:/ST/STM32CubeIDE_1.14.0/STM32CubeIDE/plugins/com.st.stm32cube.ide.mcu.externaltools.gnu-tools-for-stm32.11.3.rel1.win32_1.1.100.202309141235/tools/bin/../lib/gcc/arm-none-eabi/11.3.1/../../../../arm-none-eabi/lib/thumb/v7e-m+fp/hard\libc_nano.a
END GROUP
START GROUP
LOAD C:/ST/STM32CubeIDE_1.14.0/STM32CubeIDE/plugins/com.st.stm32cube.ide.mcu.externaltools.gnu-tools-for-stm32.11.3.rel1.win32_1.1.100.202309141235/tools/bin/../lib/gcc/arm-none-eabi/11.3.1/thumb/v7e-m+fp/hard\libgcc.a
LOAD C:/ST/STM32CubeIDE_1.14.0/STM32CubeIDE/plugins/com.st.stm32cube.ide.mcu.externaltools.gnu-tools-for-stm32.11.3.rel1.win32_1.1.100.202309141235/tools/bin/../lib/gcc/arm-none-eabi/11.3.1/../../../../arm-none-eabi/lib/thumb/v7e-m+fp/hard\libc_nano.a
LOAD C:/ST/STM32CubeIDE_1.14.0/STM32CubeIDE/plugins/com.st.stm32cube.ide.mcu.externaltools.gnu-tools-for-stm32.11.3.rel1.win32_1.1.100.202309141235/tools/bin/../lib/gcc/arm-none-eabi/11.3.1/../../../../arm-none-eabi/lib/thumb/v7e-m+fp/hard\libnosys.a
END GROUP
START GROUP
LOAD C:/ST/STM32CubeIDE_1.14.0/STM32CubeIDE/plugins/com.st.stm32cube.ide.mcu.externaltools.gnu-tools-for-stm32.11.3.rel1.win32_1.1.100.202309141235/tools/bin/../lib/gcc/arm-none-eabi/11.3.1/thumb/v7e-m+fp/hard\libgcc.a
LOAD C:/ST/STM32CubeIDE_1.14.0/STM32CubeIDE/plugins/com.st.stm32cube.ide.mcu.externaltools.gnu-tools-for-stm32.11.3.rel1.win32_1.1.100.202309141235/tools/bin/../lib/gcc/arm-none-eabi/11.3.1/../../../../arm-none-eabi/lib/thumb/v7e-m+fp/hard\libc_nano.a
LOAD C:/ST/STM32CubeIDE_1.14.0/STM32CubeIDE/plugins/com.st.stm32cube.ide.mcu.externaltools.gnu-tools-for-stm32.11.3.rel1.win32_1.1.100.202309141235/tools/bin/../lib/gcc/arm-none-eabi/11.3.1/../../../../arm-none-eabi/lib/thumb/v7e-m+fp/hard\libnosys.a
END GROUP
LOAD C:/ST/STM32CubeIDE_1.14.0/STM32CubeIDE/plugins/com.st.stm32cube.ide.mcu.externaltools.gnu-tools-for-stm32.11.3.rel1.win32_1.1.100.202309141235/tools/bin/../lib/gcc/arm-none-eabi/11.3.1/thumb/v7e-m+fp/hard/crtend.o
LOAD C:/ST/STM32CubeIDE_1.14.0/STM32CubeIDE/plugins/com.st.stm32cube.ide.mcu.externaltools.gnu-tools-for-stm32.11.3.rel1.win32_1.1.100.202309141235/tools/bin/../lib/gcc/arm-none-eabi/11.3.1/thumb/v7e-m+fp/hard/crtn.o
                0x0000000020010000                _estack = (ORIGIN (RAM) + LENGTH (RAM))
                0x0000000000000200                _Min_Heap_Size = 0x200
                0x0000000000000400                _Min_Stack_Size = 0x400

.isr_vector     0x0000000008000000      0x194
                0x0000000008000000                . = ALIGN (0x4)
 *(.isr_vector)
 .isr_vector    0x0000000008000000      0x194 ./Startup/startup_stm32f303retx.o
                0x0000000008000000                g_pfnVectors
                0x0000000008000194                . = ALIGN (0x4)

.text           0x0000000008000194     0x1058
                0x0000000008000194                . = ALIGN (0x4)
 *(.text)
 .text          0x0000000008000194       0x40 C:/ST/STM32CubeIDE_1.14.0/STM32CubeIDE/plugins/com.st.stm32cube.ide.mcu.externaltools.gnu-tools-for-stm32.11.3.rel1.win32_1.1.100.202309141235/tools/bin/../lib/gcc/arm-none-eabi/11.3.1/thumb/v7e-m+fp/hard/crtbegin.o
 *(.text*)
 .text.AsciToHex
                0x00000000080001d4       0x32 ./APP/Parse.o
                0x00000000080001d4                AsciToHex
 *fill*         0x0000000008000206        0x2 
 .text.ParseData
                0x0000000008000208      0x16c ./APP/Parse.o
                0x0000000008000208                ParseData
 .text.ParseUpperAddress
                0x0000000008000374       0x14 ./APP/Parse.o
                0x0000000008000374                ParseUpperAddress
 .text.Parser_voidParseRecord
                0x0000000008000388       0x30 ./APP/Parse.o
                0x0000000008000388                Parser_voidParseRecord
 .text.BL_jumpFunc
                0x00000000080003b8       0x2c ./APP/main.o
                0x00000000080003b8                BL_jumpFunc
 .text.BL_eraseReceiveBuffer
                0x00000000080003e4       0x40 ./APP/main.o
                0x00000000080003e4                BL_eraseReceiveBuffer
 .text.BL_initSystem
                0x0000000008000424       0xb0 ./APP/main.o
                0x0000000008000424                BL_initSystem
 .text.main     0x00000000080004d4       0xb8 ./APP/main.o
                0x00000000080004d4                main
 .text.FPEC_voidEraseAppArea
                0x000000000800058c       0x2a ./MCAL/FPEC/SOURCE/FPEC_program.o
                0x000000000800058c                FPEC_voidEraseAppArea
 *fill*         0x00000000080005b6        0x2 
 .text.FPEC_voidFlashPageErase
                0x00000000080005b8       0x94 ./MCAL/FPEC/SOURCE/FPEC_program.o
                0x00000000080005b8                FPEC_voidFlashPageErase
 .text.FPEC_voidFlashWrite
                0x000000000800064c       0xb8 ./MCAL/FPEC/SOURCE/FPEC_program.o
                0x000000000800064c                FPEC_voidFlashWrite
 .text.GPIO_configurePin
                0x0000000008000704      0x204 ./MCAL/GPIO/SOURCE/gpio.o
                0x0000000008000704                GPIO_configurePin
 .text.GPIO_writePin
                0x0000000008000908       0xa8 ./MCAL/GPIO/SOURCE/gpio.o
                0x0000000008000908                GPIO_writePin
 .text.GPIO_setPinFuction
                0x00000000080009b0       0xec ./MCAL/GPIO/SOURCE/gpio.o
                0x00000000080009b0                GPIO_setPinFuction
 .text.RCC_voidInitSYSCLK
                0x0000000008000a9c       0x54 ./MCAL/RCC/SOURCE/RCC.o
                0x0000000008000a9c                RCC_voidInitSYSCLK
 .text.RCC_voidEnablePeripheral
                0x0000000008000af0       0x78 ./MCAL/RCC/SOURCE/RCC.o
                0x0000000008000af0                RCC_voidEnablePeripheral
 .text.MSTK_voidInit
                0x0000000008000b68       0x18 ./MCAL/SYSTICK/SOURCE/STK_program.o
                0x0000000008000b68                MSTK_voidInit
 .text.MSTK_voidSetIntervalSingle
                0x0000000008000b80       0x64 ./MCAL/SYSTICK/SOURCE/STK_program.o
                0x0000000008000b80                MSTK_voidSetIntervalSingle
 .text.MSTK_voidStopInterval
                0x0000000008000be4       0x38 ./MCAL/SYSTICK/SOURCE/STK_program.o
                0x0000000008000be4                MSTK_voidStopInterval
 .text.SysTick_Handler
                0x0000000008000c1c       0x5c ./MCAL/SYSTICK/SOURCE/STK_program.o
                0x0000000008000c1c                SysTick_Handler
 .text.MUSART_voidInit
                0x0000000008000c78      0x3e0 ./MCAL/USART/SOURCE/USART.o
                0x0000000008000c78                MUSART_voidInit
 .text.MUSART1_VidSendCharSync
                0x0000000008001058       0x5c ./MCAL/USART/SOURCE/USART.o
                0x0000000008001058                MUSART1_VidSendCharSync
 .text.MUSART1_VidSendStringSynch
                0x00000000080010b4       0x40 ./MCAL/USART/SOURCE/USART.o
                0x00000000080010b4                MUSART1_VidSendStringSynch
 .text.MUSART1_u8RecCharSynch
                0x00000000080010f4       0x44 ./MCAL/USART/SOURCE/USART.o
                0x00000000080010f4                MUSART1_u8RecCharSynch
 .text.Reset_Handler
                0x0000000008001138       0x50 ./Startup/startup_stm32f303retx.o
                0x0000000008001138                Reset_Handler
 .text.Default_Handler
                0x0000000008001188        0x2 ./Startup/startup_stm32f303retx.o
                0x0000000008001188                TIM8_TRG_COM_IRQHandler
                0x0000000008001188                TIM8_CC_IRQHandler
                0x0000000008001188                DebugMon_Handler
                0x0000000008001188                DMA1_CH4_IRQHandler
                0x0000000008001188                SPI4_IRQHandler
                0x0000000008001188                TIM1_CC_IRQHandler
                0x0000000008001188                HardFault_Handler
                0x0000000008001188                USB_HP_IRQHandler
                0x0000000008001188                I2C2_EV_EXTI24_IRQHandler
                0x0000000008001188                USB_WKUP_EXTI_IRQHandler
                0x0000000008001188                PVD_IRQHandler
                0x0000000008001188                UART4_EXTI34_IRQHandler
                0x0000000008001188                TAMP_STAMP_IRQHandler
                0x0000000008001188                PendSV_Handler
                0x0000000008001188                NMI_Handler
                0x0000000008001188                EXTI3_IRQHandler
                0x0000000008001188                I2C3_ER_IRQHandler
                0x0000000008001188                TIM6_DACUNDER_IRQHandler
                0x0000000008001188                USB_HP_CAN_TX_IRQHandler
                0x0000000008001188                EXTI0_IRQHandler
                0x0000000008001188                DMA2_CH1_IRQHandler
                0x0000000008001188                TIM1_UP_TIM16_IRQHandler
                0x0000000008001188                UsageFault_Handler
                0x0000000008001188                ADC1_2_IRQHandler
                0x0000000008001188                SPI1_IRQHandler
                0x0000000008001188                CAN_SCE_IRQHandler
                0x0000000008001188                DMA1_CH7_IRQHandler
                0x0000000008001188                TIM8_UP_IRQHandler
                0x0000000008001188                COMP456_IRQHandler
                0x0000000008001188                DMA1_CH6_IRQHandler
                0x0000000008001188                TIM20_TRG_COM_IRQHandler
                0x0000000008001188                ADC3_IRQHandler
                0x0000000008001188                TIM4_IRQHandler
                0x0000000008001188                CAN_RX1_IRQHandler
                0x0000000008001188                USART1_EXTI25_IRQHandler
                0x0000000008001188                DMA2_CH5_IRQHandler
                0x0000000008001188                I2C1_EV_EXTI23_IRQHandler
                0x0000000008001188                DMA1_CH3_IRQHandler
                0x0000000008001188                TIM3_IRQHandler
                0x0000000008001188                RCC_IRQHandler
                0x0000000008001188                TIM20_UP_IRQHandler
                0x0000000008001188                Default_Handler
                0x0000000008001188                EXTI15_10_IRQHandler
                0x0000000008001188                USART2_EXTI26_IRQHandler
                0x0000000008001188                USART3_EXTI28_IRQHandler
                0x0000000008001188                TIM7_IRQHandler
                0x0000000008001188                I2C3_EV_IRQHandler
                0x0000000008001188                EXTI9_5_IRQHandler
                0x0000000008001188                DMA1_CH2_IRQHandler
                0x0000000008001188                RTC_WKUP_IRQHandler
                0x0000000008001188                SPI2_IRQHandler
                0x0000000008001188                DMA1_CH1_IRQHandler
                0x0000000008001188                USB_LP_CAN_RX0_IRQHandler
                0x0000000008001188                MemManage_Handler
                0x0000000008001188                COMP123_IRQHandler
                0x0000000008001188                SVC_Handler
                0x0000000008001188                USB_LP_IRQHandler
                0x0000000008001188                EXTI4_IRQHandler
                0x0000000008001188                TIM1_TRG_COM_TIM17_IRQHandler
                0x0000000008001188                ADC4_IRQHandler
                0x0000000008001188                WWDG_IRQHandler
                0x0000000008001188                TIM2_IRQHandler
                0x0000000008001188                COMP7_IRQHandler
                0x0000000008001188                EXTI1_IRQHandler
                0x0000000008001188                RTCAlarm_IRQHandler
                0x0000000008001188                UART5_EXTI35_IRQHandler
                0x0000000008001188                TIM20_BRK_IRQHandler
                0x0000000008001188                I2C2_ER_IRQHandler
                0x0000000008001188                TIM8_BRK_IRQHandler
                0x0000000008001188                FLASH_IRQHandler
                0x0000000008001188                TIM20_CC_IRQHandler
                0x0000000008001188                BusFault_Handler
                0x0000000008001188                SPI3_IRQHandler
                0x0000000008001188                DMA2_CH3_IRQHandler
                0x0000000008001188                DMA2_CH2_IRQHandler
                0x0000000008001188                I2C1_ER_IRQHandler
                0x0000000008001188                FMC_IRQHandler
                0x0000000008001188                DMA1_CH5_IRQHandler
                0x0000000008001188                DMA2_CH4_IRQHandler
                0x0000000008001188                USB_WKUP_IRQHandler
                0x0000000008001188                EXTI2_TSC_IRQHandler
                0x0000000008001188                TIM1_BRK_TIM15_IRQHandler
 *fill*         0x000000000800118a        0x2 
 .text.__libc_init_array
                0x000000000800118c       0x48 C:/ST/STM32CubeIDE_1.14.0/STM32CubeIDE/plugins/com.st.stm32cube.ide.mcu.externaltools.gnu-tools-for-stm32.11.3.rel1.win32_1.1.100.202309141235/tools/bin/../lib/gcc/arm-none-eabi/11.3.1/../../../../arm-none-eabi/lib/thumb/v7e-m+fp/hard\libc_nano.a(libc_a-init.o)
                0x000000000800118c                __libc_init_array
 *(.glue_7)
 .glue_7        0x00000000080011d4        0x0 linker stubs
 *(.glue_7t)
 .glue_7t       0x00000000080011d4        0x0 linker stubs
 *(.eh_frame)
 .eh_frame      0x00000000080011d4        0x0 C:/ST/STM32CubeIDE_1.14.0/STM32CubeIDE/plugins/com.st.stm32cube.ide.mcu.externaltools.gnu-tools-for-stm32.11.3.rel1.win32_1.1.100.202309141235/tools/bin/../lib/gcc/arm-none-eabi/11.3.1/thumb/v7e-m+fp/hard/crtbegin.o
 *(.init)
 .init          0x00000000080011d4        0x4 C:/ST/STM32CubeIDE_1.14.0/STM32CubeIDE/plugins/com.st.stm32cube.ide.mcu.externaltools.gnu-tools-for-stm32.11.3.rel1.win32_1.1.100.202309141235/tools/bin/../lib/gcc/arm-none-eabi/11.3.1/thumb/v7e-m+fp/hard/crti.o
                0x00000000080011d4                _init
 .init          0x00000000080011d8        0x8 C:/ST/STM32CubeIDE_1.14.0/STM32CubeIDE/plugins/com.st.stm32cube.ide.mcu.externaltools.gnu-tools-for-stm32.11.3.rel1.win32_1.1.100.202309141235/tools/bin/../lib/gcc/arm-none-eabi/11.3.1/thumb/v7e-m+fp/hard/crtn.o
 *(.fini)
 .fini          0x00000000080011e0        0x4 C:/ST/STM32CubeIDE_1.14.0/STM32CubeIDE/plugins/com.st.stm32cube.ide.mcu.externaltools.gnu-tools-for-stm32.11.3.rel1.win32_1.1.100.202309141235/tools/bin/../lib/gcc/arm-none-eabi/11.3.1/thumb/v7e-m+fp/hard/crti.o
                0x00000000080011e0                _fini
 .fini          0x00000000080011e4        0x8 C:/ST/STM32CubeIDE_1.14.0/STM32CubeIDE/plugins/com.st.stm32cube.ide.mcu.externaltools.gnu-tools-for-stm32.11.3.rel1.win32_1.1.100.202309141235/tools/bin/../lib/gcc/arm-none-eabi/11.3.1/thumb/v7e-m+fp/hard/crtn.o
                0x00000000080011ec                . = ALIGN (0x4)
                0x00000000080011ec                _etext = .

.vfp11_veneer   0x00000000080011ec        0x0
 .vfp11_veneer  0x00000000080011ec        0x0 linker stubs

.v4_bx          0x00000000080011ec        0x0
 .v4_bx         0x00000000080011ec        0x0 linker stubs

.iplt           0x00000000080011ec        0x0
 .iplt          0x00000000080011ec        0x0 C:/ST/STM32CubeIDE_1.14.0/STM32CubeIDE/plugins/com.st.stm32cube.ide.mcu.externaltools.gnu-tools-for-stm32.11.3.rel1.win32_1.1.100.202309141235/tools/bin/../lib/gcc/arm-none-eabi/11.3.1/thumb/v7e-m+fp/hard/crtbegin.o

.rodata         0x00000000080011ec       0xbc
                0x00000000080011ec                . = ALIGN (0x4)
 *(.rodata)
 .rodata        0x00000000080011ec       0x1b ./APP/main.o
 *fill*         0x0000000008001207        0x1 
 .rodata        0x0000000008001208       0xa0 ./MCAL/GPIO/SOURCE/gpio.o
 *(.rodata*)
                0x00000000080012a8                . = ALIGN (0x4)

.rel.dyn        0x00000000080012a8        0x0
 .rel.iplt      0x00000000080012a8        0x0 C:/ST/STM32CubeIDE_1.14.0/STM32CubeIDE/plugins/com.st.stm32cube.ide.mcu.externaltools.gnu-tools-for-stm32.11.3.rel1.win32_1.1.100.202309141235/tools/bin/../lib/gcc/arm-none-eabi/11.3.1/thumb/v7e-m+fp/hard/crtbegin.o

.ARM.extab      0x00000000080012a8        0x0
                0x00000000080012a8                . = ALIGN (0x4)
 *(.ARM.extab* .gnu.linkonce.armextab.*)
                0x00000000080012a8                . = ALIGN (0x4)

.ARM            0x00000000080012a8        0x0
                0x00000000080012a8                . = ALIGN (0x4)
                0x00000000080012a8                __exidx_start = .
 *(.ARM.exidx*)
                0x00000000080012a8                __exidx_end = .
                0x00000000080012a8                . = ALIGN (0x4)

.preinit_array  0x00000000080012a8        0x0
                0x00000000080012a8                . = ALIGN (0x4)
                0x00000000080012a8                PROVIDE (__preinit_array_start = .)
 *(.preinit_array*)
                0x00000000080012a8                PROVIDE (__preinit_array_end = .)
                0x00000000080012a8                . = ALIGN (0x4)

.init_array     0x00000000080012a8        0x4
                0x00000000080012a8                . = ALIGN (0x4)
                0x00000000080012a8                PROVIDE (__init_array_start = .)
 *(SORT_BY_NAME(.init_array.*))
 *(.init_array*)
 .init_array    0x00000000080012a8        0x4 C:/ST/STM32CubeIDE_1.14.0/STM32CubeIDE/plugins/com.st.stm32cube.ide.mcu.externaltools.gnu-tools-for-stm32.11.3.rel1.win32_1.1.100.202309141235/tools/bin/../lib/gcc/arm-none-eabi/11.3.1/thumb/v7e-m+fp/hard/crtbegin.o
                0x00000000080012ac                PROVIDE (__init_array_end = .)
                0x00000000080012ac                . = ALIGN (0x4)

.fini_array     0x00000000080012ac        0x4
                0x00000000080012ac                . = ALIGN (0x4)
                [!provide]                        PROVIDE (__fini_array_start = .)
 *(SORT_BY_NAME(.fini_array.*))
 *(.fini_array*)
 .fini_array    0x00000000080012ac        0x4 C:/ST/STM32CubeIDE_1.14.0/STM32CubeIDE/plugins/com.st.stm32cube.ide.mcu.externaltools.gnu-tools-for-stm32.11.3.rel1.win32_1.1.100.202309141235/tools/bin/../lib/gcc/arm-none-eabi/11.3.1/thumb/v7e-m+fp/hard/crtbegin.o
                [!provide]                        PROVIDE (__fini_array_end = .)
                0x00000000080012b0                . = ALIGN (0x4)
                0x00000000080012b0                _sidata = LOADADDR (.data)

.data           0x0000000020000000       0x14 load address 0x00000000080012b0
                0x0000000020000000                . = ALIGN (0x4)
                0x0000000020000000                _sdata = .
 *(.data)
 *(.data*)
 .data.Address  0x0000000020000000        0x4 ./APP/Parse.o
                0x0000000020000000                Address
 .data.u8BLWriteReq
                0x0000000020000004        0x1 ./APP/main.o
                0x0000000020000004                u8BLWriteReq
 *fill*         0x0000000020000005        0x3 
 .data.arr_Bases
                0x0000000020000008        0xc ./MCAL/USART/SOURCE/USART.o
                0x0000000020000008                arr_Bases
 *(.RamFunc)
 *(.RamFunc*)
                0x0000000020000014                . = ALIGN (0x4)
                0x0000000020000014                _edata = .
                0x00000000080012c4                _siccmram = LOADADDR (.ccmram)

.igot.plt       0x0000000020000014        0x0 load address 0x00000000080012c4
 .igot.plt      0x0000000020000014        0x0 C:/ST/STM32CubeIDE_1.14.0/STM32CubeIDE/plugins/com.st.stm32cube.ide.mcu.externaltools.gnu-tools-for-stm32.11.3.rel1.win32_1.1.100.202309141235/tools/bin/../lib/gcc/arm-none-eabi/11.3.1/thumb/v7e-m+fp/hard/crtbegin.o

.ccmram         0x0000000010000000        0x0 load address 0x00000000080012c4
                0x0000000010000000                . = ALIGN (0x4)
                0x0000000010000000                _sccmram = .
 *(.ccmram)
 *(.ccmram*)
                0x0000000010000000                . = ALIGN (0x4)
                0x0000000010000000                _eccmram = .
                0x0000000010000000                . = ALIGN (0x4)

.bss            0x0000000020000014      0x158
                0x0000000020000014                _sbss = .
                0x0000000020000014                __bss_start__ = _sbss
 *(.bss)
 .bss           0x0000000020000014       0x1c C:/ST/STM32CubeIDE_1.14.0/STM32CubeIDE/plugins/com.st.stm32cube.ide.mcu.externaltools.gnu-tools-for-stm32.11.3.rel1.win32_1.1.100.202309141235/tools/bin/../lib/gcc/arm-none-eabi/11.3.1/thumb/v7e-m+fp/hard/crtbegin.o
 *(.bss*)
 .bss.Data      0x0000000020000030       0xc8 ./APP/Parse.o
                0x0000000020000030                Data
 .bss.u8RecBuffer
                0x00000000200000f8       0x64 ./APP/main.o
                0x00000000200000f8                u8RecBuffer
 .bss.u8RecCounter
                0x000000002000015c        0x1 ./APP/main.o
                0x000000002000015c                u8RecCounter
 .bss.u8TimeOutFlag
                0x000000002000015d        0x1 ./APP/main.o
                0x000000002000015d                u8TimeOutFlag
 *fill*         0x000000002000015e        0x2 
 .bss.addr_to_call
                0x0000000020000160        0x4 ./APP/main.o
                0x0000000020000160                addr_to_call
 .bss.MSTK_CallBack
                0x0000000020000164        0x4 ./MCAL/SYSTICK/SOURCE/STK_program.o
 .bss.MSTK_u8ModeOfInterval
                0x0000000020000168        0x1 ./MCAL/SYSTICK/SOURCE/STK_program.o
 *(COMMON)
                0x000000002000016c                . = ALIGN (0x4)
 *fill*         0x0000000020000169        0x3 
                0x000000002000016c                _ebss = .
                0x000000002000016c                __bss_end__ = _ebss

._user_heap_stack
                0x000000002000016c      0x604
                0x0000000020000170                . = ALIGN (0x8)
 *fill*         0x000000002000016c        0x4 
                0x0000000020000170                PROVIDE (end = .)
                [!provide]                        PROVIDE (_end = .)
                0x0000000020000370                . = (. + _Min_Heap_Size)
 *fill*         0x0000000020000170      0x200 
                0x0000000020000770                . = (. + _Min_Stack_Size)
 *fill*         0x0000000020000370      0x400 
                0x0000000020000770                . = ALIGN (0x8)

/DISCARD/
 libc.a(*)
 libm.a(*)
 libgcc.a(*)

.ARM.attributes
                0x0000000000000000       0x30
 *(.ARM.attributes)
 .ARM.attributes
                0x0000000000000000       0x1e C:/ST/STM32CubeIDE_1.14.0/STM32CubeIDE/plugins/com.st.stm32cube.ide.mcu.externaltools.gnu-tools-for-stm32.11.3.rel1.win32_1.1.100.202309141235/tools/bin/../lib/gcc/arm-none-eabi/11.3.1/thumb/v7e-m+fp/hard/crti.o
 .ARM.attributes
                0x000000000000001e       0x34 C:/ST/STM32CubeIDE_1.14.0/STM32CubeIDE/plugins/com.st.stm32cube.ide.mcu.externaltools.gnu-tools-for-stm32.11.3.rel1.win32_1.1.100.202309141235/tools/bin/../lib/gcc/arm-none-eabi/11.3.1/thumb/v7e-m+fp/hard/crtbegin.o
 .ARM.attributes
                0x0000000000000052       0x34 ./APP/Parse.o
 .ARM.attributes
                0x0000000000000086       0x34 ./APP/main.o
 .ARM.attributes
                0x00000000000000ba       0x34 ./MCAL/FPEC/SOURCE/FPEC_program.o
 .ARM.attributes
                0x00000000000000ee       0x34 ./MCAL/GPIO/SOURCE/gpio.o
 .ARM.attributes
                0x0000000000000122       0x34 ./MCAL/RCC/SOURCE/RCC.o
 .ARM.attributes
                0x0000000000000156       0x34 ./MCAL/SYSTICK/SOURCE/STK_program.o
 .ARM.attributes
                0x000000000000018a       0x34 ./MCAL/USART/SOURCE/USART.o
 .ARM.attributes
                0x00000000000001be       0x21 ./Startup/startup_stm32f303retx.o
 .ARM.attributes
                0x00000000000001df       0x34 C:/ST/STM32CubeIDE_1.14.0/STM32CubeIDE/plugins/com.st.stm32cube.ide.mcu.externaltools.gnu-tools-for-stm32.11.3.rel1.win32_1.1.100.202309141235/tools/bin/../lib/gcc/arm-none-eabi/11.3.1/../../../../arm-none-eabi/lib/thumb/v7e-m+fp/hard\libc_nano.a(libc_a-init.o)
 .ARM.attributes
                0x0000000000000213       0x1e C:/ST/STM32CubeIDE_1.14.0/STM32CubeIDE/plugins/com.st.stm32cube.ide.mcu.externaltools.gnu-tools-for-stm32.11.3.rel1.win32_1.1.100.202309141235/tools/bin/../lib/gcc/arm-none-eabi/11.3.1/thumb/v7e-m+fp/hard/crtn.o
OUTPUT(Bootloader.elf elf32-littlearm)
LOAD linker stubs
LOAD C:/ST/STM32CubeIDE_1.14.0/STM32CubeIDE/plugins/com.st.stm32cube.ide.mcu.externaltools.gnu-tools-for-stm32.11.3.rel1.win32_1.1.100.202309141235/tools/bin/../lib/gcc/arm-none-eabi/11.3.1/../../../../arm-none-eabi/lib/thumb/v7e-m+fp/hard\libc.a
LOAD C:/ST/STM32CubeIDE_1.14.0/STM32CubeIDE/plugins/com.st.stm32cube.ide.mcu.externaltools.gnu-tools-for-stm32.11.3.rel1.win32_1.1.100.202309141235/tools/bin/../lib/gcc/arm-none-eabi/11.3.1/../../../../arm-none-eabi/lib/thumb/v7e-m+fp/hard\libm.a
LOAD C:/ST/STM32CubeIDE_1.14.0/STM32CubeIDE/plugins/com.st.stm32cube.ide.mcu.externaltools.gnu-tools-for-stm32.11.3.rel1.win32_1.1.100.202309141235/tools/bin/../lib/gcc/arm-none-eabi/11.3.1/thumb/v7e-m+fp/hard\libgcc.a

.comment        0x0000000000000000       0x43
 .comment       0x0000000000000000       0x43 C:/ST/STM32CubeIDE_1.14.0/STM32CubeIDE/plugins/com.st.stm32cube.ide.mcu.externaltools.gnu-tools-for-stm32.11.3.rel1.win32_1.1.100.202309141235/tools/bin/../lib/gcc/arm-none-eabi/11.3.1/thumb/v7e-m+fp/hard/crtbegin.o
                                         0x44 (size before relaxing)
 .comment       0x0000000000000043       0x44 ./APP/Parse.o
 .comment       0x0000000000000043       0x44 ./APP/main.o
 .comment       0x0000000000000043       0x44 ./MCAL/FPEC/SOURCE/FPEC_program.o
 .comment       0x0000000000000043       0x44 ./MCAL/GPIO/SOURCE/gpio.o
 .comment       0x0000000000000043       0x44 ./MCAL/RCC/SOURCE/RCC.o
 .comment       0x0000000000000043       0x44 ./MCAL/SYSTICK/SOURCE/STK_program.o
 .comment       0x0000000000000043       0x44 ./MCAL/USART/SOURCE/USART.o

.debug_info     0x0000000000000000     0x18ce
 .debug_info    0x0000000000000000      0x213 ./APP/Parse.o
 .debug_info    0x0000000000000213      0x62a ./APP/main.o
 .debug_info    0x000000000000083d      0x1c6 ./MCAL/FPEC/SOURCE/FPEC_program.o
 .debug_info    0x0000000000000a03      0x6f9 ./MCAL/GPIO/SOURCE/gpio.o
 .debug_info    0x00000000000010fc      0x1c7 ./MCAL/RCC/SOURCE/RCC.o
 .debug_info    0x00000000000012c3      0x218 ./MCAL/SYSTICK/SOURCE/STK_program.o
 .debug_info    0x00000000000014db      0x3d0 ./MCAL/USART/SOURCE/USART.o
 .debug_info    0x00000000000018ab       0x23 ./Startup/startup_stm32f303retx.o

.debug_abbrev   0x0000000000000000      0x8dd
 .debug_abbrev  0x0000000000000000      0x113 ./APP/Parse.o
 .debug_abbrev  0x0000000000000113      0x199 ./APP/main.o
 .debug_abbrev  0x00000000000002ac       0xfc ./MCAL/FPEC/SOURCE/FPEC_program.o
 .debug_abbrev  0x00000000000003a8      0x175 ./MCAL/GPIO/SOURCE/gpio.o
 .debug_abbrev  0x000000000000051d       0xce ./MCAL/RCC/SOURCE/RCC.o
 .debug_abbrev  0x00000000000005eb      0x12c ./MCAL/SYSTICK/SOURCE/STK_program.o
 .debug_abbrev  0x0000000000000717      0x1b4 ./MCAL/USART/SOURCE/USART.o
 .debug_abbrev  0x00000000000008cb       0x12 ./Startup/startup_stm32f303retx.o

.debug_aranges  0x0000000000000000      0x208
 .debug_aranges
                0x0000000000000000       0x38 ./APP/Parse.o
 .debug_aranges
                0x0000000000000038       0x38 ./APP/main.o
 .debug_aranges
                0x0000000000000070       0x30 ./MCAL/FPEC/SOURCE/FPEC_program.o
 .debug_aranges
                0x00000000000000a0       0x60 ./MCAL/GPIO/SOURCE/gpio.o
 .debug_aranges
                0x0000000000000100       0x30 ./MCAL/RCC/SOURCE/RCC.o
 .debug_aranges
                0x0000000000000130       0x58 ./MCAL/SYSTICK/SOURCE/STK_program.o
 .debug_aranges
                0x0000000000000188       0x58 ./MCAL/USART/SOURCE/USART.o
 .debug_aranges
                0x00000000000001e0       0x28 ./Startup/startup_stm32f303retx.o

.debug_rnglists
                0x0000000000000000      0x16b
 .debug_rnglists
                0x0000000000000000       0x26 ./APP/Parse.o
 .debug_rnglists
                0x0000000000000026       0x27 ./APP/main.o
 .debug_rnglists
                0x000000000000004d       0x21 ./MCAL/FPEC/SOURCE/FPEC_program.o
 .debug_rnglists
                0x000000000000006e       0x4a ./MCAL/GPIO/SOURCE/gpio.o
 .debug_rnglists
                0x00000000000000b8       0x1f ./MCAL/RCC/SOURCE/RCC.o
 .debug_rnglists
                0x00000000000000d7       0x3d ./MCAL/SYSTICK/SOURCE/STK_program.o
 .debug_rnglists
                0x0000000000000114       0x3e ./MCAL/USART/SOURCE/USART.o
 .debug_rnglists
                0x0000000000000152       0x19 ./Startup/startup_stm32f303retx.o

.debug_macro    0x0000000000000000     0x1761
 .debug_macro   0x0000000000000000       0x2d ./APP/Parse.o
 .debug_macro   0x000000000000002d      0xaae ./APP/Parse.o
 .debug_macro   0x0000000000000adb       0xa6 ./APP/Parse.o
 .debug_macro   0x0000000000000b81       0x22 ./APP/Parse.o
 .debug_macro   0x0000000000000ba3       0xab ./APP/main.o
 .debug_macro   0x0000000000000c4e       0x22 ./APP/main.o
 .debug_macro   0x0000000000000c70       0x8e ./APP/main.o
 .debug_macro   0x0000000000000cfe       0x51 ./APP/main.o
 .debug_macro   0x0000000000000d4f      0x103 ./APP/main.o
 .debug_macro   0x0000000000000e52       0x6a ./APP/main.o
 .debug_macro   0x0000000000000ebc      0x1df ./APP/main.o
 .debug_macro   0x000000000000109b       0xee ./APP/main.o
 .debug_macro   0x0000000000001189       0xa0 ./APP/main.o
 .debug_macro   0x0000000000001229       0x40 ./MCAL/FPEC/SOURCE/FPEC_program.o
 .debug_macro   0x0000000000001269       0x16 ./MCAL/FPEC/SOURCE/FPEC_program.o
 .debug_macro   0x000000000000127f       0x3f ./MCAL/GPIO/SOURCE/gpio.o
 .debug_macro   0x00000000000012be       0x58 ./MCAL/GPIO/SOURCE/gpio.o
 .debug_macro   0x0000000000001316      0x334 ./MCAL/GPIO/SOURCE/gpio.o
 .debug_macro   0x000000000000164a       0x35 ./MCAL/RCC/SOURCE/RCC.o
 .debug_macro   0x000000000000167f       0x10 ./MCAL/RCC/SOURCE/RCC.o
 .debug_macro   0x000000000000168f       0x3f ./MCAL/SYSTICK/SOURCE/STK_program.o
 .debug_macro   0x00000000000016ce       0x28 ./MCAL/SYSTICK/SOURCE/STK_program.o
 .debug_macro   0x00000000000016f6       0x10 ./MCAL/SYSTICK/SOURCE/STK_program.o
 .debug_macro   0x0000000000001706       0x3f ./MCAL/USART/SOURCE/USART.o
 .debug_macro   0x0000000000001745       0x1c ./MCAL/USART/SOURCE/USART.o

.debug_line     0x0000000000000000     0x1800
 .debug_line    0x0000000000000000      0x294 ./APP/Parse.o
 .debug_line    0x0000000000000294      0x762 ./APP/main.o
 .debug_line    0x00000000000009f6      0x259 ./MCAL/FPEC/SOURCE/FPEC_program.o
 .debug_line    0x0000000000000c4f      0x3a5 ./MCAL/GPIO/SOURCE/gpio.o
 .debug_line    0x0000000000000ff4      0x1ad ./MCAL/RCC/SOURCE/RCC.o
 .debug_line    0x00000000000011a1      0x297 ./MCAL/SYSTICK/SOURCE/STK_program.o
 .debug_line    0x0000000000001438      0x34d ./MCAL/USART/SOURCE/USART.o
 .debug_line    0x0000000000001785       0x7b ./Startup/startup_stm32f303retx.o

.debug_str      0x0000000000000000     0x6fcd
 .debug_str     0x0000000000000000     0x3354 ./APP/Parse.o
                                       0x33ec (size before relaxing)
 .debug_str     0x0000000000003354     0x188a ./APP/main.o
                                       0x4c9c (size before relaxing)
 .debug_str     0x0000000000004bde       0xfa ./MCAL/FPEC/SOURCE/FPEC_program.o
                                       0x343b (size before relaxing)
 .debug_str     0x0000000000004cd8     0x1e65 ./MCAL/GPIO/SOURCE/gpio.o
                                       0x561d (size before relaxing)
 .debug_str     0x0000000000006b3d      0x102 ./MCAL/RCC/SOURCE/RCC.o
                                       0x3569 (size before relaxing)
 .debug_str     0x0000000000006c3f      0x1c6 ./MCAL/SYSTICK/SOURCE/STK_program.o
                                       0x3518 (size before relaxing)
 .debug_str     0x0000000000006e05      0x199 ./MCAL/USART/SOURCE/USART.o
                                       0x37e1 (size before relaxing)
 .debug_str     0x0000000000006f9e       0x2f ./Startup/startup_stm32f303retx.o
                                         0x7f (size before relaxing)

.debug_frame    0x0000000000000000      0x67c
 .debug_frame   0x0000000000000000       0xa8 ./APP/Parse.o
 .debug_frame   0x00000000000000a8       0x9c ./APP/main.o
 .debug_frame   0x0000000000000144       0x84 ./MCAL/FPEC/SOURCE/FPEC_program.o
 .debug_frame   0x00000000000001c8      0x19c ./MCAL/GPIO/SOURCE/gpio.o
 .debug_frame   0x0000000000000364       0x88 ./MCAL/RCC/SOURCE/RCC.o
 .debug_frame   0x00000000000003ec      0x13c ./MCAL/SYSTICK/SOURCE/STK_program.o
 .debug_frame   0x0000000000000528      0x128 ./MCAL/USART/SOURCE/USART.o
 .debug_frame   0x0000000000000650       0x2c C:/ST/STM32CubeIDE_1.14.0/STM32CubeIDE/plugins/com.st.stm32cube.ide.mcu.externaltools.gnu-tools-for-stm32.11.3.rel1.win32_1.1.100.202309141235/tools/bin/../lib/gcc/arm-none-eabi/11.3.1/../../../../arm-none-eabi/lib/thumb/v7e-m+fp/hard\libc_nano.a(libc_a-init.o)

.debug_line_str
                0x0000000000000000       0x73
 .debug_line_str
                0x0000000000000000       0x73 ./Startup/startup_stm32f303retx.o
                                         0x8b (size before relaxing)
