Archive member included to satisfy reference by file (symbol)

C:/ST/STM32CubeIDE_1.13.1/STM32CubeIDE/plugins/com.st.stm32cube.ide.mcu.externaltools.gnu-tools-for-stm32.11.3.rel1.win32_1.1.0.202305231506/tools/bin/../lib/gcc/arm-none-eabi/11.3.1/../../../../arm-none-eabi/lib/thumb/v7e-m+fp/hard\libc_nano.a(libc_a-exit.o)
                              C:/ST/STM32CubeIDE_1.13.1/STM32CubeIDE/plugins/com.st.stm32cube.ide.mcu.externaltools.gnu-tools-for-stm32.11.3.rel1.win32_1.1.0.202305231506/tools/bin/../lib/gcc/arm-none-eabi/11.3.1/../../../../arm-none-eabi/lib/thumb/v7e-m+fp/hard/crt0.o (exit)
C:/ST/STM32CubeIDE_1.13.1/STM32CubeIDE/plugins/com.st.stm32cube.ide.mcu.externaltools.gnu-tools-for-stm32.11.3.rel1.win32_1.1.0.202305231506/tools/bin/../lib/gcc/arm-none-eabi/11.3.1/../../../../arm-none-eabi/lib/thumb/v7e-m+fp/hard\libc_nano.a(libc_a-findfp.o)
                              C:/ST/STM32CubeIDE_1.13.1/STM32CubeIDE/plugins/com.st.stm32cube.ide.mcu.externaltools.gnu-tools-for-stm32.11.3.rel1.win32_1.1.0.202305231506/tools/bin/../lib/gcc/arm-none-eabi/11.3.1/../../../../arm-none-eabi/lib/thumb/v7e-m+fp/hard\libc_nano.a(libc_a-exit.o) (__stdio_exit_handler)
C:/ST/STM32CubeIDE_1.13.1/STM32CubeIDE/plugins/com.st.stm32cube.ide.mcu.externaltools.gnu-tools-for-stm32.11.3.rel1.win32_1.1.0.202305231506/tools/bin/../lib/gcc/arm-none-eabi/11.3.1/../../../../arm-none-eabi/lib/thumb/v7e-m+fp/hard\libc_nano.a(libc_a-fwalk.o)
                              C:/ST/STM32CubeIDE_1.13.1/STM32CubeIDE/plugins/com.st.stm32cube.ide.mcu.externaltools.gnu-tools-for-stm32.11.3.rel1.win32_1.1.0.202305231506/tools/bin/../lib/gcc/arm-none-eabi/11.3.1/../../../../arm-none-eabi/lib/thumb/v7e-m+fp/hard\libc_nano.a(libc_a-findfp.o) (_fwalk_sglue)
C:/ST/STM32CubeIDE_1.13.1/STM32CubeIDE/plugins/com.st.stm32cube.ide.mcu.externaltools.gnu-tools-for-stm32.11.3.rel1.win32_1.1.0.202305231506/tools/bin/../lib/gcc/arm-none-eabi/11.3.1/../../../../arm-none-eabi/lib/thumb/v7e-m+fp/hard\libc_nano.a(libc_a-stdio.o)
                              C:/ST/STM32CubeIDE_1.13.1/STM32CubeIDE/plugins/com.st.stm32cube.ide.mcu.externaltools.gnu-tools-for-stm32.11.3.rel1.win32_1.1.0.202305231506/tools/bin/../lib/gcc/arm-none-eabi/11.3.1/../../../../arm-none-eabi/lib/thumb/v7e-m+fp/hard\libc_nano.a(libc_a-findfp.o) (__sread)
C:/ST/STM32CubeIDE_1.13.1/STM32CubeIDE/plugins/com.st.stm32cube.ide.mcu.externaltools.gnu-tools-for-stm32.11.3.rel1.win32_1.1.0.202305231506/tools/bin/../lib/gcc/arm-none-eabi/11.3.1/../../../../arm-none-eabi/lib/thumb/v7e-m+fp/hard\libc_nano.a(libc_a-memset.o)
                              C:/ST/STM32CubeIDE_1.13.1/STM32CubeIDE/plugins/com.st.stm32cube.ide.mcu.externaltools.gnu-tools-for-stm32.11.3.rel1.win32_1.1.0.202305231506/tools/bin/../lib/gcc/arm-none-eabi/11.3.1/../../../../arm-none-eabi/lib/thumb/v7e-m+fp/hard/crt0.o (memset)
C:/ST/STM32CubeIDE_1.13.1/STM32CubeIDE/plugins/com.st.stm32cube.ide.mcu.externaltools.gnu-tools-for-stm32.11.3.rel1.win32_1.1.0.202305231506/tools/bin/../lib/gcc/arm-none-eabi/11.3.1/../../../../arm-none-eabi/lib/thumb/v7e-m+fp/hard\libc_nano.a(libc_a-closer.o)
                              C:/ST/STM32CubeIDE_1.13.1/STM32CubeIDE/plugins/com.st.stm32cube.ide.mcu.externaltools.gnu-tools-for-stm32.11.3.rel1.win32_1.1.0.202305231506/tools/bin/../lib/gcc/arm-none-eabi/11.3.1/../../../../arm-none-eabi/lib/thumb/v7e-m+fp/hard\libc_nano.a(libc_a-stdio.o) (_close_r)
C:/ST/STM32CubeIDE_1.13.1/STM32CubeIDE/plugins/com.st.stm32cube.ide.mcu.externaltools.gnu-tools-for-stm32.11.3.rel1.win32_1.1.0.202305231506/tools/bin/../lib/gcc/arm-none-eabi/11.3.1/../../../../arm-none-eabi/lib/thumb/v7e-m+fp/hard\libc_nano.a(libc_a-reent.o)
                              C:/ST/STM32CubeIDE_1.13.1/STM32CubeIDE/plugins/com.st.stm32cube.ide.mcu.externaltools.gnu-tools-for-stm32.11.3.rel1.win32_1.1.0.202305231506/tools/bin/../lib/gcc/arm-none-eabi/11.3.1/../../../../arm-none-eabi/lib/thumb/v7e-m+fp/hard\libc_nano.a(libc_a-closer.o) (errno)
C:/ST/STM32CubeIDE_1.13.1/STM32CubeIDE/plugins/com.st.stm32cube.ide.mcu.externaltools.gnu-tools-for-stm32.11.3.rel1.win32_1.1.0.202305231506/tools/bin/../lib/gcc/arm-none-eabi/11.3.1/../../../../arm-none-eabi/lib/thumb/v7e-m+fp/hard\libc_nano.a(libc_a-impure.o)
                              C:/ST/STM32CubeIDE_1.13.1/STM32CubeIDE/plugins/com.st.stm32cube.ide.mcu.externaltools.gnu-tools-for-stm32.11.3.rel1.win32_1.1.0.202305231506/tools/bin/../lib/gcc/arm-none-eabi/11.3.1/../../../../arm-none-eabi/lib/thumb/v7e-m+fp/hard\libc_nano.a(libc_a-reent.o) (_impure_ptr)
C:/ST/STM32CubeIDE_1.13.1/STM32CubeIDE/plugins/com.st.stm32cube.ide.mcu.externaltools.gnu-tools-for-stm32.11.3.rel1.win32_1.1.0.202305231506/tools/bin/../lib/gcc/arm-none-eabi/11.3.1/../../../../arm-none-eabi/lib/thumb/v7e-m+fp/hard\libc_nano.a(libc_a-lseekr.o)
[...]
Memory Configuration

Name             Origin             Length             Attributes
CCMRAM           0x0000000010000000 0x0000000000004000 xrw
RAM              0x0000000020000000 0x0000000000010000 xrw
FLASH            0x0000000008000000 0x0000000000001800 xr
*default*        0x0000000000000000 0xffffffffffffffff

Linker script and memory map

LOAD C:/ST/STM32CubeIDE_1.13.1/STM32CubeIDE/plugins/com.st.stm32cube.ide.mcu.externaltools.gnu-tools-for-stm32.11.3.rel1.win32_1.1.0.202305231506/tools/bin/../lib/gcc/arm-none-eabi/11.3.1/thumb/v7e-m+fp/hard/crti.o
LOAD C:/ST/STM32CubeIDE_1.13.1/STM32CubeIDE/plugins/com.st.stm32cube.ide.mcu.externaltools.gnu-tools-for-stm32.11.3.rel1.win32_1.1.0.202305231506/tools/bin/../lib/gcc/arm-none-eabi/11.3.1/thumb/v7e-m+fp/hard/crtbegin.o
LOAD C:/ST/STM32CubeIDE_1.13.1/STM32CubeIDE/plugins/com.st.stm32cube.ide.mcu.externaltools.gnu-tools-for-stm32.11.3.rel1.win32_1.1.0.202305231506/tools/bin/../lib/gcc/arm-none-eabi/11.3.1/../../../../arm-none-eabi/lib/thumb/v7e-m+fp/hard/crt0.o
LOAD ./Src/FPEC_program.o
LOAD ./Src/NVIC.o
LOAD ./Src/Parse.o
LOAD ./Src/RCC.o
LOAD ./Src/STK_program.o
LOAD ./Src/USART.o
LOAD ./Src/gpio.o
LOAD ./Src/main.o
LOAD ./Src/syscalls.o
LOAD ./Src/sysmem.o
LOAD ./Startup/startup_stm32f303retx.o
START GROUP
LOAD C:/ST/STM32CubeIDE_1.13.1/STM32CubeIDE/plugins/com.st.stm32cube.ide.mcu.externaltools.gnu-tools-for-stm32.11.3.rel1.win32_1.1.0.202305231506/tools/bin/../lib/gcc/arm-none-eabi/11.3.1/../../../../arm-none-eabi/lib/thumb/v7e-m+fp/hard\libc_nano.a
LOAD C:/ST/STM32CubeIDE_1.13.1/STM32CubeIDE/plugins/com.st.stm32cube.ide.mcu.externaltools.gnu-tools-for-stm32.11.3.rel1.win32_1.1.0.202305231506/tools/bin/../lib/gcc/arm-none-eabi/11.3.1/../../../../arm-none-eabi/lib/thumb/v7e-m+fp/hard\libm.a
END GROUP
START GROUP
LOAD C:/ST/STM32CubeIDE_1.13.1/STM32CubeIDE/plugins/com.st.stm32cube.ide.mcu.externaltools.gnu-tools-for-stm32.11.3.rel1.win32_1.1.0.202305231506/tools/bin/../lib/gcc/arm-none-eabi/11.3.1/thumb/v7e-m+fp/hard\libgcc.a
LOAD C:/ST/STM32CubeIDE_1.13.1/STM32CubeIDE/plugins/com.st.stm32cube.ide.mcu.externaltools.gnu-tools-for-stm32.11.3.rel1.win32_1.1.0.202305231506/tools/bin/../lib/gcc/arm-none-eabi/11.3.1/../../../../arm-none-eabi/lib/thumb/v7e-m+fp/hard\libc_nano.a
END GROUP
START GROUP
LOAD C:/ST/STM32CubeIDE_1.13.1/STM32CubeIDE/plugins/com.st.stm32cube.ide.mcu.externaltools.gnu-tools-for-stm32.11.3.rel1.win32_1.1.0.202305231506/tools/bin/../lib/gcc/arm-none-eabi/11.3.1/thumb/v7e-m+fp/hard\libgcc.a
LOAD C:/ST/STM32CubeIDE_1.13.1/STM32CubeIDE/plugins/com.st.stm32cube.ide.mcu.externaltools.gnu-tools-for-stm32.11.3.rel1.win32_1.1.0.202305231506/tools/bin/../lib/gcc/arm-none-eabi/11.3.1/../../../../arm-none-eabi/lib/thumb/v7e-m+fp/hard\libc_nano.a
LOAD C:/ST/STM32CubeIDE_1.13.1/STM32CubeIDE/plugins/com.st.stm32cube.ide.mcu.externaltools.gnu-tools-for-stm32.11.3.rel1.win32_1.1.0.202305231506/tools/bin/../lib/gcc/arm-none-eabi/11.3.1/../../../../arm-none-eabi/lib/thumb/v7e-m+fp/hard\libnosys.a
END GROUP
START GROUP
LOAD C:/ST/STM32CubeIDE_1.13.1/STM32CubeIDE/plugins/com.st.stm32cube.ide.mcu.externaltools.gnu-tools-for-stm32.11.3.rel1.win32_1.1.0.202305231506/tools/bin/../lib/gcc/arm-none-eabi/11.3.1/thumb/v7e-m+fp/hard\libgcc.a
LOAD C:/ST/STM32CubeIDE_1.13.1/STM32CubeIDE/plugins/com.st.stm32cube.ide.mcu.externaltools.gnu-tools-for-stm32.11.3.rel1.win32_1.1.0.202305231506/tools/bin/../lib/gcc/arm-none-eabi/11.3.1/../../../../arm-none-eabi/lib/thumb/v7e-m+fp/hard\libc_nano.a
LOAD C:/ST/STM32CubeIDE_1.13.1/STM32CubeIDE/plugins/com.st.stm32cube.ide.mcu.externaltools.gnu-tools-for-stm32.11.3.rel1.win32_1.1.0.202305231506/tools/bin/../lib/gcc/arm-none-eabi/11.3.1/../../../../arm-none-eabi/lib/thumb/v7e-m+fp/hard\libnosys.a
END GROUP
LOAD C:/ST/STM32CubeIDE_1.13.1/STM32CubeIDE/plugins/com.st.stm32cube.ide.mcu.externaltools.gnu-tools-for-stm32.11.3.rel1.win32_1.1.0.202305231506/tools/bin/../lib/gcc/arm-none-eabi/11.3.1/thumb/v7e-m+fp/hard/crtend.o
LOAD C:/ST/STM32CubeIDE_1.13.1/STM32CubeIDE/plugins/com.st.stm32cube.ide.mcu.externaltools.gnu-tools-for-stm32.11.3.rel1.win32_1.1.0.202305231506/tools/bin/../lib/gcc/arm-none-eabi/11.3.1/thumb/v7e-m+fp/hard/crtn.o
                0x0000000020010000                _estack = (ORIGIN (RAM) + LENGTH (RAM))
                0x0000000000000200                _Min_Heap_Size = 0x200
                0x0000000000000400                _Min_Stack_Size = 0x400

.isr_vector     0x0000000008000000      0x194
                0x0000000008000000                . = ALIGN (0x4)
 *(.isr_vector)
 .isr_vector    0x0000000008000000      0x194 ./Startup/startup_stm32f303retx.o
                0x0000000008000000                g_pfnVectors
                0x0000000008000194                . = ALIGN (0x4)

.text           0x0000000008000194      0xf34
                0x0000000008000194                . = ALIGN (0x4)
 *(.text)
 .text          0x0000000008000194       0x40 C:/ST/STM32CubeIDE_1.13.1/STM32CubeIDE/plugins/com.st.stm32cube.ide.mcu.externaltools.gnu-tools-for-stm32.11.3.rel1.win32_1.1.0.202305231506/tools/bin/../lib/gcc/arm-none-eabi/11.3.1/thumb/v7e-m+fp/hard/crtbegin.o
 *(.text*)
 .text.FPEC_voidEraseAppArea
                0x00000000080001d4       0x1a ./Src/FPEC_program.o
                0x00000000080001d4                FPEC_voidEraseAppArea
 *fill*         0x00000000080001ee        0x2 
 .text.FPEC_voidFlashPageErase
                0x00000000080001f0       0x94 ./Src/FPEC_program.o
                0x00000000080001f0                FPEC_voidFlashPageErase
 .text.FPEC_voidFlashWrite
                0x0000000008000284       0xb8 ./Src/FPEC_program.o
                0x0000000008000284                FPEC_voidFlashWrite
 .text.AsciToHex
                0x000000000800033c       0x32 ./Src/Parse.o
                0x000000000800033c                AsciToHex
 *fill*         0x000000000800036e        0x2 
 .text.ParseData
                0x0000000008000370      0x16c ./Src/Parse.o
                0x0000000008000370                ParseData
 .text.ParseUpperAddress
                0x00000000080004dc       0x14 ./Src/Parse.o
                0x00000000080004dc                ParseUpperAddress
 .text.Parser_voidParseRecord
                0x00000000080004f0       0x30 ./Src/Parse.o
                0x00000000080004f0                Parser_voidParseRecord
 .text.RCC_voidInitSYSCLK
                0x0000000008000520       0x54 ./Src/RCC.o
                0x0000000008000520                RCC_voidInitSYSCLK
 .text.RCC_voidEnablePeripheral
                0x0000000008000574       0x78 ./Src/RCC.o
                0x0000000008000574                RCC_voidEnablePeripheral
 .text.MSTK_voidInit
                0x00000000080005ec       0x18 ./Src/STK_program.o
                0x00000000080005ec                MSTK_voidInit
 .text.MSTK_voidSetIntervalSingle
                0x0000000008000604       0x64 ./Src/STK_program.o
                0x0000000008000604                MSTK_voidSetIntervalSingle
 .text.MSTK_voidStopInterval
                0x0000000008000668       0x38 ./Src/STK_program.o
                0x0000000008000668                MSTK_voidStopInterval
 .text.SysTick_Handler
                0x00000000080006a0       0x5c ./Src/STK_program.o
                0x00000000080006a0                SysTick_Handler
 .text.MUSART_voidInit
                0x00000000080006fc      0x3e0 ./Src/USART.o
                0x00000000080006fc                MUSART_voidInit
 .text.MUSART1_VidSendCharSync
                0x0000000008000adc       0x5c ./Src/USART.o
                0x0000000008000adc                MUSART1_VidSendCharSync
 .text.MUSART1_VidSendStringSynch
                0x0000000008000b38       0x40 ./Src/USART.o
                0x0000000008000b38                MUSART1_VidSendStringSynch
 .text.MUSART1_u8RecCharSynch
                0x0000000008000b78       0x68 ./Src/USART.o
                0x0000000008000b78                MUSART1_u8RecCharSynch
 .text.GPIO_configurePin
                0x0000000008000be0      0x204 ./Src/gpio.o
                0x0000000008000be0                GPIO_configurePin
 .text.GPIO_setPinFuction
                0x0000000008000de4       0xec ./Src/gpio.o
                0x0000000008000de4                GPIO_setPinFuction
 .text.func     0x0000000008000ed0       0x2c ./Src/main.o
                0x0000000008000ed0                func
 .text.main     0x0000000008000efc      0x118 ./Src/main.o
                0x0000000008000efc                main
 .text.Reset_Handler
                0x0000000008001014       0x50 ./Startup/startup_stm32f303retx.o
                0x0000000008001014                Reset_Handler
 .text.Default_Handler
                0x0000000008001064        0x2 ./Startup/startup_stm32f303retx.o
                0x0000000008001064                TIM8_TRG_COM_IRQHandler
                0x0000000008001064                TIM8_CC_IRQHandler
                0x0000000008001064                DebugMon_Handler
                0x0000000008001064                DMA1_CH4_IRQHandler
                0x0000000008001064                SPI4_IRQHandler
                0x0000000008001064                TIM1_CC_IRQHandler
                0x0000000008001064                HardFault_Handler
                0x0000000008001064                USB_HP_IRQHandler
                0x0000000008001064                I2C2_EV_EXTI24_IRQHandler
                0x0000000008001064                USB_WKUP_EXTI_IRQHandler
                0x0000000008001064                PVD_IRQHandler
                0x0000000008001064                UART4_EXTI34_IRQHandler
                0x0000000008001064                TAMP_STAMP_IRQHandler
                0x0000000008001064                PendSV_Handler
                0x0000000008001064                NMI_Handler
                0x0000000008001064                EXTI3_IRQHandler
                0x0000000008001064                I2C3_ER_IRQHandler
                0x0000000008001064                TIM6_DACUNDER_IRQHandler
                0x0000000008001064                USB_HP_CAN_TX_IRQHandler
                0x0000000008001064                EXTI0_IRQHandler
                0x0000000008001064                DMA2_CH1_IRQHandler
                0x0000000008001064                TIM1_UP_TIM16_IRQHandler
                0x0000000008001064                UsageFault_Handler
                0x0000000008001064                ADC1_2_IRQHandler
                0x0000000008001064                SPI1_IRQHandler
                0x0000000008001064                CAN_SCE_IRQHandler
                0x0000000008001064                DMA1_CH7_IRQHandler
                0x0000000008001064                TIM8_UP_IRQHandler
                0x0000000008001064                COMP456_IRQHandler
                0x0000000008001064                DMA1_CH6_IRQHandler
                0x0000000008001064                TIM20_TRG_COM_IRQHandler
                0x0000000008001064                ADC3_IRQHandler
                0x0000000008001064                TIM4_IRQHandler
                0x0000000008001064                CAN_RX1_IRQHandler
                0x0000000008001064                USART1_EXTI25_IRQHandler
                0x0000000008001064                DMA2_CH5_IRQHandler
                0x0000000008001064                I2C1_EV_EXTI23_IRQHandler
                0x0000000008001064                DMA1_CH3_IRQHandler
                0x0000000008001064                TIM3_IRQHandler
                0x0000000008001064                RCC_IRQHandler
                0x0000000008001064                TIM20_UP_IRQHandler
                0x0000000008001064                Default_Handler
                0x0000000008001064                EXTI15_10_IRQHandler
                0x0000000008001064                USART2_EXTI26_IRQHandler
                0x0000000008001064                USART3_EXTI28_IRQHandler
                0x0000000008001064                TIM7_IRQHandler
                0x0000000008001064                I2C3_EV_IRQHandler
                0x0000000008001064                EXTI9_5_IRQHandler
                0x0000000008001064                DMA1_CH2_IRQHandler
                0x0000000008001064                RTC_WKUP_IRQHandler
                0x0000000008001064                SPI2_IRQHandler
                0x0000000008001064                DMA1_CH1_IRQHandler
                0x0000000008001064                USB_LP_CAN_RX0_IRQHandler
                0x0000000008001064                MemManage_Handler
                0x0000000008001064                COMP123_IRQHandler
                0x0000000008001064                SVC_Handler
                0x0000000008001064                USB_LP_IRQHandler
                0x0000000008001064                EXTI4_IRQHandler
                0x0000000008001064                TIM1_TRG_COM_TIM17_IRQHandler
                0x0000000008001064                ADC4_IRQHandler
                0x0000000008001064                WWDG_IRQHandler
                0x0000000008001064                TIM2_IRQHandler
                0x0000000008001064                COMP7_IRQHandler
                0x0000000008001064                EXTI1_IRQHandler
                0x0000000008001064                RTCAlarm_IRQHandler
                0x0000000008001064                UART5_EXTI35_IRQHandler
                0x0000000008001064                TIM20_BRK_IRQHandler
                0x0000000008001064                I2C2_ER_IRQHandler
                0x0000000008001064                TIM8_BRK_IRQHandler
                0x0000000008001064                FLASH_IRQHandler
                0x0000000008001064                TIM20_CC_IRQHandler
                0x0000000008001064                BusFault_Handler
                0x0000000008001064                SPI3_IRQHandler
                0x0000000008001064                DMA2_CH3_IRQHandler
                0x0000000008001064                DMA2_CH2_IRQHandler
                0x0000000008001064                I2C1_ER_IRQHandler
                0x0000000008001064                FMC_IRQHandler
                0x0000000008001064                DMA1_CH5_IRQHandler
                0x0000000008001064                DMA2_CH4_IRQHandler
                0x0000000008001064                USB_WKUP_IRQHandler
                0x0000000008001064                EXTI2_TSC_IRQHandler
                0x0000000008001064                TIM1_BRK_TIM15_IRQHandler
 *fill*         0x0000000008001066        0x2 
 .text.__libc_init_array
                0x0000000008001068       0x48 C:/ST/STM32CubeIDE_1.13.1/STM32CubeIDE/plugins/com.st.stm32cube.ide.mcu.externaltools.gnu-tools-for-stm32.11.3.rel1.win32_1.1.0.202305231506/tools/bin/../lib/gcc/arm-none-eabi/11.3.1/../../../../arm-none-eabi/lib/thumb/v7e-m+fp/hard\libc_nano.a(libc_a-init.o)
                0x0000000008001068                __libc_init_array
 *(.glue_7)
 .glue_7        0x00000000080010b0        0x0 linker stubs
 *(.glue_7t)
 .glue_7t       0x00000000080010b0        0x0 linker stubs
 *(.eh_frame)
 .eh_frame      0x00000000080010b0        0x0 C:/ST/STM32CubeIDE_1.13.1/STM32CubeIDE/plugins/com.st.stm32cube.ide.mcu.externaltools.gnu-tools-for-stm32.11.3.rel1.win32_1.1.0.202305231506/tools/bin/../lib/gcc/arm-none-eabi/11.3.1/thumb/v7e-m+fp/hard/crtbegin.o
 *(.init)
 .init          0x00000000080010b0        0x4 C:/ST/STM32CubeIDE_1.13.1/STM32CubeIDE/plugins/com.st.stm32cube.ide.mcu.externaltools.gnu-tools-for-stm32.11.3.rel1.win32_1.1.0.202305231506/tools/bin/../lib/gcc/arm-none-eabi/11.3.1/thumb/v7e-m+fp/hard/crti.o
                0x00000000080010b0                _init
 .init          0x00000000080010b4        0x8 C:/ST/STM32CubeIDE_1.13.1/STM32CubeIDE/plugins/com.st.stm32cube.ide.mcu.externaltools.gnu-tools-for-stm32.11.3.rel1.win32_1.1.0.202305231506/tools/bin/../lib/gcc/arm-none-eabi/11.3.1/thumb/v7e-m+fp/hard/crtn.o
 *(.fini)
 .fini          0x00000000080010bc        0x4 C:/ST/STM32CubeIDE_1.13.1/STM32CubeIDE/plugins/com.st.stm32cube.ide.mcu.externaltools.gnu-tools-for-stm32.11.3.rel1.win32_1.1.0.202305231506/tools/bin/../lib/gcc/arm-none-eabi/11.3.1/thumb/v7e-m+fp/hard/crti.o
                0x00000000080010bc                _fini
 .fini          0x00000000080010c0        0x8 C:/ST/STM32CubeIDE_1.13.1/STM32CubeIDE/plugins/com.st.stm32cube.ide.mcu.externaltools.gnu-tools-for-stm32.11.3.rel1.win32_1.1.0.202305231506/tools/bin/../lib/gcc/arm-none-eabi/11.3.1/thumb/v7e-m+fp/hard/crtn.o
                0x00000000080010c8                . = ALIGN (0x4)
                0x00000000080010c8                _etext = .

.vfp11_veneer   0x00000000080010c8        0x0
 .vfp11_veneer  0x00000000080010c8        0x0 linker stubs

.v4_bx          0x00000000080010c8        0x0
 .v4_bx         0x00000000080010c8        0x0 linker stubs

.iplt           0x00000000080010c8        0x0
 .iplt          0x00000000080010c8        0x0 C:/ST/STM32CubeIDE_1.13.1/STM32CubeIDE/plugins/com.st.stm32cube.ide.mcu.externaltools.gnu-tools-for-stm32.11.3.rel1.win32_1.1.0.202305231506/tools/bin/../lib/gcc/arm-none-eabi/11.3.1/thumb/v7e-m+fp/hard/crtbegin.o

.rodata         0x00000000080010c8       0xa4
                0x00000000080010c8                . = ALIGN (0x4)
 *(.rodata)
 .rodata        0x00000000080010c8       0xa0 ./Src/gpio.o
 .rodata        0x0000000008001168        0x3 ./Src/main.o
 *(.rodata*)
                0x000000000800116c                . = ALIGN (0x4)
 *fill*         0x000000000800116b        0x1 

.rel.dyn        0x000000000800116c        0x0
 .rel.iplt      0x000000000800116c        0x0 C:/ST/STM32CubeIDE_1.13.1/STM32CubeIDE/plugins/com.st.stm32cube.ide.mcu.externaltools.gnu-tools-for-stm32.11.3.rel1.win32_1.1.0.202305231506/tools/bin/../lib/gcc/arm-none-eabi/11.3.1/thumb/v7e-m+fp/hard/crtbegin.o

.ARM.extab      0x000000000800116c        0x0
                0x000000000800116c                . = ALIGN (0x4)
 *(.ARM.extab* .gnu.linkonce.armextab.*)
                0x000000000800116c                . = ALIGN (0x4)

.ARM            0x000000000800116c        0x0
                0x000000000800116c                . = ALIGN (0x4)
                0x000000000800116c                __exidx_start = .
 *(.ARM.exidx*)
                0x000000000800116c                __exidx_end = .
                0x000000000800116c                . = ALIGN (0x4)

.preinit_array  0x000000000800116c        0x0
                0x000000000800116c                . = ALIGN (0x4)
                0x000000000800116c                PROVIDE (__preinit_array_start = .)
 *(.preinit_array*)
                0x000000000800116c                PROVIDE (__preinit_array_end = .)
                0x000000000800116c                . = ALIGN (0x4)

.init_array     0x000000000800116c        0x4
                0x000000000800116c                . = ALIGN (0x4)
                0x000000000800116c                PROVIDE (__init_array_start = .)
 *(SORT_BY_NAME(.init_array.*))
 *(.init_array*)
 .init_array    0x000000000800116c        0x4 C:/ST/STM32CubeIDE_1.13.1/STM32CubeIDE/plugins/com.st.stm32cube.ide.mcu.externaltools.gnu-tools-for-stm32.11.3.rel1.win32_1.1.0.202305231506/tools/bin/../lib/gcc/arm-none-eabi/11.3.1/thumb/v7e-m+fp/hard/crtbegin.o
                0x0000000008001170                PROVIDE (__init_array_end = .)
                0x0000000008001170                . = ALIGN (0x4)

.fini_array     0x0000000008001170        0x4
                0x0000000008001170                . = ALIGN (0x4)
                [!provide]                        PROVIDE (__fini_array_start = .)
 *(SORT_BY_NAME(.fini_array.*))
 *(.fini_array*)
 .fini_array    0x0000000008001170        0x4 C:/ST/STM32CubeIDE_1.13.1/STM32CubeIDE/plugins/com.st.stm32cube.ide.mcu.externaltools.gnu-tools-for-stm32.11.3.rel1.win32_1.1.0.202305231506/tools/bin/../lib/gcc/arm-none-eabi/11.3.1/thumb/v7e-m+fp/hard/crtbegin.o
                [!provide]                        PROVIDE (__fini_array_end = .)
                0x0000000008001174                . = ALIGN (0x4)
                0x0000000008001174                _sidata = LOADADDR (.data)

.data           0x0000000020000000       0x28 load address 0x0000000008001174
                0x0000000020000000                . = ALIGN (0x4)
                0x0000000020000000                _sdata = .
 *(.data)
 *(.data*)
 .data.Address  0x0000000020000000        0x4 ./Src/Parse.o
                0x0000000020000000                Address
 .data.arr_Bases
                0x0000000020000004        0xc ./Src/USART.o
                0x0000000020000004                arr_Bases
 .data.u8BLWriteReq
                0x0000000020000010        0x1 ./Src/main.o
                0x0000000020000010                u8BLWriteReq
 *fill*         0x0000000020000011        0x3 
 .data.UART     0x0000000020000014        0xa ./Src/main.o
                0x0000000020000014                UART
 *fill*         0x000000002000001e        0x2 
 .data.UART_PIN_TX
                0x0000000020000020        0x4 ./Src/main.o
                0x0000000020000020                UART_PIN_TX
 .data.UART_PIN_RX
                0x0000000020000024        0x4 ./Src/main.o
                0x0000000020000024                UART_PIN_RX
 *(.RamFunc)
 *(.RamFunc*)
                0x0000000020000028                . = ALIGN (0x4)
                0x0000000020000028                _edata = .
                0x000000000800119c                _siccmram = LOADADDR (.ccmram)

.igot.plt       0x0000000020000028        0x0 load address 0x000000000800119c
 .igot.plt      0x0000000020000028        0x0 C:/ST/STM32CubeIDE_1.13.1/STM32CubeIDE/plugins/com.st.stm32cube.ide.mcu.externaltools.gnu-tools-for-stm32.11.3.rel1.win32_1.1.0.202305231506/tools/bin/../lib/gcc/arm-none-eabi/11.3.1/thumb/v7e-m+fp/hard/crtbegin.o

.ccmram         0x0000000010000000        0x0 load address 0x000000000800119c
                0x0000000010000000                . = ALIGN (0x4)
                0x0000000010000000                _sccmram = .
 *(.ccmram)
 *(.ccmram*)
                0x0000000010000000                . = ALIGN (0x4)
                0x0000000010000000                _eccmram = .
                0x0000000010000000                . = ALIGN (0x4)

.bss            0x0000000020000028      0x158
                0x0000000020000028                _sbss = .
                0x0000000020000028                __bss_start__ = _sbss
 *(.bss)
 .bss           0x0000000020000028       0x1c C:/ST/STM32CubeIDE_1.13.1/STM32CubeIDE/plugins/com.st.stm32cube.ide.mcu.externaltools.gnu-tools-for-stm32.11.3.rel1.win32_1.1.0.202305231506/tools/bin/../lib/gcc/arm-none-eabi/11.3.1/thumb/v7e-m+fp/hard/crtbegin.o
 *(.bss*)
 .bss.Data      0x0000000020000044       0xc8 ./Src/Parse.o
                0x0000000020000044                Data
 .bss.MSTK_CallBack
                0x000000002000010c        0x4 ./Src/STK_program.o
 .bss.MSTK_u8ModeOfInterval
                0x0000000020000110        0x1 ./Src/STK_program.o
 *fill*         0x0000000020000111        0x3 
 .bss.u8RecBuffer
                0x0000000020000114       0x64 ./Src/main.o
                0x0000000020000114                u8RecBuffer
 .bss.u8RecCounter
                0x0000000020000178        0x1 ./Src/main.o
                0x0000000020000178                u8RecCounter
 .bss.u8TimeOutFlag
                0x0000000020000179        0x1 ./Src/main.o
                0x0000000020000179                u8TimeOutFlag
 *fill*         0x000000002000017a        0x2 
 .bss.addr_to_call
                0x000000002000017c        0x4 ./Src/main.o
                0x000000002000017c                addr_to_call
 *(COMMON)
                0x0000000020000180                . = ALIGN (0x4)
                0x0000000020000180                _ebss = .
                0x0000000020000180                __bss_end__ = _ebss

._user_heap_stack
                0x0000000020000180      0x600
                0x0000000020000180                . = ALIGN (0x8)
                [!provide]                        PROVIDE (end = .)
                0x0000000020000180                PROVIDE (_end = .)
                0x0000000020000380                . = (. + _Min_Heap_Size)
 *fill*         0x0000000020000180      0x200 
                0x0000000020000780                . = (. + _Min_Stack_Size)
 *fill*         0x0000000020000380      0x400 
                0x0000000020000780                . = ALIGN (0x8)

/DISCARD/
 libc.a(*)
 libm.a(*)
 libgcc.a(*)

.ARM.attributes
                0x0000000000000000       0x30
 *(.ARM.attributes)
 .ARM.attributes
                0x0000000000000000       0x1e C:/ST/STM32CubeIDE_1.13.1/STM32CubeIDE/plugins/com.st.stm32cube.ide.mcu.externaltools.gnu-tools-for-stm32.11.3.rel1.win32_1.1.0.202305231506/tools/bin/../lib/gcc/arm-none-eabi/11.3.1/thumb/v7e-m+fp/hard/crti.o
 .ARM.attributes
                0x000000000000001e       0x34 C:/ST/STM32CubeIDE_1.13.1/STM32CubeIDE/plugins/com.st.stm32cube.ide.mcu.externaltools.gnu-tools-for-stm32.11.3.rel1.win32_1.1.0.202305231506/tools/bin/../lib/gcc/arm-none-eabi/11.3.1/thumb/v7e-m+fp/hard/crtbegin.o
 .ARM.attributes
                0x0000000000000052       0x34 ./Src/FPEC_program.o
 .ARM.attributes
                0x0000000000000086       0x34 ./Src/Parse.o
 .ARM.attributes
                0x00000000000000ba       0x34 ./Src/RCC.o
 .ARM.attributes
                0x00000000000000ee       0x34 ./Src/STK_program.o
 .ARM.attributes
                0x0000000000000122       0x34 ./Src/USART.o
 .ARM.attributes
                0x0000000000000156       0x34 ./Src/gpio.o
 .ARM.attributes
                0x000000000000018a       0x34 ./Src/main.o
 .ARM.attributes
                0x00000000000001be       0x21 ./Startup/startup_stm32f303retx.o
 .ARM.attributes
                0x00000000000001df       0x34 C:/ST/STM32CubeIDE_1.13.1/STM32CubeIDE/plugins/com.st.stm32cube.ide.mcu.externaltools.gnu-tools-for-stm32.11.3.rel1.win32_1.1.0.202305231506/tools/bin/../lib/gcc/arm-none-eabi/11.3.1/../../../../arm-none-eabi/lib/thumb/v7e-m+fp/hard\libc_nano.a(libc_a-init.o)
 .ARM.attributes
                0x0000000000000213       0x1e C:/ST/STM32CubeIDE_1.13.1/STM32CubeIDE/plugins/com.st.stm32cube.ide.mcu.externaltools.gnu-tools-for-stm32.11.3.rel1.win32_1.1.0.202305231506/tools/bin/../lib/gcc/arm-none-eabi/11.3.1/thumb/v7e-m+fp/hard/crtn.o
OUTPUT(Nucleo_Bootloader.elf elf32-littlearm)
LOAD linker stubs
LOAD C:/ST/STM32CubeIDE_1.13.1/STM32CubeIDE/plugins/com.st.stm32cube.ide.mcu.externaltools.gnu-tools-for-stm32.11.3.rel1.win32_1.1.0.202305231506/tools/bin/../lib/gcc/arm-none-eabi/11.3.1/../../../../arm-none-eabi/lib/thumb/v7e-m+fp/hard\libc.a
LOAD C:/ST/STM32CubeIDE_1.13.1/STM32CubeIDE/plugins/com.st.stm32cube.ide.mcu.externaltools.gnu-tools-for-stm32.11.3.rel1.win32_1.1.0.202305231506/tools/bin/../lib/gcc/arm-none-eabi/11.3.1/../../../../arm-none-eabi/lib/thumb/v7e-m+fp/hard\libm.a
LOAD C:/ST/STM32CubeIDE_1.13.1/STM32CubeIDE/plugins/com.st.stm32cube.ide.mcu.externaltools.gnu-tools-for-stm32.11.3.rel1.win32_1.1.0.202305231506/tools/bin/../lib/gcc/arm-none-eabi/11.3.1/thumb/v7e-m+fp/hard\libgcc.a

.comment        0x0000000000000000       0x43
 .comment       0x0000000000000000       0x43 C:/ST/STM32CubeIDE_1.13.1/STM32CubeIDE/plugins/com.st.stm32cube.ide.mcu.externaltools.gnu-tools-for-stm32.11.3.rel1.win32_1.1.0.202305231506/tools/bin/../lib/gcc/arm-none-eabi/11.3.1/thumb/v7e-m+fp/hard/crtbegin.o
                                         0x44 (size before relaxing)
 .comment       0x0000000000000043       0x44 ./Src/FPEC_program.o
 .comment       0x0000000000000043       0x44 ./Src/Parse.o
 .comment       0x0000000000000043       0x44 ./Src/RCC.o
 .comment       0x0000000000000043       0x44 ./Src/STK_program.o
 .comment       0x0000000000000043       0x44 ./Src/USART.o
 .comment       0x0000000000000043       0x44 ./Src/gpio.o
 .comment       0x0000000000000043       0x44 ./Src/main.o

.debug_info     0x0000000000000000     0x1842
 .debug_info    0x0000000000000000      0x1c6 ./Src/FPEC_program.o
 .debug_info    0x00000000000001c6      0x213 ./Src/Parse.o
 .debug_info    0x00000000000003d9      0x1c7 ./Src/RCC.o
 .debug_info    0x00000000000005a0      0x218 ./Src/STK_program.o
 .debug_info    0x00000000000007b8      0x3e6 ./Src/USART.o
 .debug_info    0x0000000000000b9e      0x6f9 ./Src/gpio.o
 .debug_info    0x0000000000001297      0x588 ./Src/main.o
 .debug_info    0x000000000000181f       0x23 ./Startup/startup_stm32f303retx.o

.debug_abbrev   0x0000000000000000      0x8c9
 .debug_abbrev  0x0000000000000000       0xfc ./Src/FPEC_program.o
 .debug_abbrev  0x00000000000000fc      0x113 ./Src/Parse.o
 .debug_abbrev  0x000000000000020f       0xce ./Src/RCC.o
 .debug_abbrev  0x00000000000002dd      0x12c ./Src/STK_program.o
 .debug_abbrev  0x0000000000000409      0x1e2 ./Src/USART.o
 .debug_abbrev  0x00000000000005eb      0x175 ./Src/gpio.o
 .debug_abbrev  0x0000000000000760      0x157 ./Src/main.o
 .debug_abbrev  0x00000000000008b7       0x12 ./Startup/startup_stm32f303retx.o

.debug_aranges  0x0000000000000000      0x1f8
 .debug_aranges
                0x0000000000000000       0x30 ./Src/FPEC_program.o
 .debug_aranges
                0x0000000000000030       0x38 ./Src/Parse.o
 .debug_aranges
                0x0000000000000068       0x30 ./Src/RCC.o
 .debug_aranges
                0x0000000000000098       0x58 ./Src/STK_program.o
 .debug_aranges
                0x00000000000000f0       0x58 ./Src/USART.o
 .debug_aranges
                0x0000000000000148       0x60 ./Src/gpio.o
 .debug_aranges
                0x00000000000001a8       0x28 ./Src/main.o
 .debug_aranges
                0x00000000000001d0       0x28 ./Startup/startup_stm32f303retx.o

.debug_rnglists
                0x0000000000000000      0x15e
 .debug_rnglists
                0x0000000000000000       0x21 ./Src/FPEC_program.o
 .debug_rnglists
                0x0000000000000021       0x26 ./Src/Parse.o
 .debug_rnglists
                0x0000000000000047       0x1f ./Src/RCC.o
 .debug_rnglists
                0x0000000000000066       0x3d ./Src/STK_program.o
 .debug_rnglists
                0x00000000000000a3       0x3e ./Src/USART.o
 .debug_rnglists
                0x00000000000000e1       0x4a ./Src/gpio.o
 .debug_rnglists
                0x000000000000012b       0x1a ./Src/main.o
 .debug_rnglists
                0x0000000000000145       0x19 ./Startup/startup_stm32f303retx.o

.debug_macro    0x0000000000000000     0x18da
 .debug_macro   0x0000000000000000       0x40 ./Src/FPEC_program.o
 .debug_macro   0x0000000000000040      0xaae ./Src/FPEC_program.o
 .debug_macro   0x0000000000000aee       0xa6 ./Src/FPEC_program.o
 .debug_macro   0x0000000000000b94       0x22 ./Src/FPEC_program.o
 .debug_macro   0x0000000000000bb6       0x16 ./Src/FPEC_program.o
 .debug_macro   0x0000000000000bcc       0x2d ./Src/Parse.o
 .debug_macro   0x0000000000000bf9       0x44 ./Src/RCC.o
 .debug_macro   0x0000000000000c3d       0xa0 ./Src/RCC.o
 .debug_macro   0x0000000000000cdd       0x3f ./Src/STK_program.o
 .debug_macro   0x0000000000000d1c       0x28 ./Src/STK_program.o
 .debug_macro   0x0000000000000d44       0x10 ./Src/STK_program.o
 .debug_macro   0x0000000000000d54       0x49 ./Src/USART.o
 .debug_macro   0x0000000000000d9d       0xd6 ./Src/USART.o
 .debug_macro   0x0000000000000e73       0x1c ./Src/USART.o
 .debug_macro   0x0000000000000e8f       0x43 ./Src/gpio.o
 .debug_macro   0x0000000000000ed2       0x58 ./Src/gpio.o
 .debug_macro   0x0000000000000f2a      0x334 ./Src/gpio.o
 .debug_macro   0x000000000000125e       0xb9 ./Src/main.o
 .debug_macro   0x0000000000001317       0x22 ./Src/main.o
 .debug_macro   0x0000000000001339       0x8e ./Src/main.o
 .debug_macro   0x00000000000013c7       0x51 ./Src/main.o
 .debug_macro   0x0000000000001418      0x103 ./Src/main.o
 .debug_macro   0x000000000000151b       0x6a ./Src/main.o
 .debug_macro   0x0000000000001585      0x1df ./Src/main.o
 .debug_macro   0x0000000000001764       0x9a ./Src/main.o
 .debug_macro   0x00000000000017fe       0xdc ./Src/main.o

.debug_line     0x0000000000000000     0x1159
 .debug_line    0x0000000000000000      0x19f ./Src/FPEC_program.o
 .debug_line    0x000000000000019f      0x1ed ./Src/Parse.o
 .debug_line    0x000000000000038c       0xf3 ./Src/RCC.o
 .debug_line    0x000000000000047f      0x1dd ./Src/STK_program.o
 .debug_line    0x000000000000065c      0x2a5 ./Src/USART.o
 .debug_line    0x0000000000000901      0x2f1 ./Src/gpio.o
 .debug_line    0x0000000000000bf2      0x4ec ./Src/main.o
 .debug_line    0x00000000000010de       0x7b ./Startup/startup_stm32f303retx.o

.debug_str      0x0000000000000000     0x6f02
 .debug_str     0x0000000000000000     0x3395 ./Src/FPEC_program.o
                                       0x3425 (size before relaxing)
 .debug_str     0x0000000000003395       0xb9 ./Src/Parse.o
                                       0x33e3 (size before relaxing)
 .debug_str     0x000000000000344e      0x256 ./Src/RCC.o
                                       0x3554 (size before relaxing)
 .debug_str     0x00000000000036a4      0x206 ./Src/STK_program.o
                                       0x34ff (size before relaxing)
 .debug_str     0x00000000000038aa      0x4a2 ./Src/USART.o
                                       0x37ac (size before relaxing)
 .debug_str     0x0000000000003d4c     0x2301 ./Src/gpio.o
                                       0x5607 (size before relaxing)
 .debug_str     0x000000000000604d      0xe86 ./Src/main.o
                                       0x4bcd (size before relaxing)
 .debug_str     0x0000000000006ed3       0x2f ./Startup/startup_stm32f303retx.o
                                         0x76 (size before relaxing)

.debug_frame    0x0000000000000000      0x62c
 .debug_frame   0x0000000000000000       0x80 ./Src/FPEC_program.o
 .debug_frame   0x0000000000000080       0xa8 ./Src/Parse.o
 .debug_frame   0x0000000000000128       0x88 ./Src/RCC.o
 .debug_frame   0x00000000000001b0      0x13c ./Src/STK_program.o
 .debug_frame   0x00000000000002ec      0x128 ./Src/USART.o
 .debug_frame   0x0000000000000414      0x19c ./Src/gpio.o
 .debug_frame   0x00000000000005b0       0x50 ./Src/main.o
 .debug_frame   0x0000000000000600       0x2c C:/ST/STM32CubeIDE_1.13.1/STM32CubeIDE/plugins/com.st.stm32cube.ide.mcu.externaltools.gnu-tools-for-stm32.11.3.rel1.win32_1.1.0.202305231506/tools/bin/../lib/gcc/arm-none-eabi/11.3.1/../../../../arm-none-eabi/lib/thumb/v7e-m+fp/hard\libc_nano.a(libc_a-init.o)

.debug_line_str
                0x0000000000000000       0x6a
 .debug_line_str
                0x0000000000000000       0x6a ./Startup/startup_stm32f303retx.o
                                         0x82 (size before relaxing)
