Component: Arm Compiler for Embedded 6.19 Tool: armlink [5e73cb00]

==============================================================================

Section Cross References

    main.o(.text.Motor_SetDirectionT) refers to tasks.o(.text.vTaskDelay) for vTaskDelay
    main.o(.text.Motor_SetDirectionT) refers to main.o(.data.Global_u16Distance) for Global_u16Distance
    main.o(.text.Motor_SetDirectionT) refers to main.o(.data.Global_u32Direction) for Global_u32Direction
    main.o(.text.Motor_SetDirectionT) refers to motor.o(.text.DCmotor_frontMove) for DCmotor_frontMove
    main.o(.text.Motor_SetDirectionT) refers to motor.o(.text.DCmotor_backMove) for DCmotor_backMove
    main.o(.text.Motor_SetDirectionT) refers to motor.o(.text.DCmotor_rightMove) for DCmotor_rightMove
    main.o(.text.Motor_SetDirectionT) refers to motor.o(.text.DCmotor_leftMove) for DCmotor_leftMove
    main.o(.text.Motor_SetDirectionT) refers to motor.o(.text.DCmotor_stop) for DCmotor_stop
    main.o(.ARM.exidx.text.Motor_SetDirectionT) refers to main.o(.text.Motor_SetDirectionT) for [Anonymous Symbol]
    main.o(.text.BLE_GetDirectionT) refers to main.o(.data.Global_u32Direction) for Global_u32Direction
    main.o(.text.BLE_GetDirectionT) refers to ble.o(.text.HBLE_VGetKey) for HBLE_VGetKey
    main.o(.text.BLE_GetDirectionT) refers to tasks.o(.text.vTaskDelay) for vTaskDelay
    main.o(.ARM.exidx.text.BLE_GetDirectionT) refers to main.o(.text.BLE_GetDirectionT) for [Anonymous Symbol]
    main.o(.text.US_GetDistanceT) refers to us.o(.text.US_voidUltraSonicStart) for US_voidUltraSonicStart
    main.o(.text.US_GetDistanceT) refers to tasks.o(.text.vTaskDelay) for vTaskDelay
    main.o(.text.US_GetDistanceT) refers to main.o(.bss.US_GetDistanceT.Local_Dist) for US_GetDistanceT.Local_Dist
    main.o(.text.US_GetDistanceT) refers to us.o(.text.US_voidGetUSSensorDistanceTask) for US_voidGetUSSensorDistanceTask
    main.o(.text.US_GetDistanceT) refers to main.o(.data.Global_u16Distance) for Global_u16Distance
    main.o(.text.US_GetDistanceT) refers to gpio.o(.text.GPIO_writePin) for GPIO_writePin
    main.o(.ARM.exidx.text.US_GetDistanceT) refers to main.o(.text.US_GetDistanceT) for [Anonymous Symbol]
    main.o(.text.main) refers to rcc.o(.text.RCC_voidEnablePeripheral) for RCC_voidEnablePeripheral
    main.o(.text.main) refers to motor.o(.text.DCmotor_Init) for DCmotor_Init
    main.o(.text.main) refers to us.o(.text.US_voidInit) for US_voidInit
    main.o(.text.main) refers to ble.o(.text.HBLE_VInit) for HBLE_VInit
    main.o(.text.main) refers to main.o(.bss.SetDirectionH) for SetDirectionH
    main.o(.text.main) refers to main.o(.text.Motor_SetDirectionT) for Motor_SetDirectionT
    main.o(.text.main) refers to main.o(.rodata.str1.1) for .L.str
    main.o(.text.main) refers to tasks.o(.text.xTaskCreate) for xTaskCreate
    main.o(.text.main) refers to main.o(.text.BLE_GetDirectionT) for BLE_GetDirectionT
    main.o(.text.main) refers to tasks.o(.text.vTaskStartScheduler) for vTaskStartScheduler
    main.o(.ARM.exidx.text.main) refers to main.o(.text.main) for [Anonymous Symbol]
    rcc.o(.ARM.exidx.text.RCC_voidInitSYSCLK) refers to rcc.o(.text.RCC_voidInitSYSCLK) for [Anonymous Symbol]
    rcc.o(.ARM.exidx.text.RCC_voidEnablePeripheral) refers to rcc.o(.text.RCC_voidEnablePeripheral) for [Anonymous Symbol]
    rcc.o(.ARM.exidx.text.RCC_voidDisablePeripheral) refers to rcc.o(.text.RCC_voidDisablePeripheral) for [Anonymous Symbol]
    gpio.o(.text.GPIO_init) refers to gpio.o(.rodata.cst32) for .L__const.GPIO_init.LOC_ptr2GPIOx
    gpio.o(.text.GPIO_init) refers to gpio.o(.rodata..L__const.GPIO_init.LOC_pinsConfigurations) for .L__const.GPIO_init.LOC_pinsConfigurations
    gpio.o(.text.GPIO_init) refers to rt_memcpy_v6.o(.text) for __aeabi_memcpy
    gpio.o(.text.GPIO_init) refers to gpio.o(.text.GPIO_configurePin) for GPIO_configurePin
    gpio.o(.ARM.exidx.text.GPIO_init) refers to gpio.o(.text.GPIO_init) for [Anonymous Symbol]
    gpio.o(.text.GPIO_configurePin) refers to gpio.o(.rodata.cst32) for .L__const.GPIO_configurePin.LOC_ptr2GPIOx
    gpio.o(.ARM.exidx.text.GPIO_configurePin) refers to gpio.o(.text.GPIO_configurePin) for [Anonymous Symbol]
    gpio.o(.text.GPIO_writePin) refers to gpio.o(.rodata.cst32) for .L__const.GPIO_writePin.LOC_ptr2GPIOx
    gpio.o(.ARM.exidx.text.GPIO_writePin) refers to gpio.o(.text.GPIO_writePin) for [Anonymous Symbol]
    gpio.o(.text.GPIO_writePort) refers to gpio.o(.rodata.cst32) for .L__const.GPIO_writePort.LOC_ptr2GPIOx
    gpio.o(.ARM.exidx.text.GPIO_writePort) refers to gpio.o(.text.GPIO_writePort) for [Anonymous Symbol]
    gpio.o(.text.GPIO_readPin) refers to gpio.o(.rodata.cst32) for .L__const.GPIO_readPin.LOC_ptr2GPIOx
    gpio.o(.ARM.exidx.text.GPIO_readPin) refers to gpio.o(.text.GPIO_readPin) for [Anonymous Symbol]
    gpio.o(.text.GPIO_readPort) refers to gpio.o(.rodata.cst32) for .L__const.GPIO_readPort.LOC_ptr2GPIOx
[...]
    [Anonymous Symbol]                       0x080013f8   Section        0  pwm.o(.text.PWM_enu_Init)
    [Anonymous Symbol]                       0x08001790   Section        0  pwm.o(.text.PWM_enu_SetDutyCycle)
    [Anonymous Symbol]                       0x08001890   Section        0  port.o(.text.PendSV_Handler)
    pxCurrentTCBConst                        0x080018f0   Number         0  port.o(.text.PendSV_Handler)
    [Anonymous Symbol]                       0x080018f4   Section        0  rcc.o(.text.RCC_voidEnablePeripheral)
    [Anonymous Symbol]                       0x08001970   Section        0  port.o(.text.SVC_Handler)
    pxCurrentTCBConst2                       0x08001990   Number         0  port.o(.text.SVC_Handler)
    [Anonymous Symbol]                       0x08001994   Section        0  cmsis_os2.o(.text.SysTick_Handler)
    [Anonymous Symbol]                       0x080019b4   Section        0  system_stm32f3xx.o(.text.SystemInit)
    [Anonymous Symbol]                       0x080019c8   Section        0  usart.o(.text.USART1_IRQHandler)
    [Anonymous Symbol]                       0x08001a04   Section        0  us.o(.text.US_voidInit)
    __tagsym$$used.1                         0x08001a5c   Number         0  clib_arm.o(.text._mutex_acquire)
    [Anonymous Symbol]                       0x08001a5c   Section        0  clib_arm.o(.text._mutex_acquire)
    __tagsym$$used.3                         0x08001a84   Number         0  clib_arm.o(.text._mutex_free)
    [Anonymous Symbol]                       0x08001a84   Section        0  clib_arm.o(.text._mutex_free)
    __tagsym$$used.0                         0x08001ad8   Number         0  clib_arm.o(.text._mutex_initialize)
    [Anonymous Symbol]                       0x08001ad8   Section        0  clib_arm.o(.text._mutex_initialize)
    __tagsym$$used.2                         0x08001b80   Number         0  clib_arm.o(.text._mutex_release)
    [Anonymous Symbol]                       0x08001b80   Section        0  clib_arm.o(.text._mutex_release)
    [Anonymous Symbol]                       0x08001bac   Section        0  clib_arm.o(.text._platform_post_stackheap_init)
    is_thread_mode                           0x08001bb1   Thumb Code    32  clib_arm.o(.text.is_thread_mode)
    [Anonymous Symbol]                       0x08001bb0   Section        0  clib_arm.o(.text.is_thread_mode)
    [Anonymous Symbol]                       0x08001bd0   Section        0  main.o(.text.main)
    os_kernel_is_active                      0x08001c65   Thumb Code    32  clib_arm.o(.text.os_kernel_is_active)
    [Anonymous Symbol]                       0x08001c64   Section        0  clib_arm.o(.text.os_kernel_is_active)
    prvAddCurrentTaskToDelayedList           0x08001c85   Thumb Code   250  tasks.o(.text.prvAddCurrentTaskToDelayedList)
    [Anonymous Symbol]                       0x08001c84   Section        0  tasks.o(.text.prvAddCurrentTaskToDelayedList)
    prvAddNewTaskToReadyList                 0x08001d81   Thumb Code   330  tasks.o(.text.prvAddNewTaskToReadyList)
    [Anonymous Symbol]                       0x08001d80   Section        0  tasks.o(.text.prvAddNewTaskToReadyList)
    prvCheckForValidListAndQueue             0x08001ecd   Thumb Code   126  timers.o(.text.prvCheckForValidListAndQueue)
    [Anonymous Symbol]                       0x08001ecc   Section        0  timers.o(.text.prvCheckForValidListAndQueue)
    prvCheckTasksWaitingTermination          0x08001f4d   Thumb Code    90  tasks.o(.text.prvCheckTasksWaitingTermination)
    [Anonymous Symbol]                       0x08001f4c   Section        0  tasks.o(.text.prvCheckTasksWaitingTermination)
    prvCopyDataFromQueue                     0x08001fa9   Thumb Code    66  queue.o(.text.prvCopyDataFromQueue)
    [Anonymous Symbol]                       0x08001fa8   Section        0  queue.o(.text.prvCopyDataFromQueue)
    prvCopyDataToQueue                       0x08001fed   Thumb Code   204  queue.o(.text.prvCopyDataToQueue)
    [Anonymous Symbol]                       0x08001fec   Section        0  queue.o(.text.prvCopyDataToQueue)
    prvDeleteTCB                             0x080020b9   Thumb Code    60  tasks.o(.text.prvDeleteTCB)
    [Anonymous Symbol]                       0x080020b8   Section        0  tasks.o(.text.prvDeleteTCB)
    prvGetDisinheritPriorityAfterTimeout     0x080020f5   Thumb Code    38  queue.o(.text.prvGetDisinheritPriorityAfterTimeout)
    [Anonymous Symbol]                       0x080020f4   Section        0  queue.o(.text.prvGetDisinheritPriorityAfterTimeout)
    prvGetNextExpireTime                     0x0800211d   Thumb Code    64  timers.o(.text.prvGetNextExpireTime)
    [Anonymous Symbol]                       0x0800211c   Section        0  timers.o(.text.prvGetNextExpireTime)
    prvHeapInit                              0x0800215d   Thumb Code   174  heap_4.o(.text.prvHeapInit)
    [Anonymous Symbol]                       0x0800215c   Section        0  heap_4.o(.text.prvHeapInit)
    prvIdleTask                              0x0800220d   Thumb Code    36  tasks.o(.text.prvIdleTask)
    [Anonymous Symbol]                       0x0800220c   Section        0  tasks.o(.text.prvIdleTask)
    prvInitialiseMutex                       0x08002231   Thumb Code    44  queue.o(.text.prvInitialiseMutex)
    [Anonymous Symbol]                       0x08002230   Section        0  queue.o(.text.prvInitialiseMutex)
    prvInitialiseNewQueue                    0x0800225d   Thumb Code    72  queue.o(.text.prvInitialiseNewQueue)
    [Anonymous Symbol]                       0x0800225c   Section        0  queue.o(.text.prvInitialiseNewQueue)
    prvInitialiseNewTask                     0x080022a5   Thumb Code   230  tasks.o(.text.prvInitialiseNewTask)
    [Anonymous Symbol]                       0x080022a4   Section        0  tasks.o(.text.prvInitialiseNewTask)
    prvInitialiseTaskLists                   0x0800238d   Thumb Code   142  tasks.o(.text.prvInitialiseTaskLists)
    [Anonymous Symbol]                       0x0800238c   Section        0  tasks.o(.text.prvInitialiseTaskLists)
    prvInsertBlockIntoFreeList               0x0800241d   Thumb Code   198  heap_4.o(.text.prvInsertBlockIntoFreeList)
    [Anonymous Symbol]                       0x0800241c   Section        0  heap_4.o(.text.prvInsertBlockIntoFreeList)
    prvInsertTimerInActiveList               0x080024e5   Thumb Code   134  timers.o(.text.prvInsertTimerInActiveList)
    [Anonymous Symbol]                       0x080024e4   Section        0  timers.o(.text.prvInsertTimerInActiveList)
    prvIsQueueEmpty                          0x0800256d   Thumb Code    40  queue.o(.text.prvIsQueueEmpty)
    [Anonymous Symbol]                       0x0800256c   Section        0  queue.o(.text.prvIsQueueEmpty)
    prvIsQueueFull                           0x08002595   Thumb Code    46  queue.o(.text.prvIsQueueFull)
    [Anonymous Symbol]                       0x08002594   Section        0  queue.o(.text.prvIsQueueFull)
    prvPortStartFirstTask                    0x080025c5   Thumb Code    40  port.o(.text.prvPortStartFirstTask)
    [Anonymous Symbol]                       0x080025c4   Section        0  port.o(.text.prvPortStartFirstTask)
    prvProcessExpiredTimer                   0x080025ed   Thumb Code    84  timers.o(.text.prvProcessExpiredTimer)
    [Anonymous Symbol]                       0x080025ec   Section        0  timers.o(.text.prvProcessExpiredTimer)
    prvProcessReceivedCommands               0x08002641   Thumb Code   324  timers.o(.text.prvProcessReceivedCommands)
    [Anonymous Symbol]                       0x08002640   Section        0  timers.o(.text.prvProcessReceivedCommands)
    prvProcessTimerOrBlockTask               0x08002785   Thumb Code   154  timers.o(.text.prvProcessTimerOrBlockTask)
    [Anonymous Symbol]                       0x08002784   Section        0  timers.o(.text.prvProcessTimerOrBlockTask)
    prvReloadTimer                           0x08002821   Thumb Code    52  timers.o(.text.prvReloadTimer)
    [Anonymous Symbol]                       0x08002820   Section        0  timers.o(.text.prvReloadTimer)
    prvResetNextTaskUnblockTime              0x08002855   Thumb Code    60  tasks.o(.text.prvResetNextTaskUnblockTime)
    [Anonymous Symbol]                       0x08002854   Section        0  tasks.o(.text.prvResetNextTaskUnblockTime)
    prvSampleTimeNow                         0x08002891   Thumb Code    68  timers.o(.text.prvSampleTimeNow)
    [Anonymous Symbol]                       0x08002890   Section        0  timers.o(.text.prvSampleTimeNow)
    prvSwitchTimerLists                      0x080028d5   Thumb Code    82  timers.o(.text.prvSwitchTimerLists)
    [Anonymous Symbol]                       0x080028d4   Section        0  timers.o(.text.prvSwitchTimerLists)
    prvTaskExitError                         0x08002929   Thumb Code    38  port.o(.text.prvTaskExitError)
    [Anonymous Symbol]                       0x08002928   Section        0  port.o(.text.prvTaskExitError)
    prvTimerTask                             0x08002951   Thumb Code    30  timers.o(.text.prvTimerTask)
    [Anonymous Symbol]                       0x08002950   Section        0  timers.o(.text.prvTimerTask)
    prvUnlockQueue                           0x08002971   Thumb Code   174  queue.o(.text.prvUnlockQueue)
    [Anonymous Symbol]                       0x08002970   Section        0  queue.o(.text.prvUnlockQueue)
    [Anonymous Symbol]                       0x08002a20   Section        0  heap_4.o(.text.pvPortMalloc)
    [Anonymous Symbol]                       0x08002ba8   Section        0  tasks.o(.text.pvTaskIncrementMutexHeldCount)
    [Anonymous Symbol]                       0x08002bd4   Section        0  port.o(.text.pxPortInitialiseStack)
    [Anonymous Symbol]                       0x08002c34   Section        0  list.o(.text.uxListRemove)
    [Anonymous Symbol]                       0x08002c7c   Section        0  cmsis_os2.o(.text.vApplicationGetIdleTaskMemory)
    [Anonymous Symbol]                       0x08002ca8   Section        0  cmsis_os2.o(.text.vApplicationGetTimerTaskMemory)
    [Anonymous Symbol]                       0x08002cd4   Section        0  cmsis_os2.o(.text.vApplicationStackOverflowHook)
    [Anonymous Symbol]                       0x08002ce0   Section        0  list.o(.text.vListInitialise)
    [Anonymous Symbol]                       0x08002d10   Section        0  list.o(.text.vListInitialiseItem)
    [Anonymous Symbol]                       0x08002d20   Section        0  list.o(.text.vListInsert)
    vPortEnableVFP                           0x08002d8d   Thumb Code    20  port.o(.text.vPortEnableVFP)
    [Anonymous Symbol]                       0x08002d8c   Section        0  port.o(.text.vPortEnableVFP)
    [Anonymous Symbol]                       0x08002da0   Section        0  port.o(.text.vPortEnterCritical)
    [Anonymous Symbol]                       0x08002dd0   Section        0  port.o(.text.vPortExitCritical)
    [Anonymous Symbol]                       0x08002df8   Section        0  heap_4.o(.text.vPortFree)
    [Anonymous Symbol]                       0x08002e70   Section        0  port.o(.text.vPortSetupTimerInterrupt)
    [Anonymous Symbol]                       0x08002eb4   Section        0  queue.o(.text.vQueueDelete)
    [Anonymous Symbol]                       0x08002ed8   Section        0  queue.o(.text.vQueueWaitForMessageRestricted)
    [Anonymous Symbol]                       0x08002f3c   Section        0  tasks.o(.text.vTaskDelay)
    [Anonymous Symbol]                       0x08002f88   Section        0  tasks.o(.text.vTaskInternalSetTimeOutState)
    [Anonymous Symbol]                       0x08002fac   Section        0  tasks.o(.text.vTaskMissedYield)
    [Anonymous Symbol]                       0x08002fbc   Section        0  tasks.o(.text.vTaskPlaceOnEventList)
    [Anonymous Symbol]                       0x08002fe4   Section        0  tasks.o(.text.vTaskPlaceOnEventListRestricted)
    [Anonymous Symbol]                       0x08003044   Section        0  tasks.o(.text.vTaskPriorityDisinheritAfterTimeout)
    [Anonymous Symbol]                       0x08003170   Section        0  tasks.o(.text.vTaskStartScheduler)
    [Anonymous Symbol]                       0x08003234   Section        0  tasks.o(.text.vTaskSuspendAll)
    __tagsym$$used.0                         0x08003244   Number         0  tasks.o(.text.vTaskSwitchContext)
    [Anonymous Symbol]                       0x08003244   Section        0  tasks.o(.text.vTaskSwitchContext)
    [Anonymous Symbol]                       0x08003348   Section        0  port.o(.text.xPortStartScheduler)
    [Anonymous Symbol]                       0x0800339c   Section        0  port.o(.text.xPortSysTickHandler)
    [Anonymous Symbol]                       0x080033d8   Section        0  queue.o(.text.xQueueCreateMutex)
    [Anonymous Symbol]                       0x08003400   Section        0  queue.o(.text.xQueueCreateMutexStatic)
    [Anonymous Symbol]                       0x08003434   Section        0  queue.o(.text.xQueueGenericCreate)
    [Anonymous Symbol]                       0x080034bc   Section        0  queue.o(.text.xQueueGenericCreateStatic)
    [Anonymous Symbol]                       0x08003528   Section        0  queue.o(.text.xQueueGenericReset)
    [Anonymous Symbol]                       0x080035e4   Section        0  queue.o(.text.xQueueGenericSend)
    [Anonymous Symbol]                       0x08003724   Section        0  queue.o(.text.xQueueReceive)
    [Anonymous Symbol]                       0x08003860   Section        0  queue.o(.text.xQueueSemaphoreTake)
    [Anonymous Symbol]                       0x080039e8   Section        0  tasks.o(.text.xTaskCheckForTimeOut)
    [Anonymous Symbol]                       0x08003a84   Section        0  tasks.o(.text.xTaskCreate)
    [Anonymous Symbol]                       0x08003b2c   Section        0  tasks.o(.text.xTaskCreateStatic)
    [Anonymous Symbol]                       0x08003ba8   Section        0  tasks.o(.text.xTaskGetSchedulerState)
    [Anonymous Symbol]                       0x08003be0   Section        0  tasks.o(.text.xTaskGetTickCount)
    [Anonymous Symbol]                       0x08003bf4   Section        0  tasks.o(.text.xTaskIncrementTick)
    [Anonymous Symbol]                       0x08003ddc   Section        0  tasks.o(.text.xTaskPriorityDisinherit)
    [Anonymous Symbol]                       0x08003ec4   Section        0  tasks.o(.text.xTaskPriorityInherit)
    [Anonymous Symbol]                       0x08004014   Section        0  tasks.o(.text.xTaskRemoveFromEventList)
    [Anonymous Symbol]                       0x08004190   Section        0  tasks.o(.text.xTaskResumeAll)
    [Anonymous Symbol]                       0x08004380   Section        0  timers.o(.text.xTimerCreateTimerTask)
    $v0                                      0x080043f8   Number         0  fpinit.o(x$fpl$fpinit)
    x$fpl$fpinit                             0x080043f8   Section       26  fpinit.o(x$fpl$fpinit)
    .L__const.GPIO_init.LOC_ptr2GPIOx        0x08004414   Data          32  gpio.o(.rodata.cst32)
    .L__const.GPIO_configurePin.LOC_ptr2GPIOx 0x08004434   Data          32  gpio.o(.rodata.cst32)
    .L__const.GPIO_writePin.LOC_ptr2GPIOx    0x08004454   Data          32  gpio.o(.rodata.cst32)
    .L__const.GPIO_writePort.LOC_ptr2GPIOx   0x08004474   Data          32  gpio.o(.rodata.cst32)
    .L__const.GPIO_readPin.LOC_ptr2GPIOx     0x08004494   Data          32  gpio.o(.rodata.cst32)
    .L__const.GPIO_readPort.LOC_ptr2GPIOx    0x080044b4   Data          32  gpio.o(.rodata.cst32)
    .L__const.GPIO_togglePin.LOC_ptr2GPIOx   0x080044d4   Data          32  gpio.o(.rodata.cst32)
    .L__const.GPIO_setPinFuction.LOC_ptr2GPIOx 0x080044f4   Data          32  gpio.o(.rodata.cst32)
    .L__const.GPIO_lockPin.LOC_ptr2GPIOx     0x08004514   Data          32  gpio.o(.rodata.cst32)
    .L.str.1                                 0x08004534   Data          18  main.o(.rodata.str1.1)
    [Anonymous Symbol]                       0x08004534   Section        0  main.o(.rodata.str1.1)
    .L.str                                   0x08004546   Data          20  main.o(.rodata.str1.1)
    .L.str                                   0x0800455a   Data           5  tasks.o(.rodata.str1.1)
    [Anonymous Symbol]                       0x0800455a   Section        0  tasks.o(.rodata.str1.1)
    .L.str                                   0x0800455f   Data           8  timers.o(.rodata.str1.1)
    [Anonymous Symbol]                       0x0800455f   Section        0  timers.o(.rodata.str1.1)
    uxCriticalNesting                        0x20000040   Data           4  port.o(.data.uxCriticalNesting)
    [Anonymous Symbol]                       0x20000040   Section        0  port.o(.data.uxCriticalNesting)
    .bss                                     0x20000048   Section       96  libspace.o(.bss)
    clib_mutex_cb                            0x200000ec   Data         400  clib_arm.o(.bss.clib_mutex_cb)
    [Anonymous Symbol]                       0x200000ec   Section        0  clib_arm.o(.bss.clib_mutex_cb)
    clib_mutex_id                            0x2000027c   Data          20  clib_arm.o(.bss.clib_mutex_id)
    [Anonymous Symbol]                       0x2000027c   Section        0  clib_arm.o(.bss.clib_mutex_id)
    prvCheckForValidListAndQueue.ucStaticTimerQueueStorage 0x20000290   Data          80  timers.o(.bss.prvCheckForValidListAndQueue.ucStaticTimerQueueStorage)
    [Anonymous Symbol]                       0x20000290   Section        0  timers.o(.bss.prvCheckForValidListAndQueue.ucStaticTimerQueueStorage)
    prvCheckForValidListAndQueue.xStaticTimerQueue 0x200002e0   Data          80  timers.o(.bss.prvCheckForValidListAndQueue.xStaticTimerQueue)
    [Anonymous Symbol]                       0x200002e0   Section        0  timers.o(.bss.prvCheckForValidListAndQueue.xStaticTimerQueue)
    prvSampleTimeNow.xLastTime               0x20000330   Data           4  timers.o(.bss.prvSampleTimeNow.xLastTime)
    [Anonymous Symbol]                       0x20000330   Section        0  timers.o(.bss.prvSampleTimeNow.xLastTime)
    __tagsym$$used.1                         0x20000334   Number         0  tasks.o(.bss.pxCurrentTCB)
    pxCurrentTimerList                       0x20000338   Data           4  timers.o(.bss.pxCurrentTimerList)
    [Anonymous Symbol]                       0x20000338   Section        0  timers.o(.bss.pxCurrentTimerList)
    pxDelayedTaskList                        0x2000033c   Data           4  tasks.o(.bss.pxDelayedTaskList)
    [Anonymous Symbol]                       0x2000033c   Section        0  tasks.o(.bss.pxDelayedTaskList)
    pxEnd                                    0x20000340   Data           4  heap_4.o(.bss.pxEnd)
    [Anonymous Symbol]                       0x20000340   Section        0  heap_4.o(.bss.pxEnd)
    pxOverflowDelayedTaskList                0x20000344   Data           4  tasks.o(.bss.pxOverflowDelayedTaskList)
    [Anonymous Symbol]                       0x20000344   Section        0  tasks.o(.bss.pxOverflowDelayedTaskList)
    pxOverflowTimerList                      0x20000348   Data           4  timers.o(.bss.pxOverflowTimerList)
    [Anonymous Symbol]                       0x20000348   Section        0  timers.o(.bss.pxOverflowTimerList)
    pxReadyTasksLists                        0x2000034c   Data        1120  tasks.o(.bss.pxReadyTasksLists)
    [Anonymous Symbol]                       0x2000034c   Section        0  tasks.o(.bss.pxReadyTasksLists)
    ucHeap                                   0x200007ac   Data        8192  heap_4.o(.bss.ucHeap)
    [Anonymous Symbol]                       0x200007ac   Section        0  heap_4.o(.bss.ucHeap)
    uxCurrentNumberOfTasks                   0x200027ac   Data           4  tasks.o(.bss.uxCurrentNumberOfTasks)
    [Anonymous Symbol]                       0x200027ac   Section        0  tasks.o(.bss.uxCurrentNumberOfTasks)
    uxDeletedTasksWaitingCleanUp             0x200027b0   Data           4  tasks.o(.bss.uxDeletedTasksWaitingCleanUp)
    [Anonymous Symbol]                       0x200027b0   Section        0  tasks.o(.bss.uxDeletedTasksWaitingCleanUp)
    uxSchedulerSuspended                     0x200027b4   Data           4  tasks.o(.bss.uxSchedulerSuspended)
    [Anonymous Symbol]                       0x200027b4   Section        0  tasks.o(.bss.uxSchedulerSuspended)
    uxTaskNumber                             0x200027b8   Data           4  tasks.o(.bss.uxTaskNumber)
    [Anonymous Symbol]                       0x200027b8   Section        0  tasks.o(.bss.uxTaskNumber)
    uxTopReadyPriority                       0x200027bc   Data           4  tasks.o(.bss.uxTopReadyPriority)
    [Anonymous Symbol]                       0x200027bc   Section        0  tasks.o(.bss.uxTopReadyPriority)
    vApplicationGetIdleTaskMemory.Idle_Stack 0x200027c0   Data         512  cmsis_os2.o(.bss.vApplicationGetIdleTaskMemory.Idle_Stack)
    [Anonymous Symbol]                       0x200027c0   Section        0  cmsis_os2.o(.bss.vApplicationGetIdleTaskMemory.Idle_Stack)
    vApplicationGetIdleTaskMemory.Idle_TCB   0x200029c0   Data          92  cmsis_os2.o(.bss.vApplicationGetIdleTaskMemory.Idle_TCB)
    [Anonymous Symbol]                       0x200029c0   Section        0  cmsis_os2.o(.bss.vApplicationGetIdleTaskMemory.Idle_TCB)
    vApplicationGetTimerTaskMemory.Timer_Stack 0x20002a1c   Data         320  cmsis_os2.o(.bss.vApplicationGetTimerTaskMemory.Timer_Stack)
    [Anonymous Symbol]                       0x20002a1c   Section        0  cmsis_os2.o(.bss.vApplicationGetTimerTaskMemory.Timer_Stack)
    vApplicationGetTimerTaskMemory.Timer_TCB 0x20002b5c   Data          92  cmsis_os2.o(.bss.vApplicationGetTimerTaskMemory.Timer_TCB)
    [Anonymous Symbol]                       0x20002b5c   Section        0  cmsis_os2.o(.bss.vApplicationGetTimerTaskMemory.Timer_TCB)
    xActiveTimerList1                        0x20002bb8   Data          20  timers.o(.bss.xActiveTimerList1)
    [Anonymous Symbol]                       0x20002bb8   Section        0  timers.o(.bss.xActiveTimerList1)
    xActiveTimerList2                        0x20002bcc   Data          20  timers.o(.bss.xActiveTimerList2)
    [Anonymous Symbol]                       0x20002bcc   Section        0  timers.o(.bss.xActiveTimerList2)
    xDelayedTaskList1                        0x20002be0   Data          20  tasks.o(.bss.xDelayedTaskList1)
    [Anonymous Symbol]                       0x20002be0   Section        0  tasks.o(.bss.xDelayedTaskList1)
    xDelayedTaskList2                        0x20002bf4   Data          20  tasks.o(.bss.xDelayedTaskList2)
    [Anonymous Symbol]                       0x20002bf4   Section        0  tasks.o(.bss.xDelayedTaskList2)
    xFreeBytesRemaining                      0x20002c08   Data           4  heap_4.o(.bss.xFreeBytesRemaining)
    [Anonymous Symbol]                       0x20002c08   Section        0  heap_4.o(.bss.xFreeBytesRemaining)
    xIdleTaskHandle                          0x20002c0c   Data           4  tasks.o(.bss.xIdleTaskHandle)
    [Anonymous Symbol]                       0x20002c0c   Section        0  tasks.o(.bss.xIdleTaskHandle)
    xMinimumEverFreeBytesRemaining           0x20002c10   Data           4  heap_4.o(.bss.xMinimumEverFreeBytesRemaining)
    [Anonymous Symbol]                       0x20002c10   Section        0  heap_4.o(.bss.xMinimumEverFreeBytesRemaining)
    xNextTaskUnblockTime                     0x20002c14   Data           4  tasks.o(.bss.xNextTaskUnblockTime)
    [Anonymous Symbol]                       0x20002c14   Section        0  tasks.o(.bss.xNextTaskUnblockTime)
    xNumOfOverflows                          0x20002c18   Data           4  tasks.o(.bss.xNumOfOverflows)
    [Anonymous Symbol]                       0x20002c18   Section        0  tasks.o(.bss.xNumOfOverflows)
    xNumberOfSuccessfulAllocations           0x20002c1c   Data           4  heap_4.o(.bss.xNumberOfSuccessfulAllocations)
    [Anonymous Symbol]                       0x20002c1c   Section        0  heap_4.o(.bss.xNumberOfSuccessfulAllocations)
    xNumberOfSuccessfulFrees                 0x20002c20   Data           4  heap_4.o(.bss.xNumberOfSuccessfulFrees)
    [Anonymous Symbol]                       0x20002c20   Section        0  heap_4.o(.bss.xNumberOfSuccessfulFrees)
    xPendedTicks                             0x20002c24   Data           4  tasks.o(.bss.xPendedTicks)
    [Anonymous Symbol]                       0x20002c24   Section        0  tasks.o(.bss.xPendedTicks)
    xPendingReadyList                        0x20002c28   Data          20  tasks.o(.bss.xPendingReadyList)
    [Anonymous Symbol]                       0x20002c28   Section        0  tasks.o(.bss.xPendingReadyList)
    xSchedulerRunning                        0x20002c3c   Data           4  tasks.o(.bss.xSchedulerRunning)
    [Anonymous Symbol]                       0x20002c3c   Section        0  tasks.o(.bss.xSchedulerRunning)
    xStart                                   0x20002c40   Data           8  heap_4.o(.bss.xStart)
    [Anonymous Symbol]                       0x20002c40   Section        0  heap_4.o(.bss.xStart)
    xSuspendedTaskList                       0x20002c48   Data          20  tasks.o(.bss.xSuspendedTaskList)
    [Anonymous Symbol]                       0x20002c48   Section        0  tasks.o(.bss.xSuspendedTaskList)
    xTasksWaitingTermination                 0x20002c5c   Data          20  tasks.o(.bss.xTasksWaitingTermination)
    [Anonymous Symbol]                       0x20002c5c   Section        0  tasks.o(.bss.xTasksWaitingTermination)
    xTickCount                               0x20002c70   Data           4  tasks.o(.bss.xTickCount)
    [Anonymous Symbol]                       0x20002c70   Section        0  tasks.o(.bss.xTickCount)
    xTimerQueue                              0x20002c74   Data           4  timers.o(.bss.xTimerQueue)
    [Anonymous Symbol]                       0x20002c74   Section        0  timers.o(.bss.xTimerQueue)
    xTimerTaskHandle                         0x20002c78   Data           4  timers.o(.bss.xTimerTaskHandle)
    [Anonymous Symbol]                       0x20002c78   Section        0  timers.o(.bss.xTimerTaskHandle)
    xYieldPending                            0x20002c7c   Data           4  tasks.o(.bss.xYieldPending)
    [Anonymous Symbol]                       0x20002c7c   Section        0  tasks.o(.bss.xYieldPending)
    Heap_Mem                                 0x20002c80   Data         512  startup_stm32f303xe.o(HEAP)
    HEAP                                     0x20002c80   Section      512  startup_stm32f303xe.o(HEAP)
    Stack_Mem                                0x20002e80   Data        1024  startup_stm32f303xe.o(STACK)
    STACK                                    0x20002e80   Section     1024  startup_stm32f303xe.o(STACK)
    __initial_sp                             0x20003280   Data           0  startup_stm32f303xe.o(STACK)

    Global Symbols

    Symbol Name                              Value     Ov Type        Size  Object(Section)

    BuildAttributes$$THM_ISAv4$E$P$D$K$B$S$7EM$VFPi3$EXTD16$VFPS$VFMA$PE$A:L22UL41UL21$X:L11$S22US41US21$IEEE1$IW$~IW$USESV6$~STKCKD$USESV7$~SHL$OSPACE$ROPI$EBA8$UX$STANDARDLIB$REQ8$PRES8$EABIv2 0x00000000   Number         0  anon$$obj.o ABSOLUTE
    __ARM_exceptions_init                     - Undefined Weak Reference
    __alloca_initialize                       - Undefined Weak Reference
    __arm_preinit_                            - Undefined Weak Reference
    __arm_relocate_pie_                       - Undefined Weak Reference
    __cpp_initialize__aeabi_                  - Undefined Weak Reference
    __cxa_finalize                            - Undefined Weak Reference
    __rt_locale                               - Undefined Weak Reference
    __sigvec_lookup                           - Undefined Weak Reference
    _atexit_init                              - Undefined Weak Reference
    _call_atexit_fns                          - Undefined Weak Reference
    _clock_init                               - Undefined Weak Reference
    _fp_trap_init                             - Undefined Weak Reference
    _fp_trap_shutdown                         - Undefined Weak Reference
    _get_lc_collate                           - Undefined Weak Reference
    _get_lc_ctype                             - Undefined Weak Reference
    _get_lc_monetary                          - Undefined Weak Reference
    _get_lc_numeric                           - Undefined Weak Reference
    _get_lc_time                              - Undefined Weak Reference
    _getenv_init                              - Undefined Weak Reference
    _handle_redirection                       - Undefined Weak Reference
    _init_alloc                               - Undefined Weak Reference
    _init_user_alloc                          - Undefined Weak Reference
    _initio                                   - Undefined Weak Reference
    _rand_init                                - Undefined Weak Reference
    _signal_finish                            - Undefined Weak Reference
    _signal_init                              - Undefined Weak Reference
    _terminate_alloc                          - Undefined Weak Reference
    _terminate_user_alloc                     - Undefined Weak Reference
    _terminateio                              - Undefined Weak Reference
    __Vectors_Size                           0x00000194   Number         0  startup_stm32f303xe.o ABSOLUTE
    __Vectors                                0x08000000   Data           4  startup_stm32f303xe.o(RESET)
    __Vectors_End                            0x08000194   Data           0  startup_stm32f303xe.o(RESET)
    __main                                   0x08000195   Thumb Code     8  __main.o(!!!main)
    __scatterload                            0x0800019d   Thumb Code     0  __scatter.o(!!!scatter)
    __scatterload_rt2                        0x0800019d   Thumb Code    44  __scatter.o(!!!scatter)
    __scatterload_rt2_thumb_only             0x0800019d   Thumb Code     0  __scatter.o(!!!scatter)
    __scatterload_null                       0x080001ab   Thumb Code     0  __scatter.o(!!!scatter)
    __scatterload_copy                       0x080001d1   Thumb Code    26  __scatter_copy.o(!!handler_copy)
    __scatterload_zeroinit                   0x080001ed   Thumb Code    28  __scatter_zi.o(!!handler_zi)
    __rt_lib_init                            0x08000209   Thumb Code     0  libinit.o(.ARM.Collect$$libinit$$00000000)
    __rt_lib_init_fp_1                       0x0800020b   Thumb Code     0  libinit2.o(.ARM.Collect$$libinit$$00000001)
    __rt_lib_init_alloca_1                   0x0800020f   Thumb Code     0  libinit2.o(.ARM.Collect$$libinit$$00000030)
    __rt_lib_init_argv_1                     0x0800020f   Thumb Code     0  libinit2.o(.ARM.Collect$$libinit$$0000002E)
    __rt_lib_init_atexit_1                   0x0800020f   Thumb Code     0  libinit2.o(.ARM.Collect$$libinit$$0000001D)
    __rt_lib_init_clock_1                    0x0800020f   Thumb Code     0  libinit2.o(.ARM.Collect$$libinit$$00000023)
    __rt_lib_init_cpp_1                      0x0800020f   Thumb Code     0  libinit2.o(.ARM.Collect$$libinit$$00000034)
    __rt_lib_init_exceptions_1               0x0800020f   Thumb Code     0  libinit2.o(.ARM.Collect$$libinit$$00000032)
    __rt_lib_init_fp_trap_1                  0x0800020f   Thumb Code     0  libinit2.o(.ARM.Collect$$libinit$$00000021)
    __rt_lib_init_getenv_1                   0x0800020f   Thumb Code     0  libinit2.o(.ARM.Collect$$libinit$$00000025)
    __rt_lib_init_heap_1                     0x0800020f   Thumb Code     0  libinit2.o(.ARM.Collect$$libinit$$0000000C)
    __rt_lib_init_lc_collate_1               0x0800020f   Thumb Code     0  libinit2.o(.ARM.Collect$$libinit$$00000013)
    __rt_lib_init_lc_ctype_1                 0x0800020f   Thumb Code     0  libinit2.o(.ARM.Collect$$libinit$$00000015)
    __rt_lib_init_lc_monetary_1              0x0800020f   Thumb Code     0  libinit2.o(.ARM.Collect$$libinit$$00000017)
    __rt_lib_init_lc_numeric_1               0x0800020f   Thumb Code     0  libinit2.o(.ARM.Collect$$libinit$$00000019)
    __rt_lib_init_lc_time_1                  0x0800020f   Thumb Code     0  libinit2.o(.ARM.Collect$$libinit$$0000001B)
    __rt_lib_init_preinit_1                  0x0800020f   Thumb Code     0  libinit2.o(.ARM.Collect$$libinit$$00000006)
    __rt_lib_init_rand_1                     0x0800020f   Thumb Code     0  libinit2.o(.ARM.Collect$$libinit$$00000010)
    __rt_lib_init_relocate_pie_1             0x0800020f   Thumb Code     0  libinit2.o(.ARM.Collect$$libinit$$00000004)
    __rt_lib_init_return                     0x0800020f   Thumb Code     0  libinit2.o(.ARM.Collect$$libinit$$00000035)
    __rt_lib_init_signal_1                   0x0800020f   Thumb Code     0  libinit2.o(.ARM.Collect$$libinit$$0000001F)
    __rt_lib_init_stdio_1                    0x0800020f   Thumb Code     0  libinit2.o(.ARM.Collect$$libinit$$00000027)
    __rt_lib_init_user_alloc_1               0x0800020f   Thumb Code     0  libinit2.o(.ARM.Collect$$libinit$$0000000E)
    __rt_lib_shutdown                        0x08000211   Thumb Code     0  libshutdown.o(.ARM.Collect$$libshutdown$$00000000)
    __rt_lib_shutdown_cpp_1                  0x08000213   Thumb Code     0  libshutdown2.o(.ARM.Collect$$libshutdown$$00000002)
    __rt_lib_shutdown_fp_trap_1              0x08000213   Thumb Code     0  libshutdown2.o(.ARM.Collect$$libshutdown$$00000007)
    __rt_lib_shutdown_heap_1                 0x08000213   Thumb Code     0  libshutdown2.o(.ARM.Collect$$libshutdown$$0000000F)
    __rt_lib_shutdown_return                 0x08000213   Thumb Code     0  libshutdown2.o(.ARM.Collect$$libshutdown$$00000010)
    __rt_lib_shutdown_signal_1               0x08000213   Thumb Code     0  libshutdown2.o(.ARM.Collect$$libshutdown$$0000000A)
    __rt_lib_shutdown_stdio_1                0x08000213   Thumb Code     0  libshutdown2.o(.ARM.Collect$$libshutdown$$00000004)
    __rt_lib_shutdown_user_alloc_1           0x08000213   Thumb Code     0  libshutdown2.o(.ARM.Collect$$libshutdown$$0000000C)
    __rt_entry                               0x08000215   Thumb Code     0  __rtentry.o(.ARM.Collect$$rtentry$$00000000)
    __rt_entry_presh_1                       0x08000215   Thumb Code     0  __rtentry2.o(.ARM.Collect$$rtentry$$00000002)
    __rt_entry_sh                            0x08000215   Thumb Code     0  __rtentry4.o(.ARM.Collect$$rtentry$$00000004)
    __rt_entry_postsh_1                      0x0800021b   Thumb Code     0  __rtentry2.o(.ARM.Collect$$rtentry$$00000008)
    __rt_entry_li                            0x08000223   Thumb Code     0  __rtentry2.o(.ARM.Collect$$rtentry$$0000000A)
    __rt_entry_main                          0x08000227   Thumb Code     0  __rtentry2.o(.ARM.Collect$$rtentry$$0000000D)
    __rt_entry_postli_1                      0x08000227   Thumb Code     0  __rtentry2.o(.ARM.Collect$$rtentry$$0000000C)
    __rt_exit                                0x0800022f   Thumb Code     0  rtexit.o(.ARM.Collect$$rtexit$$00000000)
    __rt_exit_ls                             0x08000231   Thumb Code     0  rtexit2.o(.ARM.Collect$$rtexit$$00000003)
    __rt_exit_prels_1                        0x08000231   Thumb Code     0  rtexit2.o(.ARM.Collect$$rtexit$$00000002)
    __rt_exit_exit                           0x08000235   Thumb Code     0  rtexit2.o(.ARM.Collect$$rtexit$$00000004)
    Reset_Handler                            0x0800023d   Thumb Code     8  startup_stm32f303xe.o(.text)
    NMI_Handler                              0x08000245   Thumb Code     2  startup_stm32f303xe.o(.text)
    HardFault_Handler                        0x08000247   Thumb Code     2  startup_stm32f303xe.o(.text)
    MemManage_Handler                        0x08000249   Thumb Code     2  startup_stm32f303xe.o(.text)
    BusFault_Handler                         0x0800024b   Thumb Code     2  startup_stm32f303xe.o(.text)
    UsageFault_Handler                       0x0800024d   Thumb Code     2  startup_stm32f303xe.o(.text)
    DebugMon_Handler                         0x08000251   Thumb Code     2  startup_stm32f303xe.o(.text)
    ADC1_2_IRQHandler                        0x08000257   Thumb Code     0  startup_stm32f303xe.o(.text)
    ADC3_IRQHandler                          0x08000257   Thumb Code     0  startup_stm32f303xe.o(.text)
    ADC4_IRQHandler                          0x08000257   Thumb Code     0  startup_stm32f303xe.o(.text)
    CAN_RX1_IRQHandler                       0x08000257   Thumb Code     0  startup_stm32f303xe.o(.text)
    CAN_SCE_IRQHandler                       0x08000257   Thumb Code     0  startup_stm32f303xe.o(.text)
    COMP1_2_3_IRQHandler                     0x08000257   Thumb Code     0  startup_stm32f303xe.o(.text)
    COMP4_5_6_IRQHandler                     0x08000257   Thumb Code     0  startup_stm32f303xe.o(.text)
    COMP7_IRQHandler                         0x08000257   Thumb Code     0  startup_stm32f303xe.o(.text)
    DMA1_Channel1_IRQHandler                 0x08000257   Thumb Code     0  startup_stm32f303xe.o(.text)
    DMA1_Channel2_IRQHandler                 0x08000257   Thumb Code     0  startup_stm32f303xe.o(.text)
    DMA1_Channel3_IRQHandler                 0x08000257   Thumb Code     0  startup_stm32f303xe.o(.text)
    DMA1_Channel4_IRQHandler                 0x08000257   Thumb Code     0  startup_stm32f303xe.o(.text)
    DMA1_Channel5_IRQHandler                 0x08000257   Thumb Code     0  startup_stm32f303xe.o(.text)
    DMA1_Channel6_IRQHandler                 0x08000257   Thumb Code     0  startup_stm32f303xe.o(.text)
    DMA1_Channel7_IRQHandler                 0x08000257   Thumb Code     0  startup_stm32f303xe.o(.text)
    DMA2_Channel1_IRQHandler                 0x08000257   Thumb Code     0  startup_stm32f303xe.o(.text)
    DMA2_Channel2_IRQHandler                 0x08000257   Thumb Code     0  startup_stm32f303xe.o(.text)
    DMA2_Channel3_IRQHandler                 0x08000257   Thumb Code     0  startup_stm32f303xe.o(.text)
    DMA2_Channel4_IRQHandler                 0x08000257   Thumb Code     0  startup_stm32f303xe.o(.text)
    DMA2_Channel5_IRQHandler                 0x08000257   Thumb Code     0  startup_stm32f303xe.o(.text)
    FLASH_IRQHandler                         0x08000257   Thumb Code     0  startup_stm32f303xe.o(.text)
    FMC_IRQHandler                           0x08000257   Thumb Code     0  startup_stm32f303xe.o(.text)
    FPU_IRQHandler                           0x08000257   Thumb Code     0  startup_stm32f303xe.o(.text)
    I2C1_ER_IRQHandler                       0x08000257   Thumb Code     0  startup_stm32f303xe.o(.text)
    I2C1_EV_IRQHandler                       0x08000257   Thumb Code     0  startup_stm32f303xe.o(.text)
    I2C2_ER_IRQHandler                       0x08000257   Thumb Code     0  startup_stm32f303xe.o(.text)
    I2C2_EV_IRQHandler                       0x08000257   Thumb Code     0  startup_stm32f303xe.o(.text)
    I2C3_ER_IRQHandler                       0x08000257   Thumb Code     0  startup_stm32f303xe.o(.text)
    I2C3_EV_IRQHandler                       0x08000257   Thumb Code     0  startup_stm32f303xe.o(.text)
    PVD_IRQHandler                           0x08000257   Thumb Code     0  startup_stm32f303xe.o(.text)
    RCC_IRQHandler                           0x08000257   Thumb Code     0  startup_stm32f303xe.o(.text)
    RTC_Alarm_IRQHandler                     0x08000257   Thumb Code     0  startup_stm32f303xe.o(.text)
    RTC_WKUP_IRQHandler                      0x08000257   Thumb Code     0  startup_stm32f303xe.o(.text)
    SPI1_IRQHandler                          0x08000257   Thumb Code     0  startup_stm32f303xe.o(.text)
    SPI2_IRQHandler                          0x08000257   Thumb Code     0  startup_stm32f303xe.o(.text)
    SPI3_IRQHandler                          0x08000257   Thumb Code     0  startup_stm32f303xe.o(.text)
    SPI4_IRQHandler                          0x08000257   Thumb Code     0  startup_stm32f303xe.o(.text)
    TAMP_STAMP_IRQHandler                    0x08000257   Thumb Code     0  startup_stm32f303xe.o(.text)
    TIM1_BRK_TIM15_IRQHandler                0x08000257   Thumb Code     0  startup_stm32f303xe.o(.text)
    TIM1_CC_IRQHandler                       0x08000257   Thumb Code     0  startup_stm32f303xe.o(.text)
    TIM1_TRG_COM_TIM17_IRQHandler            0x08000257   Thumb Code     0  startup_stm32f303xe.o(.text)
    TIM1_UP_TIM16_IRQHandler                 0x08000257   Thumb Code     0  startup_stm32f303xe.o(.text)
    TIM20_BRK_IRQHandler                     0x08000257   Thumb Code     0  startup_stm32f303xe.o(.text)
    TIM20_CC_IRQHandler                      0x08000257   Thumb Code     0  startup_stm32f303xe.o(.text)
    TIM20_TRG_COM_IRQHandler                 0x08000257   Thumb Code     0  startup_stm32f303xe.o(.text)
    TIM20_UP_IRQHandler                      0x08000257   Thumb Code     0  startup_stm32f303xe.o(.text)
    TIM2_IRQHandler                          0x08000257   Thumb Code     0  startup_stm32f303xe.o(.text)
    TIM3_IRQHandler                          0x08000257   Thumb Code     0  startup_stm32f303xe.o(.text)
    TIM4_IRQHandler                          0x08000257   Thumb Code     0  startup_stm32f303xe.o(.text)
    TIM6_DAC_IRQHandler                      0x08000257   Thumb Code     0  startup_stm32f303xe.o(.text)
    TIM7_IRQHandler                          0x08000257   Thumb Code     0  startup_stm32f303xe.o(.text)
    TIM8_BRK_IRQHandler                      0x08000257   Thumb Code     0  startup_stm32f303xe.o(.text)
    TIM8_CC_IRQHandler                       0x08000257   Thumb Code     0  startup_stm32f303xe.o(.text)
    TIM8_TRG_COM_IRQHandler                  0x08000257   Thumb Code     0  startup_stm32f303xe.o(.text)
    TIM8_UP_IRQHandler                       0x08000257   Thumb Code     0  startup_stm32f303xe.o(.text)
    UART4_IRQHandler                         0x08000257   Thumb Code     0  startup_stm32f303xe.o(.text)
    UART5_IRQHandler                         0x08000257   Thumb Code     0  startup_stm32f303xe.o(.text)
    USART2_IRQHandler                        0x08000257   Thumb Code     0  startup_stm32f303xe.o(.text)
    USART3_IRQHandler                        0x08000257   Thumb Code     0  startup_stm32f303xe.o(.text)
    USBWakeUp_IRQHandler                     0x08000257   Thumb Code     0  startup_stm32f303xe.o(.text)
    USBWakeUp_RMP_IRQHandler                 0x08000257   Thumb Code     0  startup_stm32f303xe.o(.text)
    USB_HP_CAN_TX_IRQHandler                 0x08000257   Thumb Code     0  startup_stm32f303xe.o(.text)
    USB_HP_IRQHandler                        0x08000257   Thumb Code     0  startup_stm32f303xe.o(.text)
    USB_LP_CAN_RX0_IRQHandler                0x08000257   Thumb Code     0  startup_stm32f303xe.o(.text)
    USB_LP_IRQHandler                        0x08000257   Thumb Code     0  startup_stm32f303xe.o(.text)
    WWDG_IRQHandler                          0x08000257   Thumb Code     0  startup_stm32f303xe.o(.text)
    __user_initial_stackheap                 0x08000259   Thumb Code     0  startup_stm32f303xe.o(.text)
    __aeabi_memcpy                           0x0800027d   Thumb Code     0  rt_memcpy_v6.o(.text)
    __rt_memcpy                              0x0800027d   Thumb Code   138  rt_memcpy_v6.o(.text)
    _memcpy_lastbytes                        0x080002e3   Thumb Code     0  rt_memcpy_v6.o(.text)
    __aeabi_memset4                          0x08000307   Thumb Code    16  aeabi_memset4.o(.text)
    __aeabi_memset8                          0x08000307   Thumb Code     0  aeabi_memset4.o(.text)
    __aeabi_memclr                           0x08000317   Thumb Code     0  rt_memclr.o(.text)
    __rt_memclr                              0x08000317   Thumb Code     0  rt_memclr.o(.text)
    _memset                                  0x0800031b   Thumb Code    64  rt_memclr.o(.text)
    __use_two_region_memory                  0x0800035b   Thumb Code     2  heapauxi.o(.text)
    __rt_heap_escrow$2region                 0x0800035d   Thumb Code     2  heapauxi.o(.text)
    __rt_heap_expand$2region                 0x0800035f   Thumb Code     2  heapauxi.o(.text)
    __aeabi_memcpy4                          0x08000361   Thumb Code     0  rt_memcpy_w.o(.text)
    __aeabi_memcpy8                          0x08000361   Thumb Code     0  rt_memcpy_w.o(.text)
    __rt_memcpy_w                            0x08000361   Thumb Code   100  rt_memcpy_w.o(.text)
    _memcpy_lastbytes_aligned                0x080003a9   Thumb Code     0  rt_memcpy_w.o(.text)
    __aeabi_memclr4                          0x080003c5   Thumb Code     0  rt_memclr_w.o(.text)
    __aeabi_memclr8                          0x080003c5   Thumb Code     0  rt_memclr_w.o(.text)
    __rt_memclr_w                            0x080003c5   Thumb Code     0  rt_memclr_w.o(.text)
    _memset_w                                0x080003c9   Thumb Code    74  rt_memclr_w.o(.text)
    __user_setup_stackheap                   0x08000413   Thumb Code    74  sys_stackheap_outer.o(.text)
    exit                                     0x0800045d   Thumb Code    18  exit.o(.text)
    __user_libspace                          0x08000471   Thumb Code     8  libspace.o(.text)
    __user_perproc_libspace                  0x08000471   Thumb Code     0  libspace.o(.text)
    _sys_exit                                0x08000479   Thumb Code     8  sys_exit.o(.text)
    __I$use$semihosting                      0x08000485   Thumb Code     0  use_no_semi.o(.text)
    __use_no_semihosting_swi                 0x08000485   Thumb Code     2  use_no_semi.o(.text)
    __semihosting_library_function           0x08000487   Thumb Code     0  indicate_semi.o(.text)
    BLE_GetDirectionT                        0x08000489   Thumb Code    28  main.o(.text.BLE_GetDirectionT)
    DCmotor_Init                             0x080004a5   Thumb Code   108  motor.o(.text.DCmotor_Init)
    DCmotor_backMove                         0x08000511   Thumb Code    70  motor.o(.text.DCmotor_backMove)
    DCmotor_frontMove                        0x08000559   Thumb Code    70  motor.o(.text.DCmotor_frontMove)
    DCmotor_leftMove                         0x080005a1   Thumb Code    70  motor.o(.text.DCmotor_leftMove)
    DCmotor_rightMove                        0x080005e9   Thumb Code    70  motor.o(.text.DCmotor_rightMove)
    DCmotor_stop                             0x08000631   Thumb Code    62  motor.o(.text.DCmotor_stop)
    EXTI0_IRQHandler                         0x08000671   Thumb Code    16  exti_irq.o(.text.EXTI0_IRQHandler)
    EXTI15_10_IRQHandler                     0x08000681   Thumb Code   304  exti_irq.o(.text.EXTI15_10_IRQHandler)
    EXTI1_IRQHandler                         0x080007b1   Thumb Code    16  exti_irq.o(.text.EXTI1_IRQHandler)
    EXTI2_TSC_IRQHandler                     0x080007c1   Thumb Code    16  exti_irq.o(.text.EXTI2_TSC_IRQHandler)
    EXTI3_IRQHandler                         0x080007d1   Thumb Code    16  exti_irq.o(.text.EXTI3_IRQHandler)
    EXTI4_IRQHandler                         0x080007e1   Thumb Code    16  exti_irq.o(.text.EXTI4_IRQHandler)
    EXTI9_5_IRQHandler                       0x080007f1   Thumb Code   254  exti_irq.o(.text.EXTI9_5_IRQHandler)
    GPIO_configurePin                        0x080008f1   Thumb Code   450  gpio.o(.text.GPIO_configurePin)
    GPIO_setPinFuction                       0x08000ab5   Thumb Code   246  gpio.o(.text.GPIO_setPinFuction)
    GPIO_writePin                            0x08000bad   Thumb Code   192  gpio.o(.text.GPIO_writePin)
    HBLE_VGetKey                             0x08000c81   Thumb Code   232  ble.o(.text.HBLE_VGetKey)
    HBLE_VInit                               0x08000d69   Thumb Code    88  ble.o(.text.HBLE_VInit)
    ICU_voidInitTimer                        0x08000dc1   Thumb Code   304  icu.o(.text.ICU_voidInitTimer)
    ICU_voidSetSensingEdge                   0x08000ef1   Thumb Code   244  icu.o(.text.ICU_voidSetSensingEdge)
    MNVIC_EnuEnablePerInterrupt              0x08000fe5   Thumb Code   112  nvic.o(.text.MNVIC_EnuEnablePerInterrupt)
    MUSART1_VidSetCallBack                   0x08001055   Thumb Code    28  usart.o(.text.MUSART1_VidSetCallBack)
    MUSART_voidInit                          0x08001071   Thumb Code   700  usart.o(.text.MUSART_voidInit)
    Motor_SetDirectionT                      0x0800132d   Thumb Code   204  main.o(.text.Motor_SetDirectionT)
    PWM_enu_Init                             0x080013f9   Thumb Code   920  pwm.o(.text.PWM_enu_Init)
    PWM_enu_SetDutyCycle                     0x08001791   Thumb Code   252  pwm.o(.text.PWM_enu_SetDutyCycle)
    PendSV_Handler                           0x08001891   Thumb Code   100  port.o(.text.PendSV_Handler)
    RCC_voidEnablePeripheral                 0x080018f5   Thumb Code   120  rcc.o(.text.RCC_voidEnablePeripheral)
    SVC_Handler                              0x08001971   Thumb Code    36  port.o(.text.SVC_Handler)
    SysTick_Handler                          0x08001995   Thumb Code    30  cmsis_os2.o(.text.SysTick_Handler)
    SystemInit                               0x080019b5   Thumb Code    18  system_stm32f3xx.o(.text.SystemInit)
    USART1_IRQHandler                        0x080019c9   Thumb Code    58  usart.o(.text.USART1_IRQHandler)
    US_voidInit                              0x08001a05   Thumb Code    88  us.o(.text.US_voidInit)
    _mutex_acquire                           0x08001a5d   Thumb Code    40  clib_arm.o(.text._mutex_acquire)
    _mutex_free                              0x08001a85   Thumb Code    84  clib_arm.o(.text._mutex_free)
    _mutex_initialize                        0x08001ad9   Thumb Code   168  clib_arm.o(.text._mutex_initialize)
    _mutex_release                           0x08001b81   Thumb Code    42  clib_arm.o(.text._mutex_release)
    _platform_post_stackheap_init            0x08001bad   Thumb Code     2  clib_arm.o(.text._platform_post_stackheap_init)
    main                                     0x08001bd1   Thumb Code   148  main.o(.text.main)
    pvPortMalloc                             0x08002a21   Thumb Code   390  heap_4.o(.text.pvPortMalloc)
    pvTaskIncrementMutexHeldCount            0x08002ba9   Thumb Code    44  tasks.o(.text.pvTaskIncrementMutexHeldCount)
    pxPortInitialiseStack                    0x08002bd5   Thumb Code    94  port.o(.text.pxPortInitialiseStack)
    uxListRemove                             0x08002c35   Thumb Code    72  list.o(.text.uxListRemove)
    vApplicationGetIdleTaskMemory            0x08002c7d   Thumb Code    42  cmsis_os2.o(.text.vApplicationGetIdleTaskMemory)
    vApplicationGetTimerTaskMemory           0x08002ca9   Thumb Code    42  cmsis_os2.o(.text.vApplicationGetTimerTaskMemory)
    vApplicationStackOverflowHook            0x08002cd5   Thumb Code    10  cmsis_os2.o(.text.vApplicationStackOverflowHook)
    vListInitialise                          0x08002ce1   Thumb Code    46  list.o(.text.vListInitialise)
    vListInitialiseItem                      0x08002d11   Thumb Code    14  list.o(.text.vListInitialiseItem)
    vListInsert                              0x08002d21   Thumb Code   106  list.o(.text.vListInsert)
    vPortEnterCritical                       0x08002da1   Thumb Code    48  port.o(.text.vPortEnterCritical)
    vPortExitCritical                        0x08002dd1   Thumb Code    38  port.o(.text.vPortExitCritical)
    vPortFree                                0x08002df9   Thumb Code   118  heap_4.o(.text.vPortFree)
    vPortSetupTimerInterrupt                 0x08002e71   Thumb Code    68  port.o(.text.vPortSetupTimerInterrupt)
    vQueueDelete                             0x08002eb5   Thumb Code    34  queue.o(.text.vQueueDelete)
    vQueueWaitForMessageRestricted           0x08002ed9   Thumb Code   100  queue.o(.text.vQueueWaitForMessageRestricted)
    vTaskDelay                               0x08002f3d   Thumb Code    74  tasks.o(.text.vTaskDelay)
    vTaskInternalSetTimeOutState             0x08002f89   Thumb Code    36  tasks.o(.text.vTaskInternalSetTimeOutState)
    vTaskMissedYield                         0x08002fad   Thumb Code    14  tasks.o(.text.vTaskMissedYield)
    vTaskPlaceOnEventList                    0x08002fbd   Thumb Code    38  tasks.o(.text.vTaskPlaceOnEventList)
    vTaskPlaceOnEventListRestricted          0x08002fe5   Thumb Code    96  tasks.o(.text.vTaskPlaceOnEventListRestricted)
    vTaskPriorityDisinheritAfterTimeout      0x08003045   Thumb Code   300  tasks.o(.text.vTaskPriorityDisinheritAfterTimeout)
    vTaskStartScheduler                      0x08003171   Thumb Code   196  tasks.o(.text.vTaskStartScheduler)
    vTaskSuspendAll                          0x08003235   Thumb Code    16  tasks.o(.text.vTaskSuspendAll)
    vTaskSwitchContext                       0x08003245   Thumb Code   260  tasks.o(.text.vTaskSwitchContext)
    xPortStartScheduler                      0x08003349   Thumb Code    84  port.o(.text.xPortStartScheduler)
    xPortSysTickHandler                      0x0800339d   Thumb Code    60  port.o(.text.xPortSysTickHandler)
    xQueueCreateMutex                        0x080033d9   Thumb Code    38  queue.o(.text.xQueueCreateMutex)
    xQueueCreateMutexStatic                  0x08003401   Thumb Code    50  queue.o(.text.xQueueCreateMutexStatic)
    xQueueGenericCreate                      0x08003435   Thumb Code   134  queue.o(.text.xQueueGenericCreate)
    xQueueGenericCreateStatic                0x080034bd   Thumb Code   108  queue.o(.text.xQueueGenericCreateStatic)
    xQueueGenericReset                       0x08003529   Thumb Code   186  queue.o(.text.xQueueGenericReset)
    xQueueGenericSend                        0x080035e5   Thumb Code   318  queue.o(.text.xQueueGenericSend)
    xQueueReceive                            0x08003725   Thumb Code   316  queue.o(.text.xQueueReceive)
    xQueueSemaphoreTake                      0x08003861   Thumb Code   392  queue.o(.text.xQueueSemaphoreTake)
    xTaskCheckForTimeOut                     0x080039e9   Thumb Code   154  tasks.o(.text.xTaskCheckForTimeOut)
    xTaskCreate                              0x08003a85   Thumb Code   166  tasks.o(.text.xTaskCreate)
    xTaskCreateStatic                        0x08003b2d   Thumb Code   122  tasks.o(.text.xTaskCreateStatic)
    xTaskGetSchedulerState                   0x08003ba9   Thumb Code    56  tasks.o(.text.xTaskGetSchedulerState)
    xTaskGetTickCount                        0x08003be1   Thumb Code    20  tasks.o(.text.xTaskGetTickCount)
    xTaskIncrementTick                       0x08003bf5   Thumb Code   488  tasks.o(.text.xTaskIncrementTick)
    xTaskPriorityDisinherit                  0x08003ddd   Thumb Code   230  tasks.o(.text.xTaskPriorityDisinherit)
    xTaskPriorityInherit                     0x08003ec5   Thumb Code   334  tasks.o(.text.xTaskPriorityInherit)
    xTaskRemoveFromEventList                 0x08004015   Thumb Code   380  tasks.o(.text.xTaskRemoveFromEventList)
    xTaskResumeAll                           0x08004191   Thumb Code   496  tasks.o(.text.xTaskResumeAll)
    xTimerCreateTimerTask                    0x08004381   Thumb Code   120  timers.o(.text.xTimerCreateTimerTask)
    _fp_init                                 0x080043f9   Thumb Code    26  fpinit.o(x$fpl$fpinit)
    __fplib_config_fpu_vfp                   0x08004411   Thumb Code     0  fpinit.o(x$fpl$fpinit)
    __fplib_config_pureend_doubles           0x08004411   Thumb Code     0  fpinit.o(x$fpl$fpinit)
    uxTopUsedPriority                        0x08004568   Data           4  tasks.o(.rodata.uxTopUsedPriority)
    Region$$Table$$Base                      0x0800456c   Number         0  anon$$obj.o(Region$$Table)
    Region$$Table$$Limit                     0x0800458c   Number         0  anon$$obj.o(Region$$Table)
    G_Key                                    0x20000000   Data           1  ble.o(.data.G_Key)
    Global_u16Distance                       0x20000002   Data           2  main.o(.data.Global_u16Distance)
    Global_u32Direction                      0x20000004   Data           4  main.o(.data.Global_u32Direction)
    SystemCoreClock                          0x20000008   Data           4  system_stm32f3xx.o(.data.SystemCoreClock)
    Timer                                    0x2000000c   Data          12  icu.o(.data.Timer)
    UART                                     0x20000018   Data          10  ble.o(.data.UART)
    UART_PIN_RX                              0x20000022   Data           4  ble.o(.data.UART_PIN_RX)
    UART_PIN_TX                              0x20000026   Data           4  ble.o(.data.UART_PIN_TX)
    input1PinBack                            0x2000002a   Data           4  motor.o(.data.input1PinBack)
    input1PinFront                           0x2000002e   Data           4  motor.o(.data.input1PinFront)
    input2PinBack                            0x20000032   Data           4  motor.o(.data.input2PinBack)
    input2PinFront                           0x20000036   Data           4  motor.o(.data.input2PinFront)
    test                                     0x2000003a   Data           4  pwm.o(.data.test)
    __libspace_start                         0x20000048   Data          96  libspace.o(.bss)
    Call_Ptr                                 0x200000a8   Data          60  exti.o(.bss.Call_Ptr)
    __temporary_stack_top$libspace           0x200000a8   Data           0  libspace.o(.bss)
    MUSART1_CallBack                         0x200000e4   Data           4  usart.o(.bss.MUSART1_CallBack)
    SetDirectionH                            0x200000e8   Data           4  main.o(.bss.SetDirectionH)
    pxCurrentTCB                             0x20000334   Data           4  tasks.o(.bss.pxCurrentTCB)



==============================================================================

Memory Map of the image

  Image Entry point : 0x0800023d

  Load Region LR_1 (Base: 0x08000000, Size: 0x000045d0, Max: 0xffffffff, ABSOLUTE)

    Execution Region ER_RO (Exec base: 0x08000000, Load base: 0x08000000, Size: 0x0000458c, Max: 0xffffffff, ABSOLUTE)

    Exec Addr    Load Addr    Size         Type   Attr      Idx    E Section Name        Object

    0x08000000   0x08000000   0x00000194   Data   RO          509    RESET               startup_stm32f303xe.o
    0x08000194   0x08000194   0x00000008   Code   RO          969  * !!!main             c_w.l(__main.o)
    0x0800019c   0x0800019c   0x00000034   Code   RO         1136    !!!scatter          c_w.l(__scatter.o)
    0x080001d0   0x080001d0   0x0000001a   Code   RO         1138    !!handler_copy      c_w.l(__scatter_copy.o)
    0x080001ea   0x080001ea   0x00000002   PAD
    0x080001ec   0x080001ec   0x0000001c   Code   RO         1140    !!handler_zi        c_w.l(__scatter_zi.o)
    0x08000208   0x08000208   0x00000002   Code   RO          998    .ARM.Collect$$libinit$$00000000  c_w.l(libinit.o)
    0x0800020a   0x0800020a   0x00000004   Code   RO         1004    .ARM.Collect$$libinit$$00000001  c_w.l(libinit2.o)
    0x0800020e   0x0800020e   0x00000000   Code   RO         1007    .ARM.Collect$$libinit$$00000004  c_w.l(libinit2.o)
    0x0800020e   0x0800020e   0x00000000   Code   RO         1009    .ARM.Collect$$libinit$$00000006  c_w.l(libinit2.o)
    0x0800020e   0x0800020e   0x00000000   Code   RO         1012    .ARM.Collect$$libinit$$0000000C  c_w.l(libinit2.o)
    0x0800020e   0x0800020e   0x00000000   Code   RO         1014    .ARM.Collect$$libinit$$0000000E  c_w.l(libinit2.o)
    0x0800020e   0x0800020e   0x00000000   Code   RO         1016    .ARM.Collect$$libinit$$00000010  c_w.l(libinit2.o)
    0x0800020e   0x0800020e   0x00000000   Code   RO         1019    .ARM.Collect$$libinit$$00000013  c_w.l(libinit2.o)
    0x0800020e   0x0800020e   0x00000000   Code   RO         1021    .ARM.Collect$$libinit$$00000015  c_w.l(libinit2.o)
    0x0800020e   0x0800020e   0x00000000   Code   RO         1023    .ARM.Collect$$libinit$$00000017  c_w.l(libinit2.o)
    0x0800020e   0x0800020e   0x00000000   Code   RO         1025    .ARM.Collect$$libinit$$00000019  c_w.l(libinit2.o)
    0x0800020e   0x0800020e   0x00000000   Code   RO         1027    .ARM.Collect$$libinit$$0000001B  c_w.l(libinit2.o)
    0x0800020e   0x0800020e   0x00000000   Code   RO         1029    .ARM.Collect$$libinit$$0000001D  c_w.l(libinit2.o)
    0x0800020e   0x0800020e   0x00000000   Code   RO         1031    .ARM.Collect$$libinit$$0000001F  c_w.l(libinit2.o)
    0x0800020e   0x0800020e   0x00000000   Code   RO         1033    .ARM.Collect$$libinit$$00000021  c_w.l(libinit2.o)
    0x0800020e   0x0800020e   0x00000000   Code   RO         1035    .ARM.Collect$$libinit$$00000023  c_w.l(libinit2.o)
    0x0800020e   0x0800020e   0x00000000   Code   RO         1037    .ARM.Collect$$libinit$$00000025  c_w.l(libinit2.o)
    0x0800020e   0x0800020e   0x00000000   Code   RO         1039    .ARM.Collect$$libinit$$00000027  c_w.l(libinit2.o)
    0x0800020e   0x0800020e   0x00000000   Code   RO         1043    .ARM.Collect$$libinit$$0000002E  c_w.l(libinit2.o)
    0x0800020e   0x0800020e   0x00000000   Code   RO         1045    .ARM.Collect$$libinit$$00000030  c_w.l(libinit2.o)
    0x0800020e   0x0800020e   0x00000000   Code   RO         1047    .ARM.Collect$$libinit$$00000032  c_w.l(libinit2.o)
    0x0800020e   0x0800020e   0x00000000   Code   RO         1049    .ARM.Collect$$libinit$$00000034  c_w.l(libinit2.o)
    0x0800020e   0x0800020e   0x00000002   Code   RO         1050    .ARM.Collect$$libinit$$00000035  c_w.l(libinit2.o)
    0x08000210   0x08000210   0x00000002   Code   RO         1072    .ARM.Collect$$libshutdown$$00000000  c_w.l(libshutdown.o)
    0x08000212   0x08000212   0x00000000   Code   RO         1087    .ARM.Collect$$libshutdown$$00000002  c_w.l(libshutdown2.o)
    0x08000212   0x08000212   0x00000000   Code   RO         1089    .ARM.Collect$$libshutdown$$00000004  c_w.l(libshutdown2.o)
    0x08000212   0x08000212   0x00000000   Code   RO         1092    .ARM.Collect$$libshutdown$$00000007  c_w.l(libshutdown2.o)
    0x08000212   0x08000212   0x00000000   Code   RO         1095    .ARM.Collect$$libshutdown$$0000000A  c_w.l(libshutdown2.o)
    0x08000212   0x08000212   0x00000000   Code   RO         1097    .ARM.Collect$$libshutdown$$0000000C  c_w.l(libshutdown2.o)
    0x08000212   0x08000212   0x00000000   Code   RO         1100    .ARM.Collect$$libshutdown$$0000000F  c_w.l(libshutdown2.o)
    0x08000212   0x08000212   0x00000002   Code   RO         1101    .ARM.Collect$$libshutdown$$00000010  c_w.l(libshutdown2.o)
    0x08000214   0x08000214   0x00000000   Code   RO          971    .ARM.Collect$$rtentry$$00000000  c_w.l(__rtentry.o)
    0x08000214   0x08000214   0x00000000   Code   RO          977    .ARM.Collect$$rtentry$$00000002  c_w.l(__rtentry2.o)
    0x08000214   0x08000214   0x00000006   Code   RO          989    .ARM.Collect$$rtentry$$00000004  c_w.l(__rtentry4.o)
    0x0800021a   0x0800021a   0x00000008   Code   RO          978    .ARM.Collect$$rtentry$$00000008  c_w.l(__rtentry2.o)
    0x08000222   0x08000222   0x00000004   Code   RO          980    .ARM.Collect$$rtentry$$0000000A  c_w.l(__rtentry2.o)
    0x08000226   0x08000226   0x00000000   Code   RO          982    .ARM.Collect$$rtentry$$0000000C  c_w.l(__rtentry2.o)
    0x08000226   0x08000226   0x00000008   Code   RO          983    .ARM.Collect$$rtentry$$0000000D  c_w.l(__rtentry2.o)
    0x0800022e   0x0800022e   0x00000002   Code   RO         1002    .ARM.Collect$$rtexit$$00000000  c_w.l(rtexit.o)
    0x08000230   0x08000230   0x00000000   Code   RO         1052    .ARM.Collect$$rtexit$$00000002  c_w.l(rtexit2.o)
    0x08000230   0x08000230   0x00000004   Code   RO         1053    .ARM.Collect$$rtexit$$00000003  c_w.l(rtexit2.o)
    0x08000234   0x08000234   0x00000006   Code   RO         1054    .ARM.Collect$$rtexit$$00000004  c_w.l(rtexit2.o)
    0x0800023a   0x0800023a   0x00000002   PAD
    0x0800023c   0x0800023c   0x00000040   Code   RO          510  * .text               startup_stm32f303xe.o
    0x0800027c   0x0800027c   0x0000008a   Code   RO          961    .text               c_w.l(rt_memcpy_v6.o)
    0x08000306   0x08000306   0x00000010   Code   RO          963    .text               c_w.l(aeabi_memset4.o)
    0x08000316   0x08000316   0x00000044   Code   RO          965    .text               c_w.l(rt_memclr.o)
    0x0800035a   0x0800035a   0x00000006   Code   RO          967    .text               c_w.l(heapauxi.o)
    0x08000360   0x08000360   0x00000064   Code   RO          972    .text               c_w.l(rt_memcpy_w.o)
    0x080003c4   0x080003c4   0x0000004e   Code   RO          974    .text               c_w.l(rt_memclr_w.o)
    0x08000412   0x08000412   0x0000004a   Code   RO          991    .text               c_w.l(sys_stackheap_outer.o)
    0x0800045c   0x0800045c   0x00000012   Code   RO          993    .text               c_w.l(exit.o)
    0x0800046e   0x0800046e   0x00000002   PAD
    0x08000470   0x08000470   0x00000008   Code   RO          999    .text               c_w.l(libspace.o)
    0x08000478   0x08000478   0x0000000c   Code   RO         1062    .text               c_w.l(sys_exit.o)
    0x08000484   0x08000484   0x00000002   Code   RO         1077    .text               c_w.l(use_no_semi.o)
    0x08000486   0x08000486   0x00000000   Code   RO         1079    .text               c_w.l(indicate_semi.o)
    0x08000486   0x08000486   0x00000002   PAD
    0x08000488   0x08000488   0x0000001c   Code   RO            4    .text.BLE_GetDirectionT  main.o
    0x080004a4   0x080004a4   0x0000006c   Code   RO          189    .text.DCmotor_Init  motor.o
    0x08000510   0x08000510   0x00000046   Code   RO          193    .text.DCmotor_backMove  motor.o
    0x08000556   0x08000556   0x00000002   PAD
    0x08000558   0x08000558   0x00000046   Code   RO          191    .text.DCmotor_frontMove  motor.o
    0x0800059e   0x0800059e   0x00000002   PAD
    0x080005a0   0x080005a0   0x00000046   Code   RO          197    .text.DCmotor_leftMove  motor.o
    0x080005e6   0x080005e6   0x00000002   PAD
    0x080005e8   0x080005e8   0x00000046   Code   RO          195    .text.DCmotor_rightMove  motor.o
    0x0800062e   0x0800062e   0x00000002   PAD
    0x08000630   0x08000630   0x0000003e   Code   RO          199    .text.DCmotor_stop  motor.o
    0x0800066e   0x0800066e   0x00000002   PAD
    0x08000670   0x08000670   0x00000010   Code   RO          168    .text.EXTI0_IRQHandler  exti_irq.o
    0x08000680   0x08000680   0x00000130   Code   RO          180    .text.EXTI15_10_IRQHandler  exti_irq.o
    0x080007b0   0x080007b0   0x00000010   Code   RO          170    .text.EXTI1_IRQHandler  exti_irq.o
    0x080007c0   0x080007c0   0x00000010   Code   RO          172    .text.EXTI2_TSC_IRQHandler  exti_irq.o
    0x080007d0   0x080007d0   0x00000010   Code   RO          174    .text.EXTI3_IRQHandler  exti_irq.o
    0x080007e0   0x080007e0   0x00000010   Code   RO          176    .text.EXTI4_IRQHandler  exti_irq.o
    0x080007f0   0x080007f0   0x000000fe   Code   RO          178    .text.EXTI9_5_IRQHandler  exti_irq.o
    0x080008ee   0x080008ee   0x00000002   PAD
    0x080008f0   0x080008f0   0x000001c2   Code   RO           38    .text.GPIO_configurePin  gpio.o
    0x08000ab2   0x08000ab2   0x00000002   PAD
    0x08000ab4   0x08000ab4   0x000000f6   Code   RO           50    .text.GPIO_setPinFuction  gpio.o
    0x08000baa   0x08000baa   0x00000002   PAD
    0x08000bac   0x08000bac   0x000000c0   Code   RO           40    .text.GPIO_writePin  gpio.o
    0x08000c6c   0x08000c6c   0x00000014   Code   RO          261    .text.HBLE_VGetChar  ble.o
    0x08000c80   0x08000c80   0x000000e8   Code   RO          263    .text.HBLE_VGetKey  ble.o
    0x08000d68   0x08000d68   0x00000058   Code   RO          259    .text.HBLE_VInit    ble.o
    0x08000dc0   0x08000dc0   0x00000130   Code   RO          124    .text.ICU_voidInitTimer  icu.o
    0x08000ef0   0x08000ef0   0x000000f4   Code   RO          126    .text.ICU_voidSetSensingEdge  icu.o
    0x08000fe4   0x08000fe4   0x00000070   Code   RO           69    .text.MNVIC_EnuEnablePerInterrupt  nvic.o
    0x08001054   0x08001054   0x0000001c   Code   RO          112    .text.MUSART1_VidSetCallBack  usart.o
    0x08001070   0x08001070   0x000002bc   Code   RO          104    .text.MUSART_voidInit  usart.o
    0x0800132c   0x0800132c   0x000000cc   Code   RO            2    .text.Motor_SetDirectionT  main.o
    0x080013f8   0x080013f8   0x00000398   Code   RO           90    .text.PWM_enu_Init  pwm.o
    0x08001790   0x08001790   0x000000fc   Code   RO           92    .text.PWM_enu_SetDutyCycle  pwm.o
    0x0800188c   0x0800188c   0x00000004   PAD
    0x08001890   0x08001890   0x00000064   Code   RO          606    .text.PendSV_Handler  port.o
    0x080018f4   0x080018f4   0x00000078   Code   RO           25    .text.RCC_voidEnablePeripheral  rcc.o
    0x0800196c   0x0800196c   0x00000004   PAD
    0x08001970   0x08001970   0x00000024   Code   RO          590    .text.SVC_Handler   port.o
    0x08001994   0x08001994   0x0000001e   Code   RO          303    .text.SysTick_Handler  cmsis_os2.o
    0x080019b2   0x080019b2   0x00000002   PAD
    0x080019b4   0x080019b4   0x00000012   Code   RO          517    .text.SystemInit    system_stm32f3xx.o
    0x080019c6   0x080019c6   0x00000002   PAD
    0x080019c8   0x080019c8   0x0000003a   Code   RO          114    .text.USART1_IRQHandler  usart.o
    0x08001a02   0x08001a02   0x00000002   PAD
    0x08001a04   0x08001a04   0x00000058   Code   RO          221    .text.US_voidInit   us.o
    0x08001a5c   0x08001a5c   0x00000028   Code   RO          284    .text._mutex_acquire  clib_arm.o
    0x08001a84   0x08001a84   0x00000054   Code   RO          290    .text._mutex_free   clib_arm.o
    0x08001ad8   0x08001ad8   0x000000a8   Code   RO          282    .text._mutex_initialize  clib_arm.o
    0x08001b80   0x08001b80   0x0000002a   Code   RO          288    .text._mutex_release  clib_arm.o
    0x08001baa   0x08001baa   0x00000002   PAD
    0x08001bac   0x08001bac   0x00000002   Code   RO          276    .text._platform_post_stackheap_init  clib_arm.o
    0x08001bae   0x08001bae   0x00000002   PAD
    0x08001bb0   0x08001bb0   0x00000020   Code   RO          286    .text.is_thread_mode  clib_arm.o
    0x08001bd0   0x08001bd0   0x00000094   Code   RO            8    .text.main          main.o
    0x08001c64   0x08001c64   0x00000020   Code   RO          280    .text.os_kernel_is_active  clib_arm.o
    0x08001c84   0x08001c84   0x000000fa   Code   RO          749    .text.prvAddCurrentTaskToDelayedList  tasks.o
    0x08001d7e   0x08001d7e   0x00000002   PAD
    0x08001d80   0x08001d80   0x0000014a   Code   RO          735    .text.prvAddNewTaskToReadyList  tasks.o
    0x08001eca   0x08001eca   0x00000002   PAD
    0x08001ecc   0x08001ecc   0x0000007e   Code   RO          887    .text.prvCheckForValidListAndQueue  timers.o
    0x08001f4a   0x08001f4a   0x00000002   PAD
    0x08001f4c   0x08001f4c   0x0000005a   Code   RO          853    .text.prvCheckTasksWaitingTermination  tasks.o
    0x08001fa6   0x08001fa6   0x00000002   PAD
    0x08001fa8   0x08001fa8   0x00000042   Code   RO          692    .text.prvCopyDataFromQueue  queue.o
    0x08001fea   0x08001fea   0x00000002   PAD
    0x08001fec   0x08001fec   0x000000cc   Code   RO          680    .text.prvCopyDataToQueue  queue.o
    0x080020b8   0x080020b8   0x0000003c   Code   RO          743    .text.prvDeleteTCB  tasks.o
    0x080020f4   0x080020f4   0x00000026   Code   RO          696    .text.prvGetDisinheritPriorityAfterTimeout  queue.o
    0x0800211a   0x0800211a   0x00000002   PAD
    0x0800211c   0x0800211c   0x00000040   Code   RO          927    .text.prvGetNextExpireTime  timers.o
    0x0800215c   0x0800215c   0x000000ae   Code   RO          620    .text.prvHeapInit   heap_4.o
    0x0800220a   0x0800220a   0x00000002   PAD
    0x0800220c   0x0800220c   0x00000024   Code   RO          775    .text.prvIdleTask   tasks.o
    0x08002230   0x08002230   0x0000002c   Code   RO          660    .text.prvInitialiseMutex  queue.o
    0x0800225c   0x0800225c   0x00000048   Code   RO          654    .text.prvInitialiseNewQueue  queue.o
    0x080022a4   0x080022a4   0x000000e6   Code   RO          733    .text.prvInitialiseNewTask  tasks.o
    0x0800238a   0x0800238a   0x00000002   PAD
    0x0800238c   0x0800238c   0x0000008e   Code   RO          851    .text.prvInitialiseTaskLists  tasks.o
    0x0800241a   0x0800241a   0x00000002   PAD
    0x0800241c   0x0800241c   0x000000c6   Code   RO          622    .text.prvInsertBlockIntoFreeList  heap_4.o
    0x080024e2   0x080024e2   0x00000002   PAD
    0x080024e4   0x080024e4   0x00000086   Code   RO          941    .text.prvInsertTimerInActiveList  timers.o
    0x0800256a   0x0800256a   0x00000002   PAD
    0x0800256c   0x0800256c   0x00000028   Code   RO          694    .text.prvIsQueueEmpty  queue.o
    0x08002594   0x08002594   0x0000002e   Code   RO          682    .text.prvIsQueueFull  queue.o
    0x080025c2   0x080025c2   0x00000002   PAD
    0x080025c4   0x080025c4   0x00000028   Code   RO          598    .text.prvPortStartFirstTask  port.o
    0x080025ec   0x080025ec   0x00000054   Code   RO          935    .text.prvProcessExpiredTimer  timers.o
    0x08002640   0x08002640   0x00000144   Code   RO          931    .text.prvProcessReceivedCommands  timers.o
    0x08002784   0x08002784   0x0000009a   Code   RO          929    .text.prvProcessTimerOrBlockTask  timers.o
    0x0800281e   0x0800281e   0x00000002   PAD
    0x08002820   0x08002820   0x00000034   Code   RO          939    .text.prvReloadTimer  timers.o
    0x08002854   0x08002854   0x0000003c   Code   RO          741    .text.prvResetNextTaskUnblockTime  tasks.o
    0x08002890   0x08002890   0x00000044   Code   RO          933    .text.prvSampleTimeNow  timers.o
    0x080028d4   0x080028d4   0x00000052   Code   RO          937    .text.prvSwitchTimerLists  timers.o
    0x08002926   0x08002926   0x00000002   PAD
    0x08002928   0x08002928   0x00000026   Code   RO          588    .text.prvTaskExitError  port.o
    0x0800294e   0x0800294e   0x00000002   PAD
    0x08002950   0x08002950   0x0000001e   Code   RO          889    .text.prvTimerTask  timers.o
    0x0800296e   0x0800296e   0x00000002   PAD
    0x08002970   0x08002970   0x000000ae   Code   RO          684    .text.prvUnlockQueue  queue.o
    0x08002a1e   0x08002a1e   0x00000002   PAD
    0x08002a20   0x08002a20   0x00000186   Code   RO          618    .text.pvPortMalloc  heap_4.o
    0x08002ba6   0x08002ba6   0x00000002   PAD
    0x08002ba8   0x08002ba8   0x0000002c   Code   RO          835    .text.pvTaskIncrementMutexHeldCount  tasks.o
    0x08002bd4   0x08002bd4   0x0000005e   Code   RO          586    .text.pxPortInitialiseStack  port.o
    0x08002c32   0x08002c32   0x00000002   PAD
    0x08002c34   0x08002c34   0x00000048   Code   RO          577    .text.uxListRemove  list.o
    0x08002c7c   0x08002c7c   0x0000002a   Code   RO          461    .text.vApplicationGetIdleTaskMemory  cmsis_os2.o
    0x08002ca6   0x08002ca6   0x00000002   PAD
    0x08002ca8   0x08002ca8   0x0000002a   Code   RO          463    .text.vApplicationGetTimerTaskMemory  cmsis_os2.o
    0x08002cd2   0x08002cd2   0x00000002   PAD
    0x08002cd4   0x08002cd4   0x0000000a   Code   RO          459    .text.vApplicationStackOverflowHook  cmsis_os2.o
    0x08002cde   0x08002cde   0x00000002   PAD
    0x08002ce0   0x08002ce0   0x0000002e   Code   RO          569    .text.vListInitialise  list.o
    0x08002d0e   0x08002d0e   0x00000002   PAD
    0x08002d10   0x08002d10   0x0000000e   Code   RO          571    .text.vListInitialiseItem  list.o
    0x08002d1e   0x08002d1e   0x00000002   PAD
    0x08002d20   0x08002d20   0x0000006a   Code   RO          575    .text.vListInsert   list.o
    0x08002d8a   0x08002d8a   0x00000002   PAD
    0x08002d8c   0x08002d8c   0x00000014   Code   RO          596    .text.vPortEnableVFP  port.o
    0x08002da0   0x08002da0   0x00000030   Code   RO          602    .text.vPortEnterCritical  port.o
    0x08002dd0   0x08002dd0   0x00000026   Code   RO          604    .text.vPortExitCritical  port.o
    0x08002df6   0x08002df6   0x00000002   PAD
    0x08002df8   0x08002df8   0x00000076   Code   RO          624    .text.vPortFree     heap_4.o
    0x08002e6e   0x08002e6e   0x00000002   PAD
    0x08002e70   0x08002e70   0x00000044   Code   RO          594    .text.vPortSetupTimerInterrupt  port.o
    0x08002eb4   0x08002eb4   0x00000022   Code   RO          710    .text.vQueueDelete  queue.o
    0x08002ed6   0x08002ed6   0x00000002   PAD
    0x08002ed8   0x08002ed8   0x00000064   Code   RO          722    .text.vQueueWaitForMessageRestricted  queue.o
    0x08002f3c   0x08002f3c   0x0000004a   Code   RO          753    .text.vTaskDelay    tasks.o
    0x08002f86   0x08002f86   0x00000002   PAD
    0x08002f88   0x08002f88   0x00000024   Code   RO          807    .text.vTaskInternalSetTimeOutState  tasks.o
    0x08002fac   0x08002fac   0x0000000e   Code   RO          811    .text.vTaskMissedYield  tasks.o
    0x08002fba   0x08002fba   0x00000002   PAD
    0x08002fbc   0x08002fbc   0x00000026   Code   RO          795    .text.vTaskPlaceOnEventList  tasks.o
    0x08002fe2   0x08002fe2   0x00000002   PAD
    0x08002fe4   0x08002fe4   0x00000060   Code   RO          799    .text.vTaskPlaceOnEventListRestricted  tasks.o
    0x08003044   0x08003044   0x0000012c   Code   RO          831    .text.vTaskPriorityDisinheritAfterTimeout  tasks.o
    0x08003170   0x08003170   0x000000c4   Code   RO          773    .text.vTaskStartScheduler  tasks.o
    0x08003234   0x08003234   0x00000010   Code   RO          747    .text.vTaskSuspendAll  tasks.o
    0x08003244   0x08003244   0x00000104   Code   RO          765    .text.vTaskSwitchContext  tasks.o
    0x08003348   0x08003348   0x00000054   Code   RO          592    .text.xPortStartScheduler  port.o
    0x0800339c   0x0800339c   0x0000003c   Code   RO          608    .text.xPortSysTickHandler  port.o
    0x080033d8   0x080033d8   0x00000026   Code   RO          658    .text.xQueueCreateMutex  queue.o
    0x080033fe   0x080033fe   0x00000002   PAD
    0x08003400   0x08003400   0x00000032   Code   RO          662    .text.xQueueCreateMutexStatic  queue.o
    0x08003432   0x08003432   0x00000002   PAD
    0x08003434   0x08003434   0x00000086   Code   RO          656    .text.xQueueGenericCreate  queue.o
    0x080034ba   0x080034ba   0x00000002   PAD
    0x080034bc   0x080034bc   0x0000006c   Code   RO          652    .text.xQueueGenericCreateStatic  queue.o
    0x08003528   0x08003528   0x000000ba   Code   RO          650    .text.xQueueGenericReset  queue.o
    0x080035e2   0x080035e2   0x00000002   PAD
    0x080035e4   0x080035e4   0x0000013e   Code   RO          670    .text.xQueueGenericSend  queue.o
    0x08003722   0x08003722   0x00000002   PAD
    0x08003724   0x08003724   0x0000013c   Code   RO          690    .text.xQueueReceive  queue.o
    0x08003860   0x08003860   0x00000188   Code   RO          674    .text.xQueueSemaphoreTake  queue.o
    0x080039e8   0x080039e8   0x0000009a   Code   RO          809    .text.xTaskCheckForTimeOut  tasks.o
    0x08003a82   0x08003a82   0x00000002   PAD
    0x08003a84   0x08003a84   0x000000a6   Code   RO          737    .text.xTaskCreate   tasks.o
    0x08003b2a   0x08003b2a   0x00000002   PAD
    0x08003b2c   0x08003b2c   0x0000007a   Code   RO          731    .text.xTaskCreateStatic  tasks.o
    0x08003ba6   0x08003ba6   0x00000002   PAD
    0x08003ba8   0x08003ba8   0x00000038   Code   RO          825    .text.xTaskGetSchedulerState  tasks.o
    0x08003be0   0x08003be0   0x00000014   Code   RO          781    .text.xTaskGetTickCount  tasks.o
    0x08003bf4   0x08003bf4   0x000001e8   Code   RO          779    .text.xTaskIncrementTick  tasks.o
    0x08003ddc   0x08003ddc   0x000000e6   Code   RO          829    .text.xTaskPriorityDisinherit  tasks.o
    0x08003ec2   0x08003ec2   0x00000002   PAD
    0x08003ec4   0x08003ec4   0x0000014e   Code   RO          827    .text.xTaskPriorityInherit  tasks.o
    0x08004012   0x08004012   0x00000002   PAD
    0x08004014   0x08004014   0x0000017c   Code   RO          801    .text.xTaskRemoveFromEventList  tasks.o
    0x08004190   0x08004190   0x000001f0   Code   RO          751    .text.xTaskResumeAll  tasks.o
    0x08004380   0x08004380   0x00000078   Code   RO          885    .text.xTimerCreateTimerTask  timers.o
    0x080043f8   0x080043f8   0x0000001a   Code   RO         1060    x$fpl$fpinit        fz_wm.l(fpinit.o)
    0x08004412   0x08004412   0x00000002   PAD
    0x08004414   0x08004414   0x00000120   Data   RO           54    .rodata.cst32       gpio.o
    0x08004534   0x08004534   0x00000026   Data   RO           13    .rodata.str1.1      main.o
    0x0800455a   0x0800455a   0x00000005   Data   RO          871    .rodata.str1.1      tasks.o
    0x0800455f   0x0800455f   0x00000008   Data   RO          944    .rodata.str1.1      timers.o
    0x08004567   0x08004567   0x00000001   PAD
    0x08004568   0x08004568   0x00000004   Data   RO          856    .rodata.uxTopUsedPriority  tasks.o
    0x0800456c   0x0800456c   0x00000020   Data   RO         1135    Region$$Table       anon$$obj.o


    Execution Region ER_RW (Exec base: 0x20000000, Load base: 0x0800458c, Size: 0x00000044, Max: 0xffffffff, ABSOLUTE)

    Exec Addr    Load Addr    Size         Type   Attr      Idx    E Section Name        Object

    0x20000000   0x0800458c   0x00000001   Data   RW          265    .data.G_Key         ble.o
    0x20000001   0x0800458d   0x00000001   PAD
    0x20000002   0x0800458e   0x00000002   Data   RW           11    .data.Global_u16Distance  main.o
    0x20000004   0x08004590   0x00000004   Data   RW           10    .data.Global_u32Direction  main.o
    0x20000008   0x08004594   0x00000004   Data   RW          521    .data.SystemCoreClock  system_stm32f3xx.o
    0x2000000c   0x08004598   0x0000000c   Data   RW          146    .data.Timer         icu.o
    0x20000018   0x080045a4   0x0000000a   Data   RW          268    .data.UART          ble.o
    0x20000022   0x080045ae   0x00000004   Data   RW          267    .data.UART_PIN_RX   ble.o
    0x20000026   0x080045b2   0x00000004   Data   RW          266    .data.UART_PIN_TX   ble.o
    0x2000002a   0x080045b6   0x00000004   Data   RW          209    .data.input1PinBack  motor.o
    0x2000002e   0x080045ba   0x00000004   Data   RW          210    .data.input1PinFront  motor.o
    0x20000032   0x080045be   0x00000004   Data   RW          211    .data.input2PinBack  motor.o
    0x20000036   0x080045c2   0x00000004   Data   RW          212    .data.input2PinFront  motor.o
    0x2000003a   0x080045c6   0x00000004   Data   RW           94    .data.test          pwm.o
    0x2000003e   0x080045ca   0x00000002   PAD
    0x20000040   0x080045cc   0x00000004   Data   RW          610    .data.uxCriticalNesting  port.o


    Execution Region ER_ZI (Exec base: 0x20000048, Load base: 0x080045d0, Size: 0x00003238, Max: 0xffffffff, ABSOLUTE)

    Exec Addr    Load Addr    Size         Type   Attr      Idx    E Section Name        Object

    0x20000048        -       0x00000060   Zero   RW         1000    .bss                c_w.l(libspace.o)
    0x200000a8        -       0x0000003c   Zero   RW          160    .bss.Call_Ptr       exti.o
    0x200000e4        -       0x00000004   Zero   RW          116    .bss.MUSART1_CallBack  usart.o
    0x200000e8        -       0x00000004   Zero   RW           14    .bss.SetDirectionH  main.o
    0x200000ec        -       0x00000190   Zero   RW          295    .bss.clib_mutex_cb  clib_arm.o
    0x2000027c        -       0x00000014   Zero   RW          294    .bss.clib_mutex_id  clib_arm.o
    0x20000290        -       0x00000050   Zero   RW          952    .bss.prvCheckForValidListAndQueue.ucStaticTimerQueueStorage  timers.o
    0x200002e0        -       0x00000050   Zero   RW          951    .bss.prvCheckForValidListAndQueue.xStaticTimerQueue  timers.o
    0x20000330        -       0x00000004   Zero   RW          948    .bss.prvSampleTimeNow.xLastTime  timers.o
    0x20000334        -       0x00000004   Zero   RW          855    .bss.pxCurrentTCB   tasks.o
    0x20000338        -       0x00000004   Zero   RW          946    .bss.pxCurrentTimerList  timers.o
    0x2000033c        -       0x00000004   Zero   RW          863    .bss.pxDelayedTaskList  tasks.o
    0x20000340        -       0x00000004   Zero   RW          636    .bss.pxEnd          heap_4.o
    0x20000344        -       0x00000004   Zero   RW          864    .bss.pxOverflowDelayedTaskList  tasks.o
    0x20000348        -       0x00000004   Zero   RW          947    .bss.pxOverflowTimerList  timers.o
    0x2000034c        -       0x00000460   Zero   RW          866    .bss.pxReadyTasksLists  tasks.o
    0x200007ac        -       0x00002000   Zero   RW          642    .bss.ucHeap         heap_4.o
    0x200027ac        -       0x00000004   Zero   RW          860    .bss.uxCurrentNumberOfTasks  tasks.o
    0x200027b0        -       0x00000004   Zero   RW          859    .bss.uxDeletedTasksWaitingCleanUp  tasks.o
    0x200027b4        -       0x00000004   Zero   RW          868    .bss.uxSchedulerSuspended  tasks.o
    0x200027b8        -       0x00000004   Zero   RW          857    .bss.uxTaskNumber   tasks.o
    0x200027bc        -       0x00000004   Zero   RW          867    .bss.uxTopReadyPriority  tasks.o
    0x200027c0        -       0x00000200   Zero   RW          470    .bss.vApplicationGetIdleTaskMemory.Idle_Stack  cmsis_os2.o
    0x200029c0        -       0x0000005c   Zero   RW          469    .bss.vApplicationGetIdleTaskMemory.Idle_TCB  cmsis_os2.o
    0x20002a1c        -       0x00000140   Zero   RW          472    .bss.vApplicationGetTimerTaskMemory.Timer_Stack  cmsis_os2.o
    0x20002b5c        -       0x0000005c   Zero   RW          471    .bss.vApplicationGetTimerTaskMemory.Timer_TCB  cmsis_os2.o
    0x20002bb8        -       0x00000014   Zero   RW          949    .bss.xActiveTimerList1  timers.o
    0x20002bcc        -       0x00000014   Zero   RW          950    .bss.xActiveTimerList2  timers.o
    0x20002be0        -       0x00000014   Zero   RW          876    .bss.xDelayedTaskList1  tasks.o
    0x20002bf4        -       0x00000014   Zero   RW          877    .bss.xDelayedTaskList2  tasks.o
    0x20002c08        -       0x00000004   Zero   RW          637    .bss.xFreeBytesRemaining  heap_4.o
    0x20002c0c        -       0x00000004   Zero   RW          872    .bss.xIdleTaskHandle  tasks.o
    0x20002c10        -       0x00000004   Zero   RW          639    .bss.xMinimumEverFreeBytesRemaining  heap_4.o
    0x20002c14        -       0x00000004   Zero   RW          873    .bss.xNextTaskUnblockTime  tasks.o
    0x20002c18        -       0x00000004   Zero   RW          875    .bss.xNumOfOverflows  tasks.o
    0x20002c1c        -       0x00000004   Zero   RW          640    .bss.xNumberOfSuccessfulAllocations  heap_4.o
    0x20002c20        -       0x00000004   Zero   RW          641    .bss.xNumberOfSuccessfulFrees  heap_4.o
    0x20002c24        -       0x00000004   Zero   RW          874    .bss.xPendedTicks   tasks.o
    0x20002c28        -       0x00000014   Zero   RW          870    .bss.xPendingReadyList  tasks.o
    0x20002c3c        -       0x00000004   Zero   RW          861    .bss.xSchedulerRunning  tasks.o
    0x20002c40        -       0x00000008   Zero   RW          638    .bss.xStart         heap_4.o
    0x20002c48        -       0x00000014   Zero   RW          865    .bss.xSuspendedTaskList  tasks.o
    0x20002c5c        -       0x00000014   Zero   RW          858    .bss.xTasksWaitingTermination  tasks.o
    0x20002c70        -       0x00000004   Zero   RW          862    .bss.xTickCount     tasks.o
    0x20002c74        -       0x00000004   Zero   RW          943    .bss.xTimerQueue    timers.o
    0x20002c78        -       0x00000004   Zero   RW          945    .bss.xTimerTaskHandle  timers.o
    0x20002c7c        -       0x00000004   Zero   RW          869    .bss.xYieldPending  tasks.o
    0x20002c80        -       0x00000200   Zero   RW          508    HEAP                startup_stm32f303xe.o
    0x20002e80        -       0x00000400   Zero   RW          507    STACK               startup_stm32f303xe.o


==============================================================================

Image component sizes


      Code (inc. data)   RO Data    RW Data    ZI Data      Debug   Object Name

       340         22          0         19          0       2805   ble.o
       400          0          0          0        420       3790   clib_arm.o
       124          0          0          0       1016      33022   cmsis_os2.o
         0          0          0          0         60       1404   exti.o
       638          0          0          0          0       1327   exti_irq.o
       888          0        288          0          0       5276   gpio.o
       880          0          0          0       8220       4380   heap_4.o
       548          4          0         12          0       2769   icu.o
       238          0          0          0          0       2328   list.o
       380         18         38          6          4       2356   main.o
       450          0          0         16          0       3227   motor.o
       112          0          0          0          0       2656   nvic.o
       626         16          0          4          0       2823   port.o
      1172          8          0          4          0       3426   pwm.o
      2360          0          0          0          0      14287   queue.o
       120          0          0          0          0       1327   rcc.o
        64         26        404          0       1536        896   startup_stm32f303xe.o
        18          0          0          4          0       2232   system_stm32f3xx.o
      4718          0          9          0       1280      23085   tasks.o
      1238         10          8          0        220      10530   timers.o
        88          0          0          0          0       4572   us.o
       786          8          0          0          4       2880   usart.o

    ----------------------------------------------------------------------
     16304        112        780         68      12760     131398   Object Totals
         0          0         32          0          0          0   (incl. Generated)
       116          0          1          3          0          0   (incl. Padding)

    ----------------------------------------------------------------------

      Code (inc. data)   RO Data    RW Data    ZI Data      Debug   Library Member Name

         8          0          0          0          0         68   __main.o
         0          0          0          0          0          0   __rtentry.o
        20          0          0          0          0          0   __rtentry2.o
         6          0          0          0          0          0   __rtentry4.o
        52          8          0          0          0          0   __scatter.o
        26          0          0          0          0          0   __scatter_copy.o
        28          0          0          0          0          0   __scatter_zi.o
        16          0          0          0          0         68   aeabi_memset4.o
        18          0          0          0          0         80   exit.o
         6          0          0          0          0        152   heapauxi.o
         0          0          0          0          0          0   indicate_semi.o
         2          0          0          0          0          0   libinit.o
         6          0          0          0          0          0   libinit2.o
         2          0          0          0          0          0   libshutdown.o
         2          0          0          0          0          0   libshutdown2.o
         8          4          0          0         96         68   libspace.o
        68          0          0          0          0         68   rt_memclr.o
        78          0          0          0          0         80   rt_memclr_w.o
       138          0          0          0          0         68   rt_memcpy_v6.o
       100          0          0          0          0         80   rt_memcpy_w.o
         2          0          0          0          0          0   rtexit.o
        10          0          0          0          0          0   rtexit2.o
        12          4          0          0          0         68   sys_exit.o
        74          0          0          0          0         80   sys_stackheap_outer.o
         2          0          0          0          0         68   use_no_semi.o
        26          0          0          0          0        116   fpinit.o

    ----------------------------------------------------------------------
       720         16          0          0         96       1064   Library Totals
        10          0          0          0          0          0   (incl. Padding)

    ----------------------------------------------------------------------

      Code (inc. data)   RO Data    RW Data    ZI Data      Debug   Library Name

       684         16          0          0         96        948   c_w.l
        26          0          0          0          0        116   fz_wm.l

    ----------------------------------------------------------------------
       720         16          0          0         96       1064   Library Totals

    ----------------------------------------------------------------------

==============================================================================


      Code (inc. data)   RO Data    RW Data    ZI Data      Debug   

     17024        128        780         68      12856     131666   Grand Totals
     17024        128        780         68      12856     131666   ELF Image Totals
     17024        128        780         68          0          0   ROM Totals

==============================================================================

    Total RO  Size (Code + RO Data)                17804 (  17.39kB)
    Total RW  Size (RW Data + ZI Data)             12924 (  12.62kB)
    Total ROM Size (Code + RO Data + RW Data)      17872 (  17.45kB)

==============================================================================

