Component: ARM Compiler 6.13.1 Tool: armlink [5d895400]

==============================================================================

Section Cross References

    main.o(.text.Motor_SetDirectionT) refers to tasks.o(.text.vTaskDelay) for vTaskDelay
    main.o(.text.Motor_SetDirectionT) refers to main.o(.data..L_MergedGlobals) for .L_MergedGlobals
    main.o(.text.Motor_SetDirectionT) refers to main.o(.bss.REC_Data) for REC_Data
    main.o(.text.Motor_SetDirectionT) refers to ble.o(.text.HBLE_VGetKey) for HBLE_VGetKey
    main.o(.text.Motor_SetDirectionT) refers to motor.o(.text.DCmotor_stop) for DCmotor_stop
    main.o(.text.Motor_SetDirectionT) refers to motor.o(.text.DCmotor_backMove) for DCmotor_backMove
    main.o(.text.Motor_SetDirectionT) refers to motor.o(.text.DCmotor_leftMove) for DCmotor_leftMove
    main.o(.text.Motor_SetDirectionT) refers to motor.o(.text.DCmotor_rightMove) for DCmotor_rightMove
    main.o(.text.Motor_SetDirectionT) refers to motor.o(.text.DCmotor_frontMove) for DCmotor_frontMove
    main.o(.ARM.exidx.text.Motor_SetDirectionT) refers to main.o(.text.Motor_SetDirectionT) for [Anonymous Symbol]
    main.o(.text.EEPROM_WriteLogsT) refers to main.o(.data..L_MergedGlobals) for .L_MergedGlobals
    main.o(.text.EEPROM_WriteLogsT) refers to eeprom.o(.text.EEPROM_WRITE_STRING) for EEPROM_WRITE_STRING
    main.o(.text.EEPROM_WriteLogsT) refers to tasks.o(.text.vTaskDelay) for vTaskDelay
    main.o(.ARM.exidx.text.EEPROM_WriteLogsT) refers to main.o(.text.EEPROM_WriteLogsT) for [Anonymous Symbol]
    main.o(.ARM.exidx.text.TEMP_GetTempT) refers to main.o(.text.TEMP_GetTempT) for [Anonymous Symbol]
    main.o(.text.US_GetDistanceT) refers to main.o(.bss.US_GetDistanceT.Local_Dist) for US_GetDistanceT.Local_Dist
    main.o(.text.US_GetDistanceT) refers to main.o(.data..L_MergedGlobals) for .L_MergedGlobals
    main.o(.text.US_GetDistanceT) refers to tasks.o(.text.vTaskDelay) for vTaskDelay
    main.o(.text.US_GetDistanceT) refers to us.o(.text.US_voidUltraSonicStart) for US_voidUltraSonicStart
    main.o(.text.US_GetDistanceT) refers to us.o(.text.US_voidGetUSSensorDistanceTask) for US_voidGetUSSensorDistanceTask
    main.o(.ARM.exidx.text.US_GetDistanceT) refers to main.o(.text.US_GetDistanceT) for [Anonymous Symbol]
    main.o(.text.CAN_SendDataT) refers to tasks.o(.text.vTaskDelay) for vTaskDelay
    main.o(.text.CAN_SendDataT) refers to main.o(.data..L_MergedGlobals) for .L_MergedGlobals
    main.o(.text.CAN_SendDataT) refers to main.o(.bss.Global_u8DataArr) for Global_u8DataArr
    main.o(.text.CAN_SendDataT) refers to can.o(.text.CAN_enuTransmit) for CAN_enuTransmit
    main.o(.ARM.exidx.text.CAN_SendDataT) refers to main.o(.text.CAN_SendDataT) for [Anonymous Symbol]
    main.o(.text.CAN_RevieveDataT) refers to can.o(.bss.ARR_Recieved_Data) for ARR_Recieved_Data
    main.o(.text.CAN_RevieveDataT) refers to main.o(.bss.REC_Data) for REC_Data
    main.o(.text.CAN_RevieveDataT) refers to can.o(.text.CAN_enuRecieve) for CAN_enuRecieve
    main.o(.text.CAN_RevieveDataT) refers to tasks.o(.text.vTaskDelay) for vTaskDelay
    main.o(.ARM.exidx.text.CAN_RevieveDataT) refers to main.o(.text.CAN_RevieveDataT) for [Anonymous Symbol]
    main.o(.text.Button_StateT) refers to gpio.o(.text.GPIO_configurePin) for GPIO_configurePin
    main.o(.text.Button_StateT) refers to main.o(.bss..L_MergedGlobals.1) for .L_MergedGlobals.1
    main.o(.text.Button_StateT) refers to tasks.o(.text.vTaskDelay) for vTaskDelay
    main.o(.text.Button_StateT) refers to gpio.o(.text.GPIO_readPin) for GPIO_readPin
    main.o(.text.Button_StateT) refers to gpio.o(.text.GPIO_writePin) for GPIO_writePin
    main.o(.text.Button_StateT) refers to eeprom.o(.text.EEPROM_READ_STRING) for EEPROM_READ_STRING
    main.o(.ARM.exidx.text.Button_StateT) refers to main.o(.text.Button_StateT) for [Anonymous Symbol]
    main.o(.text.CAN_voidSysInit) refers to gpio.o(.text.GPIO_configurePin) for GPIO_configurePin
    main.o(.text.CAN_voidSysInit) refers to gpio.o(.text.GPIO_setPinFuction) for GPIO_setPinFuction
    main.o(.text.CAN_voidSysInit) refers to main.o(.rodata.cst16) for .L__const.CAN_voidSysInit.R_Filter
    main.o(.text.CAN_voidSysInit) refers to can.o(.text.CAN_enuCreateFilter) for CAN_enuCreateFilter
    main.o(.text.CAN_voidSysInit) refers to can.o(.text.CAN_enuInit) for CAN_enuInit
    main.o(.ARM.exidx.text.CAN_voidSysInit) refers to main.o(.text.CAN_voidSysInit) for [Anonymous Symbol]
    main.o(.text.main) refers to rcc.o(.text.RCC_voidEnablePeripheral) for RCC_voidEnablePeripheral
    main.o(.text.main) refers to gpio.o(.text.GPIO_configurePin) for GPIO_configurePin
    main.o(.text.main) refers to gpio.o(.text.GPIO_setPinFuction) for GPIO_setPinFuction
    main.o(.text.main) refers to main.o(.rodata.cst16) for .L__const.CAN_voidSysInit.R_Filter
    main.o(.text.main) refers to can.o(.text.CAN_enuCreateFilter) for CAN_enuCreateFilter
    main.o(.text.main) refers to can.o(.text.CAN_enuInit) for CAN_enuInit
[...]
    [Anonymous Symbol]                       0x08001b8c   Section        0  can.o(.text.CAN_enuInit)
    [Anonymous Symbol]                       0x08001d30   Section        0  can.o(.text.CAN_enuRecieve)
    [Anonymous Symbol]                       0x080021cc   Section        0  can.o(.text.CAN_enuTransmit)
    [Anonymous Symbol]                       0x08002dd8   Section        0  motor.o(.text.DCmotor_Init)
    [Anonymous Symbol]                       0x08002e3c   Section        0  motor.o(.text.DCmotor_backMove)
    [Anonymous Symbol]                       0x08002e88   Section        0  motor.o(.text.DCmotor_frontMove)
    [Anonymous Symbol]                       0x08002ed4   Section        0  motor.o(.text.DCmotor_leftMove)
    [Anonymous Symbol]                       0x08002f20   Section        0  motor.o(.text.DCmotor_rightMove)
    [Anonymous Symbol]                       0x08002f6c   Section        0  motor.o(.text.DCmotor_stop)
    [Anonymous Symbol]                       0x08002fb0   Section        0  eeprom.o(.text.EEPROM_READ_STRING)
    [Anonymous Symbol]                       0x08003068   Section        0  eeprom.o(.text.EEPROM_WRITE_STRING)
    [Anonymous Symbol]                       0x08003110   Section        0  main.o(.text.EEPROM_WriteLogsT)
    [Anonymous Symbol]                       0x0800312c   Section        0  eeprom.o(.text.EEPROM_init)
    [Anonymous Symbol]                       0x08003170   Section        0  exti_irq.o(.text.EXTI0_IRQHandler)
    [Anonymous Symbol]                       0x0800317c   Section        0  exti_irq.o(.text.EXTI15_10_IRQHandler)
    [Anonymous Symbol]                       0x0800323c   Section        0  exti_irq.o(.text.EXTI1_IRQHandler)
    [Anonymous Symbol]                       0x08003248   Section        0  exti_irq.o(.text.EXTI2_TSC_IRQHandler)
    [Anonymous Symbol]                       0x08003254   Section        0  exti_irq.o(.text.EXTI3_IRQHandler)
    [Anonymous Symbol]                       0x08003260   Section        0  exti_irq.o(.text.EXTI4_IRQHandler)
    [Anonymous Symbol]                       0x0800326c   Section        0  exti_irq.o(.text.EXTI9_5_IRQHandler)
    [Anonymous Symbol]                       0x08003308   Section        0  gpio.o(.text.GPIO_configurePin)
    [Anonymous Symbol]                       0x080033d4   Section        0  gpio.o(.text.GPIO_readPin)
    [Anonymous Symbol]                       0x08003408   Section        0  gpio.o(.text.GPIO_setPinFuction)
    [Anonymous Symbol]                       0x08003474   Section        0  gpio.o(.text.GPIO_writePin)
    HBLE_VGetChar                            0x080034b5   Thumb Code    12  ble.o(.text.HBLE_VGetChar)
    [Anonymous Symbol]                       0x080034b4   Section        0  ble.o(.text.HBLE_VGetChar)
    [Anonymous Symbol]                       0x080034c0   Section        0  ble.o(.text.HBLE_VGetKey)
    [Anonymous Symbol]                       0x080034e0   Section        0  ble.o(.text.HBLE_VInit)
    [Anonymous Symbol]                       0x0800352c   Section        0  i2c.o(.text.I2C1_Read_byte)
    [Anonymous Symbol]                       0x08003558   Section        0  i2c.o(.text.I2C1_Write_byte)
    [Anonymous Symbol]                       0x08003588   Section        0  i2c.o(.text.I2C_MASTER_init)
    [Anonymous Symbol]                       0x08003628   Section        0  i2c.o(.text.I2C_Start)
    [Anonymous Symbol]                       0x08003648   Section        0  i2c.o(.text.I2C_Stop)
    [Anonymous Symbol]                       0x08003688   Section        0  i2c.o(.text.I2C_init)
    [Anonymous Symbol]                       0x080036c0   Section        0  icu.o(.text.ICU_voidClrTimerIcuFlag)
    [Anonymous Symbol]                       0x080036dc   Section        0  icu.o(.text.ICU_voidClrTimerOvFlag)
    [Anonymous Symbol]                       0x080036f4   Section        0  icu.o(.text.ICU_voidDisableTimer)
    [Anonymous Symbol]                       0x0800370c   Section        0  icu.o(.text.ICU_voidEnableTimer)
    [Anonymous Symbol]                       0x08003724   Section        0  icu.o(.text.ICU_voidGetICU_Count)
    [Anonymous Symbol]                       0x08003784   Section        0  icu.o(.text.ICU_voidGetTimerIcuStatus)
    [Anonymous Symbol]                       0x080037a0   Section        0  icu.o(.text.ICU_voidGetTimerOvStatus)
    [Anonymous Symbol]                       0x080037b8   Section        0  icu.o(.text.ICU_voidInitTimer)
    [Anonymous Symbol]                       0x08003864   Section        0  icu.o(.text.ICU_voidSetArrTime)
    [Anonymous Symbol]                       0x08003874   Section        0  icu.o(.text.ICU_voidSetCountTime)
    [Anonymous Symbol]                       0x08003884   Section        0  nvic.o(.text.MNVIC_EnuEnablePerInterrupt)
    [Anonymous Symbol]                       0x080038cc   Section        0  usart.o(.text.MUSART1_VidSetCallBack)
    [Anonymous Symbol]                       0x080038dc   Section        0  usart.o(.text.MUSART_voidInit)
    [Anonymous Symbol]                       0x08003a50   Section        0  main.o(.text.Motor_SetDirectionT)
    [Anonymous Symbol]                       0x08003b34   Section        0  pwm.o(.text.PWM_enu_Init)
    [Anonymous Symbol]                       0x08003cd8   Section        0  pwm.o(.text.PWM_enu_SetDutyCycle)
    [Anonymous Symbol]                       0x08003d70   Section        0  port.o(.text.PendSV_Handler)
    pxCurrentTCBConst                        0x08003dd0   Number         0  port.o(.text.PendSV_Handler)
    [Anonymous Symbol]                       0x08003dd4   Section        0  rcc.o(.text.RCC_voidEnablePeripheral)
    [Anonymous Symbol]                       0x08003e20   Section        0  port.o(.text.SVC_Handler)
    pxCurrentTCBConst2                       0x08003e40   Number         0  port.o(.text.SVC_Handler)
    [Anonymous Symbol]                       0x08003e44   Section        0  cmsis_os2.o(.text.SysTick_Handler)
    [Anonymous Symbol]                       0x08003e64   Section        0  system_stm32f3xx.o(.text.SystemInit)
    [Anonymous Symbol]                       0x08003e78   Section        0  usart.o(.text.USART1_IRQHandler)
    [Anonymous Symbol]                       0x08003ea4   Section        0  main.o(.text.US_GetDistanceT)
    [Anonymous Symbol]                       0x08003f10   Section        0  us.o(.text.US_voidGetUSSensorDistanceTask)
    [Anonymous Symbol]                       0x08003fb8   Section        0  us.o(.text.US_voidInit)
    [Anonymous Symbol]                       0x08003ff4   Section        0  us.o(.text.US_voidSetTrigger)
    [Anonymous Symbol]                       0x080040ac   Section        0  us.o(.text.US_voidUltraSonicStart)
    __tagsym$$used.1                         0x080040dc   Number         0  clib_arm.o(.text._mutex_acquire)
    [Anonymous Symbol]                       0x080040dc   Section        0  clib_arm.o(.text._mutex_acquire)
    __tagsym$$used.3                         0x08004100   Number         0  clib_arm.o(.text._mutex_free)
    [Anonymous Symbol]                       0x08004100   Section        0  clib_arm.o(.text._mutex_free)
    __tagsym$$used.0                         0x08004154   Number         0  clib_arm.o(.text._mutex_initialize)
    [Anonymous Symbol]                       0x08004154   Section        0  clib_arm.o(.text._mutex_initialize)
    __tagsym$$used.2                         0x080041d4   Number         0  clib_arm.o(.text._mutex_release)
    [Anonymous Symbol]                       0x080041d4   Section        0  clib_arm.o(.text._mutex_release)
    [Anonymous Symbol]                       0x080041fc   Section        0  clib_arm.o(.text._platform_post_stackheap_init)
    [Anonymous Symbol]                       0x08004200   Section        0  main.o(.text.main)
    prvAddCurrentTaskToDelayedList           0x08004371   Thumb Code   134  tasks.o(.text.prvAddCurrentTaskToDelayedList)
    [Anonymous Symbol]                       0x08004370   Section        0  tasks.o(.text.prvAddCurrentTaskToDelayedList)
    prvAddNewTaskToReadyList                 0x080043f9   Thumb Code   660  tasks.o(.text.prvAddNewTaskToReadyList)
    [Anonymous Symbol]                       0x080043f8   Section        0  tasks.o(.text.prvAddNewTaskToReadyList)
    prvIdleTask                              0x0800468d   Thumb Code   106  tasks.o(.text.prvIdleTask)
    [Anonymous Symbol]                       0x0800468c   Section        0  tasks.o(.text.prvIdleTask)
    prvPortStartFirstTask                    0x080046f9   Thumb Code    40  port.o(.text.prvPortStartFirstTask)
    [Anonymous Symbol]                       0x080046f8   Section        0  port.o(.text.prvPortStartFirstTask)
    prvSampleTimeNow                         0x08004721   Thumb Code   160  timers.o(.text.prvSampleTimeNow)
    [Anonymous Symbol]                       0x08004720   Section        0  timers.o(.text.prvSampleTimeNow)
    prvTaskExitError                         0x080047c1   Thumb Code    46  port.o(.text.prvTaskExitError)
    [Anonymous Symbol]                       0x080047c0   Section        0  port.o(.text.prvTaskExitError)
    prvTimerTask                             0x080047f1   Thumb Code   532  timers.o(.text.prvTimerTask)
    [Anonymous Symbol]                       0x080047f0   Section        0  timers.o(.text.prvTimerTask)
    prvUnlockQueue                           0x08004a05   Thumb Code   116  queue.o(.text.prvUnlockQueue)
    [Anonymous Symbol]                       0x08004a04   Section        0  queue.o(.text.prvUnlockQueue)
    [Anonymous Symbol]                       0x08004a78   Section        0  heap_4.o(.text.pvPortMalloc)
    [Anonymous Symbol]                       0x08004c5c   Section        0  tasks.o(.text.pvTaskIncrementMutexHeldCount)
    [Anonymous Symbol]                       0x08004c74   Section        0  port.o(.text.pxPortInitialiseStack)
    [Anonymous Symbol]                       0x08004c9c   Section        0  list.o(.text.uxListRemove)
    [Anonymous Symbol]                       0x08004cc0   Section        0  cmsis_os2.o(.text.vApplicationGetIdleTaskMemory)
    [Anonymous Symbol]                       0x08004cdc   Section        0  cmsis_os2.o(.text.vApplicationGetTimerTaskMemory)
    [Anonymous Symbol]                       0x08004cf8   Section        0  cmsis_os2.o(.text.vApplicationStackOverflowHook)
    [Anonymous Symbol]                       0x08004cfc   Section        0  list.o(.text.vListInitialise)
    [Anonymous Symbol]                       0x08004d14   Section        0  list.o(.text.vListInitialiseItem)
    [Anonymous Symbol]                       0x08004d1c   Section        0  list.o(.text.vListInsert)
    vPortEnableVFP                           0x08004d7d   Thumb Code    20  port.o(.text.vPortEnableVFP)
    [Anonymous Symbol]                       0x08004d7c   Section        0  port.o(.text.vPortEnableVFP)
    [Anonymous Symbol]                       0x08004d90   Section        0  port.o(.text.vPortEnterCritical)
    [Anonymous Symbol]                       0x08004db0   Section        0  port.o(.text.vPortExitCritical)
    [Anonymous Symbol]                       0x08004dcc   Section        0  heap_4.o(.text.vPortFree)
    [Anonymous Symbol]                       0x08004e84   Section        0  port.o(.text.vPortSetupTimerInterrupt)
    [Anonymous Symbol]                       0x08004eb8   Section        0  queue.o(.text.vQueueDelete)
    [Anonymous Symbol]                       0x08004ec8   Section        0  queue.o(.text.vQueueWaitForMessageRestricted)
    [Anonymous Symbol]                       0x08004f18   Section        0  tasks.o(.text.vTaskDelay)
    [Anonymous Symbol]                       0x08004f84   Section        0  tasks.o(.text.vTaskInternalSetTimeOutState)
    [Anonymous Symbol]                       0x08004f98   Section        0  tasks.o(.text.vTaskMissedYield)
    [Anonymous Symbol]                       0x08004fa8   Section        0  tasks.o(.text.vTaskPlaceOnEventList)
    [Anonymous Symbol]                       0x08004fc8   Section        0  tasks.o(.text.vTaskPlaceOnEventListRestricted)
    [Anonymous Symbol]                       0x08005054   Section        0  tasks.o(.text.vTaskPriorityDisinheritAfterTimeout)
    [Anonymous Symbol]                       0x080050d4   Section        0  tasks.o(.text.vTaskStartScheduler)
    [Anonymous Symbol]                       0x080051a4   Section        0  tasks.o(.text.vTaskSuspendAll)
    __tagsym$$used.0                         0x080051b4   Number         0  tasks.o(.text.vTaskSwitchContext)
    [Anonymous Symbol]                       0x080051b4   Section        0  tasks.o(.text.vTaskSwitchContext)
    [Anonymous Symbol]                       0x08005268   Section        0  port.o(.text.xPortStartScheduler)
    [Anonymous Symbol]                       0x080052d8   Section        0  port.o(.text.xPortSysTickHandler)
    [Anonymous Symbol]                       0x08005308   Section        0  queue.o(.text.xQueueCreateMutex)
    [Anonymous Symbol]                       0x0800537c   Section        0  queue.o(.text.xQueueCreateMutexStatic)
    [Anonymous Symbol]                       0x080053ec   Section        0  queue.o(.text.xQueueGenericCreateStatic)
    [Anonymous Symbol]                       0x08005470   Section        0  queue.o(.text.xQueueGenericSend)
    [Anonymous Symbol]                       0x080055f0   Section        0  queue.o(.text.xQueueReceive)
    [Anonymous Symbol]                       0x0800573c   Section        0  queue.o(.text.xQueueSemaphoreTake)
    [Anonymous Symbol]                       0x080058a0   Section        0  tasks.o(.text.xTaskCheckForTimeOut)
    [Anonymous Symbol]                       0x08005904   Section        0  tasks.o(.text.xTaskCreate)
    [Anonymous Symbol]                       0x080059f4   Section        0  tasks.o(.text.xTaskCreateStatic)
    [Anonymous Symbol]                       0x08005ac4   Section        0  tasks.o(.text.xTaskGetSchedulerState)
    [Anonymous Symbol]                       0x08005ae4   Section        0  tasks.o(.text.xTaskGetTickCount)
    [Anonymous Symbol]                       0x08005af0   Section        0  tasks.o(.text.xTaskIncrementTick)
    [Anonymous Symbol]                       0x08005bf8   Section        0  tasks.o(.text.xTaskPriorityDisinherit)
    [Anonymous Symbol]                       0x08005c68   Section        0  tasks.o(.text.xTaskPriorityInherit)
    [Anonymous Symbol]                       0x08005d14   Section        0  tasks.o(.text.xTaskRemoveFromEventList)
    [Anonymous Symbol]                       0x08005de8   Section        0  tasks.o(.text.xTaskResumeAll)
    [Anonymous Symbol]                       0x08005ee8   Section        0  timers.o(.text.xTimerCreateTimerTask)
    $v0                                      0x08005f80   Number         0  fpinit.o(x$fpl$fpinit)
    x$fpl$fpinit                             0x08005f80   Section       26  fpinit.o(x$fpl$fpinit)
    .L__const.I2C1_Read_byte.loc_u32_I2Cx    0x08005f9c   Data          12  i2c.o(.rodata..L__const.I2C1_Read_byte.loc_u32_I2Cx)
    .L__const.PWM_enu_SetDutyCycle.Timx_BASE 0x08005fa8   Data          12  pwm.o(.rodata..L__const.PWM_enu_SetDutyCycle.Timx_BASE)
    .L__const.CAN_voidSysInit.R_Filter       0x08005fb4   Data          16  main.o(.rodata.cst16)
    .L__const.GPIO_lockPin.LOC_ptr2GPIOx     0x08005fc4   Data          32  gpio.o(.rodata.cst32)
    .L_MergedGlobals                         0x20000000   Data           5  main.o(.data..L_MergedGlobals)
    [Anonymous Symbol]                       0x20000000   Section        0  main.o(.data..L_MergedGlobals)
    .L_MergedGlobals                         0x20000005   Data           8  pwm.o(.data..L_MergedGlobals)
    [Anonymous Symbol]                       0x20000005   Section        0  pwm.o(.data..L_MergedGlobals)
    .L_MergedGlobals                         0x2000000d   Data          16  motor.o(.data..L_MergedGlobals)
    [Anonymous Symbol]                       0x2000000d   Section        0  motor.o(.data..L_MergedGlobals)
    .L_MergedGlobals                         0x2000001e   Data          18  ble.o(.data..L_MergedGlobals)
    [Anonymous Symbol]                       0x2000001e   Section        0  ble.o(.data..L_MergedGlobals)
    .L_MergedGlobals                         0x20000030   Data           8  eeprom.o(.data..L_MergedGlobals)
    [Anonymous Symbol]                       0x20000030   Section        0  eeprom.o(.data..L_MergedGlobals)
    uxCriticalNesting                        0x2000004c   Data           4  port.o(.data.uxCriticalNesting)
    [Anonymous Symbol]                       0x2000004c   Section        0  port.o(.data.uxCriticalNesting)
    .bss                                     0x20000050   Section       96  libspace.o(.bss)
    .L_MergedGlobals                         0x200000b0   Data           7  us.o(.bss..L_MergedGlobals)
    US_voidGetUSSensorDistanceAsync.US_flag  0x200000b0   Data           1  us.o(.bss..L_MergedGlobals)
    [Anonymous Symbol]                       0x200000b0   Section        0  us.o(.bss..L_MergedGlobals)
    US_voidGetUSSensorDistanceAsync.US_TimerStatus 0x200000b1   Data           1  us.o(.bss..L_MergedGlobals)
    US_voidGetUSSensorDistanceAsyncTask.US_flag 0x200000b2   Data           1  us.o(.bss..L_MergedGlobals)
    US_voidGetUSSensorDistanceAsyncTask.US_TimerStatus 0x200000b3   Data           1  us.o(.bss..L_MergedGlobals)
    US_voidGetUSSensorDistanceAsyncTask.US_TimerICUStatus 0x200000b4   Data           1  us.o(.bss..L_MergedGlobals)
    US_voidGetUSSensorDistanceTask.US_TimerStatus 0x200000b5   Data           1  us.o(.bss..L_MergedGlobals)
    US_voidGetUSSensorDistanceTask.US_TimerICUStatus 0x200000b6   Data           1  us.o(.bss..L_MergedGlobals)
    .L_MergedGlobals                         0x200000b8   Data          28  heap_4.o(.bss..L_MergedGlobals)
    pxEnd                                    0x200000b8   Data           4  heap_4.o(.bss..L_MergedGlobals)
    [Anonymous Symbol]                       0x200000b8   Section        0  heap_4.o(.bss..L_MergedGlobals)
    xFreeBytesRemaining                      0x200000bc   Data           4  heap_4.o(.bss..L_MergedGlobals)
    xMinimumEverFreeBytesRemaining           0x200000c0   Data           4  heap_4.o(.bss..L_MergedGlobals)
    xNumberOfSuccessfulAllocations           0x200000c4   Data           4  heap_4.o(.bss..L_MergedGlobals)
    xNumberOfSuccessfulFrees                 0x200000c8   Data           4  heap_4.o(.bss..L_MergedGlobals)
    xStart                                   0x200000cc   Data           8  heap_4.o(.bss..L_MergedGlobals)
    .L_MergedGlobals                         0x200000d4   Data         116  tasks.o(.bss..L_MergedGlobals)
    uxTaskNumber                             0x200000d4   Data           4  tasks.o(.bss..L_MergedGlobals)
    [Anonymous Symbol]                       0x200000d4   Section        0  tasks.o(.bss..L_MergedGlobals)
    uxDeletedTasksWaitingCleanUp             0x200000d8   Data           4  tasks.o(.bss..L_MergedGlobals)
    uxCurrentNumberOfTasks                   0x200000dc   Data           4  tasks.o(.bss..L_MergedGlobals)
    xSchedulerRunning                        0x200000e0   Data           4  tasks.o(.bss..L_MergedGlobals)
    xTickCount                               0x200000e4   Data           4  tasks.o(.bss..L_MergedGlobals)
    pxDelayedTaskList                        0x200000e8   Data           4  tasks.o(.bss..L_MergedGlobals)
    pxOverflowDelayedTaskList                0x200000ec   Data           4  tasks.o(.bss..L_MergedGlobals)
    uxTopReadyPriority                       0x200000f0   Data           4  tasks.o(.bss..L_MergedGlobals)
    uxSchedulerSuspended                     0x200000f4   Data           4  tasks.o(.bss..L_MergedGlobals)
    xYieldPending                            0x200000f8   Data           4  tasks.o(.bss..L_MergedGlobals)
    xIdleTaskHandle                          0x200000fc   Data           4  tasks.o(.bss..L_MergedGlobals)
    xNextTaskUnblockTime                     0x20000100   Data           4  tasks.o(.bss..L_MergedGlobals)
    xPendedTicks                             0x20000104   Data           4  tasks.o(.bss..L_MergedGlobals)
    xNumOfOverflows                          0x20000108   Data           4  tasks.o(.bss..L_MergedGlobals)
    xTasksWaitingTermination                 0x2000010c   Data          20  tasks.o(.bss..L_MergedGlobals)
    xSuspendedTaskList                       0x20000120   Data          20  tasks.o(.bss..L_MergedGlobals)
    xPendingReadyList                        0x20000134   Data          20  tasks.o(.bss..L_MergedGlobals)
    .L_MergedGlobals                         0x20000148   Data          60  timers.o(.bss..L_MergedGlobals)
    xTimerQueue                              0x20000148   Data           4  timers.o(.bss..L_MergedGlobals)
    [Anonymous Symbol]                       0x20000148   Section        0  timers.o(.bss..L_MergedGlobals)
    xTimerTaskHandle                         0x2000014c   Data           4  timers.o(.bss..L_MergedGlobals)
    pxCurrentTimerList                       0x20000150   Data           4  timers.o(.bss..L_MergedGlobals)
    pxOverflowTimerList                      0x20000154   Data           4  timers.o(.bss..L_MergedGlobals)
    prvSampleTimeNow.xLastTime               0x20000158   Data           4  timers.o(.bss..L_MergedGlobals)
    xActiveTimerList1                        0x2000015c   Data          20  timers.o(.bss..L_MergedGlobals)
    xActiveTimerList2                        0x20000170   Data          20  timers.o(.bss..L_MergedGlobals)
    .L_MergedGlobals.1                       0x20000184   Data           4  main.o(.bss..L_MergedGlobals.1)
    Button_StateT.counter                    0x20000184   Data           2  main.o(.bss..L_MergedGlobals.1)
    [Anonymous Symbol]                       0x20000184   Section        0  main.o(.bss..L_MergedGlobals.1)
    .L_MergedGlobals.1                       0x20000188   Data          40  tasks.o(.bss..L_MergedGlobals.1)
    xDelayedTaskList1                        0x20000188   Data          20  tasks.o(.bss..L_MergedGlobals.1)
    [Anonymous Symbol]                       0x20000188   Section        0  tasks.o(.bss..L_MergedGlobals.1)
    xDelayedTaskList2                        0x2000019c   Data          20  tasks.o(.bss..L_MergedGlobals.1)
    US_GetDistanceT.Local_Dist               0x200003b8   Data           2  main.o(.bss.US_GetDistanceT.Local_Dist)
    [Anonymous Symbol]                       0x200003b8   Section        0  main.o(.bss.US_GetDistanceT.Local_Dist)
    clib_mutex_cb                            0x200003bc   Data         400  clib_arm.o(.bss.clib_mutex_cb)
    [Anonymous Symbol]                       0x200003bc   Section        0  clib_arm.o(.bss.clib_mutex_cb)
    clib_mutex_id                            0x2000054c   Data          20  clib_arm.o(.bss.clib_mutex_id)
    [Anonymous Symbol]                       0x2000054c   Section        0  clib_arm.o(.bss.clib_mutex_id)
    prvCheckForValidListAndQueue.ucStaticTimerQueueStorage 0x20000560   Data          80  timers.o(.bss.prvCheckForValidListAndQueue.ucStaticTimerQueueStorage)
    [Anonymous Symbol]                       0x20000560   Section        0  timers.o(.bss.prvCheckForValidListAndQueue.ucStaticTimerQueueStorage)
    prvCheckForValidListAndQueue.xStaticTimerQueue 0x200005b0   Data          80  timers.o(.bss.prvCheckForValidListAndQueue.xStaticTimerQueue)
    [Anonymous Symbol]                       0x200005b0   Section        0  timers.o(.bss.prvCheckForValidListAndQueue.xStaticTimerQueue)
    __tagsym$$used.1                         0x20000600   Number         0  tasks.o(.bss.pxCurrentTCB)
    pxReadyTasksLists                        0x20000604   Data        1120  tasks.o(.bss.pxReadyTasksLists)
    [Anonymous Symbol]                       0x20000604   Section        0  tasks.o(.bss.pxReadyTasksLists)
    ucHeap                                   0x20000a64   Data        8192  heap_4.o(.bss.ucHeap)
    [Anonymous Symbol]                       0x20000a64   Section        0  heap_4.o(.bss.ucHeap)
    vApplicationGetIdleTaskMemory.Idle_Stack 0x20002a64   Data         320  cmsis_os2.o(.bss.vApplicationGetIdleTaskMemory.Idle_Stack)
    [Anonymous Symbol]                       0x20002a64   Section        0  cmsis_os2.o(.bss.vApplicationGetIdleTaskMemory.Idle_Stack)
    vApplicationGetIdleTaskMemory.Idle_TCB   0x20002ba4   Data          92  cmsis_os2.o(.bss.vApplicationGetIdleTaskMemory.Idle_TCB)
    [Anonymous Symbol]                       0x20002ba4   Section        0  cmsis_os2.o(.bss.vApplicationGetIdleTaskMemory.Idle_TCB)
    vApplicationGetTimerTaskMemory.Timer_Stack 0x20002c00   Data         320  cmsis_os2.o(.bss.vApplicationGetTimerTaskMemory.Timer_Stack)
    [Anonymous Symbol]                       0x20002c00   Section        0  cmsis_os2.o(.bss.vApplicationGetTimerTaskMemory.Timer_Stack)
    vApplicationGetTimerTaskMemory.Timer_TCB 0x20002d40   Data          92  cmsis_os2.o(.bss.vApplicationGetTimerTaskMemory.Timer_TCB)
    [Anonymous Symbol]                       0x20002d40   Section        0  cmsis_os2.o(.bss.vApplicationGetTimerTaskMemory.Timer_TCB)
    Heap_Mem                                 0x20002da0   Data         512  startup_stm32f303xe.o(HEAP)
    HEAP                                     0x20002da0   Section      512  startup_stm32f303xe.o(HEAP)
    Stack_Mem                                0x20002fa0   Data        1024  startup_stm32f303xe.o(STACK)
    STACK                                    0x20002fa0   Section     1024  startup_stm32f303xe.o(STACK)
    __initial_sp                             0x200033a0   Data           0  startup_stm32f303xe.o(STACK)

    Global Symbols

    Symbol Name                              Value     Ov Type        Size  Object(Section)

    BuildAttributes$$THM_ISAv4$E$P$D$K$B$S$7EM$VFPi3$EXTD16$VFPS$VFMA$PE$A:L22UL41UL21$X:L11$S22US41US21$IEEE1$IW$~IW$USESV6$~STKCKD$USESV7$~SHL$OTIME$ROPI$EBA8$UX$STANDARDLIB$REQ8$PRES8$EABIv2 0x00000000   Number         0  anon$$obj.o ABSOLUTE
    __ARM_exceptions_init                     - Undefined Weak Reference
    __alloca_initialize                       - Undefined Weak Reference
    __arm_preinit_                            - Undefined Weak Reference
    __cpp_initialize__aeabi_                  - Undefined Weak Reference
    __cxa_finalize                            - Undefined Weak Reference
    __rt_locale                               - Undefined Weak Reference
    __sigvec_lookup                           - Undefined Weak Reference
    _atexit_init                              - Undefined Weak Reference
    _call_atexit_fns                          - Undefined Weak Reference
    _clock_init                               - Undefined Weak Reference
    _fp_trap_init                             - Undefined Weak Reference
    _fp_trap_shutdown                         - Undefined Weak Reference
    _get_lc_collate                           - Undefined Weak Reference
    _get_lc_ctype                             - Undefined Weak Reference
    _get_lc_monetary                          - Undefined Weak Reference
    _get_lc_numeric                           - Undefined Weak Reference
    _get_lc_time                              - Undefined Weak Reference
    _getenv_init                              - Undefined Weak Reference
    _handle_redirection                       - Undefined Weak Reference
    _init_alloc                               - Undefined Weak Reference
    _init_user_alloc                          - Undefined Weak Reference
    _initio                                   - Undefined Weak Reference
    _rand_init                                - Undefined Weak Reference
    _signal_finish                            - Undefined Weak Reference
    _signal_init                              - Undefined Weak Reference
    _terminate_alloc                          - Undefined Weak Reference
    _terminate_user_alloc                     - Undefined Weak Reference
    _terminateio                              - Undefined Weak Reference
    __Vectors_Size                           0x00000194   Number         0  startup_stm32f303xe.o ABSOLUTE
    __Vectors                                0x08000000   Data           4  startup_stm32f303xe.o(RESET)
    __Vectors_End                            0x08000194   Data           0  startup_stm32f303xe.o(RESET)
    __main                                   0x08000195   Thumb Code     8  __main.o(!!!main)
    __scatterload                            0x0800019d   Thumb Code     0  __scatter.o(!!!scatter)
    __scatterload_rt2                        0x0800019d   Thumb Code    44  __scatter.o(!!!scatter)
    __scatterload_rt2_thumb_only             0x0800019d   Thumb Code     0  __scatter.o(!!!scatter)
    __scatterload_null                       0x080001ab   Thumb Code     0  __scatter.o(!!!scatter)
    __scatterload_copy                       0x080001d1   Thumb Code    26  __scatter_copy.o(!!handler_copy)
    __scatterload_zeroinit                   0x080001ed   Thumb Code    28  __scatter_zi.o(!!handler_zi)
    __rt_lib_init                            0x08000209   Thumb Code     0  libinit.o(.ARM.Collect$$libinit$$00000000)
    __rt_lib_init_fp_1                       0x0800020b   Thumb Code     0  libinit2.o(.ARM.Collect$$libinit$$00000001)
    __rt_lib_init_alloca_1                   0x0800020f   Thumb Code     0  libinit2.o(.ARM.Collect$$libinit$$0000002E)
    __rt_lib_init_argv_1                     0x0800020f   Thumb Code     0  libinit2.o(.ARM.Collect$$libinit$$0000002C)
    __rt_lib_init_atexit_1                   0x0800020f   Thumb Code     0  libinit2.o(.ARM.Collect$$libinit$$0000001B)
    __rt_lib_init_clock_1                    0x0800020f   Thumb Code     0  libinit2.o(.ARM.Collect$$libinit$$00000021)
    __rt_lib_init_cpp_1                      0x0800020f   Thumb Code     0  libinit2.o(.ARM.Collect$$libinit$$00000032)
    __rt_lib_init_exceptions_1               0x0800020f   Thumb Code     0  libinit2.o(.ARM.Collect$$libinit$$00000030)
    __rt_lib_init_fp_trap_1                  0x0800020f   Thumb Code     0  libinit2.o(.ARM.Collect$$libinit$$0000001F)
    __rt_lib_init_getenv_1                   0x0800020f   Thumb Code     0  libinit2.o(.ARM.Collect$$libinit$$00000023)
    __rt_lib_init_heap_1                     0x0800020f   Thumb Code     0  libinit2.o(.ARM.Collect$$libinit$$0000000A)
    __rt_lib_init_lc_collate_1               0x0800020f   Thumb Code     0  libinit2.o(.ARM.Collect$$libinit$$00000011)
    __rt_lib_init_lc_ctype_1                 0x0800020f   Thumb Code     0  libinit2.o(.ARM.Collect$$libinit$$00000013)
    __rt_lib_init_lc_monetary_1              0x0800020f   Thumb Code     0  libinit2.o(.ARM.Collect$$libinit$$00000015)
    __rt_lib_init_lc_numeric_1               0x0800020f   Thumb Code     0  libinit2.o(.ARM.Collect$$libinit$$00000017)
    __rt_lib_init_lc_time_1                  0x0800020f   Thumb Code     0  libinit2.o(.ARM.Collect$$libinit$$00000019)
    __rt_lib_init_preinit_1                  0x0800020f   Thumb Code     0  libinit2.o(.ARM.Collect$$libinit$$00000004)
    __rt_lib_init_rand_1                     0x0800020f   Thumb Code     0  libinit2.o(.ARM.Collect$$libinit$$0000000E)
    __rt_lib_init_return                     0x0800020f   Thumb Code     0  libinit2.o(.ARM.Collect$$libinit$$00000033)
    __rt_lib_init_signal_1                   0x0800020f   Thumb Code     0  libinit2.o(.ARM.Collect$$libinit$$0000001D)
    __rt_lib_init_stdio_1                    0x0800020f   Thumb Code     0  libinit2.o(.ARM.Collect$$libinit$$00000025)
    __rt_lib_init_user_alloc_1               0x0800020f   Thumb Code     0  libinit2.o(.ARM.Collect$$libinit$$0000000C)
    __rt_lib_shutdown                        0x08000211   Thumb Code     0  libshutdown.o(.ARM.Collect$$libshutdown$$00000000)
    __rt_lib_shutdown_cpp_1                  0x08000213   Thumb Code     0  libshutdown2.o(.ARM.Collect$$libshutdown$$00000002)
    __rt_lib_shutdown_fp_trap_1              0x08000213   Thumb Code     0  libshutdown2.o(.ARM.Collect$$libshutdown$$00000007)
    __rt_lib_shutdown_heap_1                 0x08000213   Thumb Code     0  libshutdown2.o(.ARM.Collect$$libshutdown$$0000000F)
    __rt_lib_shutdown_return                 0x08000213   Thumb Code     0  libshutdown2.o(.ARM.Collect$$libshutdown$$00000010)
    __rt_lib_shutdown_signal_1               0x08000213   Thumb Code     0  libshutdown2.o(.ARM.Collect$$libshutdown$$0000000A)
    __rt_lib_shutdown_stdio_1                0x08000213   Thumb Code     0  libshutdown2.o(.ARM.Collect$$libshutdown$$00000004)
    __rt_lib_shutdown_user_alloc_1           0x08000213   Thumb Code     0  libshutdown2.o(.ARM.Collect$$libshutdown$$0000000C)
    __rt_entry                               0x08000215   Thumb Code     0  __rtentry.o(.ARM.Collect$$rtentry$$00000000)
    __rt_entry_presh_1                       0x08000215   Thumb Code     0  __rtentry2.o(.ARM.Collect$$rtentry$$00000002)
    __rt_entry_sh                            0x08000215   Thumb Code     0  __rtentry4.o(.ARM.Collect$$rtentry$$00000004)
    __rt_entry_postsh_1                      0x0800021b   Thumb Code     0  __rtentry2.o(.ARM.Collect$$rtentry$$00000008)
    __rt_entry_li                            0x08000223   Thumb Code     0  __rtentry2.o(.ARM.Collect$$rtentry$$0000000A)
    __rt_entry_main                          0x08000227   Thumb Code     0  __rtentry2.o(.ARM.Collect$$rtentry$$0000000D)
    __rt_entry_postli_1                      0x08000227   Thumb Code     0  __rtentry2.o(.ARM.Collect$$rtentry$$0000000C)
    __rt_exit                                0x0800022f   Thumb Code     0  rtexit.o(.ARM.Collect$$rtexit$$00000000)
    __rt_exit_ls                             0x08000231   Thumb Code     0  rtexit2.o(.ARM.Collect$$rtexit$$00000003)
    __rt_exit_prels_1                        0x08000231   Thumb Code     0  rtexit2.o(.ARM.Collect$$rtexit$$00000002)
    __rt_exit_exit                           0x08000235   Thumb Code     0  rtexit2.o(.ARM.Collect$$rtexit$$00000004)
    Reset_Handler                            0x0800023d   Thumb Code     8  startup_stm32f303xe.o(.text)
    NMI_Handler                              0x08000245   Thumb Code     2  startup_stm32f303xe.o(.text)
    HardFault_Handler                        0x08000247   Thumb Code     2  startup_stm32f303xe.o(.text)
    MemManage_Handler                        0x08000249   Thumb Code     2  startup_stm32f303xe.o(.text)
    BusFault_Handler                         0x0800024b   Thumb Code     2  startup_stm32f303xe.o(.text)
    UsageFault_Handler                       0x0800024d   Thumb Code     2  startup_stm32f303xe.o(.text)
    DebugMon_Handler                         0x08000251   Thumb Code     2  startup_stm32f303xe.o(.text)
    ADC1_2_IRQHandler                        0x08000257   Thumb Code     0  startup_stm32f303xe.o(.text)
    ADC3_IRQHandler                          0x08000257   Thumb Code     0  startup_stm32f303xe.o(.text)
    ADC4_IRQHandler                          0x08000257   Thumb Code     0  startup_stm32f303xe.o(.text)
    CAN_RX1_IRQHandler                       0x08000257   Thumb Code     0  startup_stm32f303xe.o(.text)
    CAN_SCE_IRQHandler                       0x08000257   Thumb Code     0  startup_stm32f303xe.o(.text)
    COMP1_2_3_IRQHandler                     0x08000257   Thumb Code     0  startup_stm32f303xe.o(.text)
    COMP4_5_6_IRQHandler                     0x08000257   Thumb Code     0  startup_stm32f303xe.o(.text)
    COMP7_IRQHandler                         0x08000257   Thumb Code     0  startup_stm32f303xe.o(.text)
    DMA1_Channel1_IRQHandler                 0x08000257   Thumb Code     0  startup_stm32f303xe.o(.text)
    DMA1_Channel2_IRQHandler                 0x08000257   Thumb Code     0  startup_stm32f303xe.o(.text)
    DMA1_Channel3_IRQHandler                 0x08000257   Thumb Code     0  startup_stm32f303xe.o(.text)
    DMA1_Channel4_IRQHandler                 0x08000257   Thumb Code     0  startup_stm32f303xe.o(.text)
    DMA1_Channel5_IRQHandler                 0x08000257   Thumb Code     0  startup_stm32f303xe.o(.text)
    DMA1_Channel6_IRQHandler                 0x08000257   Thumb Code     0  startup_stm32f303xe.o(.text)
    DMA1_Channel7_IRQHandler                 0x08000257   Thumb Code     0  startup_stm32f303xe.o(.text)
    DMA2_Channel1_IRQHandler                 0x08000257   Thumb Code     0  startup_stm32f303xe.o(.text)
    DMA2_Channel2_IRQHandler                 0x08000257   Thumb Code     0  startup_stm32f303xe.o(.text)
    DMA2_Channel3_IRQHandler                 0x08000257   Thumb Code     0  startup_stm32f303xe.o(.text)
    DMA2_Channel4_IRQHandler                 0x08000257   Thumb Code     0  startup_stm32f303xe.o(.text)
    DMA2_Channel5_IRQHandler                 0x08000257   Thumb Code     0  startup_stm32f303xe.o(.text)
    FLASH_IRQHandler                         0x08000257   Thumb Code     0  startup_stm32f303xe.o(.text)
    FMC_IRQHandler                           0x08000257   Thumb Code     0  startup_stm32f303xe.o(.text)
    FPU_IRQHandler                           0x08000257   Thumb Code     0  startup_stm32f303xe.o(.text)
    I2C1_ER_IRQHandler                       0x08000257   Thumb Code     0  startup_stm32f303xe.o(.text)
    I2C1_EV_IRQHandler                       0x08000257   Thumb Code     0  startup_stm32f303xe.o(.text)
    I2C2_ER_IRQHandler                       0x08000257   Thumb Code     0  startup_stm32f303xe.o(.text)
    I2C2_EV_IRQHandler                       0x08000257   Thumb Code     0  startup_stm32f303xe.o(.text)
    I2C3_ER_IRQHandler                       0x08000257   Thumb Code     0  startup_stm32f303xe.o(.text)
    I2C3_EV_IRQHandler                       0x08000257   Thumb Code     0  startup_stm32f303xe.o(.text)
    PVD_IRQHandler                           0x08000257   Thumb Code     0  startup_stm32f303xe.o(.text)
    RCC_IRQHandler                           0x08000257   Thumb Code     0  startup_stm32f303xe.o(.text)
    RTC_Alarm_IRQHandler                     0x08000257   Thumb Code     0  startup_stm32f303xe.o(.text)
    RTC_WKUP_IRQHandler                      0x08000257   Thumb Code     0  startup_stm32f303xe.o(.text)
    SPI1_IRQHandler                          0x08000257   Thumb Code     0  startup_stm32f303xe.o(.text)
    SPI2_IRQHandler                          0x08000257   Thumb Code     0  startup_stm32f303xe.o(.text)
    SPI3_IRQHandler                          0x08000257   Thumb Code     0  startup_stm32f303xe.o(.text)
    SPI4_IRQHandler                          0x08000257   Thumb Code     0  startup_stm32f303xe.o(.text)
    TAMP_STAMP_IRQHandler                    0x08000257   Thumb Code     0  startup_stm32f303xe.o(.text)
    TIM1_BRK_TIM15_IRQHandler                0x08000257   Thumb Code     0  startup_stm32f303xe.o(.text)
    TIM1_CC_IRQHandler                       0x08000257   Thumb Code     0  startup_stm32f303xe.o(.text)
    TIM1_TRG_COM_TIM17_IRQHandler            0x08000257   Thumb Code     0  startup_stm32f303xe.o(.text)
    TIM1_UP_TIM16_IRQHandler                 0x08000257   Thumb Code     0  startup_stm32f303xe.o(.text)
    TIM20_BRK_IRQHandler                     0x08000257   Thumb Code     0  startup_stm32f303xe.o(.text)
    TIM20_CC_IRQHandler                      0x08000257   Thumb Code     0  startup_stm32f303xe.o(.text)
    TIM20_TRG_COM_IRQHandler                 0x08000257   Thumb Code     0  startup_stm32f303xe.o(.text)
    TIM20_UP_IRQHandler                      0x08000257   Thumb Code     0  startup_stm32f303xe.o(.text)
    TIM2_IRQHandler                          0x08000257   Thumb Code     0  startup_stm32f303xe.o(.text)
    TIM3_IRQHandler                          0x08000257   Thumb Code     0  startup_stm32f303xe.o(.text)
    TIM4_IRQHandler                          0x08000257   Thumb Code     0  startup_stm32f303xe.o(.text)
    TIM6_DAC_IRQHandler                      0x08000257   Thumb Code     0  startup_stm32f303xe.o(.text)
    TIM7_IRQHandler                          0x08000257   Thumb Code     0  startup_stm32f303xe.o(.text)
    TIM8_BRK_IRQHandler                      0x08000257   Thumb Code     0  startup_stm32f303xe.o(.text)
    TIM8_CC_IRQHandler                       0x08000257   Thumb Code     0  startup_stm32f303xe.o(.text)
    TIM8_TRG_COM_IRQHandler                  0x08000257   Thumb Code     0  startup_stm32f303xe.o(.text)
    TIM8_UP_IRQHandler                       0x08000257   Thumb Code     0  startup_stm32f303xe.o(.text)
    UART4_IRQHandler                         0x08000257   Thumb Code     0  startup_stm32f303xe.o(.text)
    UART5_IRQHandler                         0x08000257   Thumb Code     0  startup_stm32f303xe.o(.text)
    USART2_IRQHandler                        0x08000257   Thumb Code     0  startup_stm32f303xe.o(.text)
    USART3_IRQHandler                        0x08000257   Thumb Code     0  startup_stm32f303xe.o(.text)
    USBWakeUp_IRQHandler                     0x08000257   Thumb Code     0  startup_stm32f303xe.o(.text)
    USBWakeUp_RMP_IRQHandler                 0x08000257   Thumb Code     0  startup_stm32f303xe.o(.text)
    USB_HP_CAN_TX_IRQHandler                 0x08000257   Thumb Code     0  startup_stm32f303xe.o(.text)
    USB_HP_IRQHandler                        0x08000257   Thumb Code     0  startup_stm32f303xe.o(.text)
    USB_LP_CAN_RX0_IRQHandler                0x08000257   Thumb Code     0  startup_stm32f303xe.o(.text)
    USB_LP_IRQHandler                        0x08000257   Thumb Code     0  startup_stm32f303xe.o(.text)
    WWDG_IRQHandler                          0x08000257   Thumb Code     0  startup_stm32f303xe.o(.text)
    __user_initial_stackheap                 0x08000259   Thumb Code     0  startup_stm32f303xe.o(.text)
    __aeabi_memcpy                           0x0800027d   Thumb Code     0  rt_memcpy_v6.o(.text)
    __rt_memcpy                              0x0800027d   Thumb Code   138  rt_memcpy_v6.o(.text)
    _memcpy_lastbytes                        0x080002e3   Thumb Code     0  rt_memcpy_v6.o(.text)
    __aeabi_memset4                          0x08000307   Thumb Code    16  aeabi_memset4.o(.text)
    __aeabi_memset8                          0x08000307   Thumb Code     0  aeabi_memset4.o(.text)
    __aeabi_memclr                           0x08000317   Thumb Code     0  rt_memclr.o(.text)
    __rt_memclr                              0x08000317   Thumb Code    68  rt_memclr.o(.text)
    _memset                                  0x0800031b   Thumb Code     0  rt_memclr.o(.text)
    __use_two_region_memory                  0x0800035b   Thumb Code     2  heapauxi.o(.text)
    __rt_heap_escrow$2region                 0x0800035d   Thumb Code     2  heapauxi.o(.text)
    __rt_heap_expand$2region                 0x0800035f   Thumb Code     2  heapauxi.o(.text)
    __aeabi_memcpy4                          0x08000361   Thumb Code     0  rt_memcpy_w.o(.text)
    __aeabi_memcpy8                          0x08000361   Thumb Code     0  rt_memcpy_w.o(.text)
    __rt_memcpy_w                            0x08000361   Thumb Code   100  rt_memcpy_w.o(.text)
    _memcpy_lastbytes_aligned                0x080003a9   Thumb Code     0  rt_memcpy_w.o(.text)
    __aeabi_memclr4                          0x080003c5   Thumb Code     0  rt_memclr_w.o(.text)
    __aeabi_memclr8                          0x080003c5   Thumb Code     0  rt_memclr_w.o(.text)
    __rt_memclr_w                            0x080003c5   Thumb Code    78  rt_memclr_w.o(.text)
    _memset_w                                0x080003c9   Thumb Code     0  rt_memclr_w.o(.text)
    __user_setup_stackheap                   0x08000413   Thumb Code    74  sys_stackheap_outer.o(.text)
    exit                                     0x0800045d   Thumb Code    18  exit.o(.text)
    __user_libspace                          0x08000471   Thumb Code     8  libspace.o(.text)
    __user_perproc_libspace                  0x08000471   Thumb Code     0  libspace.o(.text)
    _sys_exit                                0x08000479   Thumb Code     8  sys_exit.o(.text)
    __I$use$semihosting                      0x08000485   Thumb Code     0  use_no_semi.o(.text)
    __use_no_semihosting_swi                 0x08000485   Thumb Code     2  use_no_semi.o(.text)
    __semihosting_library_function           0x08000487   Thumb Code     0  indicate_semi.o(.text)
    Button_StateT                            0x08000489   Thumb Code   116  main.o(.text.Button_StateT)
    CAN_RevieveDataT                         0x080004fd   Thumb Code    82  main.o(.text.CAN_RevieveDataT)
    CAN_SendDataT                            0x08000551   Thumb Code    84  main.o(.text.CAN_SendDataT)
    CAN_enuCreateFilter                      0x080005a5   Thumb Code  5608  can.o(.text.CAN_enuCreateFilter)
    CAN_enuInit                              0x08001b8d   Thumb Code   418  can.o(.text.CAN_enuInit)
    CAN_enuRecieve                           0x08001d31   Thumb Code  1180  can.o(.text.CAN_enuRecieve)
    CAN_enuTransmit                          0x080021cd   Thumb Code  3082  can.o(.text.CAN_enuTransmit)
    DCmotor_Init                             0x08002dd9   Thumb Code    98  motor.o(.text.DCmotor_Init)
    DCmotor_backMove                         0x08002e3d   Thumb Code    74  motor.o(.text.DCmotor_backMove)
    DCmotor_frontMove                        0x08002e89   Thumb Code    74  motor.o(.text.DCmotor_frontMove)
    DCmotor_leftMove                         0x08002ed5   Thumb Code    74  motor.o(.text.DCmotor_leftMove)
    DCmotor_rightMove                        0x08002f21   Thumb Code    74  motor.o(.text.DCmotor_rightMove)
    DCmotor_stop                             0x08002f6d   Thumb Code    66  motor.o(.text.DCmotor_stop)
    EEPROM_READ_STRING                       0x08002fb1   Thumb Code   184  eeprom.o(.text.EEPROM_READ_STRING)
    EEPROM_WRITE_STRING                      0x08003069   Thumb Code   168  eeprom.o(.text.EEPROM_WRITE_STRING)
    EEPROM_WriteLogsT                        0x08003111   Thumb Code    28  main.o(.text.EEPROM_WriteLogsT)
    EEPROM_init                              0x0800312d   Thumb Code    68  eeprom.o(.text.EEPROM_init)
    EXTI0_IRQHandler                         0x08003171   Thumb Code    12  exti_irq.o(.text.EXTI0_IRQHandler)
    EXTI15_10_IRQHandler                     0x0800317d   Thumb Code   192  exti_irq.o(.text.EXTI15_10_IRQHandler)
    EXTI1_IRQHandler                         0x0800323d   Thumb Code    12  exti_irq.o(.text.EXTI1_IRQHandler)
    EXTI2_TSC_IRQHandler                     0x08003249   Thumb Code    12  exti_irq.o(.text.EXTI2_TSC_IRQHandler)
    EXTI3_IRQHandler                         0x08003255   Thumb Code    12  exti_irq.o(.text.EXTI3_IRQHandler)
    EXTI4_IRQHandler                         0x08003261   Thumb Code    12  exti_irq.o(.text.EXTI4_IRQHandler)
    EXTI9_5_IRQHandler                       0x0800326d   Thumb Code   156  exti_irq.o(.text.EXTI9_5_IRQHandler)
    GPIO_configurePin                        0x08003309   Thumb Code   202  gpio.o(.text.GPIO_configurePin)
    GPIO_readPin                             0x080033d5   Thumb Code    50  gpio.o(.text.GPIO_readPin)
    GPIO_setPinFuction                       0x08003409   Thumb Code   106  gpio.o(.text.GPIO_setPinFuction)
    GPIO_writePin                            0x08003475   Thumb Code    64  gpio.o(.text.GPIO_writePin)
    HBLE_VGetKey                             0x080034c1   Thumb Code    30  ble.o(.text.HBLE_VGetKey)
    HBLE_VInit                               0x080034e1   Thumb Code    74  ble.o(.text.HBLE_VInit)
    I2C1_Read_byte                           0x0800352d   Thumb Code    44  i2c.o(.text.I2C1_Read_byte)
    I2C1_Write_byte                          0x08003559   Thumb Code    46  i2c.o(.text.I2C1_Write_byte)
    I2C_MASTER_init                          0x08003589   Thumb Code   158  i2c.o(.text.I2C_MASTER_init)
    I2C_Start                                0x08003629   Thumb Code    32  i2c.o(.text.I2C_Start)
    I2C_Stop                                 0x08003649   Thumb Code    62  i2c.o(.text.I2C_Stop)
    I2C_init                                 0x08003689   Thumb Code    56  i2c.o(.text.I2C_init)
    ICU_voidClrTimerIcuFlag                  0x080036c1   Thumb Code    28  icu.o(.text.ICU_voidClrTimerIcuFlag)
    ICU_voidClrTimerOvFlag                   0x080036dd   Thumb Code    22  icu.o(.text.ICU_voidClrTimerOvFlag)
    ICU_voidDisableTimer                     0x080036f5   Thumb Code    22  icu.o(.text.ICU_voidDisableTimer)
    ICU_voidEnableTimer                      0x0800370d   Thumb Code    22  icu.o(.text.ICU_voidEnableTimer)
    ICU_voidGetICU_Count                     0x08003725   Thumb Code    96  icu.o(.text.ICU_voidGetICU_Count)
    ICU_voidGetTimerIcuStatus                0x08003785   Thumb Code    28  icu.o(.text.ICU_voidGetTimerIcuStatus)
    ICU_voidGetTimerOvStatus                 0x080037a1   Thumb Code    22  icu.o(.text.ICU_voidGetTimerOvStatus)
    ICU_voidInitTimer                        0x080037b9   Thumb Code   172  icu.o(.text.ICU_voidInitTimer)
    ICU_voidSetArrTime                       0x08003865   Thumb Code    16  icu.o(.text.ICU_voidSetArrTime)
    ICU_voidSetCountTime                     0x08003875   Thumb Code    16  icu.o(.text.ICU_voidSetCountTime)
    MNVIC_EnuEnablePerInterrupt              0x08003885   Thumb Code    70  nvic.o(.text.MNVIC_EnuEnablePerInterrupt)
    MUSART1_VidSetCallBack                   0x080038cd   Thumb Code    16  usart.o(.text.MUSART1_VidSetCallBack)
    MUSART_voidInit                          0x080038dd   Thumb Code   370  usart.o(.text.MUSART_voidInit)
    Motor_SetDirectionT                      0x08003a51   Thumb Code   228  main.o(.text.Motor_SetDirectionT)
    PWM_enu_Init                             0x08003b35   Thumb Code   418  pwm.o(.text.PWM_enu_Init)
    PWM_enu_SetDutyCycle                     0x08003cd9   Thumb Code   148  pwm.o(.text.PWM_enu_SetDutyCycle)
    PendSV_Handler                           0x08003d71   Thumb Code   100  port.o(.text.PendSV_Handler)
    RCC_voidEnablePeripheral                 0x08003dd5   Thumb Code    74  rcc.o(.text.RCC_voidEnablePeripheral)
    SVC_Handler                              0x08003e21   Thumb Code    36  port.o(.text.SVC_Handler)
    SysTick_Handler                          0x08003e45   Thumb Code    30  cmsis_os2.o(.text.SysTick_Handler)
    SystemInit                               0x08003e65   Thumb Code    18  system_stm32f3xx.o(.text.SystemInit)
    USART1_IRQHandler                        0x08003e79   Thumb Code    42  usart.o(.text.USART1_IRQHandler)
    US_GetDistanceT                          0x08003ea5   Thumb Code   106  main.o(.text.US_GetDistanceT)
    US_voidGetUSSensorDistanceTask           0x08003f11   Thumb Code   168  us.o(.text.US_voidGetUSSensorDistanceTask)
    US_voidInit                              0x08003fb9   Thumb Code    58  us.o(.text.US_voidInit)
    US_voidSetTrigger                        0x08003ff5   Thumb Code   184  us.o(.text.US_voidSetTrigger)
    US_voidUltraSonicStart                   0x080040ad   Thumb Code    48  us.o(.text.US_voidUltraSonicStart)
    _mutex_acquire                           0x080040dd   Thumb Code    36  clib_arm.o(.text._mutex_acquire)
    _mutex_free                              0x08004101   Thumb Code    82  clib_arm.o(.text._mutex_free)
    _mutex_initialize                        0x08004155   Thumb Code   126  clib_arm.o(.text._mutex_initialize)
    _mutex_release                           0x080041d5   Thumb Code    38  clib_arm.o(.text._mutex_release)
    _platform_post_stackheap_init            0x080041fd   Thumb Code     2  clib_arm.o(.text._platform_post_stackheap_init)
    main                                     0x08004201   Thumb Code   366  main.o(.text.main)
    pvPortMalloc                             0x08004a79   Thumb Code   484  heap_4.o(.text.pvPortMalloc)
    pvTaskIncrementMutexHeldCount            0x08004c5d   Thumb Code    24  tasks.o(.text.pvTaskIncrementMutexHeldCount)
    pxPortInitialiseStack                    0x08004c75   Thumb Code    40  port.o(.text.pxPortInitialiseStack)
    uxListRemove                             0x08004c9d   Thumb Code    36  list.o(.text.uxListRemove)
    vApplicationGetIdleTaskMemory            0x08004cc1   Thumb Code    26  cmsis_os2.o(.text.vApplicationGetIdleTaskMemory)
    vApplicationGetTimerTaskMemory           0x08004cdd   Thumb Code    26  cmsis_os2.o(.text.vApplicationGetTimerTaskMemory)
    vApplicationStackOverflowHook            0x08004cf9   Thumb Code     2  cmsis_os2.o(.text.vApplicationStackOverflowHook)
    vListInitialise                          0x08004cfd   Thumb Code    22  list.o(.text.vListInitialise)
    vListInitialiseItem                      0x08004d15   Thumb Code     6  list.o(.text.vListInitialiseItem)
    vListInsert                              0x08004d1d   Thumb Code    96  list.o(.text.vListInsert)
    vPortEnterCritical                       0x08004d91   Thumb Code    32  port.o(.text.vPortEnterCritical)
    vPortExitCritical                        0x08004db1   Thumb Code    26  port.o(.text.vPortExitCritical)
    vPortFree                                0x08004dcd   Thumb Code   182  heap_4.o(.text.vPortFree)
    vPortSetupTimerInterrupt                 0x08004e85   Thumb Code    52  port.o(.text.vPortSetupTimerInterrupt)
    vQueueDelete                             0x08004eb9   Thumb Code    14  queue.o(.text.vQueueDelete)
    vQueueWaitForMessageRestricted           0x08004ec9   Thumb Code    80  queue.o(.text.vQueueWaitForMessageRestricted)
    vTaskDelay                               0x08004f19   Thumb Code   108  tasks.o(.text.vTaskDelay)
    vTaskInternalSetTimeOutState             0x08004f85   Thumb Code    18  tasks.o(.text.vTaskInternalSetTimeOutState)
    vTaskMissedYield                         0x08004f99   Thumb Code    14  tasks.o(.text.vTaskMissedYield)
    vTaskPlaceOnEventList                    0x08004fa9   Thumb Code    32  tasks.o(.text.vTaskPlaceOnEventList)
    vTaskPlaceOnEventListRestricted          0x08004fc9   Thumb Code   138  tasks.o(.text.vTaskPlaceOnEventListRestricted)
    vTaskPriorityDisinheritAfterTimeout      0x08005055   Thumb Code   128  tasks.o(.text.vTaskPriorityDisinheritAfterTimeout)
    vTaskStartScheduler                      0x080050d5   Thumb Code   208  tasks.o(.text.vTaskStartScheduler)
    vTaskSuspendAll                          0x080051a5   Thumb Code    16  tasks.o(.text.vTaskSuspendAll)
    vTaskSwitchContext                       0x080051b5   Thumb Code   180  tasks.o(.text.vTaskSwitchContext)
    xPortStartScheduler                      0x08005269   Thumb Code   112  port.o(.text.xPortStartScheduler)
    xPortSysTickHandler                      0x080052d9   Thumb Code    46  port.o(.text.xPortSysTickHandler)
    xQueueCreateMutex                        0x08005309   Thumb Code   116  queue.o(.text.xQueueCreateMutex)
    xQueueCreateMutexStatic                  0x0800537d   Thumb Code   110  queue.o(.text.xQueueCreateMutexStatic)
    xQueueGenericCreateStatic                0x080053ed   Thumb Code   130  queue.o(.text.xQueueGenericCreateStatic)
    xQueueGenericSend                        0x08005471   Thumb Code   382  queue.o(.text.xQueueGenericSend)
    xQueueReceive                            0x080055f1   Thumb Code   330  queue.o(.text.xQueueReceive)
    xQueueSemaphoreTake                      0x0800573d   Thumb Code   354  queue.o(.text.xQueueSemaphoreTake)
    xTaskCheckForTimeOut                     0x080058a1   Thumb Code   100  tasks.o(.text.xTaskCheckForTimeOut)
    xTaskCreate                              0x08005905   Thumb Code   238  tasks.o(.text.xTaskCreate)
    xTaskCreateStatic                        0x080059f5   Thumb Code   206  tasks.o(.text.xTaskCreateStatic)
    xTaskGetSchedulerState                   0x08005ac5   Thumb Code    30  tasks.o(.text.xTaskGetSchedulerState)
    xTaskGetTickCount                        0x08005ae5   Thumb Code    12  tasks.o(.text.xTaskGetTickCount)
    xTaskIncrementTick                       0x08005af1   Thumb Code   264  tasks.o(.text.xTaskIncrementTick)
    xTaskPriorityDisinherit                  0x08005bf9   Thumb Code   112  tasks.o(.text.xTaskPriorityDisinherit)
    xTaskPriorityInherit                     0x08005c69   Thumb Code   170  tasks.o(.text.xTaskPriorityInherit)
    xTaskRemoveFromEventList                 0x08005d15   Thumb Code   210  tasks.o(.text.xTaskRemoveFromEventList)
    xTaskResumeAll                           0x08005de9   Thumb Code   254  tasks.o(.text.xTaskResumeAll)
    xTimerCreateTimerTask                    0x08005ee9   Thumb Code   152  timers.o(.text.xTimerCreateTimerTask)
    _fp_init                                 0x08005f81   Thumb Code    26  fpinit.o(x$fpl$fpinit)
    __fplib_config_fpu_vfp                   0x08005f99   Thumb Code     0  fpinit.o(x$fpl$fpinit)
    __fplib_config_pureend_doubles           0x08005f99   Thumb Code     0  fpinit.o(x$fpl$fpinit)
    uxTopUsedPriority                        0x08005fe4   Data           4  tasks.o(.rodata.uxTopUsedPriority)
    Region$$Table$$Base                      0x08005fe8   Number         0  anon$$obj.o(Region$$Table)
    Region$$Table$$Limit                     0x08006008   Number         0  anon$$obj.o(Region$$Table)
    Global_u8LogsArr                         0x20000000   Data           2  main.o(.data..L_MergedGlobals)
    My_Data                                  0x20000002   Data           3  main.o(.data..L_MergedGlobals)
    PA0                                      0x20000005   Data           4  pwm.o(.data..L_MergedGlobals)
    PB6                                      0x20000009   Data           4  pwm.o(.data..L_MergedGlobals)
    input1PinBack                            0x2000000d   Data           4  motor.o(.data..L_MergedGlobals)
    input1PinFront                           0x20000011   Data           4  motor.o(.data..L_MergedGlobals)
    input2PinBack                            0x20000015   Data           4  motor.o(.data..L_MergedGlobals)
    input2PinFront                           0x20000019   Data           4  motor.o(.data..L_MergedGlobals)
    UART_PIN_TX                              0x2000001e   Data           4  ble.o(.data..L_MergedGlobals)
    UART_PIN_RX                              0x20000022   Data           4  ble.o(.data..L_MergedGlobals)
    UART                                     0x20000026   Data          10  ble.o(.data..L_MergedGlobals)
    SCL                                      0x20000030   Data           4  eeprom.o(.data..L_MergedGlobals)
    SDA                                      0x20000034   Data           4  eeprom.o(.data..L_MergedGlobals)
    G_Key                                    0x20000038   Data           1  ble.o(.data.G_Key)
    SystemCoreClock                          0x2000003c   Data           4  system_stm32f3xx.o(.data.SystemCoreClock)
    Timer                                    0x20000040   Data          12  icu.o(.data.Timer)
    __libspace_start                         0x20000050   Data          96  libspace.o(.bss)
    __temporary_stack_top$libspace           0x200000b0   Data           0  libspace.o(.bss)
    Global_readEEPROM                        0x20000186   Data           2  main.o(.bss..L_MergedGlobals.1)
    ARR_Recieved_Data                        0x200001b0   Data         448  can.o(.bss.ARR_Recieved_Data)
    Call_Ptr                                 0x20000370   Data          60  exti.o(.bss.Call_Ptr)
    Global_u8DataArr                         0x200003ac   Data           3  main.o(.bss.Global_u8DataArr)
    MUSART1_CallBack                         0x200003b0   Data           4  usart.o(.bss.MUSART1_CallBack)
    REC_Data                                 0x200003b4   Data           3  main.o(.bss.REC_Data)
    pxCurrentTCB                             0x20000600   Data           4  tasks.o(.bss.pxCurrentTCB)



==============================================================================

Memory Map of the image

  Image Entry point : 0x0800023d

  Load Region LR_1 (Base: 0x08000000, Size: 0x00006058, Max: 0xffffffff, ABSOLUTE)

    Execution Region ER_RO (Exec base: 0x08000000, Load base: 0x08000000, Size: 0x00006008, Max: 0xffffffff, ABSOLUTE)

    Exec Addr    Load Addr    Size         Type   Attr      Idx    E Section Name        Object

    0x08000000   0x08000000   0x00000194   Data   RO          585    RESET               startup_stm32f303xe.o
    0x08000194   0x08000194   0x00000008   Code   RO          977  * !!!main             c_w.l(__main.o)
    0x0800019c   0x0800019c   0x00000034   Code   RO         1142    !!!scatter          c_w.l(__scatter.o)
    0x080001d0   0x080001d0   0x0000001a   Code   RO         1144    !!handler_copy      c_w.l(__scatter_copy.o)
    0x080001ea   0x080001ea   0x00000002   PAD
    0x080001ec   0x080001ec   0x0000001c   Code   RO         1146    !!handler_zi        c_w.l(__scatter_zi.o)
    0x08000208   0x08000208   0x00000002   Code   RO         1006    .ARM.Collect$$libinit$$00000000  c_w.l(libinit.o)
    0x0800020a   0x0800020a   0x00000004   Code   RO         1012    .ARM.Collect$$libinit$$00000001  c_w.l(libinit2.o)
    0x0800020e   0x0800020e   0x00000000   Code   RO         1015    .ARM.Collect$$libinit$$00000004  c_w.l(libinit2.o)
    0x0800020e   0x0800020e   0x00000000   Code   RO         1018    .ARM.Collect$$libinit$$0000000A  c_w.l(libinit2.o)
    0x0800020e   0x0800020e   0x00000000   Code   RO         1020    .ARM.Collect$$libinit$$0000000C  c_w.l(libinit2.o)
    0x0800020e   0x0800020e   0x00000000   Code   RO         1022    .ARM.Collect$$libinit$$0000000E  c_w.l(libinit2.o)
    0x0800020e   0x0800020e   0x00000000   Code   RO         1025    .ARM.Collect$$libinit$$00000011  c_w.l(libinit2.o)
    0x0800020e   0x0800020e   0x00000000   Code   RO         1027    .ARM.Collect$$libinit$$00000013  c_w.l(libinit2.o)
    0x0800020e   0x0800020e   0x00000000   Code   RO         1029    .ARM.Collect$$libinit$$00000015  c_w.l(libinit2.o)
    0x0800020e   0x0800020e   0x00000000   Code   RO         1031    .ARM.Collect$$libinit$$00000017  c_w.l(libinit2.o)
    0x0800020e   0x0800020e   0x00000000   Code   RO         1033    .ARM.Collect$$libinit$$00000019  c_w.l(libinit2.o)
    0x0800020e   0x0800020e   0x00000000   Code   RO         1035    .ARM.Collect$$libinit$$0000001B  c_w.l(libinit2.o)
    0x0800020e   0x0800020e   0x00000000   Code   RO         1037    .ARM.Collect$$libinit$$0000001D  c_w.l(libinit2.o)
    0x0800020e   0x0800020e   0x00000000   Code   RO         1039    .ARM.Collect$$libinit$$0000001F  c_w.l(libinit2.o)
    0x0800020e   0x0800020e   0x00000000   Code   RO         1041    .ARM.Collect$$libinit$$00000021  c_w.l(libinit2.o)
    0x0800020e   0x0800020e   0x00000000   Code   RO         1043    .ARM.Collect$$libinit$$00000023  c_w.l(libinit2.o)
    0x0800020e   0x0800020e   0x00000000   Code   RO         1045    .ARM.Collect$$libinit$$00000025  c_w.l(libinit2.o)
    0x0800020e   0x0800020e   0x00000000   Code   RO         1049    .ARM.Collect$$libinit$$0000002C  c_w.l(libinit2.o)
    0x0800020e   0x0800020e   0x00000000   Code   RO         1051    .ARM.Collect$$libinit$$0000002E  c_w.l(libinit2.o)
    0x0800020e   0x0800020e   0x00000000   Code   RO         1053    .ARM.Collect$$libinit$$00000030  c_w.l(libinit2.o)
    0x0800020e   0x0800020e   0x00000000   Code   RO         1055    .ARM.Collect$$libinit$$00000032  c_w.l(libinit2.o)
    0x0800020e   0x0800020e   0x00000002   Code   RO         1056    .ARM.Collect$$libinit$$00000033  c_w.l(libinit2.o)
    0x08000210   0x08000210   0x00000002   Code   RO         1078    .ARM.Collect$$libshutdown$$00000000  c_w.l(libshutdown.o)
    0x08000212   0x08000212   0x00000000   Code   RO         1093    .ARM.Collect$$libshutdown$$00000002  c_w.l(libshutdown2.o)
    0x08000212   0x08000212   0x00000000   Code   RO         1095    .ARM.Collect$$libshutdown$$00000004  c_w.l(libshutdown2.o)
    0x08000212   0x08000212   0x00000000   Code   RO         1098    .ARM.Collect$$libshutdown$$00000007  c_w.l(libshutdown2.o)
    0x08000212   0x08000212   0x00000000   Code   RO         1101    .ARM.Collect$$libshutdown$$0000000A  c_w.l(libshutdown2.o)
    0x08000212   0x08000212   0x00000000   Code   RO         1103    .ARM.Collect$$libshutdown$$0000000C  c_w.l(libshutdown2.o)
    0x08000212   0x08000212   0x00000000   Code   RO         1106    .ARM.Collect$$libshutdown$$0000000F  c_w.l(libshutdown2.o)
    0x08000212   0x08000212   0x00000002   Code   RO         1107    .ARM.Collect$$libshutdown$$00000010  c_w.l(libshutdown2.o)
    0x08000214   0x08000214   0x00000000   Code   RO          979    .ARM.Collect$$rtentry$$00000000  c_w.l(__rtentry.o)
    0x08000214   0x08000214   0x00000000   Code   RO          985    .ARM.Collect$$rtentry$$00000002  c_w.l(__rtentry2.o)
    0x08000214   0x08000214   0x00000006   Code   RO          997    .ARM.Collect$$rtentry$$00000004  c_w.l(__rtentry4.o)
    0x0800021a   0x0800021a   0x00000008   Code   RO          986    .ARM.Collect$$rtentry$$00000008  c_w.l(__rtentry2.o)
    0x08000222   0x08000222   0x00000004   Code   RO          988    .ARM.Collect$$rtentry$$0000000A  c_w.l(__rtentry2.o)
    0x08000226   0x08000226   0x00000000   Code   RO          990    .ARM.Collect$$rtentry$$0000000C  c_w.l(__rtentry2.o)
    0x08000226   0x08000226   0x00000008   Code   RO          991    .ARM.Collect$$rtentry$$0000000D  c_w.l(__rtentry2.o)
    0x0800022e   0x0800022e   0x00000002   Code   RO         1010    .ARM.Collect$$rtexit$$00000000  c_w.l(rtexit.o)
    0x08000230   0x08000230   0x00000000   Code   RO         1058    .ARM.Collect$$rtexit$$00000002  c_w.l(rtexit2.o)
    0x08000230   0x08000230   0x00000004   Code   RO         1059    .ARM.Collect$$rtexit$$00000003  c_w.l(rtexit2.o)
    0x08000234   0x08000234   0x00000006   Code   RO         1060    .ARM.Collect$$rtexit$$00000004  c_w.l(rtexit2.o)
    0x0800023a   0x0800023a   0x00000002   PAD
    0x0800023c   0x0800023c   0x00000040   Code   RO          586  * .text               startup_stm32f303xe.o
    0x0800027c   0x0800027c   0x0000008a   Code   RO          969    .text               c_w.l(rt_memcpy_v6.o)
    0x08000306   0x08000306   0x00000010   Code   RO          971    .text               c_w.l(aeabi_memset4.o)
    0x08000316   0x08000316   0x00000044   Code   RO          973    .text               c_w.l(rt_memclr.o)
    0x0800035a   0x0800035a   0x00000006   Code   RO          975    .text               c_w.l(heapauxi.o)
    0x08000360   0x08000360   0x00000064   Code   RO          980    .text               c_w.l(rt_memcpy_w.o)
    0x080003c4   0x080003c4   0x0000004e   Code   RO          982    .text               c_w.l(rt_memclr_w.o)
    0x08000412   0x08000412   0x0000004a   Code   RO          999    .text               c_w.l(sys_stackheap_outer.o)
    0x0800045c   0x0800045c   0x00000012   Code   RO         1001    .text               c_w.l(exit.o)
    0x0800046e   0x0800046e   0x00000002   PAD
    0x08000470   0x08000470   0x00000008   Code   RO         1007    .text               c_w.l(libspace.o)
    0x08000478   0x08000478   0x0000000c   Code   RO         1068    .text               c_w.l(sys_exit.o)
    0x08000484   0x08000484   0x00000002   Code   RO         1083    .text               c_w.l(use_no_semi.o)
    0x08000486   0x08000486   0x00000000   Code   RO         1085    .text               c_w.l(indicate_semi.o)
    0x08000486   0x08000486   0x00000002   PAD
    0x08000488   0x08000488   0x00000074   Code   RO           14    .text.Button_StateT  main.o
    0x080004fc   0x080004fc   0x00000052   Code   RO           12    .text.CAN_RevieveDataT  main.o
    0x0800054e   0x0800054e   0x00000002   PAD
    0x08000550   0x08000550   0x00000054   Code   RO           10    .text.CAN_SendDataT  main.o
    0x080005a4   0x080005a4   0x000015e8   Code   RO          303    .text.CAN_enuCreateFilter  can.o
    0x08001b8c   0x08001b8c   0x000001a2   Code   RO          299    .text.CAN_enuInit   can.o
    0x08001d2e   0x08001d2e   0x00000002   PAD
    0x08001d30   0x08001d30   0x0000049c   Code   RO          305    .text.CAN_enuRecieve  can.o
    0x080021cc   0x080021cc   0x00000c0a   Code   RO          301    .text.CAN_enuTransmit  can.o
    0x08002dd6   0x08002dd6   0x00000002   PAD
    0x08002dd8   0x08002dd8   0x00000062   Code   RO          217    .text.DCmotor_Init  motor.o
    0x08002e3a   0x08002e3a   0x00000002   PAD
    0x08002e3c   0x08002e3c   0x0000004a   Code   RO          221    .text.DCmotor_backMove  motor.o
    0x08002e86   0x08002e86   0x00000002   PAD
    0x08002e88   0x08002e88   0x0000004a   Code   RO          219    .text.DCmotor_frontMove  motor.o
    0x08002ed2   0x08002ed2   0x00000002   PAD
    0x08002ed4   0x08002ed4   0x0000004a   Code   RO          225    .text.DCmotor_leftMove  motor.o
    0x08002f1e   0x08002f1e   0x00000002   PAD
    0x08002f20   0x08002f20   0x0000004a   Code   RO          223    .text.DCmotor_rightMove  motor.o
    0x08002f6a   0x08002f6a   0x00000002   PAD
    0x08002f6c   0x08002f6c   0x00000042   Code   RO          227    .text.DCmotor_stop  motor.o
    0x08002fae   0x08002fae   0x00000002   PAD
    0x08002fb0   0x08002fb0   0x000000b8   Code   RO          331    .text.EEPROM_READ_STRING  eeprom.o
    0x08003068   0x08003068   0x000000a8   Code   RO          327    .text.EEPROM_WRITE_STRING  eeprom.o
    0x08003110   0x08003110   0x0000001c   Code   RO            4    .text.EEPROM_WriteLogsT  main.o
    0x0800312c   0x0800312c   0x00000044   Code   RO          323    .text.EEPROM_init   eeprom.o
    0x08003170   0x08003170   0x0000000c   Code   RO          195    .text.EXTI0_IRQHandler  exti_irq.o
    0x0800317c   0x0800317c   0x000000c0   Code   RO          207    .text.EXTI15_10_IRQHandler  exti_irq.o
    0x0800323c   0x0800323c   0x0000000c   Code   RO          197    .text.EXTI1_IRQHandler  exti_irq.o
    0x08003248   0x08003248   0x0000000c   Code   RO          199    .text.EXTI2_TSC_IRQHandler  exti_irq.o
    0x08003254   0x08003254   0x0000000c   Code   RO          201    .text.EXTI3_IRQHandler  exti_irq.o
    0x08003260   0x08003260   0x0000000c   Code   RO          203    .text.EXTI4_IRQHandler  exti_irq.o
    0x0800326c   0x0800326c   0x0000009c   Code   RO          205    .text.EXTI9_5_IRQHandler  exti_irq.o
    0x08003308   0x08003308   0x000000ca   Code   RO           54    .text.GPIO_configurePin  gpio.o
    0x080033d2   0x080033d2   0x00000002   PAD
    0x080033d4   0x080033d4   0x00000032   Code   RO           60    .text.GPIO_readPin  gpio.o
    0x08003406   0x08003406   0x00000002   PAD
    0x08003408   0x08003408   0x0000006a   Code   RO           66    .text.GPIO_setPinFuction  gpio.o
    0x08003472   0x08003472   0x00000002   PAD
    0x08003474   0x08003474   0x00000040   Code   RO           56    .text.GPIO_writePin  gpio.o
    0x080034b4   0x080034b4   0x0000000c   Code   RO          284    .text.HBLE_VGetChar  ble.o
    0x080034c0   0x080034c0   0x0000001e   Code   RO          286    .text.HBLE_VGetKey  ble.o
    0x080034de   0x080034de   0x00000002   PAD
    0x080034e0   0x080034e0   0x0000004a   Code   RO          282    .text.HBLE_VInit    ble.o
    0x0800352a   0x0800352a   0x00000002   PAD
    0x0800352c   0x0800352c   0x0000002c   Code   RO          353    .text.I2C1_Read_byte  i2c.o
    0x08003558   0x08003558   0x0000002e   Code   RO          351    .text.I2C1_Write_byte  i2c.o
    0x08003586   0x08003586   0x00000002   PAD
    0x08003588   0x08003588   0x0000009e   Code   RO          345    .text.I2C_MASTER_init  i2c.o
    0x08003626   0x08003626   0x00000002   PAD
    0x08003628   0x08003628   0x00000020   Code   RO          347    .text.I2C_Start     i2c.o
    0x08003648   0x08003648   0x0000003e   Code   RO          349    .text.I2C_Stop      i2c.o
    0x08003686   0x08003686   0x00000002   PAD
    0x08003688   0x08003688   0x00000038   Code   RO          343    .text.I2C_init      i2c.o
    0x080036c0   0x080036c0   0x0000001c   Code   RO          165    .text.ICU_voidClrTimerIcuFlag  icu.o
    0x080036dc   0x080036dc   0x00000016   Code   RO          159    .text.ICU_voidClrTimerOvFlag  icu.o
    0x080036f2   0x080036f2   0x00000002   PAD
    0x080036f4   0x080036f4   0x00000016   Code   RO          167    .text.ICU_voidDisableTimer  icu.o
    0x0800370a   0x0800370a   0x00000002   PAD
    0x0800370c   0x0800370c   0x00000016   Code   RO          153    .text.ICU_voidEnableTimer  icu.o
    0x08003722   0x08003722   0x00000002   PAD
    0x08003724   0x08003724   0x00000060   Code   RO          155    .text.ICU_voidGetICU_Count  icu.o
    0x08003784   0x08003784   0x0000001c   Code   RO          161    .text.ICU_voidGetTimerIcuStatus  icu.o
    0x080037a0   0x080037a0   0x00000016   Code   RO          157    .text.ICU_voidGetTimerOvStatus  icu.o
    0x080037b6   0x080037b6   0x00000002   PAD
    0x080037b8   0x080037b8   0x000000ac   Code   RO          147    .text.ICU_voidInitTimer  icu.o
    0x08003864   0x08003864   0x00000010   Code   RO          163    .text.ICU_voidSetArrTime  icu.o
    0x08003874   0x08003874   0x00000010   Code   RO          151    .text.ICU_voidSetCountTime  icu.o
    0x08003884   0x08003884   0x00000046   Code   RO           87    .text.MNVIC_EnuEnablePerInterrupt  nvic.o
    0x080038ca   0x080038ca   0x00000002   PAD
    0x080038cc   0x080038cc   0x00000010   Code   RO          133    .text.MUSART1_VidSetCallBack  usart.o
    0x080038dc   0x080038dc   0x00000172   Code   RO          125    .text.MUSART_voidInit  usart.o
    0x08003a4e   0x08003a4e   0x00000002   PAD
    0x08003a50   0x08003a50   0x000000e4   Code   RO            2    .text.Motor_SetDirectionT  main.o
    0x08003b34   0x08003b34   0x000001a2   Code   RO          110    .text.PWM_enu_Init  pwm.o
    0x08003cd6   0x08003cd6   0x00000002   PAD
    0x08003cd8   0x08003cd8   0x00000094   Code   RO          112    .text.PWM_enu_SetDutyCycle  pwm.o
    0x08003d6c   0x08003d6c   0x00000004   PAD
    0x08003d70   0x08003d70   0x00000064   Code   RO          686    .text.PendSV_Handler  port.o
    0x08003dd4   0x08003dd4   0x0000004a   Code   RO           39    .text.RCC_voidEnablePeripheral  rcc.o
    0x08003e1e   0x08003e1e   0x00000002   PAD
    0x08003e20   0x08003e20   0x00000024   Code   RO          670    .text.SVC_Handler   port.o
    0x08003e44   0x08003e44   0x0000001e   Code   RO          390    .text.SysTick_Handler  cmsis_os2.o
    0x08003e62   0x08003e62   0x00000002   PAD
    0x08003e64   0x08003e64   0x00000012   Code   RO          593    .text.SystemInit    system_stm32f3xx.o
    0x08003e76   0x08003e76   0x00000002   PAD
    0x08003e78   0x08003e78   0x0000002a   Code   RO          135    .text.USART1_IRQHandler  usart.o
    0x08003ea2   0x08003ea2   0x00000002   PAD
    0x08003ea4   0x08003ea4   0x0000006a   Code   RO            8    .text.US_GetDistanceT  main.o
    0x08003f0e   0x08003f0e   0x00000002   PAD
    0x08003f10   0x08003f10   0x000000a8   Code   RO          270    .text.US_voidGetUSSensorDistanceTask  us.o
    0x08003fb8   0x08003fb8   0x0000003a   Code   RO          248    .text.US_voidInit   us.o
    0x08003ff2   0x08003ff2   0x00000002   PAD
    0x08003ff4   0x08003ff4   0x000000b8   Code   RO          252    .text.US_voidSetTrigger  us.o
    0x080040ac   0x080040ac   0x00000030   Code   RO          268    .text.US_voidUltraSonicStart  us.o
    0x080040dc   0x080040dc   0x00000024   Code   RO          371    .text._mutex_acquire  clib_arm.o
    0x08004100   0x08004100   0x00000052   Code   RO          375    .text._mutex_free   clib_arm.o
    0x08004152   0x08004152   0x00000002   PAD
    0x08004154   0x08004154   0x0000007e   Code   RO          369    .text._mutex_initialize  clib_arm.o
    0x080041d2   0x080041d2   0x00000002   PAD
    0x080041d4   0x080041d4   0x00000026   Code   RO          373    .text._mutex_release  clib_arm.o
    0x080041fa   0x080041fa   0x00000002   PAD
    0x080041fc   0x080041fc   0x00000002   Code   RO          365    .text._platform_post_stackheap_init  clib_arm.o
    0x080041fe   0x080041fe   0x00000002   PAD
    0x08004200   0x08004200   0x0000016e   Code   RO           18    .text.main          main.o
    0x0800436e   0x0800436e   0x00000002   PAD
    0x08004370   0x08004370   0x00000086   Code   RO          806    .text.prvAddCurrentTaskToDelayedList  tasks.o
    0x080043f6   0x080043f6   0x00000002   PAD
    0x080043f8   0x080043f8   0x00000294   Code   RO          796    .text.prvAddNewTaskToReadyList  tasks.o
    0x0800468c   0x0800468c   0x0000006a   Code   RO          830    .text.prvIdleTask   tasks.o
    0x080046f6   0x080046f6   0x00000002   PAD
    0x080046f8   0x080046f8   0x00000028   Code   RO          678    .text.prvPortStartFirstTask  port.o
    0x08004720   0x08004720   0x000000a0   Code   RO          954    .text.prvSampleTimeNow  timers.o
    0x080047c0   0x080047c0   0x0000002e   Code   RO          668    .text.prvTaskExitError  port.o
    0x080047ee   0x080047ee   0x00000002   PAD
    0x080047f0   0x080047f0   0x00000214   Code   RO          918    .text.prvTimerTask  timers.o
    0x08004a04   0x08004a04   0x00000074   Code   RO          751    .text.prvUnlockQueue  queue.o
    0x08004a78   0x08004a78   0x000001e4   Code   RO          700    .text.pvPortMalloc  heap_4.o
    0x08004c5c   0x08004c5c   0x00000018   Code   RO          886    .text.pvTaskIncrementMutexHeldCount  tasks.o
    0x08004c74   0x08004c74   0x00000028   Code   RO          666    .text.pxPortInitialiseStack  port.o
    0x08004c9c   0x08004c9c   0x00000024   Code   RO          655    .text.uxListRemove  list.o
    0x08004cc0   0x08004cc0   0x0000001a   Code   RO          538    .text.vApplicationGetIdleTaskMemory  cmsis_os2.o
    0x08004cda   0x08004cda   0x00000002   PAD
    0x08004cdc   0x08004cdc   0x0000001a   Code   RO          540    .text.vApplicationGetTimerTaskMemory  cmsis_os2.o
    0x08004cf6   0x08004cf6   0x00000002   PAD
    0x08004cf8   0x08004cf8   0x00000002   Code   RO          536    .text.vApplicationStackOverflowHook  cmsis_os2.o
    0x08004cfa   0x08004cfa   0x00000002   PAD
    0x08004cfc   0x08004cfc   0x00000016   Code   RO          647    .text.vListInitialise  list.o
    0x08004d12   0x08004d12   0x00000002   PAD
    0x08004d14   0x08004d14   0x00000006   Code   RO          649    .text.vListInitialiseItem  list.o
    0x08004d1a   0x08004d1a   0x00000002   PAD
    0x08004d1c   0x08004d1c   0x00000060   Code   RO          653    .text.vListInsert   list.o
    0x08004d7c   0x08004d7c   0x00000014   Code   RO          676    .text.vPortEnableVFP  port.o
    0x08004d90   0x08004d90   0x00000020   Code   RO          682    .text.vPortEnterCritical  port.o
    0x08004db0   0x08004db0   0x0000001a   Code   RO          684    .text.vPortExitCritical  port.o
    0x08004dca   0x08004dca   0x00000002   PAD
    0x08004dcc   0x08004dcc   0x000000b6   Code   RO          702    .text.vPortFree     heap_4.o
    0x08004e82   0x08004e82   0x00000002   PAD
    0x08004e84   0x08004e84   0x00000034   Code   RO          674    .text.vPortSetupTimerInterrupt  port.o
    0x08004eb8   0x08004eb8   0x0000000e   Code   RO          771    .text.vQueueDelete  queue.o
    0x08004ec6   0x08004ec6   0x00000002   PAD
    0x08004ec8   0x08004ec8   0x00000050   Code   RO          783    .text.vQueueWaitForMessageRestricted  queue.o
    0x08004f18   0x08004f18   0x0000006c   Code   RO          810    .text.vTaskDelay    tasks.o
    0x08004f84   0x08004f84   0x00000012   Code   RO          860    .text.vTaskInternalSetTimeOutState  tasks.o
    0x08004f96   0x08004f96   0x00000002   PAD
    0x08004f98   0x08004f98   0x0000000e   Code   RO          864    .text.vTaskMissedYield  tasks.o
    0x08004fa6   0x08004fa6   0x00000002   PAD
    0x08004fa8   0x08004fa8   0x00000020   Code   RO          848    .text.vTaskPlaceOnEventList  tasks.o
    0x08004fc8   0x08004fc8   0x0000008a   Code   RO          852    .text.vTaskPlaceOnEventListRestricted  tasks.o
    0x08005052   0x08005052   0x00000002   PAD
    0x08005054   0x08005054   0x00000080   Code   RO          882    .text.vTaskPriorityDisinheritAfterTimeout  tasks.o
    0x080050d4   0x080050d4   0x000000d0   Code   RO          828    .text.vTaskStartScheduler  tasks.o
    0x080051a4   0x080051a4   0x00000010   Code   RO          804    .text.vTaskSuspendAll  tasks.o
    0x080051b4   0x080051b4   0x000000b4   Code   RO          822    .text.vTaskSwitchContext  tasks.o
    0x08005268   0x08005268   0x00000070   Code   RO          672    .text.xPortStartScheduler  port.o
    0x080052d8   0x080052d8   0x0000002e   Code   RO          688    .text.xPortSysTickHandler  port.o
    0x08005306   0x08005306   0x00000002   PAD
    0x08005308   0x08005308   0x00000074   Code   RO          731    .text.xQueueCreateMutex  queue.o
    0x0800537c   0x0800537c   0x0000006e   Code   RO          733    .text.xQueueCreateMutexStatic  queue.o
    0x080053ea   0x080053ea   0x00000002   PAD
    0x080053ec   0x080053ec   0x00000082   Code   RO          727    .text.xQueueGenericCreateStatic  queue.o
    0x0800546e   0x0800546e   0x00000002   PAD
    0x08005470   0x08005470   0x0000017e   Code   RO          741    .text.xQueueGenericSend  queue.o
    0x080055ee   0x080055ee   0x00000002   PAD
    0x080055f0   0x080055f0   0x0000014a   Code   RO          757    .text.xQueueReceive  queue.o
    0x0800573a   0x0800573a   0x00000002   PAD
    0x0800573c   0x0800573c   0x00000162   Code   RO          745    .text.xQueueSemaphoreTake  queue.o
    0x0800589e   0x0800589e   0x00000002   PAD
    0x080058a0   0x080058a0   0x00000064   Code   RO          862    .text.xTaskCheckForTimeOut  tasks.o
    0x08005904   0x08005904   0x000000ee   Code   RO          798    .text.xTaskCreate   tasks.o
    0x080059f2   0x080059f2   0x00000002   PAD
    0x080059f4   0x080059f4   0x000000ce   Code   RO          794    .text.xTaskCreateStatic  tasks.o
    0x08005ac2   0x08005ac2   0x00000002   PAD
    0x08005ac4   0x08005ac4   0x0000001e   Code   RO          876    .text.xTaskGetSchedulerState  tasks.o
    0x08005ae2   0x08005ae2   0x00000002   PAD
    0x08005ae4   0x08005ae4   0x0000000c   Code   RO          836    .text.xTaskGetTickCount  tasks.o
    0x08005af0   0x08005af0   0x00000108   Code   RO          834    .text.xTaskIncrementTick  tasks.o
    0x08005bf8   0x08005bf8   0x00000070   Code   RO          880    .text.xTaskPriorityDisinherit  tasks.o
    0x08005c68   0x08005c68   0x000000aa   Code   RO          878    .text.xTaskPriorityInherit  tasks.o
    0x08005d12   0x08005d12   0x00000002   PAD
    0x08005d14   0x08005d14   0x000000d2   Code   RO          854    .text.xTaskRemoveFromEventList  tasks.o
    0x08005de6   0x08005de6   0x00000002   PAD
    0x08005de8   0x08005de8   0x000000fe   Code   RO          808    .text.xTaskResumeAll  tasks.o
    0x08005ee6   0x08005ee6   0x00000002   PAD
    0x08005ee8   0x08005ee8   0x00000098   Code   RO          916    .text.xTimerCreateTimerTask  timers.o
    0x08005f80   0x08005f80   0x0000001a   Code   RO         1066    x$fpl$fpinit        fz_wm.l(fpinit.o)
    0x08005f9a   0x08005f9a   0x00000002   PAD
    0x08005f9c   0x08005f9c   0x0000000c   Data   RO          355    .rodata..L__const.I2C1_Read_byte.loc_u32_I2Cx  i2c.o
    0x08005fa8   0x08005fa8   0x0000000c   Data   RO          114    .rodata..L__const.PWM_enu_SetDutyCycle.Timx_BASE  pwm.o
    0x08005fb4   0x08005fb4   0x00000010   Data   RO           23    .rodata.cst16       main.o
    0x08005fc4   0x08005fc4   0x00000020   Data   RO           71    .rodata.cst32       gpio.o
    0x08005fe4   0x08005fe4   0x00000004   Data   RO          903    .rodata.uxTopUsedPriority  tasks.o
    0x08005fe8   0x08005fe8   0x00000020   Data   RO         1141    Region$$Table       anon$$obj.o


    Execution Region ER_RW (Exec base: 0x20000000, Load base: 0x08006008, Size: 0x00000050, Max: 0xffffffff, ABSOLUTE)

    Exec Addr    Load Addr    Size         Type   Attr      Idx    E Section Name        Object

    0x20000000   0x08006008   0x00000005   Data   RW           26    .data..L_MergedGlobals  main.o
    0x20000005   0x0800600d   0x00000008   Data   RW          115    .data..L_MergedGlobals  pwm.o
    0x2000000d   0x08006015   0x00000010   Data   RW          238    .data..L_MergedGlobals  motor.o
    0x2000001d   0x08006025   0x00000001   PAD
    0x2000001e   0x08006026   0x00000012   Data   RW          289    .data..L_MergedGlobals  ble.o
    0x20000030   0x08006038   0x00000008   Data   RW          333    .data..L_MergedGlobals  eeprom.o
    0x20000038   0x08006040   0x00000001   Data   RW          288    .data.G_Key         ble.o
    0x20000039   0x08006041   0x00000003   PAD
    0x2000003c   0x08006044   0x00000004   Data   RW          597    .data.SystemCoreClock  system_stm32f3xx.o
    0x20000040   0x08006048   0x0000000c   Data   RW          169    .data.Timer         icu.o
    0x2000004c   0x08006054   0x00000004   Data   RW          690    .data.uxCriticalNesting  port.o


    Execution Region ER_ZI (Exec base: 0x20000050, Load base: 0x08006058, Size: 0x00003350, Max: 0xffffffff, ABSOLUTE)

    Exec Addr    Load Addr    Size         Type   Attr      Idx    E Section Name        Object

    0x20000050        -       0x00000060   Zero   RW         1008    .bss                c_w.l(libspace.o)
    0x200000b0        -       0x00000007   Zero   RW          272    .bss..L_MergedGlobals  us.o
    0x200000b7   0x08006058   0x00000001   PAD
    0x200000b8        -       0x0000001c   Zero   RW          715    .bss..L_MergedGlobals  heap_4.o
    0x200000d4        -       0x00000074   Zero   RW          905    .bss..L_MergedGlobals  tasks.o
    0x20000148        -       0x0000003c   Zero   RW          958    .bss..L_MergedGlobals  timers.o
    0x20000184        -       0x00000004   Zero   RW           27    .bss..L_MergedGlobals.1  main.o
    0x20000188        -       0x00000028   Zero   RW          906    .bss..L_MergedGlobals.1  tasks.o
    0x200001b0        -       0x000001c0   Zero   RW          313    .bss.ARR_Recieved_Data  can.o
    0x20000370        -       0x0000003c   Zero   RW          185    .bss.Call_Ptr       exti.o
    0x200003ac        -       0x00000003   Zero   RW           22    .bss.Global_u8DataArr  main.o
    0x200003af   0x08006058   0x00000001   PAD
    0x200003b0        -       0x00000004   Zero   RW          137    .bss.MUSART1_CallBack  usart.o
    0x200003b4        -       0x00000003   Zero   RW           20    .bss.REC_Data       main.o
    0x200003b7   0x08006058   0x00000001   PAD
    0x200003b8        -       0x00000002   Zero   RW           21    .bss.US_GetDistanceT.Local_Dist  main.o
    0x200003ba   0x08006058   0x00000002   PAD
    0x200003bc        -       0x00000190   Zero   RW          380    .bss.clib_mutex_cb  clib_arm.o
    0x2000054c        -       0x00000014   Zero   RW          379    .bss.clib_mutex_id  clib_arm.o
    0x20000560        -       0x00000050   Zero   RW          957    .bss.prvCheckForValidListAndQueue.ucStaticTimerQueueStorage  timers.o
    0x200005b0        -       0x00000050   Zero   RW          956    .bss.prvCheckForValidListAndQueue.xStaticTimerQueue  timers.o
    0x20000600        -       0x00000004   Zero   RW          902    .bss.pxCurrentTCB   tasks.o
    0x20000604        -       0x00000460   Zero   RW          904    .bss.pxReadyTasksLists  tasks.o
    0x20000a64        -       0x00002000   Zero   RW          714    .bss.ucHeap         heap_4.o
    0x20002a64        -       0x00000140   Zero   RW          544    .bss.vApplicationGetIdleTaskMemory.Idle_Stack  cmsis_os2.o
    0x20002ba4        -       0x0000005c   Zero   RW          543    .bss.vApplicationGetIdleTaskMemory.Idle_TCB  cmsis_os2.o
    0x20002c00        -       0x00000140   Zero   RW          546    .bss.vApplicationGetTimerTaskMemory.Timer_Stack  cmsis_os2.o
    0x20002d40        -       0x0000005c   Zero   RW          545    .bss.vApplicationGetTimerTaskMemory.Timer_TCB  cmsis_os2.o
    0x20002d9c   0x08006058   0x00000004   PAD
    0x20002da0        -       0x00000200   Zero   RW          584    HEAP                startup_stm32f303xe.o
    0x20002fa0        -       0x00000400   Zero   RW          583    STACK               startup_stm32f303xe.o


==============================================================================

Image component sizes


      Code (inc. data)   RO Data    RW Data    ZI Data      Debug   Object Name

       116          0          0         19          0       2677   ble.o
     10288         92          0          0        448      19472   can.o
       284          0          0          0        420       4229   clib_arm.o
        84          0          0          0        824      61232   cmsis_os2.o
       420          0          0          8          0       3738   eeprom.o
         0          0          0          0         60       1548   exti.o
       408          0          0          0          0       1264   exti_irq.o
       422          0         32          0          0       6200   gpio.o
       666          0          0          0       8220       5741   heap_4.o
       398          0         12          0          0       2654   i2c.o
       444          8          0         12          0       3561   icu.o
       160          0          0          0          0       2403   list.o
      1010         30         16          5         12       7230   main.o
       460          0          0         16          0       3660   motor.o
        70          0          0          0          0       3322   nvic.o
       550         16          0          4          0       2993   port.o
       566          8         12          8          0       3628   pwm.o
      1632          0          0          0          0      22354   queue.o
        74          0          0          0          0       1578   rcc.o
        64         26        404          0       1536        888   startup_stm32f303xe.o
        18          0          0          4          0       2222   system_stm32f3xx.o
      3362          0          4          0       1280      36309   tasks.o
       844         18          0          0        220      14531   timers.o
       458          0          0          0          7       7058   us.o
       428          8          0          0          4       3224   usart.o

    ----------------------------------------------------------------------
     23352        206        512         80      13040     223716   Object Totals
         0          0         32          0          0          0   (incl. Generated)
       126          0          0          4          9          0   (incl. Padding)

    ----------------------------------------------------------------------

      Code (inc. data)   RO Data    RW Data    ZI Data      Debug   Library Member Name

         8          0          0          0          0         68   __main.o
         0          0          0          0          0          0   __rtentry.o
        20          0          0          0          0          0   __rtentry2.o
         6          0          0          0          0          0   __rtentry4.o
        52          8          0          0          0          0   __scatter.o
        26          0          0          0          0          0   __scatter_copy.o
        28          0          0          0          0          0   __scatter_zi.o
        16          0          0          0          0         68   aeabi_memset4.o
        18          0          0          0          0         80   exit.o
         6          0          0          0          0        152   heapauxi.o
         0          0          0          0          0          0   indicate_semi.o
         2          0          0          0          0          0   libinit.o
         6          0          0          0          0          0   libinit2.o
         2          0          0          0          0          0   libshutdown.o
         2          0          0          0          0          0   libshutdown2.o
         8          4          0          0         96         68   libspace.o
        68          0          0          0          0         68   rt_memclr.o
        78          0          0          0          0         80   rt_memclr_w.o
       138          0          0          0          0         68   rt_memcpy_v6.o
       100          0          0          0          0         80   rt_memcpy_w.o
         2          0          0          0          0          0   rtexit.o
        10          0          0          0          0          0   rtexit2.o
        12          4          0          0          0         68   sys_exit.o
        74          0          0          0          0         80   sys_stackheap_outer.o
         2          0          0          0          0         68   use_no_semi.o
        26          0          0          0          0        116   fpinit.o

    ----------------------------------------------------------------------
       720         16          0          0         96       1064   Library Totals
        10          0          0          0          0          0   (incl. Padding)

    ----------------------------------------------------------------------

      Code (inc. data)   RO Data    RW Data    ZI Data      Debug   Library Name

       684         16          0          0         96        948   c_w.l
        26          0          0          0          0        116   fz_wm.l

    ----------------------------------------------------------------------
       720         16          0          0         96       1064   Library Totals

    ----------------------------------------------------------------------

==============================================================================


      Code (inc. data)   RO Data    RW Data    ZI Data      Debug   

     24072        222        512         80      13136     224012   Grand Totals
     24072        222        512         80      13136     224012   ELF Image Totals
     24072        222        512         80          0          0   ROM Totals

==============================================================================

    Total RO  Size (Code + RO Data)                24584 (  24.01kB)
    Total RW  Size (RW Data + ZI Data)             13216 (  12.91kB)
    Total ROM Size (Code + RO Data + RW Data)      24664 (  24.09kB)

==============================================================================

