Component: Arm Compiler for Embedded 6.19 Tool: armlink [5d895400]

==============================================================================

Section Cross References

    main.o(.text.main) refers to main.o(.text.SYS_INIT) for SYS_INIT
    main.o(.text.main) refers to main.o(.bss.Motor_SetDirectionH) for Motor_SetDirectionH
    main.o(.text.main) refers to main.o(.text.Motor_SetDirectionT) for Motor_SetDirectionT
    main.o(.text.main) refers to tasks.o(.text.xTaskCreate) for xTaskCreate
    main.o(.text.main) refers to main.o(.bss.Button_StateH) for Button_StateH
    main.o(.text.main) refers to main.o(.text.Button_StateT) for Button_StateT
    main.o(.text.main) refers to main.o(.bss.CAN_SendDataH) for CAN_SendDataH
    main.o(.text.main) refers to main.o(.text.CAN_SendDataT) for CAN_SendDataT
    main.o(.text.main) refers to main.o(.bss.US_GetDistanceH) for US_GetDistanceH
    main.o(.text.main) refers to main.o(.text.US_GetDistanceT) for US_GetDistanceT
    main.o(.text.main) refers to main.o(.bss.EEPROM_WriteLogsTH) for EEPROM_WriteLogsTH
    main.o(.text.main) refers to main.o(.text.EEPROM_WriteLogsT) for EEPROM_WriteLogsT
    main.o(.text.main) refers to tasks.o(.text.vTaskStartScheduler) for vTaskStartScheduler
    main.o(.ARM.exidx.text.main) refers to main.o(.text.main) for [Anonymous Symbol]
    main.o(.text.Motor_SetDirectionT) refers to tasks.o(.text.vTaskDelay) for vTaskDelay
    main.o(.text.Motor_SetDirectionT) refers to main.o(.data.My_Data) for My_Data
    main.o(.text.Motor_SetDirectionT) refers to main.o(.bss.REC_Data) for REC_Data
    main.o(.text.Motor_SetDirectionT) refers to ble.o(.text.HBLE_VGetKey) for HBLE_VGetKey
    main.o(.text.Motor_SetDirectionT) refers to motor.o(.text.DCmotor_stop) for DCmotor_stop
    main.o(.text.Motor_SetDirectionT) refers to motor.o(.text.DCmotor_backMove) for DCmotor_backMove
    main.o(.text.Motor_SetDirectionT) refers to motor.o(.text.DCmotor_leftMove) for DCmotor_leftMove
    main.o(.text.Motor_SetDirectionT) refers to motor.o(.text.DCmotor_rightMove) for DCmotor_rightMove
    main.o(.text.Motor_SetDirectionT) refers to motor.o(.text.DCmotor_frontMove) for DCmotor_frontMove
    main.o(.ARM.exidx.text.Motor_SetDirectionT) refers to main.o(.text.Motor_SetDirectionT) for [Anonymous Symbol]
    main.o(.text.Button_StateT) refers to gpio.o(.text.GPIO_configurePin) for GPIO_configurePin
    main.o(.text.Button_StateT) refers to main.o(.bss.Button_StateT.counter) for Button_StateT.counter
    main.o(.text.Button_StateT) refers to main.o(.bss.Global_u8ManagmentMode) for Global_u8ManagmentMode
    main.o(.text.Button_StateT) refers to main.o(.bss.Global_readEEPROM) for Global_readEEPROM
    main.o(.text.Button_StateT) refers to main.o(.rodata.str1.1) for .L.str.4
    main.o(.text.Button_StateT) refers to gpio.o(.text.GPIO_writePin) for GPIO_writePin
    main.o(.text.Button_StateT) refers to main.o(.text.Resume_MyTasks) for Resume_MyTasks
    main.o(.text.Button_StateT) refers to tasks.o(.text.vTaskDelay) for vTaskDelay
    main.o(.text.Button_StateT) refers to gpio.o(.text.GPIO_readPin) for GPIO_readPin
    main.o(.text.Button_StateT) refers to main.o(.text.Suspend_MyTasks) for Suspend_MyTasks
    main.o(.text.Button_StateT) refers to eeprom.o(.text.EEPROM_READ_STRING) for EEPROM_READ_STRING
    main.o(.text.Button_StateT) refers to ble.o(.text.HBLE_VSendReport) for HBLE_VSendReport
    main.o(.ARM.exidx.text.Button_StateT) refers to main.o(.text.Button_StateT) for [Anonymous Symbol]
    main.o(.text.CAN_SendDataT) refers to tasks.o(.text.vTaskDelay) for vTaskDelay
    main.o(.text.CAN_SendDataT) refers to main.o(.data.My_Data) for My_Data
    main.o(.text.CAN_SendDataT) refers to main.o(.bss.Global_u8DataArr) for Global_u8DataArr
    main.o(.text.CAN_SendDataT) refers to can.o(.text.CAN_enuTransmit) for CAN_enuTransmit
    main.o(.ARM.exidx.text.CAN_SendDataT) refers to main.o(.text.CAN_SendDataT) for [Anonymous Symbol]
    main.o(.text.US_GetDistanceT) refers to main.o(.bss.US_GetDistanceT.Local_Dist) for US_GetDistanceT.Local_Dist
    main.o(.text.US_GetDistanceT) refers to main.o(.data.Global_u8LogsArr) for Global_u8LogsArr
    main.o(.text.US_GetDistanceT) refers to main.o(.data.My_Data) for My_Data
    main.o(.text.US_GetDistanceT) refers to tasks.o(.text.vTaskDelay) for vTaskDelay
    main.o(.text.US_GetDistanceT) refers to us.o(.text.US_voidUltraSonicStart) for US_voidUltraSonicStart
    main.o(.text.US_GetDistanceT) refers to us.o(.text.US_voidGetUSSensorDistanceTask) for US_voidGetUSSensorDistanceTask
    main.o(.ARM.exidx.text.US_GetDistanceT) refers to main.o(.text.US_GetDistanceT) for [Anonymous Symbol]
    main.o(.text.EEPROM_WriteLogsT) refers to main.o(.data.Global_u8LogsArr) for Global_u8LogsArr
    main.o(.text.EEPROM_WriteLogsT) refers to tasks.o(.text.vTaskDelay) for vTaskDelay
[...]
    US_voidGetUSSensorDistanceTask.US_TimerICUStatus 0x2000013e   Data           1  us.o(.bss.US_voidGetUSSensorDistanceTask.US_TimerICUStatus)
    [Anonymous Symbol]                       0x2000013e   Section        0  us.o(.bss.US_voidGetUSSensorDistanceTask.US_TimerICUStatus)
    US_voidGetUSSensorDistanceTask.US_TimerStatus 0x2000013f   Data           1  us.o(.bss.US_voidGetUSSensorDistanceTask.US_TimerStatus)
    [Anonymous Symbol]                       0x2000013f   Section        0  us.o(.bss.US_voidGetUSSensorDistanceTask.US_TimerStatus)
    clib_mutex_cb                            0x20000140   Data         400  clib_arm.o(.bss.clib_mutex_cb)
    [Anonymous Symbol]                       0x20000140   Section        0  clib_arm.o(.bss.clib_mutex_cb)
    clib_mutex_id                            0x200002d0   Data          20  clib_arm.o(.bss.clib_mutex_id)
    [Anonymous Symbol]                       0x200002d0   Section        0  clib_arm.o(.bss.clib_mutex_id)
    prvCheckForValidListAndQueue.ucStaticTimerQueueStorage 0x200002e4   Data          80  timers.o(.bss.prvCheckForValidListAndQueue.ucStaticTimerQueueStorage)
    [Anonymous Symbol]                       0x200002e4   Section        0  timers.o(.bss.prvCheckForValidListAndQueue.ucStaticTimerQueueStorage)
    prvCheckForValidListAndQueue.xStaticTimerQueue 0x20000334   Data          80  timers.o(.bss.prvCheckForValidListAndQueue.xStaticTimerQueue)
    [Anonymous Symbol]                       0x20000334   Section        0  timers.o(.bss.prvCheckForValidListAndQueue.xStaticTimerQueue)
    prvSampleTimeNow.xLastTime               0x20000384   Data           4  timers.o(.bss.prvSampleTimeNow.xLastTime)
    [Anonymous Symbol]                       0x20000384   Section        0  timers.o(.bss.prvSampleTimeNow.xLastTime)
    __tagsym$$used.1                         0x20000388   Number         0  tasks.o(.bss.pxCurrentTCB)
    pxCurrentTimerList                       0x2000038c   Data           4  timers.o(.bss.pxCurrentTimerList)
    [Anonymous Symbol]                       0x2000038c   Section        0  timers.o(.bss.pxCurrentTimerList)
    pxDelayedTaskList                        0x20000390   Data           4  tasks.o(.bss.pxDelayedTaskList)
    [Anonymous Symbol]                       0x20000390   Section        0  tasks.o(.bss.pxDelayedTaskList)
    pxEnd                                    0x20000394   Data           4  heap_4.o(.bss.pxEnd)
    [Anonymous Symbol]                       0x20000394   Section        0  heap_4.o(.bss.pxEnd)
    pxOverflowDelayedTaskList                0x20000398   Data           4  tasks.o(.bss.pxOverflowDelayedTaskList)
    [Anonymous Symbol]                       0x20000398   Section        0  tasks.o(.bss.pxOverflowDelayedTaskList)
    pxOverflowTimerList                      0x2000039c   Data           4  timers.o(.bss.pxOverflowTimerList)
    [Anonymous Symbol]                       0x2000039c   Section        0  timers.o(.bss.pxOverflowTimerList)
    pxReadyTasksLists                        0x200003a0   Data        1120  tasks.o(.bss.pxReadyTasksLists)
    [Anonymous Symbol]                       0x200003a0   Section        0  tasks.o(.bss.pxReadyTasksLists)
    ucHeap                                   0x20000800   Data        8192  heap_4.o(.bss.ucHeap)
    [Anonymous Symbol]                       0x20000800   Section        0  heap_4.o(.bss.ucHeap)
    uxCurrentNumberOfTasks                   0x20002800   Data           4  tasks.o(.bss.uxCurrentNumberOfTasks)
    [Anonymous Symbol]                       0x20002800   Section        0  tasks.o(.bss.uxCurrentNumberOfTasks)
    uxDeletedTasksWaitingCleanUp             0x20002804   Data           4  tasks.o(.bss.uxDeletedTasksWaitingCleanUp)
    [Anonymous Symbol]                       0x20002804   Section        0  tasks.o(.bss.uxDeletedTasksWaitingCleanUp)
    uxSchedulerSuspended                     0x20002808   Data           4  tasks.o(.bss.uxSchedulerSuspended)
    [Anonymous Symbol]                       0x20002808   Section        0  tasks.o(.bss.uxSchedulerSuspended)
    uxTaskNumber                             0x2000280c   Data           4  tasks.o(.bss.uxTaskNumber)
    [Anonymous Symbol]                       0x2000280c   Section        0  tasks.o(.bss.uxTaskNumber)
    uxTopReadyPriority                       0x20002810   Data           4  tasks.o(.bss.uxTopReadyPriority)
    [Anonymous Symbol]                       0x20002810   Section        0  tasks.o(.bss.uxTopReadyPriority)
    vApplicationGetIdleTaskMemory.Idle_Stack 0x20002814   Data         320  cmsis_os2.o(.bss.vApplicationGetIdleTaskMemory.Idle_Stack)
    [Anonymous Symbol]                       0x20002814   Section        0  cmsis_os2.o(.bss.vApplicationGetIdleTaskMemory.Idle_Stack)
    vApplicationGetIdleTaskMemory.Idle_TCB   0x20002954   Data          92  cmsis_os2.o(.bss.vApplicationGetIdleTaskMemory.Idle_TCB)
    [Anonymous Symbol]                       0x20002954   Section        0  cmsis_os2.o(.bss.vApplicationGetIdleTaskMemory.Idle_TCB)
    vApplicationGetTimerTaskMemory.Timer_Stack 0x200029b0   Data         320  cmsis_os2.o(.bss.vApplicationGetTimerTaskMemory.Timer_Stack)
    [Anonymous Symbol]                       0x200029b0   Section        0  cmsis_os2.o(.bss.vApplicationGetTimerTaskMemory.Timer_Stack)
    vApplicationGetTimerTaskMemory.Timer_TCB 0x20002af0   Data          92  cmsis_os2.o(.bss.vApplicationGetTimerTaskMemory.Timer_TCB)
    [Anonymous Symbol]                       0x20002af0   Section        0  cmsis_os2.o(.bss.vApplicationGetTimerTaskMemory.Timer_TCB)
    xActiveTimerList1                        0x20002b4c   Data          20  timers.o(.bss.xActiveTimerList1)
    [Anonymous Symbol]                       0x20002b4c   Section        0  timers.o(.bss.xActiveTimerList1)
    xActiveTimerList2                        0x20002b60   Data          20  timers.o(.bss.xActiveTimerList2)
    [Anonymous Symbol]                       0x20002b60   Section        0  timers.o(.bss.xActiveTimerList2)
    xDelayedTaskList1                        0x20002b74   Data          20  tasks.o(.bss.xDelayedTaskList1)
    [Anonymous Symbol]                       0x20002b74   Section        0  tasks.o(.bss.xDelayedTaskList1)
    xDelayedTaskList2                        0x20002b88   Data          20  tasks.o(.bss.xDelayedTaskList2)
    [Anonymous Symbol]                       0x20002b88   Section        0  tasks.o(.bss.xDelayedTaskList2)
    xFreeBytesRemaining                      0x20002b9c   Data           4  heap_4.o(.bss.xFreeBytesRemaining)
    [Anonymous Symbol]                       0x20002b9c   Section        0  heap_4.o(.bss.xFreeBytesRemaining)
    xIdleTaskHandle                          0x20002ba0   Data           4  tasks.o(.bss.xIdleTaskHandle)
    [Anonymous Symbol]                       0x20002ba0   Section        0  tasks.o(.bss.xIdleTaskHandle)
    xMinimumEverFreeBytesRemaining           0x20002ba4   Data           4  heap_4.o(.bss.xMinimumEverFreeBytesRemaining)
    [Anonymous Symbol]                       0x20002ba4   Section        0  heap_4.o(.bss.xMinimumEverFreeBytesRemaining)
    xNextTaskUnblockTime                     0x20002ba8   Data           4  tasks.o(.bss.xNextTaskUnblockTime)
    [Anonymous Symbol]                       0x20002ba8   Section        0  tasks.o(.bss.xNextTaskUnblockTime)
    xNumOfOverflows                          0x20002bac   Data           4  tasks.o(.bss.xNumOfOverflows)
    [Anonymous Symbol]                       0x20002bac   Section        0  tasks.o(.bss.xNumOfOverflows)
    xNumberOfSuccessfulAllocations           0x20002bb0   Data           4  heap_4.o(.bss.xNumberOfSuccessfulAllocations)
    [Anonymous Symbol]                       0x20002bb0   Section        0  heap_4.o(.bss.xNumberOfSuccessfulAllocations)
    xNumberOfSuccessfulFrees                 0x20002bb4   Data           4  heap_4.o(.bss.xNumberOfSuccessfulFrees)
    [Anonymous Symbol]                       0x20002bb4   Section        0  heap_4.o(.bss.xNumberOfSuccessfulFrees)
    xPendedTicks                             0x20002bb8   Data           4  tasks.o(.bss.xPendedTicks)
    [Anonymous Symbol]                       0x20002bb8   Section        0  tasks.o(.bss.xPendedTicks)
    xPendingReadyList                        0x20002bbc   Data          20  tasks.o(.bss.xPendingReadyList)
    [Anonymous Symbol]                       0x20002bbc   Section        0  tasks.o(.bss.xPendingReadyList)
    xSchedulerRunning                        0x20002bd0   Data           4  tasks.o(.bss.xSchedulerRunning)
    [Anonymous Symbol]                       0x20002bd0   Section        0  tasks.o(.bss.xSchedulerRunning)
    xStart                                   0x20002bd4   Data           8  heap_4.o(.bss.xStart)
    [Anonymous Symbol]                       0x20002bd4   Section        0  heap_4.o(.bss.xStart)
    xSuspendedTaskList                       0x20002bdc   Data          20  tasks.o(.bss.xSuspendedTaskList)
    [Anonymous Symbol]                       0x20002bdc   Section        0  tasks.o(.bss.xSuspendedTaskList)
    xTasksWaitingTermination                 0x20002bf0   Data          20  tasks.o(.bss.xTasksWaitingTermination)
    [Anonymous Symbol]                       0x20002bf0   Section        0  tasks.o(.bss.xTasksWaitingTermination)
    xTickCount                               0x20002c04   Data           4  tasks.o(.bss.xTickCount)
    [Anonymous Symbol]                       0x20002c04   Section        0  tasks.o(.bss.xTickCount)
    xTimerQueue                              0x20002c08   Data           4  timers.o(.bss.xTimerQueue)
    [Anonymous Symbol]                       0x20002c08   Section        0  timers.o(.bss.xTimerQueue)
    xTimerTaskHandle                         0x20002c0c   Data           4  timers.o(.bss.xTimerTaskHandle)
    [Anonymous Symbol]                       0x20002c0c   Section        0  timers.o(.bss.xTimerTaskHandle)
    xYieldPending                            0x20002c10   Data           4  tasks.o(.bss.xYieldPending)
    [Anonymous Symbol]                       0x20002c10   Section        0  tasks.o(.bss.xYieldPending)
    Heap_Mem                                 0x20002c18   Data         512  startup_stm32f303xe.o(HEAP)
    HEAP                                     0x20002c18   Section      512  startup_stm32f303xe.o(HEAP)
    Stack_Mem                                0x20002e18   Data        1024  startup_stm32f303xe.o(STACK)
    STACK                                    0x20002e18   Section     1024  startup_stm32f303xe.o(STACK)
    __initial_sp                             0x20003218   Data           0  startup_stm32f303xe.o(STACK)

    Global Symbols

    Symbol Name                              Value     Ov Type        Size  Object(Section)

    BuildAttributes$$THM_ISAv4$E$P$D$K$B$S$7EM$VFPi3$EXTD16$VFPS$VFMA$PE$A:L22UL41UL21$X:L11$S22US41US21$IEEE1$IW$~IW$USESV6$~STKCKD$USESV7$~SHL$OTIME$ROPI$EBA8$UX$STANDARDLIB$REQ8$PRES8$EABIv2 0x00000000   Number         0  anon$$obj.o ABSOLUTE
    __ARM_exceptions_init                     - Undefined Weak Reference
    __alloca_initialize                       - Undefined Weak Reference
    __arm_preinit_                            - Undefined Weak Reference
    __arm_relocate_pie_                       - Undefined Weak Reference
    __cpp_initialize__aeabi_                  - Undefined Weak Reference
    __cxa_finalize                            - Undefined Weak Reference
    __rt_locale                               - Undefined Weak Reference
    __sigvec_lookup                           - Undefined Weak Reference
    _atexit_init                              - Undefined Weak Reference
    _call_atexit_fns                          - Undefined Weak Reference
    _clock_init                               - Undefined Weak Reference
    _fp_trap_init                             - Undefined Weak Reference
    _fp_trap_shutdown                         - Undefined Weak Reference
    _get_lc_collate                           - Undefined Weak Reference
    _get_lc_ctype                             - Undefined Weak Reference
    _get_lc_monetary                          - Undefined Weak Reference
    _get_lc_numeric                           - Undefined Weak Reference
    _get_lc_time                              - Undefined Weak Reference
    _getenv_init                              - Undefined Weak Reference
    _handle_redirection                       - Undefined Weak Reference
    _init_alloc                               - Undefined Weak Reference
    _init_user_alloc                          - Undefined Weak Reference
    _initio                                   - Undefined Weak Reference
    _rand_init                                - Undefined Weak Reference
    _signal_finish                            - Undefined Weak Reference
    _signal_init                              - Undefined Weak Reference
    _terminate_alloc                          - Undefined Weak Reference
    _terminate_user_alloc                     - Undefined Weak Reference
    _terminateio                              - Undefined Weak Reference
    __Vectors_Size                           0x00000194   Number         0  startup_stm32f303xe.o ABSOLUTE
    __Vectors                                0x08000000   Data           4  startup_stm32f303xe.o(RESET)
    __Vectors_End                            0x08000194   Data           0  startup_stm32f303xe.o(RESET)
    __main                                   0x08000195   Thumb Code     8  __main.o(!!!main)
    __scatterload                            0x0800019d   Thumb Code     0  __scatter.o(!!!scatter)
    __scatterload_rt2                        0x0800019d   Thumb Code    44  __scatter.o(!!!scatter)
    __scatterload_rt2_thumb_only             0x0800019d   Thumb Code     0  __scatter.o(!!!scatter)
    __scatterload_null                       0x080001ab   Thumb Code     0  __scatter.o(!!!scatter)
    __scatterload_copy                       0x080001d1   Thumb Code    26  __scatter_copy.o(!!handler_copy)
    __scatterload_zeroinit                   0x080001ed   Thumb Code    28  __scatter_zi.o(!!handler_zi)
    __rt_lib_init                            0x08000209   Thumb Code     0  libinit.o(.ARM.Collect$$libinit$$00000000)
    __rt_lib_init_fp_1                       0x0800020b   Thumb Code     0  libinit2.o(.ARM.Collect$$libinit$$00000001)
    __rt_lib_init_alloca_1                   0x0800020f   Thumb Code     0  libinit2.o(.ARM.Collect$$libinit$$00000030)
    __rt_lib_init_argv_1                     0x0800020f   Thumb Code     0  libinit2.o(.ARM.Collect$$libinit$$0000002E)
    __rt_lib_init_atexit_1                   0x0800020f   Thumb Code     0  libinit2.o(.ARM.Collect$$libinit$$0000001D)
    __rt_lib_init_clock_1                    0x0800020f   Thumb Code     0  libinit2.o(.ARM.Collect$$libinit$$00000023)
    __rt_lib_init_cpp_1                      0x0800020f   Thumb Code     0  libinit2.o(.ARM.Collect$$libinit$$00000034)
    __rt_lib_init_exceptions_1               0x0800020f   Thumb Code     0  libinit2.o(.ARM.Collect$$libinit$$00000032)
    __rt_lib_init_fp_trap_1                  0x0800020f   Thumb Code     0  libinit2.o(.ARM.Collect$$libinit$$00000021)
    __rt_lib_init_getenv_1                   0x0800020f   Thumb Code     0  libinit2.o(.ARM.Collect$$libinit$$00000025)
    __rt_lib_init_heap_1                     0x0800020f   Thumb Code     0  libinit2.o(.ARM.Collect$$libinit$$0000000C)
    __rt_lib_init_lc_collate_1               0x0800020f   Thumb Code     0  libinit2.o(.ARM.Collect$$libinit$$00000013)
    __rt_lib_init_lc_ctype_1                 0x0800020f   Thumb Code     0  libinit2.o(.ARM.Collect$$libinit$$00000015)
    __rt_lib_init_lc_monetary_1              0x0800020f   Thumb Code     0  libinit2.o(.ARM.Collect$$libinit$$00000017)
    __rt_lib_init_lc_numeric_1               0x0800020f   Thumb Code     0  libinit2.o(.ARM.Collect$$libinit$$00000019)
    __rt_lib_init_lc_time_1                  0x0800020f   Thumb Code     0  libinit2.o(.ARM.Collect$$libinit$$0000001B)
    __rt_lib_init_preinit_1                  0x0800020f   Thumb Code     0  libinit2.o(.ARM.Collect$$libinit$$00000006)
    __rt_lib_init_rand_1                     0x0800020f   Thumb Code     0  libinit2.o(.ARM.Collect$$libinit$$00000010)
    __rt_lib_init_relocate_pie_1             0x0800020f   Thumb Code     0  libinit2.o(.ARM.Collect$$libinit$$00000004)
    __rt_lib_init_return                     0x0800020f   Thumb Code     0  libinit2.o(.ARM.Collect$$libinit$$00000035)
    __rt_lib_init_signal_1                   0x0800020f   Thumb Code     0  libinit2.o(.ARM.Collect$$libinit$$0000001F)
    __rt_lib_init_stdio_1                    0x0800020f   Thumb Code     0  libinit2.o(.ARM.Collect$$libinit$$00000027)
    __rt_lib_init_user_alloc_1               0x0800020f   Thumb Code     0  libinit2.o(.ARM.Collect$$libinit$$0000000E)
    __rt_lib_shutdown                        0x08000211   Thumb Code     0  libshutdown.o(.ARM.Collect$$libshutdown$$00000000)
    __rt_lib_shutdown_cpp_1                  0x08000213   Thumb Code     0  libshutdown2.o(.ARM.Collect$$libshutdown$$00000002)
    __rt_lib_shutdown_fp_trap_1              0x08000213   Thumb Code     0  libshutdown2.o(.ARM.Collect$$libshutdown$$00000007)
    __rt_lib_shutdown_heap_1                 0x08000213   Thumb Code     0  libshutdown2.o(.ARM.Collect$$libshutdown$$0000000F)
    __rt_lib_shutdown_return                 0x08000213   Thumb Code     0  libshutdown2.o(.ARM.Collect$$libshutdown$$00000010)
    __rt_lib_shutdown_signal_1               0x08000213   Thumb Code     0  libshutdown2.o(.ARM.Collect$$libshutdown$$0000000A)
    __rt_lib_shutdown_stdio_1                0x08000213   Thumb Code     0  libshutdown2.o(.ARM.Collect$$libshutdown$$00000004)
    __rt_lib_shutdown_user_alloc_1           0x08000213   Thumb Code     0  libshutdown2.o(.ARM.Collect$$libshutdown$$0000000C)
    __rt_entry                               0x08000215   Thumb Code     0  __rtentry.o(.ARM.Collect$$rtentry$$00000000)
    __rt_entry_presh_1                       0x08000215   Thumb Code     0  __rtentry2.o(.ARM.Collect$$rtentry$$00000002)
    __rt_entry_sh                            0x08000215   Thumb Code     0  __rtentry4.o(.ARM.Collect$$rtentry$$00000004)
    __rt_entry_postsh_1                      0x0800021b   Thumb Code     0  __rtentry2.o(.ARM.Collect$$rtentry$$00000008)
    __rt_entry_li                            0x08000223   Thumb Code     0  __rtentry2.o(.ARM.Collect$$rtentry$$0000000A)
    __rt_entry_main                          0x08000227   Thumb Code     0  __rtentry2.o(.ARM.Collect$$rtentry$$0000000D)
    __rt_entry_postli_1                      0x08000227   Thumb Code     0  __rtentry2.o(.ARM.Collect$$rtentry$$0000000C)
    __rt_exit                                0x0800022f   Thumb Code     0  rtexit.o(.ARM.Collect$$rtexit$$00000000)
    __rt_exit_ls                             0x08000231   Thumb Code     0  rtexit2.o(.ARM.Collect$$rtexit$$00000003)
    __rt_exit_prels_1                        0x08000231   Thumb Code     0  rtexit2.o(.ARM.Collect$$rtexit$$00000002)
    __rt_exit_exit                           0x08000235   Thumb Code     0  rtexit2.o(.ARM.Collect$$rtexit$$00000004)
    Reset_Handler                            0x0800023d   Thumb Code     8  startup_stm32f303xe.o(.text)
    NMI_Handler                              0x08000245   Thumb Code     2  startup_stm32f303xe.o(.text)
    HardFault_Handler                        0x08000247   Thumb Code     2  startup_stm32f303xe.o(.text)
    MemManage_Handler                        0x08000249   Thumb Code     2  startup_stm32f303xe.o(.text)
    BusFault_Handler                         0x0800024b   Thumb Code     2  startup_stm32f303xe.o(.text)
    UsageFault_Handler                       0x0800024d   Thumb Code     2  startup_stm32f303xe.o(.text)
    DebugMon_Handler                         0x08000251   Thumb Code     2  startup_stm32f303xe.o(.text)
    ADC1_2_IRQHandler                        0x08000257   Thumb Code     0  startup_stm32f303xe.o(.text)
    ADC3_IRQHandler                          0x08000257   Thumb Code     0  startup_stm32f303xe.o(.text)
    ADC4_IRQHandler                          0x08000257   Thumb Code     0  startup_stm32f303xe.o(.text)
    CAN_RX1_IRQHandler                       0x08000257   Thumb Code     0  startup_stm32f303xe.o(.text)
    CAN_SCE_IRQHandler                       0x08000257   Thumb Code     0  startup_stm32f303xe.o(.text)
    COMP1_2_3_IRQHandler                     0x08000257   Thumb Code     0  startup_stm32f303xe.o(.text)
    COMP4_5_6_IRQHandler                     0x08000257   Thumb Code     0  startup_stm32f303xe.o(.text)
    COMP7_IRQHandler                         0x08000257   Thumb Code     0  startup_stm32f303xe.o(.text)
    DMA1_Channel1_IRQHandler                 0x08000257   Thumb Code     0  startup_stm32f303xe.o(.text)
    DMA1_Channel2_IRQHandler                 0x08000257   Thumb Code     0  startup_stm32f303xe.o(.text)
    DMA1_Channel3_IRQHandler                 0x08000257   Thumb Code     0  startup_stm32f303xe.o(.text)
    DMA1_Channel4_IRQHandler                 0x08000257   Thumb Code     0  startup_stm32f303xe.o(.text)
    DMA1_Channel5_IRQHandler                 0x08000257   Thumb Code     0  startup_stm32f303xe.o(.text)
    DMA1_Channel6_IRQHandler                 0x08000257   Thumb Code     0  startup_stm32f303xe.o(.text)
    DMA1_Channel7_IRQHandler                 0x08000257   Thumb Code     0  startup_stm32f303xe.o(.text)
    DMA2_Channel1_IRQHandler                 0x08000257   Thumb Code     0  startup_stm32f303xe.o(.text)
    DMA2_Channel2_IRQHandler                 0x08000257   Thumb Code     0  startup_stm32f303xe.o(.text)
    DMA2_Channel3_IRQHandler                 0x08000257   Thumb Code     0  startup_stm32f303xe.o(.text)
    DMA2_Channel4_IRQHandler                 0x08000257   Thumb Code     0  startup_stm32f303xe.o(.text)
    DMA2_Channel5_IRQHandler                 0x08000257   Thumb Code     0  startup_stm32f303xe.o(.text)
    FLASH_IRQHandler                         0x08000257   Thumb Code     0  startup_stm32f303xe.o(.text)
    FMC_IRQHandler                           0x08000257   Thumb Code     0  startup_stm32f303xe.o(.text)
    FPU_IRQHandler                           0x08000257   Thumb Code     0  startup_stm32f303xe.o(.text)
    I2C1_ER_IRQHandler                       0x08000257   Thumb Code     0  startup_stm32f303xe.o(.text)
    I2C1_EV_IRQHandler                       0x08000257   Thumb Code     0  startup_stm32f303xe.o(.text)
    I2C2_ER_IRQHandler                       0x08000257   Thumb Code     0  startup_stm32f303xe.o(.text)
    I2C2_EV_IRQHandler                       0x08000257   Thumb Code     0  startup_stm32f303xe.o(.text)
    I2C3_ER_IRQHandler                       0x08000257   Thumb Code     0  startup_stm32f303xe.o(.text)
    I2C3_EV_IRQHandler                       0x08000257   Thumb Code     0  startup_stm32f303xe.o(.text)
    PVD_IRQHandler                           0x08000257   Thumb Code     0  startup_stm32f303xe.o(.text)
    RCC_IRQHandler                           0x08000257   Thumb Code     0  startup_stm32f303xe.o(.text)
    RTC_Alarm_IRQHandler                     0x08000257   Thumb Code     0  startup_stm32f303xe.o(.text)
    RTC_WKUP_IRQHandler                      0x08000257   Thumb Code     0  startup_stm32f303xe.o(.text)
    SPI1_IRQHandler                          0x08000257   Thumb Code     0  startup_stm32f303xe.o(.text)
    SPI2_IRQHandler                          0x08000257   Thumb Code     0  startup_stm32f303xe.o(.text)
    SPI3_IRQHandler                          0x08000257   Thumb Code     0  startup_stm32f303xe.o(.text)
    SPI4_IRQHandler                          0x08000257   Thumb Code     0  startup_stm32f303xe.o(.text)
    TAMP_STAMP_IRQHandler                    0x08000257   Thumb Code     0  startup_stm32f303xe.o(.text)
    TIM1_BRK_TIM15_IRQHandler                0x08000257   Thumb Code     0  startup_stm32f303xe.o(.text)
    TIM1_CC_IRQHandler                       0x08000257   Thumb Code     0  startup_stm32f303xe.o(.text)
    TIM1_TRG_COM_TIM17_IRQHandler            0x08000257   Thumb Code     0  startup_stm32f303xe.o(.text)
    TIM1_UP_TIM16_IRQHandler                 0x08000257   Thumb Code     0  startup_stm32f303xe.o(.text)
    TIM20_BRK_IRQHandler                     0x08000257   Thumb Code     0  startup_stm32f303xe.o(.text)
    TIM20_CC_IRQHandler                      0x08000257   Thumb Code     0  startup_stm32f303xe.o(.text)
    TIM20_TRG_COM_IRQHandler                 0x08000257   Thumb Code     0  startup_stm32f303xe.o(.text)
    TIM20_UP_IRQHandler                      0x08000257   Thumb Code     0  startup_stm32f303xe.o(.text)
    TIM2_IRQHandler                          0x08000257   Thumb Code     0  startup_stm32f303xe.o(.text)
    TIM3_IRQHandler                          0x08000257   Thumb Code     0  startup_stm32f303xe.o(.text)
    TIM4_IRQHandler                          0x08000257   Thumb Code     0  startup_stm32f303xe.o(.text)
    TIM6_DAC_IRQHandler                      0x08000257   Thumb Code     0  startup_stm32f303xe.o(.text)
    TIM7_IRQHandler                          0x08000257   Thumb Code     0  startup_stm32f303xe.o(.text)
    TIM8_BRK_IRQHandler                      0x08000257   Thumb Code     0  startup_stm32f303xe.o(.text)
    TIM8_CC_IRQHandler                       0x08000257   Thumb Code     0  startup_stm32f303xe.o(.text)
    TIM8_TRG_COM_IRQHandler                  0x08000257   Thumb Code     0  startup_stm32f303xe.o(.text)
    TIM8_UP_IRQHandler                       0x08000257   Thumb Code     0  startup_stm32f303xe.o(.text)
    UART4_IRQHandler                         0x08000257   Thumb Code     0  startup_stm32f303xe.o(.text)
    UART5_IRQHandler                         0x08000257   Thumb Code     0  startup_stm32f303xe.o(.text)
    USBWakeUp_IRQHandler                     0x08000257   Thumb Code     0  startup_stm32f303xe.o(.text)
    USBWakeUp_RMP_IRQHandler                 0x08000257   Thumb Code     0  startup_stm32f303xe.o(.text)
    USB_HP_CAN_TX_IRQHandler                 0x08000257   Thumb Code     0  startup_stm32f303xe.o(.text)
    USB_HP_IRQHandler                        0x08000257   Thumb Code     0  startup_stm32f303xe.o(.text)
    USB_LP_CAN_RX0_IRQHandler                0x08000257   Thumb Code     0  startup_stm32f303xe.o(.text)
    USB_LP_IRQHandler                        0x08000257   Thumb Code     0  startup_stm32f303xe.o(.text)
    WWDG_IRQHandler                          0x08000257   Thumb Code     0  startup_stm32f303xe.o(.text)
    __user_initial_stackheap                 0x08000259   Thumb Code     0  startup_stm32f303xe.o(.text)
    __aeabi_memcpy                           0x0800027d   Thumb Code     0  rt_memcpy_v6.o(.text)
    __rt_memcpy                              0x0800027d   Thumb Code   138  rt_memcpy_v6.o(.text)
    _memcpy_lastbytes                        0x080002e3   Thumb Code     0  rt_memcpy_v6.o(.text)
    __aeabi_memset4                          0x08000307   Thumb Code    16  aeabi_memset4.o(.text)
    __aeabi_memset8                          0x08000307   Thumb Code     0  aeabi_memset4.o(.text)
    __aeabi_memclr                           0x08000317   Thumb Code     0  rt_memclr.o(.text)
    __rt_memclr                              0x08000317   Thumb Code     0  rt_memclr.o(.text)
    _memset                                  0x0800031b   Thumb Code    64  rt_memclr.o(.text)
    __use_two_region_memory                  0x0800035b   Thumb Code     2  heapauxi.o(.text)
    __rt_heap_escrow$2region                 0x0800035d   Thumb Code     2  heapauxi.o(.text)
    __rt_heap_expand$2region                 0x0800035f   Thumb Code     2  heapauxi.o(.text)
    __aeabi_memcpy4                          0x08000361   Thumb Code     0  rt_memcpy_w.o(.text)
    __aeabi_memcpy8                          0x08000361   Thumb Code     0  rt_memcpy_w.o(.text)
    __rt_memcpy_w                            0x08000361   Thumb Code   100  rt_memcpy_w.o(.text)
    _memcpy_lastbytes_aligned                0x080003a9   Thumb Code     0  rt_memcpy_w.o(.text)
    __aeabi_memclr4                          0x080003c5   Thumb Code     0  rt_memclr_w.o(.text)
    __aeabi_memclr8                          0x080003c5   Thumb Code     0  rt_memclr_w.o(.text)
    __rt_memclr_w                            0x080003c5   Thumb Code     0  rt_memclr_w.o(.text)
    _memset_w                                0x080003c9   Thumb Code    74  rt_memclr_w.o(.text)
    __user_setup_stackheap                   0x08000413   Thumb Code    74  sys_stackheap_outer.o(.text)
    exit                                     0x0800045d   Thumb Code    18  exit.o(.text)
    __user_libspace                          0x08000471   Thumb Code     8  libspace.o(.text)
    __user_perproc_libspace                  0x08000471   Thumb Code     0  libspace.o(.text)
    _sys_exit                                0x08000479   Thumb Code     8  sys_exit.o(.text)
    __I$use$semihosting                      0x08000485   Thumb Code     0  use_no_semi.o(.text)
    __use_no_semihosting_swi                 0x08000485   Thumb Code     2  use_no_semi.o(.text)
    __semihosting_library_function           0x08000487   Thumb Code     0  indicate_semi.o(.text)
    Button_StateT                            0x08000489   Thumb Code   428  main.o(.text.Button_StateT)
    CAN_SendDataT                            0x08000635   Thumb Code    84  main.o(.text.CAN_SendDataT)
    CAN_enuCreateFilter                      0x08000689   Thumb Code  5608  can.o(.text.CAN_enuCreateFilter)
    CAN_enuInit                              0x08001c71   Thumb Code   338  can.o(.text.CAN_enuInit)
    CAN_enuTransmit                          0x08001dc5   Thumb Code  3054  can.o(.text.CAN_enuTransmit)
    DCmotor_Init                             0x080029b5   Thumb Code   110  motor.o(.text.DCmotor_Init)
    DCmotor_backMove                         0x08002a25   Thumb Code    50  motor.o(.text.DCmotor_backMove)
    DCmotor_frontMove                        0x08002a59   Thumb Code    50  motor.o(.text.DCmotor_frontMove)
    DCmotor_leftMove                         0x08002a8d   Thumb Code    50  motor.o(.text.DCmotor_leftMove)
    DCmotor_rightMove                        0x08002ac1   Thumb Code    50  motor.o(.text.DCmotor_rightMove)
    DCmotor_stop                             0x08002af5   Thumb Code    52  motor.o(.text.DCmotor_stop)
    EEPROM_READ_BYTE                         0x08002b29   Thumb Code    78  eeprom.o(.text.EEPROM_READ_BYTE)
    EEPROM_READ_STRING                       0x08002b79   Thumb Code    88  eeprom.o(.text.EEPROM_READ_STRING)
    EEPROM_WRITE_BYTE                        0x08002bd1   Thumb Code    62  eeprom.o(.text.EEPROM_WRITE_BYTE)
    EEPROM_WRITE_STRING                      0x08002c11   Thumb Code    88  eeprom.o(.text.EEPROM_WRITE_STRING)
    EEPROM_WriteLogsT                        0x08002c69   Thumb Code    28  main.o(.text.EEPROM_WriteLogsT)
    EEPROM_init                              0x08002c85   Thumb Code    72  eeprom.o(.text.EEPROM_init)
    EXTI0_IRQHandler                         0x08002ccd   Thumb Code    12  exti_irq.o(.text.EXTI0_IRQHandler)
    EXTI15_10_IRQHandler                     0x08002cd9   Thumb Code   162  exti_irq.o(.text.EXTI15_10_IRQHandler)
    EXTI1_IRQHandler                         0x08002d7d   Thumb Code    12  exti_irq.o(.text.EXTI1_IRQHandler)
    EXTI2_TSC_IRQHandler                     0x08002d89   Thumb Code    12  exti_irq.o(.text.EXTI2_TSC_IRQHandler)
    EXTI3_IRQHandler                         0x08002d95   Thumb Code    12  exti_irq.o(.text.EXTI3_IRQHandler)
    EXTI4_IRQHandler                         0x08002da1   Thumb Code    12  exti_irq.o(.text.EXTI4_IRQHandler)
    EXTI9_5_IRQHandler                       0x08002dad   Thumb Code   132  exti_irq.o(.text.EXTI9_5_IRQHandler)
    GPIO_configurePin                        0x08002e31   Thumb Code   228  gpio.o(.text.GPIO_configurePin)
    GPIO_readPin                             0x08002f15   Thumb Code    76  gpio.o(.text.GPIO_readPin)
    GPIO_setPinFuction                       0x08002f61   Thumb Code   132  gpio.o(.text.GPIO_setPinFuction)
    GPIO_writePin                            0x08002fe5   Thumb Code    92  gpio.o(.text.GPIO_writePin)
    HBLE_VGetKey                             0x0800304d   Thumb Code    30  ble.o(.text.HBLE_VGetKey)
    HBLE_VInit                               0x0800306d   Thumb Code   140  ble.o(.text.HBLE_VInit)
    HBLE_VSendReport                         0x080030f9   Thumb Code     8  ble.o(.text.HBLE_VSendReport)
    I2C1_Read_byte                           0x08003101   Thumb Code    24  i2c.o(.text.I2C1_Read_byte)
    I2C1_Write_byte                          0x08003119   Thumb Code    24  i2c.o(.text.I2C1_Write_byte)
    I2C_MASTER_init                          0x08003131   Thumb Code   138  i2c.o(.text.I2C_MASTER_init)
    I2C_Start                                0x080031bd   Thumb Code    32  i2c.o(.text.I2C_Start)
    I2C_Stop                                 0x080031dd   Thumb Code    42  i2c.o(.text.I2C_Stop)
    I2C_init                                 0x08003209   Thumb Code    56  i2c.o(.text.I2C_init)
    ICU_voidClrTimerIcuFlag                  0x08003241   Thumb Code    28  icu.o(.text.ICU_voidClrTimerIcuFlag)
    ICU_voidClrTimerOvFlag                   0x0800325d   Thumb Code    22  icu.o(.text.ICU_voidClrTimerOvFlag)
    ICU_voidDisableTimer                     0x08003275   Thumb Code    22  icu.o(.text.ICU_voidDisableTimer)
    ICU_voidEnableTimer                      0x0800328d   Thumb Code    22  icu.o(.text.ICU_voidEnableTimer)
    ICU_voidGetICU_Count                     0x080032a5   Thumb Code    84  icu.o(.text.ICU_voidGetICU_Count)
    ICU_voidGetTimerIcuStatus                0x080032f9   Thumb Code    28  icu.o(.text.ICU_voidGetTimerIcuStatus)
    ICU_voidGetTimerOvStatus                 0x08003315   Thumb Code    22  icu.o(.text.ICU_voidGetTimerOvStatus)
    ICU_voidInitTimer                        0x0800332d   Thumb Code   168  icu.o(.text.ICU_voidInitTimer)
    ICU_voidSetArrTime                       0x080033d5   Thumb Code    16  icu.o(.text.ICU_voidSetArrTime)
    ICU_voidSetCountTime                     0x080033e5   Thumb Code    16  icu.o(.text.ICU_voidSetCountTime)
    ICU_voidSetSensingEdge                   0x080033f5   Thumb Code   138  icu.o(.text.ICU_voidSetSensingEdge)
    MNVIC_EnuEnablePerInterrupt              0x08003481   Thumb Code    70  nvic.o(.text.MNVIC_EnuEnablePerInterrupt)
    MUSART1_VidSendCharSync                  0x080034ed   Thumb Code    36  usart.o(.text.MUSART1_VidSendCharSync)
    MUSART1_VidSendStringSynch               0x08003511   Thumb Code    36  usart.o(.text.MUSART1_VidSendStringSynch)
    MUSART1_VidSetCallBack                   0x08003535   Thumb Code    46  usart.o(.text.MUSART1_VidSetCallBack)
    MUSART_voidInit                          0x08003565   Thumb Code   526  usart.o(.text.MUSART_voidInit)
    Motor_SetDirectionT                      0x08003775   Thumb Code   208  main.o(.text.Motor_SetDirectionT)
    PWM_enu_Init                             0x08003845   Thumb Code   416  pwm.o(.text.PWM_enu_Init)
    PWM_enu_SetDutyCycle                     0x080039e5   Thumb Code    68  pwm.o(.text.PWM_enu_SetDutyCycle)
    PendSV_Handler                           0x08003a31   Thumb Code   100  port.o(.text.PendSV_Handler)
    RCC_voidEnablePeripheral                 0x08003a95   Thumb Code    74  rcc.o(.text.RCC_voidEnablePeripheral)
    Resume_MyTasks                           0x08003ae1   Thumb Code    62  main.o(.text.Resume_MyTasks)
    SVC_Handler                              0x08003b21   Thumb Code    36  port.o(.text.SVC_Handler)
    SYS_INIT                                 0x08003b45   Thumb Code   224  main.o(.text.SYS_INIT)
    Suspend_MyTasks                          0x08003c25   Thumb Code    62  main.o(.text.Suspend_MyTasks)
    SysTick_Handler                          0x08003c65   Thumb Code    30  cmsis_os2.o(.text.SysTick_Handler)
    SystemInit                               0x08003c85   Thumb Code    18  system_stm32f3xx.o(.text.SystemInit)
    USART1_IRQHandler                        0x08003c99   Thumb Code    42  usart.o(.text.USART1_IRQHandler)
    USART2_IRQHandler                        0x08003cc5   Thumb Code    42  usart.o(.text.USART2_IRQHandler)
    USART3_IRQHandler                        0x08003cf1   Thumb Code    42  usart.o(.text.USART3_IRQHandler)
    US_GetDistanceT                          0x08003d1d   Thumb Code   114  main.o(.text.US_GetDistanceT)
    US_voidGetICU_Distance                   0x08003d91   Thumb Code    52  us.o(.text.US_voidGetICU_Distance)
    US_voidGetTimeICUStatus                  0x08003dc5   Thumb Code    10  us.o(.text.US_voidGetTimeICUStatus)
    US_voidGetTimeStatus                     0x08003dd1   Thumb Code     8  us.o(.text.US_voidGetTimeStatus)
    US_voidGetUSSensorDistanceTask           0x08003dd9   Thumb Code    98  us.o(.text.US_voidGetUSSensorDistanceTask)
    US_voidInit                              0x08003e3d   Thumb Code    58  us.o(.text.US_voidInit)
    US_voidSetICUTime                        0x08003e79   Thumb Code    44  us.o(.text.US_voidSetICUTime)
    US_voidSetTrigger                        0x08003ea5   Thumb Code   184  us.o(.text.US_voidSetTrigger)
    US_voidUltraSonicStart                   0x08003f5d   Thumb Code    14  us.o(.text.US_voidUltraSonicStart)
    _mutex_acquire                           0x08003f6d   Thumb Code    36  clib_arm.o(.text._mutex_acquire)
    _mutex_free                              0x08003f91   Thumb Code    50  clib_arm.o(.text._mutex_free)
    _mutex_initialize                        0x08003fc5   Thumb Code    90  clib_arm.o(.text._mutex_initialize)
    _mutex_release                           0x08004021   Thumb Code    38  clib_arm.o(.text._mutex_release)
    _platform_post_stackheap_init            0x08004049   Thumb Code     2  clib_arm.o(.text._platform_post_stackheap_init)
    main                                     0x08004059   Thumb Code   176  main.o(.text.main)
    pvPortMalloc                             0x08004a35   Thumb Code   234  heap_4.o(.text.pvPortMalloc)
    pvTaskIncrementMutexHeldCount            0x08004b21   Thumb Code    24  tasks.o(.text.pvTaskIncrementMutexHeldCount)
    pxPortInitialiseStack                    0x08004b39   Thumb Code    40  port.o(.text.pxPortInitialiseStack)
    uxListRemove                             0x08004b61   Thumb Code    40  list.o(.text.uxListRemove)
    vApplicationGetIdleTaskMemory            0x08004b89   Thumb Code    26  cmsis_os2.o(.text.vApplicationGetIdleTaskMemory)
    vApplicationGetTimerTaskMemory           0x08004ba5   Thumb Code    26  cmsis_os2.o(.text.vApplicationGetTimerTaskMemory)
    vApplicationStackOverflowHook            0x08004bc1   Thumb Code     2  cmsis_os2.o(.text.vApplicationStackOverflowHook)
    vListInitialise                          0x08004bc5   Thumb Code    22  list.o(.text.vListInitialise)
    vListInitialiseItem                      0x08004bdd   Thumb Code     6  list.o(.text.vListInitialiseItem)
    vListInsert                              0x08004be5   Thumb Code    58  list.o(.text.vListInsert)
    vListInsertEnd                           0x08004c21   Thumb Code    28  list.o(.text.vListInsertEnd)
    vPortEnterCritical                       0x08004c51   Thumb Code    32  port.o(.text.vPortEnterCritical)
    vPortExitCritical                        0x08004c71   Thumb Code    26  port.o(.text.vPortExitCritical)
    vPortFree                                0x08004c8d   Thumb Code    86  heap_4.o(.text.vPortFree)
    vPortSetupTimerInterrupt                 0x08004ce5   Thumb Code    52  port.o(.text.vPortSetupTimerInterrupt)
    vQueueDelete                             0x08004d19   Thumb Code    14  queue.o(.text.vQueueDelete)
    vQueueWaitForMessageRestricted           0x08004d29   Thumb Code    70  queue.o(.text.vQueueWaitForMessageRestricted)
    vTaskDelay                               0x08004d71   Thumb Code    46  tasks.o(.text.vTaskDelay)
    vTaskInternalSetTimeOutState             0x08004da1   Thumb Code    26  tasks.o(.text.vTaskInternalSetTimeOutState)
    vTaskMissedYield                         0x08004dbd   Thumb Code    14  tasks.o(.text.vTaskMissedYield)
    vTaskPlaceOnEventList                    0x08004dcd   Thumb Code    32  tasks.o(.text.vTaskPlaceOnEventList)
    vTaskPlaceOnEventListRestricted          0x08004ded   Thumb Code    90  tasks.o(.text.vTaskPlaceOnEventListRestricted)
    vTaskPriorityDisinheritAfterTimeout      0x08004e49   Thumb Code   128  tasks.o(.text.vTaskPriorityDisinheritAfterTimeout)
    vTaskResume                              0x08004ec9   Thumb Code   120  tasks.o(.text.vTaskResume)
    vTaskStartScheduler                      0x08004f41   Thumb Code   148  tasks.o(.text.vTaskStartScheduler)
    vTaskSuspend                             0x08004fd5   Thumb Code   176  tasks.o(.text.vTaskSuspend)
    vTaskSuspendAll                          0x08005085   Thumb Code    16  tasks.o(.text.vTaskSuspendAll)
    vTaskSwitchContext                       0x08005095   Thumb Code   170  tasks.o(.text.vTaskSwitchContext)
    xPortStartScheduler                      0x08005141   Thumb Code    74  port.o(.text.xPortStartScheduler)
    xPortSysTickHandler                      0x0800518d   Thumb Code    46  port.o(.text.xPortSysTickHandler)
    xQueueCreateMutex                        0x080051bd   Thumb Code    22  queue.o(.text.xQueueCreateMutex)
    xQueueCreateMutexStatic                  0x080051d5   Thumb Code    34  queue.o(.text.xQueueCreateMutexStatic)
    xQueueGenericCreate                      0x080051f9   Thumb Code    76  queue.o(.text.xQueueGenericCreate)
    xQueueGenericCreateStatic                0x08005245   Thumb Code    58  queue.o(.text.xQueueGenericCreateStatic)
    xQueueGenericReset                       0x08005281   Thumb Code   104  queue.o(.text.xQueueGenericReset)
    xQueueGenericSend                        0x080052e9   Thumb Code   256  queue.o(.text.xQueueGenericSend)
    xQueueReceive                            0x080053e9   Thumb Code   266  queue.o(.text.xQueueReceive)
    xQueueSemaphoreTake                      0x080054f5   Thumb Code   306  queue.o(.text.xQueueSemaphoreTake)
    xTaskCheckForTimeOut                     0x08005629   Thumb Code    96  tasks.o(.text.xTaskCheckForTimeOut)
    xTaskCreate                              0x08005689   Thumb Code   100  tasks.o(.text.xTaskCreate)
    xTaskCreateStatic                        0x080056ed   Thumb Code    82  tasks.o(.text.xTaskCreateStatic)
    xTaskGetSchedulerState                   0x08005741   Thumb Code    38  tasks.o(.text.xTaskGetSchedulerState)
    xTaskGetTickCount                        0x08005769   Thumb Code    12  tasks.o(.text.xTaskGetTickCount)
    xTaskIncrementTick                       0x08005775   Thumb Code   328  tasks.o(.text.xTaskIncrementTick)
    xTaskPriorityDisinherit                  0x080058bd   Thumb Code   112  tasks.o(.text.xTaskPriorityDisinherit)
    xTaskPriorityInherit                     0x0800592d   Thumb Code   166  tasks.o(.text.xTaskPriorityInherit)
    xTaskRemoveFromEventList                 0x080059d5   Thumb Code   224  tasks.o(.text.xTaskRemoveFromEventList)
    xTaskResumeAll                           0x08005ab5   Thumb Code   296  tasks.o(.text.xTaskResumeAll)
    xTimerCreateTimerTask                    0x08005bdd   Thumb Code   104  timers.o(.text.xTimerCreateTimerTask)
    _fp_init                                 0x08005c45   Thumb Code    26  fpinit.o(x$fpl$fpinit)
    __fplib_config_fpu_vfp                   0x08005c5d   Thumb Code     0  fpinit.o(x$fpl$fpinit)
    __fplib_config_pureend_doubles           0x08005c5d   Thumb Code     0  fpinit.o(x$fpl$fpinit)
    uxTopUsedPriority                        0x08005cdc   Data           4  tasks.o(.rodata.uxTopUsedPriority)
    Region$$Table$$Base                      0x08005ce0   Number         0  anon$$obj.o(Region$$Table)
    Region$$Table$$Limit                     0x08005d00   Number         0  anon$$obj.o(Region$$Table)
    G_Key                                    0x20000000   Data           1  ble.o(.data.G_Key)
    Global_u8LogsArr                         0x20000001   Data           3  main.o(.data.Global_u8LogsArr)
    My_Data                                  0x20000004   Data           3  main.o(.data.My_Data)
    PA0                                      0x20000007   Data           4  pwm.o(.data.PA0)
    PB6                                      0x2000000b   Data           4  pwm.o(.data.PB6)
    SCL                                      0x2000000f   Data           4  eeprom.o(.data.SCL)
    SDA                                      0x20000013   Data           4  eeprom.o(.data.SDA)
    SystemCoreClock                          0x20000018   Data           4  system_stm32f3xx.o(.data.SystemCoreClock)
    Timer                                    0x2000001c   Data          12  icu.o(.data.Timer)
    UART                                     0x20000028   Data          10  ble.o(.data.UART)
    UART1                                    0x20000032   Data          10  ble.o(.data.UART1)
    UART_PIN_RX                              0x2000003c   Data           4  ble.o(.data.UART_PIN_RX)
    UART_PIN_RX1                             0x20000040   Data           4  ble.o(.data.UART_PIN_RX1)
    UART_PIN_TX                              0x20000044   Data           4  ble.o(.data.UART_PIN_TX)
    UART_PIN_TX1                             0x20000048   Data           4  ble.o(.data.UART_PIN_TX1)
    arr_Bases                                0x2000004c   Data          12  usart.o(.data.arr_Bases)
    input1PinBack                            0x20000058   Data           4  motor.o(.data.input1PinBack)
    input1PinFront                           0x2000005c   Data           4  motor.o(.data.input1PinFront)
    input2PinBack                            0x20000060   Data           4  motor.o(.data.input2PinBack)
    input2PinFront                           0x20000064   Data           4  motor.o(.data.input2PinFront)
    __libspace_start                         0x20000070   Data          96  libspace.o(.bss)
    Button_StateH                            0x200000d0   Data           4  main.o(.bss.Button_StateH)
    __temporary_stack_top$libspace           0x200000d0   Data           0  libspace.o(.bss)
    CAN_SendDataH                            0x200000d8   Data           4  main.o(.bss.CAN_SendDataH)
    Call_Ptr                                 0x200000dc   Data          60  exti.o(.bss.Call_Ptr)
    EEPROM_WriteLogsTH                       0x20000118   Data           4  main.o(.bss.EEPROM_WriteLogsTH)
    Global_readEEPROM                        0x2000011c   Data           3  main.o(.bss.Global_readEEPROM)
    Global_u8DataArr                         0x2000011f   Data           3  main.o(.bss.Global_u8DataArr)
    Global_u8ManagmentMode                   0x20000122   Data           1  main.o(.bss.Global_u8ManagmentMode)
    MUSART1_CallBack                         0x20000124   Data           4  usart.o(.bss.MUSART1_CallBack)
    MUSART2_CallBack                         0x20000128   Data           4  usart.o(.bss.MUSART2_CallBack)
    MUSART3_CallBack                         0x2000012c   Data           4  usart.o(.bss.MUSART3_CallBack)
    Motor_SetDirectionH                      0x20000130   Data           4  main.o(.bss.Motor_SetDirectionH)
    REC_Data                                 0x20000134   Data           3  main.o(.bss.REC_Data)
    US_GetDistanceH                          0x20000138   Data           4  main.o(.bss.US_GetDistanceH)
    pxCurrentTCB                             0x20000388   Data           4  tasks.o(.bss.pxCurrentTCB)



==============================================================================

Memory Map of the image

  Image Entry point : 0x0800023d

  Load Region LR_1 (Base: 0x08000000, Size: 0x00005d6c, Max: 0xffffffff, ABSOLUTE)

    Execution Region ER_RO (Exec base: 0x08000000, Load base: 0x08000000, Size: 0x00005d00, Max: 0xffffffff, ABSOLUTE)

    Exec Addr    Load Addr    Size         Type   Attr      Idx    E Section Name        Object

    0x08000000   0x08000000   0x00000194   Data   RO          674    RESET               startup_stm32f303xe.o
    0x08000194   0x08000194   0x00000008   Code   RO         1148  * !!!main             c_w.l(__main.o)
    0x0800019c   0x0800019c   0x00000034   Code   RO         1332    !!!scatter          c_w.l(__scatter.o)
    0x080001d0   0x080001d0   0x0000001a   Code   RO         1334    !!handler_copy      c_w.l(__scatter_copy.o)
    0x080001ea   0x080001ea   0x00000002   PAD
    0x080001ec   0x080001ec   0x0000001c   Code   RO         1336    !!handler_zi        c_w.l(__scatter_zi.o)
    0x08000208   0x08000208   0x00000002   Code   RO         1194    .ARM.Collect$$libinit$$00000000  c_w.l(libinit.o)
    0x0800020a   0x0800020a   0x00000004   Code   RO         1200    .ARM.Collect$$libinit$$00000001  c_w.l(libinit2.o)
    0x0800020e   0x0800020e   0x00000000   Code   RO         1203    .ARM.Collect$$libinit$$00000004  c_w.l(libinit2.o)
    0x0800020e   0x0800020e   0x00000000   Code   RO         1205    .ARM.Collect$$libinit$$00000006  c_w.l(libinit2.o)
    0x0800020e   0x0800020e   0x00000000   Code   RO         1208    .ARM.Collect$$libinit$$0000000C  c_w.l(libinit2.o)
    0x0800020e   0x0800020e   0x00000000   Code   RO         1210    .ARM.Collect$$libinit$$0000000E  c_w.l(libinit2.o)
    0x0800020e   0x0800020e   0x00000000   Code   RO         1212    .ARM.Collect$$libinit$$00000010  c_w.l(libinit2.o)
    0x0800020e   0x0800020e   0x00000000   Code   RO         1215    .ARM.Collect$$libinit$$00000013  c_w.l(libinit2.o)
    0x0800020e   0x0800020e   0x00000000   Code   RO         1217    .ARM.Collect$$libinit$$00000015  c_w.l(libinit2.o)
    0x0800020e   0x0800020e   0x00000000   Code   RO         1219    .ARM.Collect$$libinit$$00000017  c_w.l(libinit2.o)
    0x0800020e   0x0800020e   0x00000000   Code   RO         1221    .ARM.Collect$$libinit$$00000019  c_w.l(libinit2.o)
    0x0800020e   0x0800020e   0x00000000   Code   RO         1223    .ARM.Collect$$libinit$$0000001B  c_w.l(libinit2.o)
    0x0800020e   0x0800020e   0x00000000   Code   RO         1225    .ARM.Collect$$libinit$$0000001D  c_w.l(libinit2.o)
    0x0800020e   0x0800020e   0x00000000   Code   RO         1227    .ARM.Collect$$libinit$$0000001F  c_w.l(libinit2.o)
    0x0800020e   0x0800020e   0x00000000   Code   RO         1229    .ARM.Collect$$libinit$$00000021  c_w.l(libinit2.o)
    0x0800020e   0x0800020e   0x00000000   Code   RO         1231    .ARM.Collect$$libinit$$00000023  c_w.l(libinit2.o)
    0x0800020e   0x0800020e   0x00000000   Code   RO         1233    .ARM.Collect$$libinit$$00000025  c_w.l(libinit2.o)
    0x0800020e   0x0800020e   0x00000000   Code   RO         1235    .ARM.Collect$$libinit$$00000027  c_w.l(libinit2.o)
    0x0800020e   0x0800020e   0x00000000   Code   RO         1239    .ARM.Collect$$libinit$$0000002E  c_w.l(libinit2.o)
    0x0800020e   0x0800020e   0x00000000   Code   RO         1241    .ARM.Collect$$libinit$$00000030  c_w.l(libinit2.o)
    0x0800020e   0x0800020e   0x00000000   Code   RO         1243    .ARM.Collect$$libinit$$00000032  c_w.l(libinit2.o)
    0x0800020e   0x0800020e   0x00000000   Code   RO         1245    .ARM.Collect$$libinit$$00000034  c_w.l(libinit2.o)
    0x0800020e   0x0800020e   0x00000002   Code   RO         1246    .ARM.Collect$$libinit$$00000035  c_w.l(libinit2.o)
    0x08000210   0x08000210   0x00000002   Code   RO         1268    .ARM.Collect$$libshutdown$$00000000  c_w.l(libshutdown.o)
    0x08000212   0x08000212   0x00000000   Code   RO         1283    .ARM.Collect$$libshutdown$$00000002  c_w.l(libshutdown2.o)
    0x08000212   0x08000212   0x00000000   Code   RO         1285    .ARM.Collect$$libshutdown$$00000004  c_w.l(libshutdown2.o)
    0x08000212   0x08000212   0x00000000   Code   RO         1288    .ARM.Collect$$libshutdown$$00000007  c_w.l(libshutdown2.o)
    0x08000212   0x08000212   0x00000000   Code   RO         1291    .ARM.Collect$$libshutdown$$0000000A  c_w.l(libshutdown2.o)
    0x08000212   0x08000212   0x00000000   Code   RO         1293    .ARM.Collect$$libshutdown$$0000000C  c_w.l(libshutdown2.o)
    0x08000212   0x08000212   0x00000000   Code   RO         1296    .ARM.Collect$$libshutdown$$0000000F  c_w.l(libshutdown2.o)
    0x08000212   0x08000212   0x00000002   Code   RO         1297    .ARM.Collect$$libshutdown$$00000010  c_w.l(libshutdown2.o)
    0x08000214   0x08000214   0x00000000   Code   RO         1162    .ARM.Collect$$rtentry$$00000000  c_w.l(__rtentry.o)
    0x08000214   0x08000214   0x00000000   Code   RO         1173    .ARM.Collect$$rtentry$$00000002  c_w.l(__rtentry2.o)
    0x08000214   0x08000214   0x00000006   Code   RO         1185    .ARM.Collect$$rtentry$$00000004  c_w.l(__rtentry4.o)
    0x0800021a   0x0800021a   0x00000008   Code   RO         1174    .ARM.Collect$$rtentry$$00000008  c_w.l(__rtentry2.o)
    0x08000222   0x08000222   0x00000004   Code   RO         1176    .ARM.Collect$$rtentry$$0000000A  c_w.l(__rtentry2.o)
    0x08000226   0x08000226   0x00000000   Code   RO         1178    .ARM.Collect$$rtentry$$0000000C  c_w.l(__rtentry2.o)
    0x08000226   0x08000226   0x00000008   Code   RO         1179    .ARM.Collect$$rtentry$$0000000D  c_w.l(__rtentry2.o)
    0x0800022e   0x0800022e   0x00000002   Code   RO         1198    .ARM.Collect$$rtexit$$00000000  c_w.l(rtexit.o)
    0x08000230   0x08000230   0x00000000   Code   RO         1248    .ARM.Collect$$rtexit$$00000002  c_w.l(rtexit2.o)
    0x08000230   0x08000230   0x00000004   Code   RO         1249    .ARM.Collect$$rtexit$$00000003  c_w.l(rtexit2.o)
    0x08000234   0x08000234   0x00000006   Code   RO         1250    .ARM.Collect$$rtexit$$00000004  c_w.l(rtexit2.o)
    0x0800023a   0x0800023a   0x00000002   PAD
    0x0800023c   0x0800023c   0x00000040   Code   RO          675  * .text               startup_stm32f303xe.o
    0x0800027c   0x0800027c   0x0000008a   Code   RO         1140    .text               c_w.l(rt_memcpy_v6.o)
    0x08000306   0x08000306   0x00000010   Code   RO         1142    .text               c_w.l(aeabi_memset4.o)
    0x08000316   0x08000316   0x00000044   Code   RO         1144    .text               c_w.l(rt_memclr.o)
    0x0800035a   0x0800035a   0x00000006   Code   RO         1146    .text               c_w.l(heapauxi.o)
    0x08000360   0x08000360   0x00000064   Code   RO         1163    .text               c_w.l(rt_memcpy_w.o)
    0x080003c4   0x080003c4   0x0000004e   Code   RO         1165    .text               c_w.l(rt_memclr_w.o)
    0x08000412   0x08000412   0x0000004a   Code   RO         1187    .text               c_w.l(sys_stackheap_outer.o)
    0x0800045c   0x0800045c   0x00000012   Code   RO         1189    .text               c_w.l(exit.o)
    0x0800046e   0x0800046e   0x00000002   PAD
    0x08000470   0x08000470   0x00000008   Code   RO         1195    .text               c_w.l(libspace.o)
    0x08000478   0x08000478   0x0000000c   Code   RO         1258    .text               c_w.l(sys_exit.o)
    0x08000484   0x08000484   0x00000002   Code   RO         1273    .text               c_w.l(use_no_semi.o)
    0x08000486   0x08000486   0x00000000   Code   RO         1275    .text               c_w.l(indicate_semi.o)
    0x08000486   0x08000486   0x00000002   PAD
    0x08000488   0x08000488   0x000001ac   Code   RO            6    .text.Button_StateT  main.o
    0x08000634   0x08000634   0x00000054   Code   RO            8    .text.CAN_SendDataT  main.o
    0x08000688   0x08000688   0x000015e8   Code   RO          338    .text.CAN_enuCreateFilter  can.o
    0x08001c70   0x08001c70   0x00000152   Code   RO          334    .text.CAN_enuInit   can.o
    0x08001dc2   0x08001dc2   0x00000002   PAD
    0x08001dc4   0x08001dc4   0x00000bee   Code   RO          336    .text.CAN_enuTransmit  can.o
    0x080029b2   0x080029b2   0x00000002   PAD
    0x080029b4   0x080029b4   0x0000006e   Code   RO          234    .text.DCmotor_Init  motor.o
    0x08002a22   0x08002a22   0x00000002   PAD
    0x08002a24   0x08002a24   0x00000032   Code   RO          240    .text.DCmotor_backMove  motor.o
    0x08002a56   0x08002a56   0x00000002   PAD
    0x08002a58   0x08002a58   0x00000032   Code   RO          236    .text.DCmotor_frontMove  motor.o
    0x08002a8a   0x08002a8a   0x00000002   PAD
    0x08002a8c   0x08002a8c   0x00000032   Code   RO          244    .text.DCmotor_leftMove  motor.o
    0x08002abe   0x08002abe   0x00000002   PAD
    0x08002ac0   0x08002ac0   0x00000032   Code   RO          242    .text.DCmotor_rightMove  motor.o
    0x08002af2   0x08002af2   0x00000002   PAD
    0x08002af4   0x08002af4   0x00000034   Code   RO          246    .text.DCmotor_stop  motor.o
    0x08002b28   0x08002b28   0x0000004e   Code   RO          364    .text.EEPROM_READ_BYTE  eeprom.o
    0x08002b76   0x08002b76   0x00000002   PAD
    0x08002b78   0x08002b78   0x00000058   Code   RO          366    .text.EEPROM_READ_STRING  eeprom.o
    0x08002bd0   0x08002bd0   0x0000003e   Code   RO          360    .text.EEPROM_WRITE_BYTE  eeprom.o
    0x08002c0e   0x08002c0e   0x00000002   PAD
    0x08002c10   0x08002c10   0x00000058   Code   RO          362    .text.EEPROM_WRITE_STRING  eeprom.o
    0x08002c68   0x08002c68   0x0000001c   Code   RO           12    .text.EEPROM_WriteLogsT  main.o
    0x08002c84   0x08002c84   0x00000048   Code   RO          358    .text.EEPROM_init   eeprom.o
    0x08002ccc   0x08002ccc   0x0000000c   Code   RO          212    .text.EXTI0_IRQHandler  exti_irq.o
    0x08002cd8   0x08002cd8   0x000000a2   Code   RO          224    .text.EXTI15_10_IRQHandler  exti_irq.o
    0x08002d7a   0x08002d7a   0x00000002   PAD
    0x08002d7c   0x08002d7c   0x0000000c   Code   RO          214    .text.EXTI1_IRQHandler  exti_irq.o
    0x08002d88   0x08002d88   0x0000000c   Code   RO          216    .text.EXTI2_TSC_IRQHandler  exti_irq.o
    0x08002d94   0x08002d94   0x0000000c   Code   RO          218    .text.EXTI3_IRQHandler  exti_irq.o
    0x08002da0   0x08002da0   0x0000000c   Code   RO          220    .text.EXTI4_IRQHandler  exti_irq.o
    0x08002dac   0x08002dac   0x00000084   Code   RO          222    .text.EXTI9_5_IRQHandler  exti_irq.o
    0x08002e30   0x08002e30   0x000000e4   Code   RO           63    .text.GPIO_configurePin  gpio.o
    0x08002f14   0x08002f14   0x0000004c   Code   RO           69    .text.GPIO_readPin  gpio.o
    0x08002f60   0x08002f60   0x00000084   Code   RO           75    .text.GPIO_setPinFuction  gpio.o
    0x08002fe4   0x08002fe4   0x0000005c   Code   RO           65    .text.GPIO_writePin  gpio.o
    0x08003040   0x08003040   0x0000000c   Code   RO          312    .text.HBLE_VGetChar  ble.o
    0x0800304c   0x0800304c   0x0000001e   Code   RO          314    .text.HBLE_VGetKey  ble.o
    0x0800306a   0x0800306a   0x00000002   PAD
    0x0800306c   0x0800306c   0x0000008c   Code   RO          310    .text.HBLE_VInit    ble.o
    0x080030f8   0x080030f8   0x00000008   Code   RO          316    .text.HBLE_VSendReport  ble.o
    0x08003100   0x08003100   0x00000018   Code   RO          389    .text.I2C1_Read_byte  i2c.o
    0x08003118   0x08003118   0x00000018   Code   RO          387    .text.I2C1_Write_byte  i2c.o
    0x08003130   0x08003130   0x0000008a   Code   RO          381    .text.I2C_MASTER_init  i2c.o
    0x080031ba   0x080031ba   0x00000002   PAD
    0x080031bc   0x080031bc   0x00000020   Code   RO          383    .text.I2C_Start     i2c.o
    0x080031dc   0x080031dc   0x0000002a   Code   RO          385    .text.I2C_Stop      i2c.o
    0x08003206   0x08003206   0x00000002   PAD
    0x08003208   0x08003208   0x00000038   Code   RO          379    .text.I2C_init      i2c.o
    0x08003240   0x08003240   0x0000001c   Code   RO          182    .text.ICU_voidClrTimerIcuFlag  icu.o
    0x0800325c   0x0800325c   0x00000016   Code   RO          176    .text.ICU_voidClrTimerOvFlag  icu.o
    0x08003272   0x08003272   0x00000002   PAD
    0x08003274   0x08003274   0x00000016   Code   RO          184    .text.ICU_voidDisableTimer  icu.o
    0x0800328a   0x0800328a   0x00000002   PAD
    0x0800328c   0x0800328c   0x00000016   Code   RO          170    .text.ICU_voidEnableTimer  icu.o
    0x080032a2   0x080032a2   0x00000002   PAD
    0x080032a4   0x080032a4   0x00000054   Code   RO          172    .text.ICU_voidGetICU_Count  icu.o
    0x080032f8   0x080032f8   0x0000001c   Code   RO          178    .text.ICU_voidGetTimerIcuStatus  icu.o
    0x08003314   0x08003314   0x00000016   Code   RO          174    .text.ICU_voidGetTimerOvStatus  icu.o
    0x0800332a   0x0800332a   0x00000002   PAD
    0x0800332c   0x0800332c   0x000000a8   Code   RO          164    .text.ICU_voidInitTimer  icu.o
    0x080033d4   0x080033d4   0x00000010   Code   RO          180    .text.ICU_voidSetArrTime  icu.o
    0x080033e4   0x080033e4   0x00000010   Code   RO          168    .text.ICU_voidSetCountTime  icu.o
    0x080033f4   0x080033f4   0x0000008a   Code   RO          166    .text.ICU_voidSetSensingEdge  icu.o
    0x0800347e   0x0800347e   0x00000002   PAD
    0x08003480   0x08003480   0x00000046   Code   RO           95    .text.MNVIC_EnuEnablePerInterrupt  nvic.o
    0x080034c6   0x080034c6   0x00000002   PAD
    0x080034c8   0x080034c8   0x00000022   Code   RO          238    .text.MOTOR_SET_SPEED  motor.o
    0x080034ea   0x080034ea   0x00000002   PAD
    0x080034ec   0x080034ec   0x00000024   Code   RO          137    .text.MUSART1_VidSendCharSync  usart.o
    0x08003510   0x08003510   0x00000024   Code   RO          139    .text.MUSART1_VidSendStringSynch  usart.o
    0x08003534   0x08003534   0x0000002e   Code   RO          143    .text.MUSART1_VidSetCallBack  usart.o
    0x08003562   0x08003562   0x00000002   PAD
    0x08003564   0x08003564   0x0000020e   Code   RO          135    .text.MUSART_voidInit  usart.o
    0x08003772   0x08003772   0x00000002   PAD
    0x08003774   0x08003774   0x000000d0   Code   RO            4    .text.Motor_SetDirectionT  main.o
    0x08003844   0x08003844   0x000001a0   Code   RO          118    .text.PWM_enu_Init  pwm.o
    0x080039e4   0x080039e4   0x00000044   Code   RO          120    .text.PWM_enu_SetDutyCycle  pwm.o
    0x08003a28   0x08003a28   0x00000008   PAD
    0x08003a30   0x08003a30   0x00000064   Code   RO          777    .text.PendSV_Handler  port.o
    0x08003a94   0x08003a94   0x0000004a   Code   RO           48    .text.RCC_voidEnablePeripheral  rcc.o
    0x08003ade   0x08003ade   0x00000002   PAD
    0x08003ae0   0x08003ae0   0x0000003e   Code   RO           16    .text.Resume_MyTasks  main.o
    0x08003b1e   0x08003b1e   0x00000002   PAD
    0x08003b20   0x08003b20   0x00000024   Code   RO          761    .text.SVC_Handler   port.o
    0x08003b44   0x08003b44   0x000000e0   Code   RO           18    .text.SYS_INIT      main.o
    0x08003c24   0x08003c24   0x0000003e   Code   RO           14    .text.Suspend_MyTasks  main.o
    0x08003c62   0x08003c62   0x00000002   PAD
    0x08003c64   0x08003c64   0x0000001e   Code   RO          465    .text.SysTick_Handler  cmsis_os2.o
    0x08003c82   0x08003c82   0x00000002   PAD
    0x08003c84   0x08003c84   0x00000012   Code   RO          682    .text.SystemInit    system_stm32f3xx.o
    0x08003c96   0x08003c96   0x00000002   PAD
    0x08003c98   0x08003c98   0x0000002a   Code   RO          145    .text.USART1_IRQHandler  usart.o
    0x08003cc2   0x08003cc2   0x00000002   PAD
    0x08003cc4   0x08003cc4   0x0000002a   Code   RO          147    .text.USART2_IRQHandler  usart.o
    0x08003cee   0x08003cee   0x00000002   PAD
    0x08003cf0   0x08003cf0   0x0000002a   Code   RO          149    .text.USART3_IRQHandler  usart.o
    0x08003d1a   0x08003d1a   0x00000002   PAD
    0x08003d1c   0x08003d1c   0x00000072   Code   RO           10    .text.US_GetDistanceT  main.o
    0x08003d8e   0x08003d8e   0x00000002   PAD
    0x08003d90   0x08003d90   0x00000034   Code   RO          280    .text.US_voidGetICU_Distance  us.o
    0x08003dc4   0x08003dc4   0x0000000a   Code   RO          286    .text.US_voidGetTimeICUStatus  us.o
    0x08003dce   0x08003dce   0x00000002   PAD
    0x08003dd0   0x08003dd0   0x00000008   Code   RO          278    .text.US_voidGetTimeStatus  us.o
    0x08003dd8   0x08003dd8   0x00000062   Code   RO          292    .text.US_voidGetUSSensorDistanceTask  us.o
    0x08003e3a   0x08003e3a   0x00000002   PAD
    0x08003e3c   0x08003e3c   0x0000003a   Code   RO          270    .text.US_voidInit   us.o
    0x08003e76   0x08003e76   0x00000002   PAD
    0x08003e78   0x08003e78   0x0000002c   Code   RO          276    .text.US_voidSetICUTime  us.o
    0x08003ea4   0x08003ea4   0x000000b8   Code   RO          274    .text.US_voidSetTrigger  us.o
    0x08003f5c   0x08003f5c   0x0000000e   Code   RO          290    .text.US_voidUltraSonicStart  us.o
    0x08003f6a   0x08003f6a   0x00000002   PAD
    0x08003f6c   0x08003f6c   0x00000024   Code   RO          444    .text._mutex_acquire  clib_arm.o
    0x08003f90   0x08003f90   0x00000032   Code   RO          450    .text._mutex_free   clib_arm.o
    0x08003fc2   0x08003fc2   0x00000002   PAD
    0x08003fc4   0x08003fc4   0x0000005a   Code   RO          442    .text._mutex_initialize  clib_arm.o
    0x0800401e   0x0800401e   0x00000002   PAD
    0x08004020   0x08004020   0x00000026   Code   RO          448    .text._mutex_release  clib_arm.o
    0x08004046   0x08004046   0x00000002   PAD
    0x08004048   0x08004048   0x00000002   Code   RO          436    .text._platform_post_stackheap_init  clib_arm.o
    0x0800404a   0x0800404a   0x00000002   PAD
    0x0800404c   0x0800404c   0x0000000c   Code   RO          446    .text.is_thread_mode  clib_arm.o
    0x08004058   0x08004058   0x000000b0   Code   RO            2    .text.main          main.o
    0x08004108   0x08004108   0x00000010   Code   RO          440    .text.os_kernel_is_active  clib_arm.o
    0x08004118   0x08004118   0x0000009e   Code   RO          926    .text.prvAddCurrentTaskToDelayedList  tasks.o
    0x080041b6   0x080041b6   0x00000002   PAD
    0x080041b8   0x080041b8   0x000000ac   Code   RO          912    .text.prvAddNewTaskToReadyList  tasks.o
    0x08004264   0x08004264   0x0000006c   Code   RO         1065    .text.prvCheckForValidListAndQueue  timers.o
    0x080042d0   0x080042d0   0x0000004e   Code   RO         1030    .text.prvCheckTasksWaitingTermination  tasks.o
    0x0800431e   0x0800431e   0x00000002   PAD
    0x08004320   0x08004320   0x00000022   Code   RO          867    .text.prvCopyDataFromQueue  queue.o
    0x08004342   0x08004342   0x00000002   PAD
    0x08004344   0x08004344   0x00000072   Code   RO          855    .text.prvCopyDataToQueue  queue.o
    0x080043b6   0x080043b6   0x00000002   PAD
    0x080043b8   0x080043b8   0x00000022   Code   RO          920    .text.prvDeleteTCB  tasks.o
    0x080043da   0x080043da   0x00000002   PAD
    0x080043dc   0x080043dc   0x00000012   Code   RO          871    .text.prvGetDisinheritPriorityAfterTimeout  queue.o
    0x080043ee   0x080043ee   0x00000002   PAD
    0x080043f0   0x080043f0   0x00000020   Code   RO         1105    .text.prvGetNextExpireTime  timers.o
    0x08004410   0x08004410   0x0000006a   Code   RO          793    .text.prvHeapInit   heap_4.o
    0x0800447a   0x0800447a   0x00000002   PAD
    0x0800447c   0x0800447c   0x0000001c   Code   RO          952    .text.prvIdleTask   tasks.o
    0x08004498   0x08004498   0x00000020   Code   RO          835    .text.prvInitialiseMutex  queue.o
    0x080044b8   0x080044b8   0x00000020   Code   RO          829    .text.prvInitialiseNewQueue  queue.o
    0x080044d8   0x080044d8   0x0000008a   Code   RO          910    .text.prvInitialiseNewTask  tasks.o
    0x08004562   0x08004562   0x00000002   PAD
    0x08004564   0x08004564   0x00000070   Code   RO         1028    .text.prvInitialiseTaskLists  tasks.o
    0x080045d4   0x080045d4   0x00000062   Code   RO          795    .text.prvInsertBlockIntoFreeList  heap_4.o
    0x08004636   0x08004636   0x00000002   PAD
    0x08004638   0x08004638   0x00000040   Code   RO         1119    .text.prvInsertTimerInActiveList  timers.o
    0x08004678   0x08004678   0x00000018   Code   RO          869    .text.prvIsQueueEmpty  queue.o
    0x08004690   0x08004690   0x0000001c   Code   RO          857    .text.prvIsQueueFull  queue.o
    0x080046ac   0x080046ac   0x00000028   Code   RO          769    .text.prvPortStartFirstTask  port.o
    0x080046d4   0x080046d4   0x00000040   Code   RO         1113    .text.prvProcessExpiredTimer  timers.o
    0x08004714   0x08004714   0x000000fa   Code   RO         1109    .text.prvProcessReceivedCommands  timers.o
    0x0800480e   0x0800480e   0x00000002   PAD
    0x08004810   0x08004810   0x00000080   Code   RO         1107    .text.prvProcessTimerOrBlockTask  timers.o
    0x08004890   0x08004890   0x0000003a   Code   RO         1117    .text.prvReloadTimer  timers.o
    0x080048ca   0x080048ca   0x00000002   PAD
    0x080048cc   0x080048cc   0x00000026   Code   RO          918    .text.prvResetNextTaskUnblockTime  tasks.o
    0x080048f2   0x080048f2   0x00000002   PAD
    0x080048f4   0x080048f4   0x0000002a   Code   RO         1111    .text.prvSampleTimeNow  timers.o
    0x0800491e   0x0800491e   0x00000002   PAD
    0x08004920   0x08004920   0x00000034   Code   RO         1115    .text.prvSwitchTimerLists  timers.o
    0x08004954   0x08004954   0x00000022   Code   RO          759    .text.prvTaskExitError  port.o
    0x08004976   0x08004976   0x00000002   PAD
    0x08004978   0x08004978   0x0000002e   Code   RO          946    .text.prvTaskIsTaskSuspended  tasks.o
    0x080049a6   0x080049a6   0x00000002   PAD
    0x080049a8   0x080049a8   0x00000016   Code   RO         1067    .text.prvTimerTask  timers.o
    0x080049be   0x080049be   0x00000002   PAD
    0x080049c0   0x080049c0   0x00000074   Code   RO          859    .text.prvUnlockQueue  queue.o
    0x08004a34   0x08004a34   0x000000ea   Code   RO          791    .text.pvPortMalloc  heap_4.o
    0x08004b1e   0x08004b1e   0x00000002   PAD
    0x08004b20   0x08004b20   0x00000018   Code   RO         1012    .text.pvTaskIncrementMutexHeldCount  tasks.o
    0x08004b38   0x08004b38   0x00000028   Code   RO          757    .text.pxPortInitialiseStack  port.o
    0x08004b60   0x08004b60   0x00000028   Code   RO          746    .text.uxListRemove  list.o
    0x08004b88   0x08004b88   0x0000001a   Code   RO          623    .text.vApplicationGetIdleTaskMemory  cmsis_os2.o
    0x08004ba2   0x08004ba2   0x00000002   PAD
    0x08004ba4   0x08004ba4   0x0000001a   Code   RO          625    .text.vApplicationGetTimerTaskMemory  cmsis_os2.o
    0x08004bbe   0x08004bbe   0x00000002   PAD
    0x08004bc0   0x08004bc0   0x00000002   Code   RO          621    .text.vApplicationStackOverflowHook  cmsis_os2.o
    0x08004bc2   0x08004bc2   0x00000002   PAD
    0x08004bc4   0x08004bc4   0x00000016   Code   RO          738    .text.vListInitialise  list.o
    0x08004bda   0x08004bda   0x00000002   PAD
    0x08004bdc   0x08004bdc   0x00000006   Code   RO          740    .text.vListInitialiseItem  list.o
    0x08004be2   0x08004be2   0x00000002   PAD
    0x08004be4   0x08004be4   0x0000003a   Code   RO          744    .text.vListInsert   list.o
    0x08004c1e   0x08004c1e   0x00000002   PAD
    0x08004c20   0x08004c20   0x0000001c   Code   RO          742    .text.vListInsertEnd  list.o
    0x08004c3c   0x08004c3c   0x00000014   Code   RO          767    .text.vPortEnableVFP  port.o
    0x08004c50   0x08004c50   0x00000020   Code   RO          773    .text.vPortEnterCritical  port.o
    0x08004c70   0x08004c70   0x0000001a   Code   RO          775    .text.vPortExitCritical  port.o
    0x08004c8a   0x08004c8a   0x00000002   PAD
    0x08004c8c   0x08004c8c   0x00000056   Code   RO          797    .text.vPortFree     heap_4.o
    0x08004ce2   0x08004ce2   0x00000002   PAD
    0x08004ce4   0x08004ce4   0x00000034   Code   RO          765    .text.vPortSetupTimerInterrupt  port.o
    0x08004d18   0x08004d18   0x0000000e   Code   RO          885    .text.vQueueDelete  queue.o
    0x08004d26   0x08004d26   0x00000002   PAD
    0x08004d28   0x08004d28   0x00000046   Code   RO          897    .text.vQueueWaitForMessageRestricted  queue.o
    0x08004d6e   0x08004d6e   0x00000002   PAD
    0x08004d70   0x08004d70   0x0000002e   Code   RO          930    .text.vTaskDelay    tasks.o
    0x08004d9e   0x08004d9e   0x00000002   PAD
    0x08004da0   0x08004da0   0x0000001a   Code   RO          984    .text.vTaskInternalSetTimeOutState  tasks.o
    0x08004dba   0x08004dba   0x00000002   PAD
    0x08004dbc   0x08004dbc   0x0000000e   Code   RO          988    .text.vTaskMissedYield  tasks.o
    0x08004dca   0x08004dca   0x00000002   PAD
    0x08004dcc   0x08004dcc   0x00000020   Code   RO          972    .text.vTaskPlaceOnEventList  tasks.o
    0x08004dec   0x08004dec   0x0000005a   Code   RO          976    .text.vTaskPlaceOnEventListRestricted  tasks.o
    0x08004e46   0x08004e46   0x00000002   PAD
    0x08004e48   0x08004e48   0x00000080   Code   RO         1008    .text.vTaskPriorityDisinheritAfterTimeout  tasks.o
    0x08004ec8   0x08004ec8   0x00000078   Code   RO          944    .text.vTaskResume   tasks.o
    0x08004f40   0x08004f40   0x00000094   Code   RO          950    .text.vTaskStartScheduler  tasks.o
    0x08004fd4   0x08004fd4   0x000000b0   Code   RO          940    .text.vTaskSuspend  tasks.o
    0x08005084   0x08005084   0x00000010   Code   RO          924    .text.vTaskSuspendAll  tasks.o
    0x08005094   0x08005094   0x000000aa   Code   RO          942    .text.vTaskSwitchContext  tasks.o
    0x0800513e   0x0800513e   0x00000002   PAD
    0x08005140   0x08005140   0x0000004a   Code   RO          763    .text.xPortStartScheduler  port.o
    0x0800518a   0x0800518a   0x00000002   PAD
    0x0800518c   0x0800518c   0x0000002e   Code   RO          779    .text.xPortSysTickHandler  port.o
    0x080051ba   0x080051ba   0x00000002   PAD
    0x080051bc   0x080051bc   0x00000016   Code   RO          833    .text.xQueueCreateMutex  queue.o
    0x080051d2   0x080051d2   0x00000002   PAD
    0x080051d4   0x080051d4   0x00000022   Code   RO          837    .text.xQueueCreateMutexStatic  queue.o
    0x080051f6   0x080051f6   0x00000002   PAD
    0x080051f8   0x080051f8   0x0000004c   Code   RO          831    .text.xQueueGenericCreate  queue.o
    0x08005244   0x08005244   0x0000003a   Code   RO          827    .text.xQueueGenericCreateStatic  queue.o
    0x0800527e   0x0800527e   0x00000002   PAD
    0x08005280   0x08005280   0x00000068   Code   RO          825    .text.xQueueGenericReset  queue.o
    0x080052e8   0x080052e8   0x00000100   Code   RO          845    .text.xQueueGenericSend  queue.o
    0x080053e8   0x080053e8   0x0000010a   Code   RO          865    .text.xQueueReceive  queue.o
    0x080054f2   0x080054f2   0x00000002   PAD
    0x080054f4   0x080054f4   0x00000132   Code   RO          849    .text.xQueueSemaphoreTake  queue.o
    0x08005626   0x08005626   0x00000002   PAD
    0x08005628   0x08005628   0x00000060   Code   RO          986    .text.xTaskCheckForTimeOut  tasks.o
    0x08005688   0x08005688   0x00000064   Code   RO          914    .text.xTaskCreate   tasks.o
    0x080056ec   0x080056ec   0x00000052   Code   RO          908    .text.xTaskCreateStatic  tasks.o
    0x0800573e   0x0800573e   0x00000002   PAD
    0x08005740   0x08005740   0x00000026   Code   RO         1002    .text.xTaskGetSchedulerState  tasks.o
    0x08005766   0x08005766   0x00000002   PAD
    0x08005768   0x08005768   0x0000000c   Code   RO          958    .text.xTaskGetTickCount  tasks.o
    0x08005774   0x08005774   0x00000148   Code   RO          956    .text.xTaskIncrementTick  tasks.o
    0x080058bc   0x080058bc   0x00000070   Code   RO         1006    .text.xTaskPriorityDisinherit  tasks.o
    0x0800592c   0x0800592c   0x000000a6   Code   RO         1004    .text.xTaskPriorityInherit  tasks.o
    0x080059d2   0x080059d2   0x00000002   PAD
    0x080059d4   0x080059d4   0x000000e0   Code   RO          978    .text.xTaskRemoveFromEventList  tasks.o
    0x08005ab4   0x08005ab4   0x00000128   Code   RO          928    .text.xTaskResumeAll  tasks.o
    0x08005bdc   0x08005bdc   0x00000068   Code   RO         1063    .text.xTimerCreateTimerTask  timers.o
    0x08005c44   0x08005c44   0x0000001a   Code   RO         1256    x$fpl$fpinit        fz_wm.l(fpinit.o)
    0x08005c5e   0x08005c5e   0x00000002   PAD
    0x08005c60   0x08005c60   0x0000000c   Data   RO          396    .rodata..L__const.I2C1_Read_byte.loc_u32_I2Cx  i2c.o
    0x08005c6c   0x08005c6c   0x0000000c   Data   RO          395    .rodata..L__const.I2C1_Write_byte.loc_u32_I2Cx  i2c.o
    0x08005c78   0x08005c78   0x0000000c   Data   RO          392    .rodata..L__const.I2C_MASTER_init.loc_u32_I2Cx  i2c.o
    0x08005c84   0x08005c84   0x0000000c   Data   RO          393    .rodata..L__const.I2C_Start.loc_u32_I2Cx  i2c.o
    0x08005c90   0x08005c90   0x0000000c   Data   RO          394    .rodata..L__const.I2C_Stop.loc_u32_I2Cx  i2c.o
    0x08005c9c   0x08005c9c   0x0000000c   Data   RO          391    .rodata..L__const.I2C_init.loc_u32_I2Cx  i2c.o
    0x08005ca8   0x08005ca8   0x0000000c   Data   RO          124    .rodata..L__const.PWM_enu_Init.Timx_BASE  pwm.o
    0x08005cb4   0x08005cb4   0x0000000c   Data   RO          125    .rodata..L__const.PWM_enu_SetDutyCycle.Timx_BASE  pwm.o
    0x08005cc0   0x08005cc0   0x00000019   Data   RO           33    .rodata.str1.1      main.o
    0x08005cd9   0x08005cd9   0x00000003   PAD
    0x08005cdc   0x08005cdc   0x00000004   Data   RO         1033    .rodata.uxTopUsedPriority  tasks.o
    0x08005ce0   0x08005ce0   0x00000020   Data   RO         1331    Region$$Table       anon$$obj.o


    Execution Region ER_RW (Exec base: 0x20000000, Load base: 0x08005d00, Size: 0x0000006c, Max: 0xffffffff, ABSOLUTE)

    Exec Addr    Load Addr    Size         Type   Attr      Idx    E Section Name        Object

    0x20000000   0x08005d00   0x00000001   Data   RW          318    .data.G_Key         ble.o
    0x20000001   0x08005d01   0x00000003   Data   RW           20    .data.Global_u8LogsArr  main.o
    0x20000004   0x08005d04   0x00000003   Data   RW           22    .data.My_Data       main.o
    0x20000007   0x08005d07   0x00000004   Data   RW          122    .data.PA0           pwm.o
    0x2000000b   0x08005d0b   0x00000004   Data   RW          123    .data.PB6           pwm.o
    0x2000000f   0x08005d0f   0x00000004   Data   RW          368    .data.SCL           eeprom.o
    0x20000013   0x08005d13   0x00000004   Data   RW          369    .data.SDA           eeprom.o
    0x20000017   0x08005d17   0x00000001   PAD
    0x20000018   0x08005d18   0x00000004   Data   RW          686    .data.SystemCoreClock  system_stm32f3xx.o
    0x2000001c   0x08005d1c   0x0000000c   Data   RW          186    .data.Timer         icu.o
    0x20000028   0x08005d28   0x0000000a   Data   RW          323    .data.UART          ble.o
    0x20000032   0x08005d32   0x0000000a   Data   RW          324    .data.UART1         ble.o
    0x2000003c   0x08005d3c   0x00000004   Data   RW          320    .data.UART_PIN_RX   ble.o
    0x20000040   0x08005d40   0x00000004   Data   RW          322    .data.UART_PIN_RX1  ble.o
    0x20000044   0x08005d44   0x00000004   Data   RW          319    .data.UART_PIN_TX   ble.o
    0x20000048   0x08005d48   0x00000004   Data   RW          321    .data.UART_PIN_TX1  ble.o
    0x2000004c   0x08005d4c   0x0000000c   Data   RW          151    .data.arr_Bases     usart.o
    0x20000058   0x08005d58   0x00000004   Data   RW          256    .data.input1PinBack  motor.o
    0x2000005c   0x08005d5c   0x00000004   Data   RW          257    .data.input1PinFront  motor.o
    0x20000060   0x08005d60   0x00000004   Data   RW          258    .data.input2PinBack  motor.o
    0x20000064   0x08005d64   0x00000004   Data   RW          259    .data.input2PinFront  motor.o
    0x20000068   0x08005d68   0x00000004   Data   RW          781    .data.uxCriticalNesting  port.o


    Execution Region ER_ZI (Exec base: 0x20000070, Load base: 0x08005d6c, Size: 0x000031a8, Max: 0xffffffff, ABSOLUTE)

    Exec Addr    Load Addr    Size         Type   Attr      Idx    E Section Name        Object

    0x20000070        -       0x00000060   Zero   RW         1196    .bss                c_w.l(libspace.o)
    0x200000d0        -       0x00000004   Zero   RW           24    .bss.Button_StateH  main.o
    0x200000d4        -       0x00000002   Zero   RW           31    .bss.Button_StateT.counter  main.o
    0x200000d6   0x08005d6c   0x00000002   PAD
    0x200000d8        -       0x00000004   Zero   RW           25    .bss.CAN_SendDataH  main.o
    0x200000dc        -       0x0000003c   Zero   RW          202    .bss.Call_Ptr       exti.o
    0x20000118        -       0x00000004   Zero   RW           27    .bss.EEPROM_WriteLogsTH  main.o
    0x2000011c        -       0x00000003   Zero   RW           32    .bss.Global_readEEPROM  main.o
    0x2000011f        -       0x00000003   Zero   RW           30    .bss.Global_u8DataArr  main.o
    0x20000122        -       0x00000001   Zero   RW           21    .bss.Global_u8ManagmentMode  main.o
    0x20000123   0x08005d6c   0x00000001   PAD
    0x20000124        -       0x00000004   Zero   RW          152    .bss.MUSART1_CallBack  usart.o
    0x20000128        -       0x00000004   Zero   RW          153    .bss.MUSART2_CallBack  usart.o
    0x2000012c        -       0x00000004   Zero   RW          154    .bss.MUSART3_CallBack  usart.o
    0x20000130        -       0x00000004   Zero   RW           23    .bss.Motor_SetDirectionH  main.o
    0x20000134        -       0x00000003   Zero   RW           28    .bss.REC_Data       main.o
    0x20000137   0x08005d6c   0x00000001   PAD
    0x20000138        -       0x00000004   Zero   RW           26    .bss.US_GetDistanceH  main.o
    0x2000013c        -       0x00000002   Zero   RW           29    .bss.US_GetDistanceT.Local_Dist  main.o
    0x2000013e        -       0x00000001   Zero   RW          300    .bss.US_voidGetUSSensorDistanceTask.US_TimerICUStatus  us.o
    0x2000013f        -       0x00000001   Zero   RW          299    .bss.US_voidGetUSSensorDistanceTask.US_TimerStatus  us.o
    0x20000140        -       0x00000190   Zero   RW          455    .bss.clib_mutex_cb  clib_arm.o
    0x200002d0        -       0x00000014   Zero   RW          454    .bss.clib_mutex_id  clib_arm.o
    0x200002e4        -       0x00000050   Zero   RW         1129    .bss.prvCheckForValidListAndQueue.ucStaticTimerQueueStorage  timers.o
    0x20000334        -       0x00000050   Zero   RW         1128    .bss.prvCheckForValidListAndQueue.xStaticTimerQueue  timers.o
    0x20000384        -       0x00000004   Zero   RW         1125    .bss.prvSampleTimeNow.xLastTime  timers.o
    0x20000388        -       0x00000004   Zero   RW         1032    .bss.pxCurrentTCB   tasks.o
    0x2000038c        -       0x00000004   Zero   RW         1123    .bss.pxCurrentTimerList  timers.o
    0x20000390        -       0x00000004   Zero   RW         1040    .bss.pxDelayedTaskList  tasks.o
    0x20000394        -       0x00000004   Zero   RW          809    .bss.pxEnd          heap_4.o
    0x20000398        -       0x00000004   Zero   RW         1041    .bss.pxOverflowDelayedTaskList  tasks.o
    0x2000039c        -       0x00000004   Zero   RW         1124    .bss.pxOverflowTimerList  timers.o
    0x200003a0        -       0x00000460   Zero   RW         1043    .bss.pxReadyTasksLists  tasks.o
    0x20000800        -       0x00002000   Zero   RW          815    .bss.ucHeap         heap_4.o
    0x20002800        -       0x00000004   Zero   RW         1037    .bss.uxCurrentNumberOfTasks  tasks.o
    0x20002804        -       0x00000004   Zero   RW         1036    .bss.uxDeletedTasksWaitingCleanUp  tasks.o
    0x20002808        -       0x00000004   Zero   RW         1045    .bss.uxSchedulerSuspended  tasks.o
    0x2000280c        -       0x00000004   Zero   RW         1034    .bss.uxTaskNumber   tasks.o
    0x20002810        -       0x00000004   Zero   RW         1044    .bss.uxTopReadyPriority  tasks.o
    0x20002814        -       0x00000140   Zero   RW          631    .bss.vApplicationGetIdleTaskMemory.Idle_Stack  cmsis_os2.o
    0x20002954        -       0x0000005c   Zero   RW          630    .bss.vApplicationGetIdleTaskMemory.Idle_TCB  cmsis_os2.o
    0x200029b0        -       0x00000140   Zero   RW          633    .bss.vApplicationGetTimerTaskMemory.Timer_Stack  cmsis_os2.o
    0x20002af0        -       0x0000005c   Zero   RW          632    .bss.vApplicationGetTimerTaskMemory.Timer_TCB  cmsis_os2.o
    0x20002b4c        -       0x00000014   Zero   RW         1126    .bss.xActiveTimerList1  timers.o
    0x20002b60        -       0x00000014   Zero   RW         1127    .bss.xActiveTimerList2  timers.o
    0x20002b74        -       0x00000014   Zero   RW         1052    .bss.xDelayedTaskList1  tasks.o
    0x20002b88        -       0x00000014   Zero   RW         1053    .bss.xDelayedTaskList2  tasks.o
    0x20002b9c        -       0x00000004   Zero   RW          810    .bss.xFreeBytesRemaining  heap_4.o
    0x20002ba0        -       0x00000004   Zero   RW         1048    .bss.xIdleTaskHandle  tasks.o
    0x20002ba4        -       0x00000004   Zero   RW          812    .bss.xMinimumEverFreeBytesRemaining  heap_4.o
    0x20002ba8        -       0x00000004   Zero   RW         1049    .bss.xNextTaskUnblockTime  tasks.o
    0x20002bac        -       0x00000004   Zero   RW         1051    .bss.xNumOfOverflows  tasks.o
    0x20002bb0        -       0x00000004   Zero   RW          813    .bss.xNumberOfSuccessfulAllocations  heap_4.o
    0x20002bb4        -       0x00000004   Zero   RW          814    .bss.xNumberOfSuccessfulFrees  heap_4.o
    0x20002bb8        -       0x00000004   Zero   RW         1050    .bss.xPendedTicks   tasks.o
    0x20002bbc        -       0x00000014   Zero   RW         1047    .bss.xPendingReadyList  tasks.o
    0x20002bd0        -       0x00000004   Zero   RW         1038    .bss.xSchedulerRunning  tasks.o
    0x20002bd4        -       0x00000008   Zero   RW          811    .bss.xStart         heap_4.o
    0x20002bdc        -       0x00000014   Zero   RW         1042    .bss.xSuspendedTaskList  tasks.o
    0x20002bf0        -       0x00000014   Zero   RW         1035    .bss.xTasksWaitingTermination  tasks.o
    0x20002c04        -       0x00000004   Zero   RW         1039    .bss.xTickCount     tasks.o
    0x20002c08        -       0x00000004   Zero   RW         1121    .bss.xTimerQueue    timers.o
    0x20002c0c        -       0x00000004   Zero   RW         1122    .bss.xTimerTaskHandle  timers.o
    0x20002c10        -       0x00000004   Zero   RW         1046    .bss.xYieldPending  tasks.o
    0x20002c14   0x08005d6c   0x00000004   PAD
    0x20002c18        -       0x00000200   Zero   RW          673    HEAP                startup_stm32f303xe.o
    0x20002e18        -       0x00000400   Zero   RW          672    STACK               startup_stm32f303xe.o


==============================================================================

Image component sizes


      Code (inc. data)   RO Data    RW Data    ZI Data      Debug   Object Name

       190          0          0         37          0       2926   ble.o
      9000         76          0          0          0      19064   can.o
       244          0          0          0        420       3875   clib_arm.o
        84          0          0          0        824      38703   cmsis_os2.o
       388          0          0          8          0       3418   eeprom.o
         0          0          0          0         60       1554   exti.o
       354          0          0          0          0       1118   exti_irq.o
       528        128          0          0          0       5660   gpio.o
       524          0          0          0       8220       4672   heap_4.o
       316          0         72          0          0       2636   i2c.o
       566          8          0         12          0       3294   icu.o
       154          0          0          0          0       2254   list.o
      1386        198         25          6         34       6821   main.o
       396          0          0         16          0       3348   motor.o
        70          0          0          0          0       3331   nvic.o
       500         16          0          4          0       2940   port.o
       484          4         24          8          0       3490   pwm.o
      1604          0          0          0          0      17493   queue.o
        74          0          0          0          0       1513   rcc.o
        64         26        404          0       1536        896   startup_stm32f303xe.o
        18          0          0          4          0       2272   system_stm32f3xx.o
      3248          8          4          0       1280      27646   tasks.o
       924         18          0          0        220      12438   timers.o
       468          0          0          0          2       5672   us.o
       770          8          0         12         12       3427   usart.o

    ----------------------------------------------------------------------
     22524        490        564        108      12616     180461   Object Totals
         0          0         32          0          0          0   (incl. Generated)
       170          0          3          1          8          0   (incl. Padding)

    ----------------------------------------------------------------------

      Code (inc. data)   RO Data    RW Data    ZI Data      Debug   Library Member Name

         8          0          0          0          0         68   __main.o
         0          0          0          0          0          0   __rtentry.o
        20          0          0          0          0          0   __rtentry2.o
         6          0          0          0          0          0   __rtentry4.o
        52          8          0          0          0          0   __scatter.o
        26          0          0          0          0          0   __scatter_copy.o
        28          0          0          0          0          0   __scatter_zi.o
        16          0          0          0          0         68   aeabi_memset4.o
        18          0          0          0          0         80   exit.o
         6          0          0          0          0        152   heapauxi.o
         0          0          0          0          0          0   indicate_semi.o
         2          0          0          0          0          0   libinit.o
         6          0          0          0          0          0   libinit2.o
         2          0          0          0          0          0   libshutdown.o
         2          0          0          0          0          0   libshutdown2.o
         8          4          0          0         96         68   libspace.o
        68          0          0          0          0         68   rt_memclr.o
        78          0          0          0          0         80   rt_memclr_w.o
       138          0          0          0          0         68   rt_memcpy_v6.o
       100          0          0          0          0         80   rt_memcpy_w.o
         2          0          0          0          0          0   rtexit.o
        10          0          0          0          0          0   rtexit2.o
        12          4          0          0          0         68   sys_exit.o
        74          0          0          0          0         80   sys_stackheap_outer.o
         2          0          0          0          0         68   use_no_semi.o
        26          0          0          0          0        116   fpinit.o

    ----------------------------------------------------------------------
       720         16          0          0         96       1064   Library Totals
        10          0          0          0          0          0   (incl. Padding)

    ----------------------------------------------------------------------

      Code (inc. data)   RO Data    RW Data    ZI Data      Debug   Library Name

       684         16          0          0         96        948   c_w.l
        26          0          0          0          0        116   fz_wm.l

    ----------------------------------------------------------------------
       720         16          0          0         96       1064   Library Totals

    ----------------------------------------------------------------------

==============================================================================


      Code (inc. data)   RO Data    RW Data    ZI Data      Debug   

     23244        506        564        108      12712     180669   Grand Totals
     23244        506        564        108      12712     180669   ELF Image Totals
     23244        506        564        108          0          0   ROM Totals

==============================================================================

    Total RO  Size (Code + RO Data)                23808 (  23.25kB)
    Total RW  Size (RW Data + ZI Data)             12820 (  12.52kB)
    Total ROM Size (Code + RO Data + RW Data)      23916 (  23.36kB)

==============================================================================

