Component: Arm Compiler for Embedded 6.19 Tool: armlink [5e73cb00]

==============================================================================

Section Cross References

    main.o(.text.main) refers to rcc.o(.text.RCC_voidEnablePeripheral) for RCC_voidEnablePeripheral
    main.o(.text.main) refers to nvic.o(.text.NVIC_Init) for NVIC_Init
    main.o(.text.main) refers to motor.o(.text.DCmotor_Init) for DCmotor_Init
    main.o(.text.main) refers to us.o(.text.US_voidInit) for US_voidInit
    main.o(.text.main) refers to ble.o(.text.HBLE_VInit) for HBLE_VInit
    main.o(.text.main) refers to main.o(.bss.Dist) for Dist
    main.o(.text.main) refers to ble.o(.text.HBLE_VGetKey) for HBLE_VGetKey
    main.o(.text.main) refers to motor.o(.text.DCmotor_backMove) for DCmotor_backMove
    main.o(.text.main) refers to motor.o(.text.DCmotor_frontMove) for DCmotor_frontMove
    main.o(.text.main) refers to motor.o(.text.DCmotor_stop) for DCmotor_stop
    main.o(.ARM.exidx.text.main) refers to main.o(.text.main) for [Anonymous Symbol]
    rcc.o(.ARM.exidx.text.RCC_voidInitSYSCLK) refers to rcc.o(.text.RCC_voidInitSYSCLK) for [Anonymous Symbol]
    rcc.o(.ARM.exidx.text.RCC_voidEnablePeripheral) refers to rcc.o(.text.RCC_voidEnablePeripheral) for [Anonymous Symbol]
    rcc.o(.ARM.exidx.text.RCC_voidDisablePeripheral) refers to rcc.o(.text.RCC_voidDisablePeripheral) for [Anonymous Symbol]
    gpio.o(.text.GPIO_init) refers to gpio.o(.rodata.cst32) for .L__const.GPIO_init.LOC_ptr2GPIOx
    gpio.o(.text.GPIO_init) refers to gpio.o(.rodata..L__const.GPIO_init.LOC_pinsConfigurations) for .L__const.GPIO_init.LOC_pinsConfigurations
    gpio.o(.text.GPIO_init) refers to rt_memcpy_v6.o(.text) for __aeabi_memcpy
    gpio.o(.text.GPIO_init) refers to gpio.o(.text.GPIO_configurePin) for GPIO_configurePin
    gpio.o(.ARM.exidx.text.GPIO_init) refers to gpio.o(.text.GPIO_init) for [Anonymous Symbol]
    gpio.o(.text.GPIO_configurePin) refers to gpio.o(.rodata.cst32) for .L__const.GPIO_configurePin.LOC_ptr2GPIOx
    gpio.o(.ARM.exidx.text.GPIO_configurePin) refers to gpio.o(.text.GPIO_configurePin) for [Anonymous Symbol]
    gpio.o(.text.GPIO_writePin) refers to gpio.o(.rodata.cst32) for .L__const.GPIO_writePin.LOC_ptr2GPIOx
    gpio.o(.ARM.exidx.text.GPIO_writePin) refers to gpio.o(.text.GPIO_writePin) for [Anonymous Symbol]
    gpio.o(.text.GPIO_writePort) refers to gpio.o(.rodata.cst32) for .L__const.GPIO_writePort.LOC_ptr2GPIOx
    gpio.o(.ARM.exidx.text.GPIO_writePort) refers to gpio.o(.text.GPIO_writePort) for [Anonymous Symbol]
    gpio.o(.text.GPIO_readPin) refers to gpio.o(.rodata.cst32) for .L__const.GPIO_readPin.LOC_ptr2GPIOx
    gpio.o(.ARM.exidx.text.GPIO_readPin) refers to gpio.o(.text.GPIO_readPin) for [Anonymous Symbol]
    gpio.o(.text.GPIO_readPort) refers to gpio.o(.rodata.cst32) for .L__const.GPIO_readPort.LOC_ptr2GPIOx
    gpio.o(.ARM.exidx.text.GPIO_readPort) refers to gpio.o(.text.GPIO_readPort) for [Anonymous Symbol]
    gpio.o(.text.GPIO_togglePin) refers to gpio.o(.rodata.cst32) for .L__const.GPIO_togglePin.LOC_ptr2GPIOx
    gpio.o(.ARM.exidx.text.GPIO_togglePin) refers to gpio.o(.text.GPIO_togglePin) for [Anonymous Symbol]
    gpio.o(.text.GPIO_setPinFuction) refers to gpio.o(.rodata.cst32) for .L__const.GPIO_setPinFuction.LOC_ptr2GPIOx
    gpio.o(.ARM.exidx.text.GPIO_setPinFuction) refers to gpio.o(.text.GPIO_setPinFuction) for [Anonymous Symbol]
    gpio.o(.text.GPIO_lockPin) refers to gpio.o(.rodata.cst32) for .L__const.GPIO_lockPin.LOC_ptr2GPIOx
    gpio.o(.ARM.exidx.text.GPIO_lockPin) refers to gpio.o(.text.GPIO_lockPin) for [Anonymous Symbol]
    nvic.o(.ARM.exidx.text.NVIC_Init) refers to nvic.o(.text.NVIC_Init) for [Anonymous Symbol]
    nvic.o(.ARM.exidx.text.MNVIC__Venable_irq) refers to nvic.o(.text.MNVIC__Venable_irq) for [Anonymous Symbol]
    nvic.o(.ARM.exidx.text.MNVIC__Vdisable_irq) refers to nvic.o(.text.MNVIC__Vdisable_irq) for [Anonymous Symbol]
    nvic.o(.ARM.exidx.text.MNVIC_EnuEnablePerInterrupt) refers to nvic.o(.text.MNVIC_EnuEnablePerInterrupt) for [Anonymous Symbol]
    nvic.o(.ARM.exidx.text.MNVIC_EnuDisablePerInterrupt) refers to nvic.o(.text.MNVIC_EnuDisablePerInterrupt) for [Anonymous Symbol]
    nvic.o(.ARM.exidx.text.MNVIC_EnuSetPendingFlag) refers to nvic.o(.text.MNVIC_EnuSetPendingFlag) for [Anonymous Symbol]
    nvic.o(.ARM.exidx.text.MNVIC_EnuClearPendingFlag) refers to nvic.o(.text.MNVIC_EnuClearPendingFlag) for [Anonymous Symbol]
    nvic.o(.ARM.exidx.text.MNVIC_EnuActiveFlagStatus) refers to nvic.o(.text.MNVIC_EnuActiveFlagStatus) for [Anonymous Symbol]
    nvic.o(.ARM.exidx.text.MNVIC_EnuSetPriorityGroup) refers to nvic.o(.text.MNVIC_EnuSetPriorityGroup) for [Anonymous Symbol]
    nvic.o(.ARM.exidx.text.MNVIC_VSystemReset) refers to nvic.o(.text.MNVIC_VSystemReset) for [Anonymous Symbol]
    pwm.o(.text.PWM_enu_Init) refers to rcc.o(.text.RCC_voidEnablePeripheral) for RCC_voidEnablePeripheral
    pwm.o(.text.PWM_enu_Init) refers to pwm.o(.data.test) for test
[...]
    Removing tasks.o(.ARM.exidx.text.xTaskGenericNotifyStateClear), (8 bytes).
    Removing tasks.o(.text.ulTaskGenericNotifyValueClear), (82 bytes).
    Removing tasks.o(.ARM.exidx.text.ulTaskGenericNotifyValueClear), (8 bytes).
    Removing tasks.o(.text.prvInitialiseTaskLists), (142 bytes).
    Removing tasks.o(.ARM.exidx.text.prvInitialiseTaskLists), (8 bytes).
    Removing tasks.o(.text.prvCheckTasksWaitingTermination), (90 bytes).
    Removing tasks.o(.ARM.exidx.text.prvCheckTasksWaitingTermination), (8 bytes).
    Removing tasks.o(.rodata.uxTopUsedPriority), (4 bytes).
    Removing tasks.o(.bss.uxTaskNumber), (4 bytes).
    Removing tasks.o(.bss.xTasksWaitingTermination), (20 bytes).
    Removing tasks.o(.bss.uxDeletedTasksWaitingCleanUp), (4 bytes).
    Removing tasks.o(.rodata.str1.1), (5 bytes).
    Removing tasks.o(.bss.xIdleTaskHandle), (4 bytes).
    Removing tasks.o(.bss.xDelayedTaskList1), (20 bytes).
    Removing tasks.o(.bss.xDelayedTaskList2), (20 bytes).
    Removing timers_1.o(.text), (0 bytes).
    Removing timers_1.o(.text.xTimerCreateTimerTask), (120 bytes).
    Removing timers_1.o(.ARM.exidx.text.xTimerCreateTimerTask), (8 bytes).
    Removing timers_1.o(.text.prvCheckForValidListAndQueue), (126 bytes).
    Removing timers_1.o(.ARM.exidx.text.prvCheckForValidListAndQueue), (8 bytes).
    Removing timers_1.o(.text.prvTimerTask), (30 bytes).
    Removing timers_1.o(.ARM.exidx.text.prvTimerTask), (8 bytes).
    Removing timers_1.o(.text.xTimerCreate), (74 bytes).
    Removing timers_1.o(.ARM.exidx.text.xTimerCreate), (8 bytes).
    Removing timers_1.o(.text.prvInitialiseNewTimer), (82 bytes).
    Removing timers_1.o(.ARM.exidx.text.prvInitialiseNewTimer), (8 bytes).
    Removing timers_1.o(.text.xTimerCreateStatic), (74 bytes).
    Removing timers_1.o(.ARM.exidx.text.xTimerCreateStatic), (8 bytes).
    Removing timers_1.o(.text.xTimerGenericCommand), (148 bytes).
    Removing timers_1.o(.ARM.exidx.text.xTimerGenericCommand), (8 bytes).
    Removing timers_1.o(.text.xTimerGetTimerDaemonTaskHandle), (12 bytes).
    Removing timers_1.o(.ARM.exidx.text.xTimerGetTimerDaemonTaskHandle), (8 bytes).
    Removing timers_1.o(.text.xTimerGetPeriod), (16 bytes).
    Removing timers_1.o(.ARM.exidx.text.xTimerGetPeriod), (8 bytes).
    Removing timers_1.o(.text.vTimerSetReloadMode), (62 bytes).
    Removing timers_1.o(.ARM.exidx.text.vTimerSetReloadMode), (8 bytes).
    Removing timers_1.o(.text.xTimerGetReloadMode), (50 bytes).
    Removing timers_1.o(.ARM.exidx.text.xTimerGetReloadMode), (8 bytes).
    Removing timers_1.o(.text.uxTimerGetReloadMode), (16 bytes).
    Removing timers_1.o(.ARM.exidx.text.uxTimerGetReloadMode), (8 bytes).
    Removing timers_1.o(.text.xTimerGetExpiryTime), (20 bytes).
    Removing timers_1.o(.ARM.exidx.text.xTimerGetExpiryTime), (8 bytes).
    Removing timers_1.o(.text.pcTimerGetName), (16 bytes).
    Removing timers_1.o(.ARM.exidx.text.pcTimerGetName), (8 bytes).
    Removing timers_1.o(.text.xTimerIsTimerActive), (48 bytes).
    Removing timers_1.o(.ARM.exidx.text.xTimerIsTimerActive), (8 bytes).
    Removing timers_1.o(.text.pvTimerGetTimerID), (30 bytes).
    Removing timers_1.o(.ARM.exidx.text.pvTimerGetTimerID), (8 bytes).
    Removing timers_1.o(.text.vTimerSetTimerID), (30 bytes).
    Removing timers_1.o(.ARM.exidx.text.vTimerSetTimerID), (8 bytes).
    Removing timers_1.o(.text.xTimerPendFunctionCallFromISR), (58 bytes).
    Removing timers_1.o(.ARM.exidx.text.xTimerPendFunctionCallFromISR), (8 bytes).
    Removing timers_1.o(.text.xTimerPendFunctionCall), (58 bytes).
    Removing timers_1.o(.ARM.exidx.text.xTimerPendFunctionCall), (8 bytes).
    Removing timers_1.o(.text.uxTimerGetTimerNumber), (12 bytes).
    Removing timers_1.o(.ARM.exidx.text.uxTimerGetTimerNumber), (8 bytes).
    Removing timers_1.o(.text.vTimerSetTimerNumber), (16 bytes).
    Removing timers_1.o(.ARM.exidx.text.vTimerSetTimerNumber), (8 bytes).
    Removing timers_1.o(.text.prvGetNextExpireTime), (64 bytes).
    Removing timers_1.o(.ARM.exidx.text.prvGetNextExpireTime), (8 bytes).
    Removing timers_1.o(.text.prvProcessTimerOrBlockTask), (154 bytes).
    Removing timers_1.o(.ARM.exidx.text.prvProcessTimerOrBlockTask), (8 bytes).
    Removing timers_1.o(.text.prvProcessReceivedCommands), (324 bytes).
    Removing timers_1.o(.ARM.exidx.text.prvProcessReceivedCommands), (8 bytes).
    Removing timers_1.o(.text.prvSampleTimeNow), (68 bytes).
    Removing timers_1.o(.ARM.exidx.text.prvSampleTimeNow), (8 bytes).
    Removing timers_1.o(.text.prvProcessExpiredTimer), (84 bytes).
    Removing timers_1.o(.ARM.exidx.text.prvProcessExpiredTimer), (8 bytes).
    Removing timers_1.o(.text.prvSwitchTimerLists), (82 bytes).
    Removing timers_1.o(.ARM.exidx.text.prvSwitchTimerLists), (8 bytes).
    Removing timers_1.o(.text.prvReloadTimer), (52 bytes).
    Removing timers_1.o(.ARM.exidx.text.prvReloadTimer), (8 bytes).
    Removing timers_1.o(.text.prvInsertTimerInActiveList), (134 bytes).
    Removing timers_1.o(.ARM.exidx.text.prvInsertTimerInActiveList), (8 bytes).
    Removing timers_1.o(.bss.xTimerQueue), (4 bytes).
    Removing timers_1.o(.rodata.str1.1), (8 bytes).
    Removing timers_1.o(.bss.xTimerTaskHandle), (4 bytes).
    Removing timers_1.o(.bss.pxCurrentTimerList), (4 bytes).
    Removing timers_1.o(.bss.pxOverflowTimerList), (4 bytes).
    Removing timers_1.o(.bss.prvSampleTimeNow.xLastTime), (4 bytes).
    Removing timers_1.o(.bss.xActiveTimerList1), (20 bytes).
    Removing timers_1.o(.bss.xActiveTimerList2), (20 bytes).
    Removing timers_1.o(.bss.prvCheckForValidListAndQueue.xStaticTimerQueue), (80 bytes).
    Removing timers_1.o(.bss.prvCheckForValidListAndQueue.ucStaticTimerQueueStorage), (80 bytes).

665 unused section(s) (total 31504 bytes) removed from the image.

==============================================================================

Image Symbol Table

    Local Symbols

    Symbol Name                              Value     Ov Type        Size  Object(Section)

    ../clib/angel/boardlib.s                 0x00000000   Number         0  boardinit1.o ABSOLUTE
    ../clib/angel/boardlib.s                 0x00000000   Number         0  boardinit3.o ABSOLUTE
    ../clib/angel/boardlib.s                 0x00000000   Number         0  boardshut.o ABSOLUTE
    ../clib/angel/handlers.s                 0x00000000   Number         0  __scatter_copy.o ABSOLUTE
    ../clib/angel/handlers.s                 0x00000000   Number         0  __scatter_zi.o ABSOLUTE
    ../clib/angel/kernel.s                   0x00000000   Number         0  __rtentry.o ABSOLUTE
    ../clib/angel/kernel.s                   0x00000000   Number         0  __rtentry2.o ABSOLUTE
    ../clib/angel/kernel.s                   0x00000000   Number         0  __rtentry4.o ABSOLUTE
    ../clib/angel/kernel.s                   0x00000000   Number         0  rtexit.o ABSOLUTE
    ../clib/angel/kernel.s                   0x00000000   Number         0  rtexit2.o ABSOLUTE
    ../clib/angel/rt.s                       0x00000000   Number         0  rt_raise.o ABSOLUTE
    ../clib/angel/scatter.s                  0x00000000   Number         0  __scatter.o ABSOLUTE
    ../clib/angel/startup.s                  0x00000000   Number         0  __main.o ABSOLUTE
    ../clib/angel/sys.s                      0x00000000   Number         0  sys_stackheap_outer.o ABSOLUTE
    ../clib/angel/sys.s                      0x00000000   Number         0  libspace.o ABSOLUTE
    ../clib/angel/sys.s                      0x00000000   Number         0  use_no_semi.o ABSOLUTE
    ../clib/angel/sys.s                      0x00000000   Number         0  indicate_semi.o ABSOLUTE
    ../clib/angel/sysapp.c                   0x00000000   Number         0  sys_exit.o ABSOLUTE
    ../clib/angel/sysapp.c                   0x00000000   Number         0  sys_exit_hlt.o ABSOLUTE
    ../clib/angel/sysapp.c                   0x00000000   Number         0  sys_command.o ABSOLUTE
    ../clib/angel/sysapp.c                   0x00000000   Number         0  sys_command_hlt.o ABSOLUTE
    ../clib/angel/sysapp.c                   0x00000000   Number         0  sys_wrch.o ABSOLUTE
    ../clib/angel/sysapp.c                   0x00000000   Number         0  sys_wrch_hlt.o ABSOLUTE
    ../clib/armsys.c                         0x00000000   Number         0  argv_veneer.o ABSOLUTE
    ../clib/armsys.c                         0x00000000   Number         0  argv_veneer.o ABSOLUTE
    ../clib/armsys.c                         0x00000000   Number         0  _get_argv_nomalloc.o ABSOLUTE
    ../clib/armsys.c                         0x00000000   Number         0  no_argv.o ABSOLUTE
    ../clib/heapalloc.c                      0x00000000   Number         0  hrguard.o ABSOLUTE
    ../clib/heapaux.c                        0x00000000   Number         0  heapauxi.o ABSOLUTE
    ../clib/libinit.s                        0x00000000   Number         0  libinit.o ABSOLUTE
    ../clib/libinit.s                        0x00000000   Number         0  libinit2.o ABSOLUTE
    ../clib/libinit.s                        0x00000000   Number         0  libshutdown.o ABSOLUTE
    ../clib/libinit.s                        0x00000000   Number         0  libshutdown2.o ABSOLUTE
    ../clib/memcpset.s                       0x00000000   Number         0  rt_memcpy_v6.o ABSOLUTE
    ../clib/memcpset.s                       0x00000000   Number         0  aeabi_memset4.o ABSOLUTE
    ../clib/memcpset.s                       0x00000000   Number         0  rt_memclr.o ABSOLUTE
    ../clib/memcpset.s                       0x00000000   Number         0  rt_memcpy_w.o ABSOLUTE
    ../clib/memcpset.s                       0x00000000   Number         0  rt_memclr_w.o ABSOLUTE
    ../clib/signal.c                         0x00000000   Number         0  defsig_rtmem_outer.o ABSOLUTE
    ../clib/signal.c                         0x00000000   Number         0  defsig_rtmem_formal.o ABSOLUTE
    ../clib/signal.c                         0x00000000   Number         0  defsig_exit.o ABSOLUTE
    ../clib/signal.c                         0x00000000   Number         0  defsig_rtmem_inner.o ABSOLUTE
    ../clib/signal.c                         0x00000000   Number         0  __raise.o ABSOLUTE
    ../clib/signal.c                         0x00000000   Number         0  defsig_general.o ABSOLUTE
    ../clib/signal.c                         0x00000000   Number         0  defsig_abrt_inner.o ABSOLUTE
    ../clib/signal.c                         0x00000000   Number         0  defsig_fpe_inner.o ABSOLUTE
    ../clib/signal.c                         0x00000000   Number         0  defsig_rtred_inner.o ABSOLUTE
    ../clib/signal.c                         0x00000000   Number         0  defsig_stak_inner.o ABSOLUTE
    ../clib/signal.c                         0x00000000   Number         0  defsig_pvfn_inner.o ABSOLUTE
    ../clib/signal.c                         0x00000000   Number         0  defsig_cppl_inner.o ABSOLUTE
    ../clib/signal.c                         0x00000000   Number         0  defsig_segv_inner.o ABSOLUTE
    ../clib/signal.c                         0x00000000   Number         0  defsig_other.o ABSOLUTE
    ../clib/signal.s                         0x00000000   Number         0  defsig.o ABSOLUTE
    ../clib/stdlib.c                         0x00000000   Number         0  exit.o ABSOLUTE
    ../fplib/fpinit.s                        0x00000000   Number         0  fpinit.o ABSOLUTE
    BLE.c                                    0x00000000   Number         0  ble.o ABSOLUTE
    EXTI.c                                   0x00000000   Number         0  exti.o ABSOLUTE
    EXTI_IRQ.c                               0x00000000   Number         0  exti_irq.o ABSOLUTE
    ICU.c                                    0x00000000   Number         0  icu.o ABSOLUTE
    NVIC.c                                   0x00000000   Number         0  nvic.o ABSOLUTE
    PWM.c                                    0x00000000   Number         0  pwm.o ABSOLUTE
    RCC.c                                    0x00000000   Number         0  rcc.o ABSOLUTE
    RTE/Device/STM32F303RETx/startup_stm32f303xe.s 0x00000000   Number         0  startup_stm32f303xe.o ABSOLUTE
    US.c                                     0x00000000   Number         0  us.o ABSOLUTE
    USART.c                                  0x00000000   Number         0  usart.o ABSOLUTE
    clib_arm.c                               0x00000000   Number         0  clib_arm.o ABSOLUTE
    cmsis_os2.c                              0x00000000   Number         0  cmsis_os2.o ABSOLUTE
    dc.s                                     0x00000000   Number         0  dc.o ABSOLUTE
    event_groups.c                           0x00000000   Number         0  event_groups.o ABSOLUTE
    freertos_evr.c                           0x00000000   Number         0  freertos_evr.o ABSOLUTE
    gpio.c                                   0x00000000   Number         0  gpio.o ABSOLUTE
    heap_4.c                                 0x00000000   Number         0  heap_4.o ABSOLUTE
    list.c                                   0x00000000   Number         0  list.o ABSOLUTE
    main.c                                   0x00000000   Number         0  main.o ABSOLUTE
    motor.c                                  0x00000000   Number         0  motor.o ABSOLUTE
    os_systick.c                             0x00000000   Number         0  os_systick.o ABSOLUTE
    port.c                                   0x00000000   Number         0  port.o ABSOLUTE
    queue.c                                  0x00000000   Number         0  queue.o ABSOLUTE
    system_stm32f3xx.c                       0x00000000   Number         0  system_stm32f3xx.o ABSOLUTE
    tasks.c                                  0x00000000   Number         0  tasks.o ABSOLUTE
    timers.c                                 0x00000000   Number         0  timers_1.o ABSOLUTE
    RESET                                    0x08000000   Section      404  startup_stm32f303xe.o(RESET)
    !!!main                                  0x08000194   Section        8  __main.o(!!!main)
    !!!scatter                               0x0800019c   Section       52  __scatter.o(!!!scatter)
    !!handler_copy                           0x080001d0   Section       26  __scatter_copy.o(!!handler_copy)
    !!handler_zi                             0x080001ec   Section       28  __scatter_zi.o(!!handler_zi)
    .ARM.Collect$$libinit$$00000000          0x08000208   Section        2  libinit.o(.ARM.Collect$$libinit$$00000000)
    .ARM.Collect$$libinit$$00000001          0x0800020a   Section        4  libinit2.o(.ARM.Collect$$libinit$$00000001)
    .ARM.Collect$$libinit$$00000004          0x0800020e   Section        0  libinit2.o(.ARM.Collect$$libinit$$00000004)
    .ARM.Collect$$libinit$$00000006          0x0800020e   Section        0  libinit2.o(.ARM.Collect$$libinit$$00000006)
    .ARM.Collect$$libinit$$0000000C          0x0800020e   Section        0  libinit2.o(.ARM.Collect$$libinit$$0000000C)
    .ARM.Collect$$libinit$$0000000E          0x0800020e   Section        0  libinit2.o(.ARM.Collect$$libinit$$0000000E)
    .ARM.Collect$$libinit$$00000010          0x0800020e   Section        0  libinit2.o(.ARM.Collect$$libinit$$00000010)
    .ARM.Collect$$libinit$$00000013          0x0800020e   Section        0  libinit2.o(.ARM.Collect$$libinit$$00000013)
    .ARM.Collect$$libinit$$00000015          0x0800020e   Section        0  libinit2.o(.ARM.Collect$$libinit$$00000015)
    .ARM.Collect$$libinit$$00000017          0x0800020e   Section        0  libinit2.o(.ARM.Collect$$libinit$$00000017)
    .ARM.Collect$$libinit$$00000019          0x0800020e   Section        0  libinit2.o(.ARM.Collect$$libinit$$00000019)
    .ARM.Collect$$libinit$$0000001B          0x0800020e   Section        0  libinit2.o(.ARM.Collect$$libinit$$0000001B)
    .ARM.Collect$$libinit$$0000001D          0x0800020e   Section        0  libinit2.o(.ARM.Collect$$libinit$$0000001D)
    .ARM.Collect$$libinit$$0000001F          0x0800020e   Section        0  libinit2.o(.ARM.Collect$$libinit$$0000001F)
    .ARM.Collect$$libinit$$00000021          0x0800020e   Section        0  libinit2.o(.ARM.Collect$$libinit$$00000021)
    .ARM.Collect$$libinit$$00000023          0x0800020e   Section        0  libinit2.o(.ARM.Collect$$libinit$$00000023)
    .ARM.Collect$$libinit$$00000025          0x0800020e   Section        0  libinit2.o(.ARM.Collect$$libinit$$00000025)
    .ARM.Collect$$libinit$$00000027          0x0800020e   Section        0  libinit2.o(.ARM.Collect$$libinit$$00000027)
    .ARM.Collect$$libinit$$0000002E          0x0800020e   Section        0  libinit2.o(.ARM.Collect$$libinit$$0000002E)
    .ARM.Collect$$libinit$$00000030          0x0800020e   Section        0  libinit2.o(.ARM.Collect$$libinit$$00000030)
    .ARM.Collect$$libinit$$00000032          0x0800020e   Section        0  libinit2.o(.ARM.Collect$$libinit$$00000032)
    .ARM.Collect$$libinit$$00000034          0x0800020e   Section        0  libinit2.o(.ARM.Collect$$libinit$$00000034)
    .ARM.Collect$$libinit$$00000035          0x0800020e   Section        2  libinit2.o(.ARM.Collect$$libinit$$00000035)
    .ARM.Collect$$libshutdown$$00000000      0x08000210   Section        2  libshutdown.o(.ARM.Collect$$libshutdown$$00000000)
    .ARM.Collect$$libshutdown$$00000002      0x08000212   Section        0  libshutdown2.o(.ARM.Collect$$libshutdown$$00000002)
    .ARM.Collect$$libshutdown$$00000004      0x08000212   Section        0  libshutdown2.o(.ARM.Collect$$libshutdown$$00000004)
    .ARM.Collect$$libshutdown$$00000007      0x08000212   Section        0  libshutdown2.o(.ARM.Collect$$libshutdown$$00000007)
    .ARM.Collect$$libshutdown$$0000000A      0x08000212   Section        0  libshutdown2.o(.ARM.Collect$$libshutdown$$0000000A)
    .ARM.Collect$$libshutdown$$0000000C      0x08000212   Section        0  libshutdown2.o(.ARM.Collect$$libshutdown$$0000000C)
    .ARM.Collect$$libshutdown$$0000000F      0x08000212   Section        0  libshutdown2.o(.ARM.Collect$$libshutdown$$0000000F)
    .ARM.Collect$$libshutdown$$00000010      0x08000212   Section        2  libshutdown2.o(.ARM.Collect$$libshutdown$$00000010)
    .ARM.Collect$$rtentry$$00000000          0x08000214   Section        0  __rtentry.o(.ARM.Collect$$rtentry$$00000000)
    .ARM.Collect$$rtentry$$00000002          0x08000214   Section        0  __rtentry2.o(.ARM.Collect$$rtentry$$00000002)
    .ARM.Collect$$rtentry$$00000004          0x08000214   Section        6  __rtentry4.o(.ARM.Collect$$rtentry$$00000004)
    .ARM.Collect$$rtentry$$00000008          0x0800021a   Section        8  __rtentry2.o(.ARM.Collect$$rtentry$$00000008)
    .ARM.Collect$$rtentry$$0000000A          0x08000222   Section        4  __rtentry2.o(.ARM.Collect$$rtentry$$0000000A)
    .ARM.Collect$$rtentry$$0000000C          0x08000226   Section        0  __rtentry2.o(.ARM.Collect$$rtentry$$0000000C)
    .ARM.Collect$$rtentry$$0000000D          0x08000226   Section        8  __rtentry2.o(.ARM.Collect$$rtentry$$0000000D)
    .ARM.Collect$$rtexit$$00000000           0x0800022e   Section        2  rtexit.o(.ARM.Collect$$rtexit$$00000000)
    .ARM.Collect$$rtexit$$00000002           0x08000230   Section        0  rtexit2.o(.ARM.Collect$$rtexit$$00000002)
    .ARM.Collect$$rtexit$$00000003           0x08000230   Section        4  rtexit2.o(.ARM.Collect$$rtexit$$00000003)
    .ARM.Collect$$rtexit$$00000004           0x08000234   Section        6  rtexit2.o(.ARM.Collect$$rtexit$$00000004)
    $v0                                      0x0800023c   Number         0  startup_stm32f303xe.o(.text)
    .text                                    0x0800023c   Section       64  startup_stm32f303xe.o(.text)
    .text                                    0x0800027c   Section      138  rt_memcpy_v6.o(.text)
    .text                                    0x08000306   Section        0  heapauxi.o(.text)
    .text                                    0x0800030c   Section      100  rt_memcpy_w.o(.text)
    .text                                    0x08000370   Section       74  sys_stackheap_outer.o(.text)
    .text                                    0x080003ba   Section        0  exit.o(.text)
    .text                                    0x080003cc   Section        8  libspace.o(.text)
    .text                                    0x080003d4   Section        0  sys_exit.o(.text)
    .text                                    0x080003e0   Section        2  use_no_semi.o(.text)
    .text                                    0x080003e2   Section        0  indicate_semi.o(.text)
    [Anonymous Symbol]                       0x080003e4   Section        0  motor.o(.text.DCmotor_Init)
    [Anonymous Symbol]                       0x08000450   Section        0  motor.o(.text.DCmotor_backMove)
    [Anonymous Symbol]                       0x08000498   Section        0  motor.o(.text.DCmotor_frontMove)
    [Anonymous Symbol]                       0x080004e0   Section        0  motor.o(.text.DCmotor_stop)
    [Anonymous Symbol]                       0x08000520   Section        0  exti_irq.o(.text.EXTI0_IRQHandler)
    [Anonymous Symbol]                       0x08000530   Section        0  exti_irq.o(.text.EXTI15_10_IRQHandler)
    [Anonymous Symbol]                       0x08000660   Section        0  exti_irq.o(.text.EXTI1_IRQHandler)
    [Anonymous Symbol]                       0x08000670   Section        0  exti_irq.o(.text.EXTI2_TSC_IRQHandler)
    [Anonymous Symbol]                       0x08000680   Section        0  exti_irq.o(.text.EXTI3_IRQHandler)
    [Anonymous Symbol]                       0x08000690   Section        0  exti_irq.o(.text.EXTI4_IRQHandler)
    [Anonymous Symbol]                       0x080006a0   Section        0  exti_irq.o(.text.EXTI9_5_IRQHandler)
    [Anonymous Symbol]                       0x080007a0   Section        0  gpio.o(.text.GPIO_configurePin)
    [Anonymous Symbol]                       0x08000964   Section        0  gpio.o(.text.GPIO_setPinFuction)
    [Anonymous Symbol]                       0x08000a5c   Section        0  gpio.o(.text.GPIO_writePin)
    HBLE_VGetChar                            0x08000b1d   Thumb Code    20  ble.o(.text.HBLE_VGetChar)
    [Anonymous Symbol]                       0x08000b1c   Section        0  ble.o(.text.HBLE_VGetChar)
    [Anonymous Symbol]                       0x08000b30   Section        0  ble.o(.text.HBLE_VGetKey)
    [Anonymous Symbol]                       0x08000c18   Section        0  ble.o(.text.HBLE_VInit)
    [Anonymous Symbol]                       0x08000c70   Section        0  icu.o(.text.ICU_voidInitTimer)
    [Anonymous Symbol]                       0x08000da0   Section        0  icu.o(.text.ICU_voidSetSensingEdge)
    [Anonymous Symbol]                       0x08000e94   Section        0  nvic.o(.text.MNVIC_EnuEnablePerInterrupt)
    [Anonymous Symbol]                       0x08000f04   Section        0  usart.o(.text.MUSART1_VidSetCallBack)
    [Anonymous Symbol]                       0x08000f20   Section        0  usart.o(.text.MUSART_voidInit)
    [Anonymous Symbol]                       0x080011dc   Section        0  nvic.o(.text.NVIC_Init)
    [Anonymous Symbol]                       0x080011f0   Section        0  pwm.o(.text.PWM_enu_Init)
    [Anonymous Symbol]                       0x08001588   Section        0  pwm.o(.text.PWM_enu_SetDutyCycle)
    [Anonymous Symbol]                       0x08001690   Section        0  port.o(.text.PendSV_Handler)
    pxCurrentTCBConst                        0x080016f0   Number         0  port.o(.text.PendSV_Handler)
    [Anonymous Symbol]                       0x080016f4   Section        0  rcc.o(.text.RCC_voidEnablePeripheral)
    [Anonymous Symbol]                       0x08001770   Section        0  port.o(.text.SVC_Handler)
    pxCurrentTCBConst2                       0x08001790   Number         0  port.o(.text.SVC_Handler)
    [Anonymous Symbol]                       0x08001794   Section        0  cmsis_os2.o(.text.SysTick_Handler)
    [Anonymous Symbol]                       0x080017b4   Section        0  system_stm32f3xx.o(.text.SystemInit)
    [Anonymous Symbol]                       0x080017c8   Section        0  usart.o(.text.USART1_IRQHandler)
    [Anonymous Symbol]                       0x08001804   Section        0  us.o(.text.US_voidInit)
    __tagsym$$used.1                         0x0800185c   Number         0  clib_arm.o(.text._mutex_acquire)
    [Anonymous Symbol]                       0x0800185c   Section        0  clib_arm.o(.text._mutex_acquire)
    __tagsym$$used.3                         0x08001884   Number         0  clib_arm.o(.text._mutex_free)
    [Anonymous Symbol]                       0x08001884   Section        0  clib_arm.o(.text._mutex_free)
    __tagsym$$used.0                         0x080018d8   Number         0  clib_arm.o(.text._mutex_initialize)
    [Anonymous Symbol]                       0x080018d8   Section        0  clib_arm.o(.text._mutex_initialize)
    __tagsym$$used.2                         0x08001980   Number         0  clib_arm.o(.text._mutex_release)
    [Anonymous Symbol]                       0x08001980   Section        0  clib_arm.o(.text._mutex_release)
    [Anonymous Symbol]                       0x080019ac   Section        0  clib_arm.o(.text._platform_post_stackheap_init)
    is_thread_mode                           0x080019b1   Thumb Code    32  clib_arm.o(.text.is_thread_mode)
    [Anonymous Symbol]                       0x080019b0   Section        0  clib_arm.o(.text.is_thread_mode)
    [Anonymous Symbol]                       0x080019d0   Section        0  main.o(.text.main)
    os_kernel_is_active                      0x08001a59   Thumb Code    32  clib_arm.o(.text.os_kernel_is_active)
    [Anonymous Symbol]                       0x08001a58   Section        0  clib_arm.o(.text.os_kernel_is_active)
    prvAddCurrentTaskToDelayedList           0x08001a79   Thumb Code   250  tasks.o(.text.prvAddCurrentTaskToDelayedList)
    [Anonymous Symbol]                       0x08001a78   Section        0  tasks.o(.text.prvAddCurrentTaskToDelayedList)
    prvCopyDataToQueue                       0x08001b75   Thumb Code   204  queue.o(.text.prvCopyDataToQueue)
    [Anonymous Symbol]                       0x08001b74   Section        0  queue.o(.text.prvCopyDataToQueue)
    prvGetDisinheritPriorityAfterTimeout     0x08001c41   Thumb Code    38  queue.o(.text.prvGetDisinheritPriorityAfterTimeout)
    [Anonymous Symbol]                       0x08001c40   Section        0  queue.o(.text.prvGetDisinheritPriorityAfterTimeout)
    prvHeapInit                              0x08001c69   Thumb Code   174  heap_4.o(.text.prvHeapInit)
    [Anonymous Symbol]                       0x08001c68   Section        0  heap_4.o(.text.prvHeapInit)
    prvInitialiseMutex                       0x08001d19   Thumb Code    44  queue.o(.text.prvInitialiseMutex)
    [Anonymous Symbol]                       0x08001d18   Section        0  queue.o(.text.prvInitialiseMutex)
    prvInitialiseNewQueue                    0x08001d45   Thumb Code    72  queue.o(.text.prvInitialiseNewQueue)
    [Anonymous Symbol]                       0x08001d44   Section        0  queue.o(.text.prvInitialiseNewQueue)
    prvInsertBlockIntoFreeList               0x08001d8d   Thumb Code   198  heap_4.o(.text.prvInsertBlockIntoFreeList)
    [Anonymous Symbol]                       0x08001d8c   Section        0  heap_4.o(.text.prvInsertBlockIntoFreeList)
    prvIsQueueEmpty                          0x08001e55   Thumb Code    40  queue.o(.text.prvIsQueueEmpty)
    [Anonymous Symbol]                       0x08001e54   Section        0  queue.o(.text.prvIsQueueEmpty)
    prvIsQueueFull                           0x08001e7d   Thumb Code    46  queue.o(.text.prvIsQueueFull)
    [Anonymous Symbol]                       0x08001e7c   Section        0  queue.o(.text.prvIsQueueFull)
    prvResetNextTaskUnblockTime              0x08001ead   Thumb Code    60  tasks.o(.text.prvResetNextTaskUnblockTime)
    [Anonymous Symbol]                       0x08001eac   Section        0  tasks.o(.text.prvResetNextTaskUnblockTime)
    prvUnlockQueue                           0x08001ee9   Thumb Code   174  queue.o(.text.prvUnlockQueue)
    [Anonymous Symbol]                       0x08001ee8   Section        0  queue.o(.text.prvUnlockQueue)
    [Anonymous Symbol]                       0x08001f98   Section        0  heap_4.o(.text.pvPortMalloc)
    [Anonymous Symbol]                       0x08002120   Section        0  tasks.o(.text.pvTaskIncrementMutexHeldCount)
    [Anonymous Symbol]                       0x0800214c   Section        0  list.o(.text.uxListRemove)
    [Anonymous Symbol]                       0x08002194   Section        0  cmsis_os2.o(.text.vApplicationStackOverflowHook)
    [Anonymous Symbol]                       0x080021a0   Section        0  list.o(.text.vListInitialise)
    [Anonymous Symbol]                       0x080021d0   Section        0  list.o(.text.vListInsert)
    [Anonymous Symbol]                       0x0800223c   Section        0  port.o(.text.vPortEnterCritical)
    [Anonymous Symbol]                       0x0800226c   Section        0  port.o(.text.vPortExitCritical)
    [Anonymous Symbol]                       0x08002294   Section        0  heap_4.o(.text.vPortFree)
    [Anonymous Symbol]                       0x0800230c   Section        0  queue.o(.text.vQueueDelete)
    [Anonymous Symbol]                       0x08002330   Section        0  tasks.o(.text.vTaskInternalSetTimeOutState)
    [Anonymous Symbol]                       0x08002354   Section        0  tasks.o(.text.vTaskMissedYield)
    [Anonymous Symbol]                       0x08002364   Section        0  tasks.o(.text.vTaskPlaceOnEventList)
    [Anonymous Symbol]                       0x0800238c   Section        0  tasks.o(.text.vTaskPriorityDisinheritAfterTimeout)
    [Anonymous Symbol]                       0x080024b8   Section        0  tasks.o(.text.vTaskSuspendAll)
    __tagsym$$used.0                         0x080024c8   Number         0  tasks.o(.text.vTaskSwitchContext)
    [Anonymous Symbol]                       0x080024c8   Section        0  tasks.o(.text.vTaskSwitchContext)
    [Anonymous Symbol]                       0x080025cc   Section        0  port.o(.text.xPortSysTickHandler)
    [Anonymous Symbol]                       0x08002608   Section        0  queue.o(.text.xQueueCreateMutex)
    [Anonymous Symbol]                       0x08002630   Section        0  queue.o(.text.xQueueCreateMutexStatic)
    [Anonymous Symbol]                       0x08002664   Section        0  queue.o(.text.xQueueGenericCreate)
    [Anonymous Symbol]                       0x080026ec   Section        0  queue.o(.text.xQueueGenericCreateStatic)
    [Anonymous Symbol]                       0x08002758   Section        0  queue.o(.text.xQueueGenericReset)
    [Anonymous Symbol]                       0x08002814   Section        0  queue.o(.text.xQueueGenericSend)
    [Anonymous Symbol]                       0x08002954   Section        0  queue.o(.text.xQueueSemaphoreTake)
    [Anonymous Symbol]                       0x08002adc   Section        0  tasks.o(.text.xTaskCheckForTimeOut)
    [Anonymous Symbol]                       0x08002b78   Section        0  tasks.o(.text.xTaskGetSchedulerState)
    [Anonymous Symbol]                       0x08002bb0   Section        0  tasks.o(.text.xTaskIncrementTick)
    [Anonymous Symbol]                       0x08002d98   Section        0  tasks.o(.text.xTaskPriorityDisinherit)
    [Anonymous Symbol]                       0x08002e80   Section        0  tasks.o(.text.xTaskPriorityInherit)
    [Anonymous Symbol]                       0x08002fd0   Section        0  tasks.o(.text.xTaskRemoveFromEventList)
    [Anonymous Symbol]                       0x0800314c   Section        0  tasks.o(.text.xTaskResumeAll)
    $v0                                      0x0800333c   Number         0  fpinit.o(x$fpl$fpinit)
    x$fpl$fpinit                             0x0800333c   Section       26  fpinit.o(x$fpl$fpinit)
    .L__const.GPIO_init.LOC_ptr2GPIOx        0x08003358   Data          32  gpio.o(.rodata.cst32)
    .L__const.GPIO_configurePin.LOC_ptr2GPIOx 0x08003378   Data          32  gpio.o(.rodata.cst32)
    .L__const.GPIO_writePin.LOC_ptr2GPIOx    0x08003398   Data          32  gpio.o(.rodata.cst32)
    .L__const.GPIO_writePort.LOC_ptr2GPIOx   0x080033b8   Data          32  gpio.o(.rodata.cst32)
    .L__const.GPIO_readPin.LOC_ptr2GPIOx     0x080033d8   Data          32  gpio.o(.rodata.cst32)
    .L__const.GPIO_readPort.LOC_ptr2GPIOx    0x080033f8   Data          32  gpio.o(.rodata.cst32)
    .L__const.GPIO_togglePin.LOC_ptr2GPIOx   0x08003418   Data          32  gpio.o(.rodata.cst32)
    .L__const.GPIO_setPinFuction.LOC_ptr2GPIOx 0x08003438   Data          32  gpio.o(.rodata.cst32)
    .L__const.GPIO_lockPin.LOC_ptr2GPIOx     0x08003458   Data          32  gpio.o(.rodata.cst32)
    uxCriticalNesting                        0x20000038   Data           4  port.o(.data.uxCriticalNesting)
    [Anonymous Symbol]                       0x20000038   Section        0  port.o(.data.uxCriticalNesting)
    .bss                                     0x20000040   Section       96  libspace.o(.bss)
    clib_mutex_cb                            0x200000e4   Data         400  clib_arm.o(.bss.clib_mutex_cb)
    [Anonymous Symbol]                       0x200000e4   Section        0  clib_arm.o(.bss.clib_mutex_cb)
    clib_mutex_id                            0x20000274   Data          20  clib_arm.o(.bss.clib_mutex_id)
    [Anonymous Symbol]                       0x20000274   Section        0  clib_arm.o(.bss.clib_mutex_id)
    __tagsym$$used.1                         0x20000288   Number         0  tasks.o(.bss.pxCurrentTCB)
    pxDelayedTaskList                        0x2000028c   Data           4  tasks.o(.bss.pxDelayedTaskList)
    [Anonymous Symbol]                       0x2000028c   Section        0  tasks.o(.bss.pxDelayedTaskList)
    pxEnd                                    0x20000290   Data           4  heap_4.o(.bss.pxEnd)
    [Anonymous Symbol]                       0x20000290   Section        0  heap_4.o(.bss.pxEnd)
    pxOverflowDelayedTaskList                0x20000294   Data           4  tasks.o(.bss.pxOverflowDelayedTaskList)
    [Anonymous Symbol]                       0x20000294   Section        0  tasks.o(.bss.pxOverflowDelayedTaskList)
    pxReadyTasksLists                        0x20000298   Data        1120  tasks.o(.bss.pxReadyTasksLists)
    [Anonymous Symbol]                       0x20000298   Section        0  tasks.o(.bss.pxReadyTasksLists)
    ucHeap                                   0x200006f8   Data        8192  heap_4.o(.bss.ucHeap)
    [Anonymous Symbol]                       0x200006f8   Section        0  heap_4.o(.bss.ucHeap)
    uxCurrentNumberOfTasks                   0x200026f8   Data           4  tasks.o(.bss.uxCurrentNumberOfTasks)
    [Anonymous Symbol]                       0x200026f8   Section        0  tasks.o(.bss.uxCurrentNumberOfTasks)
    uxSchedulerSuspended                     0x200026fc   Data           4  tasks.o(.bss.uxSchedulerSuspended)
    [Anonymous Symbol]                       0x200026fc   Section        0  tasks.o(.bss.uxSchedulerSuspended)
    uxTopReadyPriority                       0x20002700   Data           4  tasks.o(.bss.uxTopReadyPriority)
    [Anonymous Symbol]                       0x20002700   Section        0  tasks.o(.bss.uxTopReadyPriority)
    xFreeBytesRemaining                      0x20002704   Data           4  heap_4.o(.bss.xFreeBytesRemaining)
    [Anonymous Symbol]                       0x20002704   Section        0  heap_4.o(.bss.xFreeBytesRemaining)
    xMinimumEverFreeBytesRemaining           0x20002708   Data           4  heap_4.o(.bss.xMinimumEverFreeBytesRemaining)
    [Anonymous Symbol]                       0x20002708   Section        0  heap_4.o(.bss.xMinimumEverFreeBytesRemaining)
    xNextTaskUnblockTime                     0x2000270c   Data           4  tasks.o(.bss.xNextTaskUnblockTime)
    [Anonymous Symbol]                       0x2000270c   Section        0  tasks.o(.bss.xNextTaskUnblockTime)
    xNumOfOverflows                          0x20002710   Data           4  tasks.o(.bss.xNumOfOverflows)
    [Anonymous Symbol]                       0x20002710   Section        0  tasks.o(.bss.xNumOfOverflows)
    xNumberOfSuccessfulAllocations           0x20002714   Data           4  heap_4.o(.bss.xNumberOfSuccessfulAllocations)
    [Anonymous Symbol]                       0x20002714   Section        0  heap_4.o(.bss.xNumberOfSuccessfulAllocations)
    xNumberOfSuccessfulFrees                 0x20002718   Data           4  heap_4.o(.bss.xNumberOfSuccessfulFrees)
    [Anonymous Symbol]                       0x20002718   Section        0  heap_4.o(.bss.xNumberOfSuccessfulFrees)
    xPendedTicks                             0x2000271c   Data           4  tasks.o(.bss.xPendedTicks)
    [Anonymous Symbol]                       0x2000271c   Section        0  tasks.o(.bss.xPendedTicks)
    xPendingReadyList                        0x20002720   Data          20  tasks.o(.bss.xPendingReadyList)
    [Anonymous Symbol]                       0x20002720   Section        0  tasks.o(.bss.xPendingReadyList)
    xSchedulerRunning                        0x20002734   Data           4  tasks.o(.bss.xSchedulerRunning)
    [Anonymous Symbol]                       0x20002734   Section        0  tasks.o(.bss.xSchedulerRunning)
    xStart                                   0x20002738   Data           8  heap_4.o(.bss.xStart)
    [Anonymous Symbol]                       0x20002738   Section        0  heap_4.o(.bss.xStart)
    xSuspendedTaskList                       0x20002740   Data          20  tasks.o(.bss.xSuspendedTaskList)
    [Anonymous Symbol]                       0x20002740   Section        0  tasks.o(.bss.xSuspendedTaskList)
    xTickCount                               0x20002754   Data           4  tasks.o(.bss.xTickCount)
    [Anonymous Symbol]                       0x20002754   Section        0  tasks.o(.bss.xTickCount)
    xYieldPending                            0x20002758   Data           4  tasks.o(.bss.xYieldPending)
    [Anonymous Symbol]                       0x20002758   Section        0  tasks.o(.bss.xYieldPending)
    Heap_Mem                                 0x20002760   Data         512  startup_stm32f303xe.o(HEAP)
    HEAP                                     0x20002760   Section      512  startup_stm32f303xe.o(HEAP)
    Stack_Mem                                0x20002960   Data        1024  startup_stm32f303xe.o(STACK)
    STACK                                    0x20002960   Section     1024  startup_stm32f303xe.o(STACK)
    __initial_sp                             0x20002d60   Data           0  startup_stm32f303xe.o(STACK)

    Global Symbols

    Symbol Name                              Value     Ov Type        Size  Object(Section)

    BuildAttributes$$THM_ISAv4$E$P$D$K$B$S$7EM$VFPi3$EXTD16$VFPS$VFMA$PE$A:L22UL41UL21$X:L11$S22US41US21$IEEE1$IW$~IW$USESV6$~STKCKD$USESV7$~SHL$OSPACE$ROPI$EBA8$UX$STANDARDLIB$REQ8$PRES8$EABIv2 0x00000000   Number         0  anon$$obj.o ABSOLUTE
    __ARM_exceptions_init                     - Undefined Weak Reference
    __alloca_initialize                       - Undefined Weak Reference
    __arm_preinit_                            - Undefined Weak Reference
    __arm_relocate_pie_                       - Undefined Weak Reference
    __cpp_initialize__aeabi_                  - Undefined Weak Reference
    __cxa_finalize                            - Undefined Weak Reference
    __rt_locale                               - Undefined Weak Reference
    __sigvec_lookup                           - Undefined Weak Reference
    _atexit_init                              - Undefined Weak Reference
    _call_atexit_fns                          - Undefined Weak Reference
    _clock_init                               - Undefined Weak Reference
    _fp_trap_init                             - Undefined Weak Reference
    _fp_trap_shutdown                         - Undefined Weak Reference
    _get_lc_collate                           - Undefined Weak Reference
    _get_lc_ctype                             - Undefined Weak Reference
    _get_lc_monetary                          - Undefined Weak Reference
    _get_lc_numeric                           - Undefined Weak Reference
    _get_lc_time                              - Undefined Weak Reference
    _getenv_init                              - Undefined Weak Reference
    _handle_redirection                       - Undefined Weak Reference
    _init_alloc                               - Undefined Weak Reference
    _init_user_alloc                          - Undefined Weak Reference
    _initio                                   - Undefined Weak Reference
    _rand_init                                - Undefined Weak Reference
    _signal_finish                            - Undefined Weak Reference
    _signal_init                              - Undefined Weak Reference
    _terminate_alloc                          - Undefined Weak Reference
    _terminate_user_alloc                     - Undefined Weak Reference
    _terminateio                              - Undefined Weak Reference
    __Vectors_Size                           0x00000194   Number         0  startup_stm32f303xe.o ABSOLUTE
    __Vectors                                0x08000000   Data           4  startup_stm32f303xe.o(RESET)
    __Vectors_End                            0x08000194   Data           0  startup_stm32f303xe.o(RESET)
    __main                                   0x08000195   Thumb Code     8  __main.o(!!!main)
    __scatterload                            0x0800019d   Thumb Code     0  __scatter.o(!!!scatter)
    __scatterload_rt2                        0x0800019d   Thumb Code    44  __scatter.o(!!!scatter)
    __scatterload_rt2_thumb_only             0x0800019d   Thumb Code     0  __scatter.o(!!!scatter)
    __scatterload_null                       0x080001ab   Thumb Code     0  __scatter.o(!!!scatter)
    __scatterload_copy                       0x080001d1   Thumb Code    26  __scatter_copy.o(!!handler_copy)
    __scatterload_zeroinit                   0x080001ed   Thumb Code    28  __scatter_zi.o(!!handler_zi)
    __rt_lib_init                            0x08000209   Thumb Code     0  libinit.o(.ARM.Collect$$libinit$$00000000)
    __rt_lib_init_fp_1                       0x0800020b   Thumb Code     0  libinit2.o(.ARM.Collect$$libinit$$00000001)
    __rt_lib_init_alloca_1                   0x0800020f   Thumb Code     0  libinit2.o(.ARM.Collect$$libinit$$00000030)
    __rt_lib_init_argv_1                     0x0800020f   Thumb Code     0  libinit2.o(.ARM.Collect$$libinit$$0000002E)
    __rt_lib_init_atexit_1                   0x0800020f   Thumb Code     0  libinit2.o(.ARM.Collect$$libinit$$0000001D)
    __rt_lib_init_clock_1                    0x0800020f   Thumb Code     0  libinit2.o(.ARM.Collect$$libinit$$00000023)
    __rt_lib_init_cpp_1                      0x0800020f   Thumb Code     0  libinit2.o(.ARM.Collect$$libinit$$00000034)
    __rt_lib_init_exceptions_1               0x0800020f   Thumb Code     0  libinit2.o(.ARM.Collect$$libinit$$00000032)
    __rt_lib_init_fp_trap_1                  0x0800020f   Thumb Code     0  libinit2.o(.ARM.Collect$$libinit$$00000021)
    __rt_lib_init_getenv_1                   0x0800020f   Thumb Code     0  libinit2.o(.ARM.Collect$$libinit$$00000025)
    __rt_lib_init_heap_1                     0x0800020f   Thumb Code     0  libinit2.o(.ARM.Collect$$libinit$$0000000C)
    __rt_lib_init_lc_collate_1               0x0800020f   Thumb Code     0  libinit2.o(.ARM.Collect$$libinit$$00000013)
    __rt_lib_init_lc_ctype_1                 0x0800020f   Thumb Code     0  libinit2.o(.ARM.Collect$$libinit$$00000015)
    __rt_lib_init_lc_monetary_1              0x0800020f   Thumb Code     0  libinit2.o(.ARM.Collect$$libinit$$00000017)
    __rt_lib_init_lc_numeric_1               0x0800020f   Thumb Code     0  libinit2.o(.ARM.Collect$$libinit$$00000019)
    __rt_lib_init_lc_time_1                  0x0800020f   Thumb Code     0  libinit2.o(.ARM.Collect$$libinit$$0000001B)
    __rt_lib_init_preinit_1                  0x0800020f   Thumb Code     0  libinit2.o(.ARM.Collect$$libinit$$00000006)
    __rt_lib_init_rand_1                     0x0800020f   Thumb Code     0  libinit2.o(.ARM.Collect$$libinit$$00000010)
    __rt_lib_init_relocate_pie_1             0x0800020f   Thumb Code     0  libinit2.o(.ARM.Collect$$libinit$$00000004)
    __rt_lib_init_return                     0x0800020f   Thumb Code     0  libinit2.o(.ARM.Collect$$libinit$$00000035)
    __rt_lib_init_signal_1                   0x0800020f   Thumb Code     0  libinit2.o(.ARM.Collect$$libinit$$0000001F)
    __rt_lib_init_stdio_1                    0x0800020f   Thumb Code     0  libinit2.o(.ARM.Collect$$libinit$$00000027)
    __rt_lib_init_user_alloc_1               0x0800020f   Thumb Code     0  libinit2.o(.ARM.Collect$$libinit$$0000000E)
    __rt_lib_shutdown                        0x08000211   Thumb Code     0  libshutdown.o(.ARM.Collect$$libshutdown$$00000000)
    __rt_lib_shutdown_cpp_1                  0x08000213   Thumb Code     0  libshutdown2.o(.ARM.Collect$$libshutdown$$00000002)
    __rt_lib_shutdown_fp_trap_1              0x08000213   Thumb Code     0  libshutdown2.o(.ARM.Collect$$libshutdown$$00000007)
    __rt_lib_shutdown_heap_1                 0x08000213   Thumb Code     0  libshutdown2.o(.ARM.Collect$$libshutdown$$0000000F)
    __rt_lib_shutdown_return                 0x08000213   Thumb Code     0  libshutdown2.o(.ARM.Collect$$libshutdown$$00000010)
    __rt_lib_shutdown_signal_1               0x08000213   Thumb Code     0  libshutdown2.o(.ARM.Collect$$libshutdown$$0000000A)
    __rt_lib_shutdown_stdio_1                0x08000213   Thumb Code     0  libshutdown2.o(.ARM.Collect$$libshutdown$$00000004)
    __rt_lib_shutdown_user_alloc_1           0x08000213   Thumb Code     0  libshutdown2.o(.ARM.Collect$$libshutdown$$0000000C)
    __rt_entry                               0x08000215   Thumb Code     0  __rtentry.o(.ARM.Collect$$rtentry$$00000000)
    __rt_entry_presh_1                       0x08000215   Thumb Code     0  __rtentry2.o(.ARM.Collect$$rtentry$$00000002)
    __rt_entry_sh                            0x08000215   Thumb Code     0  __rtentry4.o(.ARM.Collect$$rtentry$$00000004)
    __rt_entry_postsh_1                      0x0800021b   Thumb Code     0  __rtentry2.o(.ARM.Collect$$rtentry$$00000008)
    __rt_entry_li                            0x08000223   Thumb Code     0  __rtentry2.o(.ARM.Collect$$rtentry$$0000000A)
    __rt_entry_main                          0x08000227   Thumb Code     0  __rtentry2.o(.ARM.Collect$$rtentry$$0000000D)
    __rt_entry_postli_1                      0x08000227   Thumb Code     0  __rtentry2.o(.ARM.Collect$$rtentry$$0000000C)
    __rt_exit                                0x0800022f   Thumb Code     0  rtexit.o(.ARM.Collect$$rtexit$$00000000)
    __rt_exit_ls                             0x08000231   Thumb Code     0  rtexit2.o(.ARM.Collect$$rtexit$$00000003)
    __rt_exit_prels_1                        0x08000231   Thumb Code     0  rtexit2.o(.ARM.Collect$$rtexit$$00000002)
    __rt_exit_exit                           0x08000235   Thumb Code     0  rtexit2.o(.ARM.Collect$$rtexit$$00000004)
    Reset_Handler                            0x0800023d   Thumb Code     8  startup_stm32f303xe.o(.text)
    NMI_Handler                              0x08000245   Thumb Code     2  startup_stm32f303xe.o(.text)
    HardFault_Handler                        0x08000247   Thumb Code     2  startup_stm32f303xe.o(.text)
    MemManage_Handler                        0x08000249   Thumb Code     2  startup_stm32f303xe.o(.text)
    BusFault_Handler                         0x0800024b   Thumb Code     2  startup_stm32f303xe.o(.text)
    UsageFault_Handler                       0x0800024d   Thumb Code     2  startup_stm32f303xe.o(.text)
    DebugMon_Handler                         0x08000251   Thumb Code     2  startup_stm32f303xe.o(.text)
    ADC1_2_IRQHandler                        0x08000257   Thumb Code     0  startup_stm32f303xe.o(.text)
    ADC3_IRQHandler                          0x08000257   Thumb Code     0  startup_stm32f303xe.o(.text)
    ADC4_IRQHandler                          0x08000257   Thumb Code     0  startup_stm32f303xe.o(.text)
    CAN_RX1_IRQHandler                       0x08000257   Thumb Code     0  startup_stm32f303xe.o(.text)
    CAN_SCE_IRQHandler                       0x08000257   Thumb Code     0  startup_stm32f303xe.o(.text)
    COMP1_2_3_IRQHandler                     0x08000257   Thumb Code     0  startup_stm32f303xe.o(.text)
    COMP4_5_6_IRQHandler                     0x08000257   Thumb Code     0  startup_stm32f303xe.o(.text)
    COMP7_IRQHandler                         0x08000257   Thumb Code     0  startup_stm32f303xe.o(.text)
    DMA1_Channel1_IRQHandler                 0x08000257   Thumb Code     0  startup_stm32f303xe.o(.text)
    DMA1_Channel2_IRQHandler                 0x08000257   Thumb Code     0  startup_stm32f303xe.o(.text)
    DMA1_Channel3_IRQHandler                 0x08000257   Thumb Code     0  startup_stm32f303xe.o(.text)
    DMA1_Channel4_IRQHandler                 0x08000257   Thumb Code     0  startup_stm32f303xe.o(.text)
    DMA1_Channel5_IRQHandler                 0x08000257   Thumb Code     0  startup_stm32f303xe.o(.text)
    DMA1_Channel6_IRQHandler                 0x08000257   Thumb Code     0  startup_stm32f303xe.o(.text)
    DMA1_Channel7_IRQHandler                 0x08000257   Thumb Code     0  startup_stm32f303xe.o(.text)
    DMA2_Channel1_IRQHandler                 0x08000257   Thumb Code     0  startup_stm32f303xe.o(.text)
    DMA2_Channel2_IRQHandler                 0x08000257   Thumb Code     0  startup_stm32f303xe.o(.text)
    DMA2_Channel3_IRQHandler                 0x08000257   Thumb Code     0  startup_stm32f303xe.o(.text)
    DMA2_Channel4_IRQHandler                 0x08000257   Thumb Code     0  startup_stm32f303xe.o(.text)
    DMA2_Channel5_IRQHandler                 0x08000257   Thumb Code     0  startup_stm32f303xe.o(.text)
    FLASH_IRQHandler                         0x08000257   Thumb Code     0  startup_stm32f303xe.o(.text)
    FMC_IRQHandler                           0x08000257   Thumb Code     0  startup_stm32f303xe.o(.text)
    FPU_IRQHandler                           0x08000257   Thumb Code     0  startup_stm32f303xe.o(.text)
    I2C1_ER_IRQHandler                       0x08000257   Thumb Code     0  startup_stm32f303xe.o(.text)
    I2C1_EV_IRQHandler                       0x08000257   Thumb Code     0  startup_stm32f303xe.o(.text)
    I2C2_ER_IRQHandler                       0x08000257   Thumb Code     0  startup_stm32f303xe.o(.text)
    I2C2_EV_IRQHandler                       0x08000257   Thumb Code     0  startup_stm32f303xe.o(.text)
    I2C3_ER_IRQHandler                       0x08000257   Thumb Code     0  startup_stm32f303xe.o(.text)
    I2C3_EV_IRQHandler                       0x08000257   Thumb Code     0  startup_stm32f303xe.o(.text)
    PVD_IRQHandler                           0x08000257   Thumb Code     0  startup_stm32f303xe.o(.text)
    RCC_IRQHandler                           0x08000257   Thumb Code     0  startup_stm32f303xe.o(.text)
    RTC_Alarm_IRQHandler                     0x08000257   Thumb Code     0  startup_stm32f303xe.o(.text)
    RTC_WKUP_IRQHandler                      0x08000257   Thumb Code     0  startup_stm32f303xe.o(.text)
    SPI1_IRQHandler                          0x08000257   Thumb Code     0  startup_stm32f303xe.o(.text)
    SPI2_IRQHandler                          0x08000257   Thumb Code     0  startup_stm32f303xe.o(.text)
    SPI3_IRQHandler                          0x08000257   Thumb Code     0  startup_stm32f303xe.o(.text)
    SPI4_IRQHandler                          0x08000257   Thumb Code     0  startup_stm32f303xe.o(.text)
    TAMP_STAMP_IRQHandler                    0x08000257   Thumb Code     0  startup_stm32f303xe.o(.text)
    TIM1_BRK_TIM15_IRQHandler                0x08000257   Thumb Code     0  startup_stm32f303xe.o(.text)
    TIM1_CC_IRQHandler                       0x08000257   Thumb Code     0  startup_stm32f303xe.o(.text)
    TIM1_TRG_COM_TIM17_IRQHandler            0x08000257   Thumb Code     0  startup_stm32f303xe.o(.text)
    TIM1_UP_TIM16_IRQHandler                 0x08000257   Thumb Code     0  startup_stm32f303xe.o(.text)
    TIM20_BRK_IRQHandler                     0x08000257   Thumb Code     0  startup_stm32f303xe.o(.text)
    TIM20_CC_IRQHandler                      0x08000257   Thumb Code     0  startup_stm32f303xe.o(.text)
    TIM20_TRG_COM_IRQHandler                 0x08000257   Thumb Code     0  startup_stm32f303xe.o(.text)
    TIM20_UP_IRQHandler                      0x08000257   Thumb Code     0  startup_stm32f303xe.o(.text)
    TIM2_IRQHandler                          0x08000257   Thumb Code     0  startup_stm32f303xe.o(.text)
    TIM3_IRQHandler                          0x08000257   Thumb Code     0  startup_stm32f303xe.o(.text)
    TIM4_IRQHandler                          0x08000257   Thumb Code     0  startup_stm32f303xe.o(.text)
    TIM6_DAC_IRQHandler                      0x08000257   Thumb Code     0  startup_stm32f303xe.o(.text)
    TIM7_IRQHandler                          0x08000257   Thumb Code     0  startup_stm32f303xe.o(.text)
    TIM8_BRK_IRQHandler                      0x08000257   Thumb Code     0  startup_stm32f303xe.o(.text)
    TIM8_CC_IRQHandler                       0x08000257   Thumb Code     0  startup_stm32f303xe.o(.text)
    TIM8_TRG_COM_IRQHandler                  0x08000257   Thumb Code     0  startup_stm32f303xe.o(.text)
    TIM8_UP_IRQHandler                       0x08000257   Thumb Code     0  startup_stm32f303xe.o(.text)
    UART4_IRQHandler                         0x08000257   Thumb Code     0  startup_stm32f303xe.o(.text)
    UART5_IRQHandler                         0x08000257   Thumb Code     0  startup_stm32f303xe.o(.text)
    USART2_IRQHandler                        0x08000257   Thumb Code     0  startup_stm32f303xe.o(.text)
    USART3_IRQHandler                        0x08000257   Thumb Code     0  startup_stm32f303xe.o(.text)
    USBWakeUp_IRQHandler                     0x08000257   Thumb Code     0  startup_stm32f303xe.o(.text)
    USBWakeUp_RMP_IRQHandler                 0x08000257   Thumb Code     0  startup_stm32f303xe.o(.text)
    USB_HP_CAN_TX_IRQHandler                 0x08000257   Thumb Code     0  startup_stm32f303xe.o(.text)
    USB_HP_IRQHandler                        0x08000257   Thumb Code     0  startup_stm32f303xe.o(.text)
    USB_LP_CAN_RX0_IRQHandler                0x08000257   Thumb Code     0  startup_stm32f303xe.o(.text)
    USB_LP_IRQHandler                        0x08000257   Thumb Code     0  startup_stm32f303xe.o(.text)
    WWDG_IRQHandler                          0x08000257   Thumb Code     0  startup_stm32f303xe.o(.text)
    __user_initial_stackheap                 0x08000259   Thumb Code     0  startup_stm32f303xe.o(.text)
    __aeabi_memcpy                           0x0800027d   Thumb Code     0  rt_memcpy_v6.o(.text)
    __rt_memcpy                              0x0800027d   Thumb Code   138  rt_memcpy_v6.o(.text)
    _memcpy_lastbytes                        0x080002e3   Thumb Code     0  rt_memcpy_v6.o(.text)
    __use_two_region_memory                  0x08000307   Thumb Code     2  heapauxi.o(.text)
    __rt_heap_escrow$2region                 0x08000309   Thumb Code     2  heapauxi.o(.text)
    __rt_heap_expand$2region                 0x0800030b   Thumb Code     2  heapauxi.o(.text)
    __aeabi_memcpy4                          0x0800030d   Thumb Code     0  rt_memcpy_w.o(.text)
    __aeabi_memcpy8                          0x0800030d   Thumb Code     0  rt_memcpy_w.o(.text)
    __rt_memcpy_w                            0x0800030d   Thumb Code   100  rt_memcpy_w.o(.text)
    _memcpy_lastbytes_aligned                0x08000355   Thumb Code     0  rt_memcpy_w.o(.text)
    __user_setup_stackheap                   0x08000371   Thumb Code    74  sys_stackheap_outer.o(.text)
    exit                                     0x080003bb   Thumb Code    18  exit.o(.text)
    __user_libspace                          0x080003cd   Thumb Code     8  libspace.o(.text)
    __user_perproc_libspace                  0x080003cd   Thumb Code     0  libspace.o(.text)
    _sys_exit                                0x080003d5   Thumb Code     8  sys_exit.o(.text)
    __I$use$semihosting                      0x080003e1   Thumb Code     0  use_no_semi.o(.text)
    __use_no_semihosting_swi                 0x080003e1   Thumb Code     2  use_no_semi.o(.text)
    __semihosting_library_function           0x080003e3   Thumb Code     0  indicate_semi.o(.text)
    DCmotor_Init                             0x080003e5   Thumb Code   108  motor.o(.text.DCmotor_Init)
    DCmotor_backMove                         0x08000451   Thumb Code    70  motor.o(.text.DCmotor_backMove)
    DCmotor_frontMove                        0x08000499   Thumb Code    70  motor.o(.text.DCmotor_frontMove)
    DCmotor_stop                             0x080004e1   Thumb Code    62  motor.o(.text.DCmotor_stop)
    EXTI0_IRQHandler                         0x08000521   Thumb Code    16  exti_irq.o(.text.EXTI0_IRQHandler)
    EXTI15_10_IRQHandler                     0x08000531   Thumb Code   304  exti_irq.o(.text.EXTI15_10_IRQHandler)
    EXTI1_IRQHandler                         0x08000661   Thumb Code    16  exti_irq.o(.text.EXTI1_IRQHandler)
    EXTI2_TSC_IRQHandler                     0x08000671   Thumb Code    16  exti_irq.o(.text.EXTI2_TSC_IRQHandler)
    EXTI3_IRQHandler                         0x08000681   Thumb Code    16  exti_irq.o(.text.EXTI3_IRQHandler)
    EXTI4_IRQHandler                         0x08000691   Thumb Code    16  exti_irq.o(.text.EXTI4_IRQHandler)
    EXTI9_5_IRQHandler                       0x080006a1   Thumb Code   254  exti_irq.o(.text.EXTI9_5_IRQHandler)
    GPIO_configurePin                        0x080007a1   Thumb Code   450  gpio.o(.text.GPIO_configurePin)
    GPIO_setPinFuction                       0x08000965   Thumb Code   246  gpio.o(.text.GPIO_setPinFuction)
    GPIO_writePin                            0x08000a5d   Thumb Code   192  gpio.o(.text.GPIO_writePin)
    HBLE_VGetKey                             0x08000b31   Thumb Code   232  ble.o(.text.HBLE_VGetKey)
    HBLE_VInit                               0x08000c19   Thumb Code    88  ble.o(.text.HBLE_VInit)
    ICU_voidInitTimer                        0x08000c71   Thumb Code   304  icu.o(.text.ICU_voidInitTimer)
    ICU_voidSetSensingEdge                   0x08000da1   Thumb Code   244  icu.o(.text.ICU_voidSetSensingEdge)
    MNVIC_EnuEnablePerInterrupt              0x08000e95   Thumb Code   112  nvic.o(.text.MNVIC_EnuEnablePerInterrupt)
    MUSART1_VidSetCallBack                   0x08000f05   Thumb Code    28  usart.o(.text.MUSART1_VidSetCallBack)
    MUSART_voidInit                          0x08000f21   Thumb Code   700  usart.o(.text.MUSART_voidInit)
    NVIC_Init                                0x080011dd   Thumb Code    20  nvic.o(.text.NVIC_Init)
    PWM_enu_Init                             0x080011f1   Thumb Code   920  pwm.o(.text.PWM_enu_Init)
    PWM_enu_SetDutyCycle                     0x08001589   Thumb Code   252  pwm.o(.text.PWM_enu_SetDutyCycle)
    PendSV_Handler                           0x08001691   Thumb Code   100  port.o(.text.PendSV_Handler)
    RCC_voidEnablePeripheral                 0x080016f5   Thumb Code   120  rcc.o(.text.RCC_voidEnablePeripheral)
    SVC_Handler                              0x08001771   Thumb Code    36  port.o(.text.SVC_Handler)
    SysTick_Handler                          0x08001795   Thumb Code    30  cmsis_os2.o(.text.SysTick_Handler)
    SystemInit                               0x080017b5   Thumb Code    18  system_stm32f3xx.o(.text.SystemInit)
    USART1_IRQHandler                        0x080017c9   Thumb Code    58  usart.o(.text.USART1_IRQHandler)
    US_voidInit                              0x08001805   Thumb Code    88  us.o(.text.US_voidInit)
    _mutex_acquire                           0x0800185d   Thumb Code    40  clib_arm.o(.text._mutex_acquire)
    _mutex_free                              0x08001885   Thumb Code    84  clib_arm.o(.text._mutex_free)
    _mutex_initialize                        0x080018d9   Thumb Code   168  clib_arm.o(.text._mutex_initialize)
    _mutex_release                           0x08001981   Thumb Code    42  clib_arm.o(.text._mutex_release)
    _platform_post_stackheap_init            0x080019ad   Thumb Code     2  clib_arm.o(.text._platform_post_stackheap_init)
    main                                     0x080019d1   Thumb Code   136  main.o(.text.main)
    pvPortMalloc                             0x08001f99   Thumb Code   390  heap_4.o(.text.pvPortMalloc)
    pvTaskIncrementMutexHeldCount            0x08002121   Thumb Code    44  tasks.o(.text.pvTaskIncrementMutexHeldCount)
    uxListRemove                             0x0800214d   Thumb Code    72  list.o(.text.uxListRemove)
    vApplicationStackOverflowHook            0x08002195   Thumb Code    10  cmsis_os2.o(.text.vApplicationStackOverflowHook)
    vListInitialise                          0x080021a1   Thumb Code    46  list.o(.text.vListInitialise)
    vListInsert                              0x080021d1   Thumb Code   106  list.o(.text.vListInsert)
    vPortEnterCritical                       0x0800223d   Thumb Code    48  port.o(.text.vPortEnterCritical)
    vPortExitCritical                        0x0800226d   Thumb Code    38  port.o(.text.vPortExitCritical)
    vPortFree                                0x08002295   Thumb Code   118  heap_4.o(.text.vPortFree)
    vQueueDelete                             0x0800230d   Thumb Code    34  queue.o(.text.vQueueDelete)
    vTaskInternalSetTimeOutState             0x08002331   Thumb Code    36  tasks.o(.text.vTaskInternalSetTimeOutState)
    vTaskMissedYield                         0x08002355   Thumb Code    14  tasks.o(.text.vTaskMissedYield)
    vTaskPlaceOnEventList                    0x08002365   Thumb Code    38  tasks.o(.text.vTaskPlaceOnEventList)
    vTaskPriorityDisinheritAfterTimeout      0x0800238d   Thumb Code   300  tasks.o(.text.vTaskPriorityDisinheritAfterTimeout)
    vTaskSuspendAll                          0x080024b9   Thumb Code    16  tasks.o(.text.vTaskSuspendAll)
    vTaskSwitchContext                       0x080024c9   Thumb Code   260  tasks.o(.text.vTaskSwitchContext)
    xPortSysTickHandler                      0x080025cd   Thumb Code    60  port.o(.text.xPortSysTickHandler)
    xQueueCreateMutex                        0x08002609   Thumb Code    38  queue.o(.text.xQueueCreateMutex)
    xQueueCreateMutexStatic                  0x08002631   Thumb Code    50  queue.o(.text.xQueueCreateMutexStatic)
    xQueueGenericCreate                      0x08002665   Thumb Code   134  queue.o(.text.xQueueGenericCreate)
    xQueueGenericCreateStatic                0x080026ed   Thumb Code   108  queue.o(.text.xQueueGenericCreateStatic)
    xQueueGenericReset                       0x08002759   Thumb Code   186  queue.o(.text.xQueueGenericReset)
    xQueueGenericSend                        0x08002815   Thumb Code   318  queue.o(.text.xQueueGenericSend)
    xQueueSemaphoreTake                      0x08002955   Thumb Code   392  queue.o(.text.xQueueSemaphoreTake)
    xTaskCheckForTimeOut                     0x08002add   Thumb Code   154  tasks.o(.text.xTaskCheckForTimeOut)
    xTaskGetSchedulerState                   0x08002b79   Thumb Code    56  tasks.o(.text.xTaskGetSchedulerState)
    xTaskIncrementTick                       0x08002bb1   Thumb Code   488  tasks.o(.text.xTaskIncrementTick)
    xTaskPriorityDisinherit                  0x08002d99   Thumb Code   230  tasks.o(.text.xTaskPriorityDisinherit)
    xTaskPriorityInherit                     0x08002e81   Thumb Code   334  tasks.o(.text.xTaskPriorityInherit)
    xTaskRemoveFromEventList                 0x08002fd1   Thumb Code   380  tasks.o(.text.xTaskRemoveFromEventList)
    xTaskResumeAll                           0x0800314d   Thumb Code   496  tasks.o(.text.xTaskResumeAll)
    _fp_init                                 0x0800333d   Thumb Code    26  fpinit.o(x$fpl$fpinit)
    __fplib_config_fpu_vfp                   0x08003355   Thumb Code     0  fpinit.o(x$fpl$fpinit)
    __fplib_config_pureend_doubles           0x08003355   Thumb Code     0  fpinit.o(x$fpl$fpinit)
    Region$$Table$$Base                      0x08003478   Number         0  anon$$obj.o(Region$$Table)
    Region$$Table$$Limit                     0x08003498   Number         0  anon$$obj.o(Region$$Table)
    G_Key                                    0x20000000   Data           1  ble.o(.data.G_Key)
    Timer                                    0x20000004   Data          12  icu.o(.data.Timer)
    UART                                     0x20000010   Data          10  ble.o(.data.UART)
    UART_PIN_RX                              0x2000001a   Data           4  ble.o(.data.UART_PIN_RX)
    UART_PIN_TX                              0x2000001e   Data           4  ble.o(.data.UART_PIN_TX)
    input1PinBack                            0x20000022   Data           4  motor.o(.data.input1PinBack)
    input1PinFront                           0x20000026   Data           4  motor.o(.data.input1PinFront)
    input2PinBack                            0x2000002a   Data           4  motor.o(.data.input2PinBack)
    input2PinFront                           0x2000002e   Data           4  motor.o(.data.input2PinFront)
    test                                     0x20000032   Data           4  pwm.o(.data.test)
    __libspace_start                         0x20000040   Data          96  libspace.o(.bss)
    Call_Ptr                                 0x200000a0   Data          60  exti.o(.bss.Call_Ptr)
    __temporary_stack_top$libspace           0x200000a0   Data           0  libspace.o(.bss)
    Dist                                     0x200000dc   Data           4  main.o(.bss.Dist)
    MUSART1_CallBack                         0x200000e0   Data           4  usart.o(.bss.MUSART1_CallBack)
    pxCurrentTCB                             0x20000288   Data           4  tasks.o(.bss.pxCurrentTCB)



==============================================================================

Memory Map of the image

  Image Entry point : 0x0800023d

  Load Region LR_1 (Base: 0x08000000, Size: 0x000034d4, Max: 0xffffffff, ABSOLUTE)

    Execution Region ER_RO (Exec base: 0x08000000, Load base: 0x08000000, Size: 0x00003498, Max: 0xffffffff, ABSOLUTE)

    Exec Addr    Load Addr    Size         Type   Attr      Idx    E Section Name        Object

    0x08000000   0x08000000   0x00000194   Data   RO          483    RESET               startup_stm32f303xe.o
    0x08000194   0x08000194   0x00000008   Code   RO          943  * !!!main             c_w.l(__main.o)
    0x0800019c   0x0800019c   0x00000034   Code   RO         1110    !!!scatter          c_w.l(__scatter.o)
    0x080001d0   0x080001d0   0x0000001a   Code   RO         1112    !!handler_copy      c_w.l(__scatter_copy.o)
    0x080001ea   0x080001ea   0x00000002   PAD
    0x080001ec   0x080001ec   0x0000001c   Code   RO         1114    !!handler_zi        c_w.l(__scatter_zi.o)
    0x08000208   0x08000208   0x00000002   Code   RO          972    .ARM.Collect$$libinit$$00000000  c_w.l(libinit.o)
    0x0800020a   0x0800020a   0x00000004   Code   RO          978    .ARM.Collect$$libinit$$00000001  c_w.l(libinit2.o)
    0x0800020e   0x0800020e   0x00000000   Code   RO          981    .ARM.Collect$$libinit$$00000004  c_w.l(libinit2.o)
    0x0800020e   0x0800020e   0x00000000   Code   RO          983    .ARM.Collect$$libinit$$00000006  c_w.l(libinit2.o)
    0x0800020e   0x0800020e   0x00000000   Code   RO          986    .ARM.Collect$$libinit$$0000000C  c_w.l(libinit2.o)
    0x0800020e   0x0800020e   0x00000000   Code   RO          988    .ARM.Collect$$libinit$$0000000E  c_w.l(libinit2.o)
    0x0800020e   0x0800020e   0x00000000   Code   RO          990    .ARM.Collect$$libinit$$00000010  c_w.l(libinit2.o)
    0x0800020e   0x0800020e   0x00000000   Code   RO          993    .ARM.Collect$$libinit$$00000013  c_w.l(libinit2.o)
    0x0800020e   0x0800020e   0x00000000   Code   RO          995    .ARM.Collect$$libinit$$00000015  c_w.l(libinit2.o)
    0x0800020e   0x0800020e   0x00000000   Code   RO          997    .ARM.Collect$$libinit$$00000017  c_w.l(libinit2.o)
    0x0800020e   0x0800020e   0x00000000   Code   RO          999    .ARM.Collect$$libinit$$00000019  c_w.l(libinit2.o)
    0x0800020e   0x0800020e   0x00000000   Code   RO         1001    .ARM.Collect$$libinit$$0000001B  c_w.l(libinit2.o)
    0x0800020e   0x0800020e   0x00000000   Code   RO         1003    .ARM.Collect$$libinit$$0000001D  c_w.l(libinit2.o)
    0x0800020e   0x0800020e   0x00000000   Code   RO         1005    .ARM.Collect$$libinit$$0000001F  c_w.l(libinit2.o)
    0x0800020e   0x0800020e   0x00000000   Code   RO         1007    .ARM.Collect$$libinit$$00000021  c_w.l(libinit2.o)
    0x0800020e   0x0800020e   0x00000000   Code   RO         1009    .ARM.Collect$$libinit$$00000023  c_w.l(libinit2.o)
    0x0800020e   0x0800020e   0x00000000   Code   RO         1011    .ARM.Collect$$libinit$$00000025  c_w.l(libinit2.o)
    0x0800020e   0x0800020e   0x00000000   Code   RO         1013    .ARM.Collect$$libinit$$00000027  c_w.l(libinit2.o)
    0x0800020e   0x0800020e   0x00000000   Code   RO         1017    .ARM.Collect$$libinit$$0000002E  c_w.l(libinit2.o)
    0x0800020e   0x0800020e   0x00000000   Code   RO         1019    .ARM.Collect$$libinit$$00000030  c_w.l(libinit2.o)
    0x0800020e   0x0800020e   0x00000000   Code   RO         1021    .ARM.Collect$$libinit$$00000032  c_w.l(libinit2.o)
    0x0800020e   0x0800020e   0x00000000   Code   RO         1023    .ARM.Collect$$libinit$$00000034  c_w.l(libinit2.o)
    0x0800020e   0x0800020e   0x00000002   Code   RO         1024    .ARM.Collect$$libinit$$00000035  c_w.l(libinit2.o)
    0x08000210   0x08000210   0x00000002   Code   RO         1046    .ARM.Collect$$libshutdown$$00000000  c_w.l(libshutdown.o)
    0x08000212   0x08000212   0x00000000   Code   RO         1061    .ARM.Collect$$libshutdown$$00000002  c_w.l(libshutdown2.o)
    0x08000212   0x08000212   0x00000000   Code   RO         1063    .ARM.Collect$$libshutdown$$00000004  c_w.l(libshutdown2.o)
    0x08000212   0x08000212   0x00000000   Code   RO         1066    .ARM.Collect$$libshutdown$$00000007  c_w.l(libshutdown2.o)
    0x08000212   0x08000212   0x00000000   Code   RO         1069    .ARM.Collect$$libshutdown$$0000000A  c_w.l(libshutdown2.o)
    0x08000212   0x08000212   0x00000000   Code   RO         1071    .ARM.Collect$$libshutdown$$0000000C  c_w.l(libshutdown2.o)
    0x08000212   0x08000212   0x00000000   Code   RO         1074    .ARM.Collect$$libshutdown$$0000000F  c_w.l(libshutdown2.o)
    0x08000212   0x08000212   0x00000002   Code   RO         1075    .ARM.Collect$$libshutdown$$00000010  c_w.l(libshutdown2.o)
    0x08000214   0x08000214   0x00000000   Code   RO          945    .ARM.Collect$$rtentry$$00000000  c_w.l(__rtentry.o)
    0x08000214   0x08000214   0x00000000   Code   RO          951    .ARM.Collect$$rtentry$$00000002  c_w.l(__rtentry2.o)
    0x08000214   0x08000214   0x00000006   Code   RO          963    .ARM.Collect$$rtentry$$00000004  c_w.l(__rtentry4.o)
    0x0800021a   0x0800021a   0x00000008   Code   RO          952    .ARM.Collect$$rtentry$$00000008  c_w.l(__rtentry2.o)
    0x08000222   0x08000222   0x00000004   Code   RO          954    .ARM.Collect$$rtentry$$0000000A  c_w.l(__rtentry2.o)
    0x08000226   0x08000226   0x00000000   Code   RO          956    .ARM.Collect$$rtentry$$0000000C  c_w.l(__rtentry2.o)
    0x08000226   0x08000226   0x00000008   Code   RO          957    .ARM.Collect$$rtentry$$0000000D  c_w.l(__rtentry2.o)
    0x0800022e   0x0800022e   0x00000002   Code   RO          976    .ARM.Collect$$rtexit$$00000000  c_w.l(rtexit.o)
    0x08000230   0x08000230   0x00000000   Code   RO         1026    .ARM.Collect$$rtexit$$00000002  c_w.l(rtexit2.o)
    0x08000230   0x08000230   0x00000004   Code   RO         1027    .ARM.Collect$$rtexit$$00000003  c_w.l(rtexit2.o)
    0x08000234   0x08000234   0x00000006   Code   RO         1028    .ARM.Collect$$rtexit$$00000004  c_w.l(rtexit2.o)
    0x0800023a   0x0800023a   0x00000002   PAD
    0x0800023c   0x0800023c   0x00000040   Code   RO          484  * .text               startup_stm32f303xe.o
    0x0800027c   0x0800027c   0x0000008a   Code   RO          935    .text               c_w.l(rt_memcpy_v6.o)
    0x08000306   0x08000306   0x00000006   Code   RO          941    .text               c_w.l(heapauxi.o)
    0x0800030c   0x0800030c   0x00000064   Code   RO          946    .text               c_w.l(rt_memcpy_w.o)
    0x08000370   0x08000370   0x0000004a   Code   RO          965    .text               c_w.l(sys_stackheap_outer.o)
    0x080003ba   0x080003ba   0x00000012   Code   RO          967    .text               c_w.l(exit.o)
    0x080003cc   0x080003cc   0x00000008   Code   RO          973    .text               c_w.l(libspace.o)
    0x080003d4   0x080003d4   0x0000000c   Code   RO         1036    .text               c_w.l(sys_exit.o)
    0x080003e0   0x080003e0   0x00000002   Code   RO         1051    .text               c_w.l(use_no_semi.o)
    0x080003e2   0x080003e2   0x00000000   Code   RO         1053    .text               c_w.l(indicate_semi.o)
    0x080003e2   0x080003e2   0x00000002   PAD
    0x080003e4   0x080003e4   0x0000006c   Code   RO          176    .text.DCmotor_Init  motor.o
    0x08000450   0x08000450   0x00000046   Code   RO          180    .text.DCmotor_backMove  motor.o
    0x08000496   0x08000496   0x00000002   PAD
    0x08000498   0x08000498   0x00000046   Code   RO          178    .text.DCmotor_frontMove  motor.o
    0x080004de   0x080004de   0x00000002   PAD
    0x080004e0   0x080004e0   0x0000003e   Code   RO          186    .text.DCmotor_stop  motor.o
    0x0800051e   0x0800051e   0x00000002   PAD
    0x08000520   0x08000520   0x00000010   Code   RO          155    .text.EXTI0_IRQHandler  exti_irq.o
    0x08000530   0x08000530   0x00000130   Code   RO          167    .text.EXTI15_10_IRQHandler  exti_irq.o
    0x08000660   0x08000660   0x00000010   Code   RO          157    .text.EXTI1_IRQHandler  exti_irq.o
    0x08000670   0x08000670   0x00000010   Code   RO          159    .text.EXTI2_TSC_IRQHandler  exti_irq.o
    0x08000680   0x08000680   0x00000010   Code   RO          161    .text.EXTI3_IRQHandler  exti_irq.o
    0x08000690   0x08000690   0x00000010   Code   RO          163    .text.EXTI4_IRQHandler  exti_irq.o
    0x080006a0   0x080006a0   0x000000fe   Code   RO          165    .text.EXTI9_5_IRQHandler  exti_irq.o
    0x0800079e   0x0800079e   0x00000002   PAD
    0x080007a0   0x080007a0   0x000001c2   Code   RO           27    .text.GPIO_configurePin  gpio.o
    0x08000962   0x08000962   0x00000002   PAD
    0x08000964   0x08000964   0x000000f6   Code   RO           39    .text.GPIO_setPinFuction  gpio.o
    0x08000a5a   0x08000a5a   0x00000002   PAD
    0x08000a5c   0x08000a5c   0x000000c0   Code   RO           29    .text.GPIO_writePin  gpio.o
    0x08000b1c   0x08000b1c   0x00000014   Code   RO          235    .text.HBLE_VGetChar  ble.o
    0x08000b30   0x08000b30   0x000000e8   Code   RO          237    .text.HBLE_VGetKey  ble.o
    0x08000c18   0x08000c18   0x00000058   Code   RO          233    .text.HBLE_VInit    ble.o
    0x08000c70   0x08000c70   0x00000130   Code   RO          113    .text.ICU_voidInitTimer  icu.o
    0x08000da0   0x08000da0   0x000000f4   Code   RO          115    .text.ICU_voidSetSensingEdge  icu.o
    0x08000e94   0x08000e94   0x00000070   Code   RO           58    .text.MNVIC_EnuEnablePerInterrupt  nvic.o
    0x08000f04   0x08000f04   0x0000001c   Code   RO          101    .text.MUSART1_VidSetCallBack  usart.o
    0x08000f20   0x08000f20   0x000002bc   Code   RO           93    .text.MUSART_voidInit  usart.o
    0x080011dc   0x080011dc   0x00000014   Code   RO           52    .text.NVIC_Init     nvic.o
    0x080011f0   0x080011f0   0x00000398   Code   RO           79    .text.PWM_enu_Init  pwm.o
    0x08001588   0x08001588   0x000000fc   Code   RO           81    .text.PWM_enu_SetDutyCycle  pwm.o
    0x08001684   0x08001684   0x0000000c   PAD
    0x08001690   0x08001690   0x00000064   Code   RO          580    .text.PendSV_Handler  port.o
    0x080016f4   0x080016f4   0x00000078   Code   RO           14    .text.RCC_voidEnablePeripheral  rcc.o
    0x0800176c   0x0800176c   0x00000004   PAD
    0x08001770   0x08001770   0x00000024   Code   RO          564    .text.SVC_Handler   port.o
    0x08001794   0x08001794   0x0000001e   Code   RO          277    .text.SysTick_Handler  cmsis_os2.o
    0x080017b2   0x080017b2   0x00000002   PAD
    0x080017b4   0x080017b4   0x00000012   Code   RO          491    .text.SystemInit    system_stm32f3xx.o
    0x080017c6   0x080017c6   0x00000002   PAD
    0x080017c8   0x080017c8   0x0000003a   Code   RO          103    .text.USART1_IRQHandler  usart.o
    0x08001802   0x08001802   0x00000002   PAD
    0x08001804   0x08001804   0x00000058   Code   RO          208    .text.US_voidInit   us.o
    0x0800185c   0x0800185c   0x00000028   Code   RO          258    .text._mutex_acquire  clib_arm.o
    0x08001884   0x08001884   0x00000054   Code   RO          264    .text._mutex_free   clib_arm.o
    0x080018d8   0x080018d8   0x000000a8   Code   RO          256    .text._mutex_initialize  clib_arm.o
    0x08001980   0x08001980   0x0000002a   Code   RO          262    .text._mutex_release  clib_arm.o
    0x080019aa   0x080019aa   0x00000002   PAD
    0x080019ac   0x080019ac   0x00000002   Code   RO          250    .text._platform_post_stackheap_init  clib_arm.o
    0x080019ae   0x080019ae   0x00000002   PAD
    0x080019b0   0x080019b0   0x00000020   Code   RO          260    .text.is_thread_mode  clib_arm.o
    0x080019d0   0x080019d0   0x00000088   Code   RO            2    .text.main          main.o
    0x08001a58   0x08001a58   0x00000020   Code   RO          254    .text.os_kernel_is_active  clib_arm.o
    0x08001a78   0x08001a78   0x000000fa   Code   RO          723    .text.prvAddCurrentTaskToDelayedList  tasks.o
    0x08001b72   0x08001b72   0x00000002   PAD
    0x08001b74   0x08001b74   0x000000cc   Code   RO          654    .text.prvCopyDataToQueue  queue.o
    0x08001c40   0x08001c40   0x00000026   Code   RO          670    .text.prvGetDisinheritPriorityAfterTimeout  queue.o
    0x08001c66   0x08001c66   0x00000002   PAD
    0x08001c68   0x08001c68   0x000000ae   Code   RO          594    .text.prvHeapInit   heap_4.o
    0x08001d16   0x08001d16   0x00000002   PAD
    0x08001d18   0x08001d18   0x0000002c   Code   RO          634    .text.prvInitialiseMutex  queue.o
    0x08001d44   0x08001d44   0x00000048   Code   RO          628    .text.prvInitialiseNewQueue  queue.o
    0x08001d8c   0x08001d8c   0x000000c6   Code   RO          596    .text.prvInsertBlockIntoFreeList  heap_4.o
    0x08001e52   0x08001e52   0x00000002   PAD
    0x08001e54   0x08001e54   0x00000028   Code   RO          668    .text.prvIsQueueEmpty  queue.o
    0x08001e7c   0x08001e7c   0x0000002e   Code   RO          656    .text.prvIsQueueFull  queue.o
    0x08001eaa   0x08001eaa   0x00000002   PAD
    0x08001eac   0x08001eac   0x0000003c   Code   RO          715    .text.prvResetNextTaskUnblockTime  tasks.o
    0x08001ee8   0x08001ee8   0x000000ae   Code   RO          658    .text.prvUnlockQueue  queue.o
    0x08001f96   0x08001f96   0x00000002   PAD
    0x08001f98   0x08001f98   0x00000186   Code   RO          592    .text.pvPortMalloc  heap_4.o
    0x0800211e   0x0800211e   0x00000002   PAD
    0x08002120   0x08002120   0x0000002c   Code   RO          809    .text.pvTaskIncrementMutexHeldCount  tasks.o
    0x0800214c   0x0800214c   0x00000048   Code   RO          551    .text.uxListRemove  list.o
    0x08002194   0x08002194   0x0000000a   Code   RO          433    .text.vApplicationStackOverflowHook  cmsis_os2.o
    0x0800219e   0x0800219e   0x00000002   PAD
    0x080021a0   0x080021a0   0x0000002e   Code   RO          543    .text.vListInitialise  list.o
    0x080021ce   0x080021ce   0x00000002   PAD
    0x080021d0   0x080021d0   0x0000006a   Code   RO          549    .text.vListInsert   list.o
    0x0800223a   0x0800223a   0x00000002   PAD
    0x0800223c   0x0800223c   0x00000030   Code   RO          576    .text.vPortEnterCritical  port.o
    0x0800226c   0x0800226c   0x00000026   Code   RO          578    .text.vPortExitCritical  port.o
    0x08002292   0x08002292   0x00000002   PAD
    0x08002294   0x08002294   0x00000076   Code   RO          598    .text.vPortFree     heap_4.o
    0x0800230a   0x0800230a   0x00000002   PAD
    0x0800230c   0x0800230c   0x00000022   Code   RO          684    .text.vQueueDelete  queue.o
    0x0800232e   0x0800232e   0x00000002   PAD
    0x08002330   0x08002330   0x00000024   Code   RO          781    .text.vTaskInternalSetTimeOutState  tasks.o
    0x08002354   0x08002354   0x0000000e   Code   RO          785    .text.vTaskMissedYield  tasks.o
    0x08002362   0x08002362   0x00000002   PAD
    0x08002364   0x08002364   0x00000026   Code   RO          769    .text.vTaskPlaceOnEventList  tasks.o
    0x0800238a   0x0800238a   0x00000002   PAD
    0x0800238c   0x0800238c   0x0000012c   Code   RO          805    .text.vTaskPriorityDisinheritAfterTimeout  tasks.o
    0x080024b8   0x080024b8   0x00000010   Code   RO          721    .text.vTaskSuspendAll  tasks.o
    0x080024c8   0x080024c8   0x00000104   Code   RO          739    .text.vTaskSwitchContext  tasks.o
    0x080025cc   0x080025cc   0x0000003c   Code   RO          582    .text.xPortSysTickHandler  port.o
    0x08002608   0x08002608   0x00000026   Code   RO          632    .text.xQueueCreateMutex  queue.o
    0x0800262e   0x0800262e   0x00000002   PAD
    0x08002630   0x08002630   0x00000032   Code   RO          636    .text.xQueueCreateMutexStatic  queue.o
    0x08002662   0x08002662   0x00000002   PAD
    0x08002664   0x08002664   0x00000086   Code   RO          630    .text.xQueueGenericCreate  queue.o
    0x080026ea   0x080026ea   0x00000002   PAD
    0x080026ec   0x080026ec   0x0000006c   Code   RO          626    .text.xQueueGenericCreateStatic  queue.o
    0x08002758   0x08002758   0x000000ba   Code   RO          624    .text.xQueueGenericReset  queue.o
    0x08002812   0x08002812   0x00000002   PAD
    0x08002814   0x08002814   0x0000013e   Code   RO          644    .text.xQueueGenericSend  queue.o
    0x08002952   0x08002952   0x00000002   PAD
    0x08002954   0x08002954   0x00000188   Code   RO          648    .text.xQueueSemaphoreTake  queue.o
    0x08002adc   0x08002adc   0x0000009a   Code   RO          783    .text.xTaskCheckForTimeOut  tasks.o
    0x08002b76   0x08002b76   0x00000002   PAD
    0x08002b78   0x08002b78   0x00000038   Code   RO          799    .text.xTaskGetSchedulerState  tasks.o
    0x08002bb0   0x08002bb0   0x000001e8   Code   RO          753    .text.xTaskIncrementTick  tasks.o
    0x08002d98   0x08002d98   0x000000e6   Code   RO          803    .text.xTaskPriorityDisinherit  tasks.o
    0x08002e7e   0x08002e7e   0x00000002   PAD
    0x08002e80   0x08002e80   0x0000014e   Code   RO          801    .text.xTaskPriorityInherit  tasks.o
    0x08002fce   0x08002fce   0x00000002   PAD
    0x08002fd0   0x08002fd0   0x0000017c   Code   RO          775    .text.xTaskRemoveFromEventList  tasks.o
    0x0800314c   0x0800314c   0x000001f0   Code   RO          725    .text.xTaskResumeAll  tasks.o
    0x0800333c   0x0800333c   0x0000001a   Code   RO         1034    x$fpl$fpinit        fz_wm.l(fpinit.o)
    0x08003356   0x08003356   0x00000002   PAD
    0x08003358   0x08003358   0x00000120   Data   RO           43    .rodata.cst32       gpio.o
    0x08003478   0x08003478   0x00000020   Data   RO         1109    Region$$Table       anon$$obj.o


    Execution Region ER_RW (Exec base: 0x20000000, Load base: 0x08003498, Size: 0x0000003c, Max: 0xffffffff, ABSOLUTE)

    Exec Addr    Load Addr    Size         Type   Attr      Idx    E Section Name        Object

    0x20000000   0x08003498   0x00000001   Data   RW          239    .data.G_Key         ble.o
    0x20000001   0x08003499   0x00000003   PAD
    0x20000004   0x0800349c   0x0000000c   Data   RW          133    .data.Timer         icu.o
    0x20000010   0x080034a8   0x0000000a   Data   RW          242    .data.UART          ble.o
    0x2000001a   0x080034b2   0x00000004   Data   RW          241    .data.UART_PIN_RX   ble.o
    0x2000001e   0x080034b6   0x00000004   Data   RW          240    .data.UART_PIN_TX   ble.o
    0x20000022   0x080034ba   0x00000004   Data   RW          196    .data.input1PinBack  motor.o
    0x20000026   0x080034be   0x00000004   Data   RW          197    .data.input1PinFront  motor.o
    0x2000002a   0x080034c2   0x00000004   Data   RW          198    .data.input2PinBack  motor.o
    0x2000002e   0x080034c6   0x00000004   Data   RW          199    .data.input2PinFront  motor.o
    0x20000032   0x080034ca   0x00000004   Data   RW           83    .data.test          pwm.o
    0x20000036   0x080034ce   0x00000002   PAD
    0x20000038   0x080034d0   0x00000004   Data   RW          584    .data.uxCriticalNesting  port.o


    Execution Region ER_ZI (Exec base: 0x20000040, Load base: 0x080034d4, Size: 0x00002d20, Max: 0xffffffff, ABSOLUTE)

    Exec Addr    Load Addr    Size         Type   Attr      Idx    E Section Name        Object

    0x20000040        -       0x00000060   Zero   RW          974    .bss                c_w.l(libspace.o)
    0x200000a0        -       0x0000003c   Zero   RW          147    .bss.Call_Ptr       exti.o
    0x200000dc        -       0x00000004   Zero   RW            4    .bss.Dist           main.o
    0x200000e0        -       0x00000004   Zero   RW          105    .bss.MUSART1_CallBack  usart.o
    0x200000e4        -       0x00000190   Zero   RW          269    .bss.clib_mutex_cb  clib_arm.o
    0x20000274        -       0x00000014   Zero   RW          268    .bss.clib_mutex_id  clib_arm.o
    0x20000288        -       0x00000004   Zero   RW          829    .bss.pxCurrentTCB   tasks.o
    0x2000028c        -       0x00000004   Zero   RW          837    .bss.pxDelayedTaskList  tasks.o
    0x20000290        -       0x00000004   Zero   RW          610    .bss.pxEnd          heap_4.o
    0x20000294        -       0x00000004   Zero   RW          838    .bss.pxOverflowDelayedTaskList  tasks.o
    0x20000298        -       0x00000460   Zero   RW          840    .bss.pxReadyTasksLists  tasks.o
    0x200006f8        -       0x00002000   Zero   RW          616    .bss.ucHeap         heap_4.o
    0x200026f8        -       0x00000004   Zero   RW          834    .bss.uxCurrentNumberOfTasks  tasks.o
    0x200026fc        -       0x00000004   Zero   RW          842    .bss.uxSchedulerSuspended  tasks.o
    0x20002700        -       0x00000004   Zero   RW          841    .bss.uxTopReadyPriority  tasks.o
    0x20002704        -       0x00000004   Zero   RW          611    .bss.xFreeBytesRemaining  heap_4.o
    0x20002708        -       0x00000004   Zero   RW          613    .bss.xMinimumEverFreeBytesRemaining  heap_4.o
    0x2000270c        -       0x00000004   Zero   RW          847    .bss.xNextTaskUnblockTime  tasks.o
    0x20002710        -       0x00000004   Zero   RW          849    .bss.xNumOfOverflows  tasks.o
    0x20002714        -       0x00000004   Zero   RW          614    .bss.xNumberOfSuccessfulAllocations  heap_4.o
    0x20002718        -       0x00000004   Zero   RW          615    .bss.xNumberOfSuccessfulFrees  heap_4.o
    0x2000271c        -       0x00000004   Zero   RW          848    .bss.xPendedTicks   tasks.o
    0x20002720        -       0x00000014   Zero   RW          844    .bss.xPendingReadyList  tasks.o
    0x20002734        -       0x00000004   Zero   RW          835    .bss.xSchedulerRunning  tasks.o
    0x20002738        -       0x00000008   Zero   RW          612    .bss.xStart         heap_4.o
    0x20002740        -       0x00000014   Zero   RW          839    .bss.xSuspendedTaskList  tasks.o
    0x20002754        -       0x00000004   Zero   RW          836    .bss.xTickCount     tasks.o
    0x20002758        -       0x00000004   Zero   RW          843    .bss.xYieldPending  tasks.o
    0x2000275c   0x080034d4   0x00000004   PAD
    0x20002760        -       0x00000200   Zero   RW          482    HEAP                startup_stm32f303xe.o
    0x20002960        -       0x00000400   Zero   RW          481    STACK               startup_stm32f303xe.o


==============================================================================

Image component sizes


      Code (inc. data)   RO Data    RW Data    ZI Data      Debug   Object Name

       340         22          0         19          0       2792   ble.o
       400          0          0          0        420       3778   clib_arm.o
        40          0          0          0          0      33010   cmsis_os2.o
         0          0          0          0         60       1392   exti.o
       638          0          0          0          0       1315   exti_irq.o
       888          0        288          0          0       5264   gpio.o
       880          0          0          0       8220       4368   heap_4.o
       548          4          0         12          0       2650   icu.o
       224          0          0          0          0       2316   list.o
       136          0          0          0          4        554   main.o
       310          0          0         16          0       3215   motor.o
       132          0          0          0          0       2644   nvic.o
       282          8          0          4          0       2811   port.o
      1172          8          0          4          0       3414   pwm.o
      1878          0          0          0          0      14275   queue.o
       120          0          0          0          0       1315   rcc.o
        64         26        404          0       1536        884   startup_stm32f303xe.o
        18          0          0          0          0       2220   system_stm32f3xx.o
      3156          0          0          0       1208      23073   tasks.o
        88          0          0          0          0       3706   us.o
       786          8          0          0          4       2868   usart.o

    ----------------------------------------------------------------------
     12184         76        724         60      11456     117864   Object Totals
         0          0         32          0          0          0   (incl. Generated)
        84          0          0          5          4          0   (incl. Padding)

    ----------------------------------------------------------------------

      Code (inc. data)   RO Data    RW Data    ZI Data      Debug   Library Member Name

         8          0          0          0          0         68   __main.o
         0          0          0          0          0          0   __rtentry.o
        20          0          0          0          0          0   __rtentry2.o
         6          0          0          0          0          0   __rtentry4.o
        52          8          0          0          0          0   __scatter.o
        26          0          0          0          0          0   __scatter_copy.o
        28          0          0          0          0          0   __scatter_zi.o
        18          0          0          0          0         80   exit.o
         6          0          0          0          0        152   heapauxi.o
         0          0          0          0          0          0   indicate_semi.o
         2          0          0          0          0          0   libinit.o
         6          0          0          0          0          0   libinit2.o
         2          0          0          0          0          0   libshutdown.o
         2          0          0          0          0          0   libshutdown2.o
         8          4          0          0         96         68   libspace.o
       138          0          0          0          0         68   rt_memcpy_v6.o
       100          0          0          0          0         80   rt_memcpy_w.o
         2          0          0          0          0          0   rtexit.o
        10          0          0          0          0          0   rtexit2.o
        12          4          0          0          0         68   sys_exit.o
        74          0          0          0          0         80   sys_stackheap_outer.o
         2          0          0          0          0         68   use_no_semi.o
        26          0          0          0          0        116   fpinit.o

    ----------------------------------------------------------------------
       556         16          0          0         96        848   Library Totals
         8          0          0          0          0          0   (incl. Padding)

    ----------------------------------------------------------------------

      Code (inc. data)   RO Data    RW Data    ZI Data      Debug   Library Name

       522         16          0          0         96        732   c_w.l
        26          0          0          0          0        116   fz_wm.l

    ----------------------------------------------------------------------
       556         16          0          0         96        848   Library Totals

    ----------------------------------------------------------------------

==============================================================================


      Code (inc. data)   RO Data    RW Data    ZI Data      Debug   

     12740         92        724         60      11552     118092   Grand Totals
     12740         92        724         60      11552     118092   ELF Image Totals
     12740         92        724         60          0          0   ROM Totals

==============================================================================

    Total RO  Size (Code + RO Data)                13464 (  13.15kB)
    Total RW  Size (RW Data + ZI Data)             11612 (  11.34kB)
    Total ROM Size (Code + RO Data + RW Data)      13524 (  13.21kB)

==============================================================================

